#
# There is insufficient memory for the Java Runtime Environment to continue.
# Native memory allocation (malloc) failed to allocate 1691904 bytes. Error detail: Chunk::new
# Possible reasons:
#   The system is out of physical RAM or swap space
#   This process is running with CompressedOops enabled, and the Java Heap may be blocking the growth of the native heap
# Possible solutions:
#   Reduce memory load on the system
#   Increase physical memory or swap space
#   Check if swap backing store is full
#   Decrease Java heap size (-Xmx/-Xms)
#   Decrease number of Java threads
#   Decrease Java thread stack sizes (-Xss)
#   Set larger code cache with -XX:ReservedCodeCacheSize=
#   JVM is running with Unscaled Compressed Oops mode in which the Java heap is
#     placed in the first 4GB address space. The Java Heap base address is the
#     maximum limit for the native heap growth. Please use -XX:HeapBaseMinAddress
#     to set the Java Heap base and to place the Java Heap above 4GB virtual address.
# This output file may be truncated or incomplete.
#
#  Out of Memory Error (arena.cpp:168), pid=26840, tid=23568
#
# JRE version: OpenJDK Runtime Environment Temurin-21.0.11+10 (21.0.11+10) (build 21.0.11+10-LTS)
# Java VM: OpenJDK 64-Bit Server VM Temurin-21.0.11+10 (21.0.11+10-LTS, mixed mode, sharing, tiered, compressed oops, compressed class ptrs, parallel gc, windows-amd64)
# No core dump will be written. Minidumps are not enabled by default on client versions of Windows
#

---------------  S U M M A R Y ------------

Command Line: --add-modules=ALL-SYSTEM --add-opens=java.base/java.util=ALL-UNNAMED --add-opens=java.base/java.lang=ALL-UNNAMED --add-opens=java.base/sun.nio.fs=ALL-UNNAMED -Declipse.application=org.eclipse.jdt.ls.core.id1 -Dosgi.bundles.defaultStartLevel=4 -Declipse.product=org.eclipse.jdt.ls.core.product -Djava.import.generatesMetadataFilesAtProjectRoot=false -DDetectVMInstallationsJob.disabled=true -Dfile.encoding=utf8 -XX:+UseParallelGC -XX:GCTimeRatio=4 -XX:AdaptiveSizePolicyWeight=90 -Dsun.zip.disableMemoryMapping=true -Xmx2G -Xms100m -Xlog:disable -javaagent:c:\Users\devad\.amypocoder\extensions\redhat.java-1.55.0-win32-x64\lombok\lombok-1.18.39-4050.jar -XX:+HeapDumpOnOutOfMemoryError -XX:HeapDumpPath=c:\Users\devad\AppData\Roaming\AmypoCoder\User\workspaceStorage\88bc0a493e47d80584e6338963d1aef8\redhat.java -Daether.dependencyCollector.impl=bf c:\Users\devad\.amypocoder\extensions\redhat.java-1.55.0-win32-x64\server\plugins\org.eclipse.equinox.launcher_1.7.200.v20260619-2039.jar -configuration c:\Users\devad\AppData\Roaming\AmypoCoder\User\globalStorage\redhat.java\1.55.0\config_win -data c:\Users\devad\AppData\Roaming\AmypoCoder\User\workspaceStorage\88bc0a493e47d80584e6338963d1aef8\redhat.java\jdt_ws --pipe=\\.\pipe\lsp-4253cfd4cc8fbc847e4bd55d2603d078-sock

Host: 12th Gen Intel(R) Core(TM) i5-1235U, 12 cores, 7G,  Windows 11 , 64 bit Build 26100 (10.0.26100.8521)
Time: Thu Jul 30 12:09:56 2026 India Standard Time elapsed time: 18.574555 seconds (0d 0h 0m 18s)

---------------  T H R E A D  ---------------

Current thread (0x00000213758ab750):  JavaThread "C2 CompilerThread0" daemon [_thread_in_native, id=23568, stack(0x0000009a9a000000,0x0000009a9a100000) (1024K)]


Current CompileTask:
C2:18574 11290   !   4       java.nio.file.FileTreeWalker::next (144 bytes)

Stack: [0x0000009a9a000000,0x0000009a9a100000]
Native frames: (J=compiled Java code, j=interpreted, Vv=VM code, C=native code)
V  [jvm.dll+0x6d7e19]
V  [jvm.dll+0x8b5096]
V  [jvm.dll+0x8b764e]
V  [jvm.dll+0x8b7d33]
V  [jvm.dll+0x284596]
V  [jvm.dll+0xc685d]
V  [jvm.dll+0xc6da1]
V  [jvm.dll+0x3bed6b]
V  [jvm.dll+0x1e4149]
V  [jvm.dll+0x24c853]
V  [jvm.dll+0x24bce0]
V  [jvm.dll+0x1cb4ae]
V  [jvm.dll+0x25baad]
V  [jvm.dll+0x25a03a]
V  [jvm.dll+0x3f868e]
V  [jvm.dll+0x85fb0d]
V  [jvm.dll+0x6d664d]
C  [ucrtbase.dll+0x2cd30]
C  [KERNEL32.DLL+0x2e957]
C  [ntdll.dll+0x87c1c]


---------------  P R O C E S S  ---------------

Threads class SMR info:
_java_thread_list=0x0000021375ac01a0, length=80, elements={
0x000002131ca983c0, 0x000002131ca29800, 0x000002131ca2af80, 0x000002131ca2fde0,
0x000002131ca34860, 0x000002131ca32d30, 0x000002131ca3b1a0, 0x00000213758ab750,
0x00000213758ace10, 0x0000021375a326c0, 0x0000021375be7ba0, 0x000002137b88dd00,
0x000002137b88ea20, 0x000002137b88f740, 0x000002137b88f0b0, 0x000002137b890af0,
0x000002137b88e390, 0x000002137b88fdd0, 0x000002137b891180, 0x000002137b33ee40,
0x000002137b3401f0, 0x000002137b340f10, 0x000002137bc3b200, 0x000002137b33e7b0,
0x000002137b3415a0, 0x000002137b33fb60, 0x000002137b3422c0, 0x000002137b33f4d0,
0x000002137b343670, 0x000002137b345dd0, 0x000002137b343d00, 0x000002137b342950,
0x000002137b342fe0, 0x000002137b345740, 0x000002137b344390, 0x000002137b344a20,
0x000002137b3450b0, 0x000002137db8cda0, 0x000002137db8e7e0, 0x000002137db8d430,
0x000002137db8e150, 0x000002137db8dac0, 0x000002137db8c710, 0x000002137db8ee70,
0x000002137db8b9f0, 0x000002137db8f500, 0x000002137db8c080, 0x000002137db922f0,
0x000002137db90f40, 0x000002137db92980, 0x000002137db8fb90, 0x000002137db90220,
0x000002137db908b0, 0x000002137e5ebd00, 0x000002137e5e8f10, 0x000002137e5e8880,
0x000002137e5ec390, 0x000002137e5eca20, 0x000002137e5e95a0, 0x000002137e5eafe0,
0x000002137e5ea950, 0x000002137e5ed0b0, 0x000002137e5e9c30, 0x000002137e5ed740,
0x000002137e5ea2c0, 0x0000021307e8ff10, 0x0000021307e93a20, 0x0000021307e90c30,
0x0000021307e91950, 0x0000021307e905a0, 0x0000021307e91fe0, 0x0000021307e94740,
0x0000021307e92670, 0x0000021307e940b0, 0x0000021307e912c0, 0x0000021307e96810,
0x0000021307e95af0, 0x0000021307e94dd0, 0x0000021307e96180, 0x000002137d6bb290
}

Java Threads: ( => current thread )
  0x000002131ca983c0 JavaThread "main"                              [_thread_blocked, id=35652, stack(0x0000009a99600000,0x0000009a99700000) (1024K)]
  0x000002131ca29800 JavaThread "Reference Handler"          daemon [_thread_blocked, id=14548, stack(0x0000009a99a00000,0x0000009a99b00000) (1024K)]
  0x000002131ca2af80 JavaThread "Finalizer"                  daemon [_thread_blocked, id=34256, stack(0x0000009a99b00000,0x0000009a99c00000) (1024K)]
  0x000002131ca2fde0 JavaThread "Signal Dispatcher"          daemon [_thread_blocked, id=31864, stack(0x0000009a99c00000,0x0000009a99d00000) (1024K)]
  0x000002131ca34860 JavaThread "Attach Listener"            daemon [_thread_blocked, id=25224, stack(0x0000009a99d00000,0x0000009a99e00000) (1024K)]
  0x000002131ca32d30 JavaThread "Service Thread"             daemon [_thread_blocked, id=15052, stack(0x0000009a99e00000,0x0000009a99f00000) (1024K)]
  0x000002131ca3b1a0 JavaThread "Monitor Deflation Thread"   daemon [_thread_blocked, id=17348, stack(0x0000009a99f00000,0x0000009a9a000000) (1024K)]
=>0x00000213758ab750 JavaThread "C2 CompilerThread0"         daemon [_thread_in_native, id=23568, stack(0x0000009a9a000000,0x0000009a9a100000) (1024K)]
  0x00000213758ace10 JavaThread "C1 CompilerThread0"         daemon [_thread_blocked, id=33836, stack(0x0000009a9a100000,0x0000009a9a200000) (1024K)]
  0x0000021375a326c0 JavaThread "Common-Cleaner"             daemon [_thread_blocked, id=16900, stack(0x0000009a9a200000,0x0000009a9a300000) (1024K)]
  0x0000021375be7ba0 JavaThread "Notification Thread"        daemon [_thread_blocked, id=29832, stack(0x0000009a9a400000,0x0000009a9a500000) (1024K)]
  0x000002137b88dd00 JavaThread "Active Thread: Equinox Container: 50bf8d48-7706-49d3-9a32-e4da9e2bc15b"        [_thread_blocked, id=12500, stack(0x0000009a9ac00000,0x0000009a9ad00000) (1024K)]
  0x000002137b88ea20 JavaThread "Refresh Thread: Equinox Container: 50bf8d48-7706-49d3-9a32-e4da9e2bc15b" daemon [_thread_blocked, id=26208, stack(0x0000009a9ae00000,0x0000009a9af00000) (1024K)]
  0x000002137b88f740 JavaThread "Framework Event Dispatcher: Equinox Container: 50bf8d48-7706-49d3-9a32-e4da9e2bc15b" daemon [_thread_blocked, id=20224, stack(0x0000009a9af00000,0x0000009a9b000000) (1024K)]
  0x000002137b88f0b0 JavaThread "Start Level: Equinox Container: 50bf8d48-7706-49d3-9a32-e4da9e2bc15b" daemon [_thread_blocked, id=7740, stack(0x0000009a9b000000,0x0000009a9b100000) (1024K)]
  0x000002137b890af0 JavaThread "Bundle File Closer"         daemon [_thread_blocked, id=29512, stack(0x0000009a9b300000,0x0000009a9b400000) (1024K)]
  0x000002137b88e390 JavaThread "SCR Component Actor"        daemon [_thread_blocked, id=23196, stack(0x0000009a9a300000,0x0000009a9a400000) (1024K)]
  0x000002137b88fdd0 JavaThread "Worker-JM"                         [_thread_blocked, id=18552, stack(0x0000009a9b500000,0x0000009a9b600000) (1024K)]
  0x000002137b891180 JavaThread "JNA Cleaner"                daemon [_thread_blocked, id=11968, stack(0x0000009a9a500000,0x0000009a9a600000) (1024K)]
  0x000002137b33ee40 JavaThread "Worker-0"                          [_thread_blocked, id=25460, stack(0x0000009a9b400000,0x0000009a9b500000) (1024K)]
  0x000002137b3401f0 JavaThread "Worker-1"                          [_thread_blocked, id=1948, stack(0x0000009a9b600000,0x0000009a9b700000) (1024K)]
  0x000002137b340f10 JavaThread "Worker-2"                          [_thread_blocked, id=6320, stack(0x0000009a9b800000,0x0000009a9b900000) (1024K)]
  0x000002137bc3b200 JavaThread "C2 CompilerThread1"         daemon [_thread_in_native, id=21820, stack(0x0000009a9b700000,0x0000009a9b800000) (1024K)]
  0x000002137b33e7b0 JavaThread "Java indexing"              daemon [_thread_blocked, id=12132, stack(0x0000009a9b900000,0x0000009a9ba00000) (1024K)]
  0x000002137b3415a0 JavaThread "Worker-3"                          [_thread_blocked, id=24896, stack(0x0000009a9ba00000,0x0000009a9bb00000) (1024K)]
  0x000002137b33fb60 JavaThread "Worker-4"                          [_thread_blocked, id=13568, stack(0x0000009a9bc00000,0x0000009a9bd00000) (1024K)]
  0x000002137b3422c0 JavaThread "Worker-5: Initialize workspace"        [_thread_blocked, id=9040, stack(0x0000009a9bf00000,0x0000009a9c000000) (1024K)]
  0x000002137b33f4d0 JavaThread "Thread-1"                   daemon [_thread_in_native, id=9896, stack(0x0000009a9c000000,0x0000009a9c100000) (1024K)]
  0x000002137b343670 JavaThread "Thread-2"                   daemon [_thread_in_native, id=26008, stack(0x0000009a9c100000,0x0000009a9c200000) (1024K)]
  0x000002137b345dd0 JavaThread "Thread-3"                   daemon [_thread_in_native, id=35980, stack(0x0000009a9c200000,0x0000009a9c300000) (1024K)]
  0x000002137b343d00 JavaThread "Thread-4"                   daemon [_thread_in_native, id=14616, stack(0x0000009a9c300000,0x0000009a9c400000) (1024K)]
  0x000002137b342950 JavaThread "Thread-5"                   daemon [_thread_in_native, id=32420, stack(0x0000009a9c400000,0x0000009a9c500000) (1024K)]
  0x000002137b342fe0 JavaThread "Thread-6"                   daemon [_thread_in_native, id=12392, stack(0x0000009a9c500000,0x0000009a9c600000) (1024K)]
  0x000002137b345740 JavaThread "Thread-7"                   daemon [_thread_in_native, id=35548, stack(0x0000009a9c600000,0x0000009a9c700000) (1024K)]
  0x000002137b344390 JavaThread "Thread-8"                   daemon [_thread_in_native, id=30072, stack(0x0000009a9c700000,0x0000009a9c800000) (1024K)]
  0x000002137b344a20 JavaThread "Thread-9"                   daemon [_thread_in_native, id=28436, stack(0x0000009a9c800000,0x0000009a9c900000) (1024K)]
  0x000002137b3450b0 JavaThread "Thread-10"                  daemon [_thread_in_native, id=17316, stack(0x0000009a9c900000,0x0000009a9ca00000) (1024K)]
  0x000002137db8cda0 JavaThread "Thread-11"                  daemon [_thread_in_native, id=6852, stack(0x0000009a9ca00000,0x0000009a9cb00000) (1024K)]
  0x000002137db8e7e0 JavaThread "Thread-12"                  daemon [_thread_in_native, id=37668, stack(0x0000009a9cb00000,0x0000009a9cc00000) (1024K)]
  0x000002137db8d430 JavaThread "Thread-13"                  daemon [_thread_in_native, id=31040, stack(0x0000009a9cc00000,0x0000009a9cd00000) (1024K)]
  0x000002137db8e150 JavaThread "pool-2-thread-1"                   [_thread_blocked, id=6092, stack(0x0000009a9cd00000,0x0000009a9ce00000) (1024K)]
  0x000002137db8dac0 JavaThread "WorkspaceEventsHandler"            [_thread_blocked, id=20084, stack(0x0000009a9ce00000,0x0000009a9cf00000) (1024K)]
  0x000002137db8c710 JavaThread "pool-1-thread-1"                   [_thread_blocked, id=36348, stack(0x0000009a9cf00000,0x0000009a9d000000) (1024K)]
  0x000002137db8ee70 JavaThread "Compiler Source File Reader" daemon [_thread_blocked, id=27136, stack(0x0000009a9d000000,0x0000009a9d100000) (1024K)]
  0x000002137db8b9f0 JavaThread "Compiler Source File Reader" daemon [_thread_blocked, id=21280, stack(0x0000009a9d100000,0x0000009a9d200000) (1024K)]
  0x000002137db8f500 JavaThread "Compiler Source File Reader" daemon [_thread_blocked, id=31128, stack(0x0000009a9d200000,0x0000009a9d300000) (1024K)]
  0x000002137db8c080 JavaThread "Compiler Source File Reader" daemon [_thread_blocked, id=34752, stack(0x0000009a9d300000,0x0000009a9d400000) (1024K)]
  0x000002137db922f0 JavaThread "Compiler Source File Reader" daemon [_thread_blocked, id=22560, stack(0x0000009a9d400000,0x0000009a9d500000) (1024K)]
  0x000002137db90f40 JavaThread "Compiler Source File Reader" daemon [_thread_blocked, id=22524, stack(0x0000009a9d500000,0x0000009a9d600000) (1024K)]
  0x000002137db92980 JavaThread "Compiler Source File Reader" daemon [_thread_blocked, id=30244, stack(0x0000009a9d600000,0x0000009a9d700000) (1024K)]
  0x000002137db8fb90 JavaThread "Compiler Source File Reader" daemon [_thread_blocked, id=15056, stack(0x0000009a9d700000,0x0000009a9d800000) (1024K)]
  0x000002137db90220 JavaThread "Compiler Source File Reader" daemon [_thread_blocked, id=14736, stack(0x0000009a9d800000,0x0000009a9d900000) (1024K)]
  0x000002137db908b0 JavaThread "Compiler Source File Reader" daemon [_thread_blocked, id=19600, stack(0x0000009a9d900000,0x0000009a9da00000) (1024K)]
  0x000002137e5ebd00 JavaThread "Compiler Processing Task"   daemon [_thread_blocked, id=14292, stack(0x0000009a9da00000,0x0000009a9db00000) (1024K)]
  0x000002137e5e8f10 JavaThread "Compiler Class File Writer" daemon [_thread_blocked, id=36800, stack(0x0000009a9db00000,0x0000009a9dc00000) (1024K)]
  0x000002137e5e8880 JavaThread "Compiler Class File Writer" daemon [_thread_blocked, id=16124, stack(0x0000009a9dc00000,0x0000009a9dd00000) (1024K)]
  0x000002137e5ec390 JavaThread "Compiler Class File Writer" daemon [_thread_blocked, id=28484, stack(0x0000009a9dd00000,0x0000009a9de00000) (1024K)]
  0x000002137e5eca20 JavaThread "Compiler Class File Writer" daemon [_thread_blocked, id=26260, stack(0x0000009a9de00000,0x0000009a9df00000) (1024K)]
  0x000002137e5e95a0 JavaThread "Compiler Class File Writer" daemon [_thread_blocked, id=2900, stack(0x0000009a9df00000,0x0000009a9e000000) (1024K)]
  0x000002137e5eafe0 JavaThread "Compiler Class File Writer" daemon [_thread_blocked, id=37620, stack(0x0000009a9e000000,0x0000009a9e100000) (1024K)]
  0x000002137e5ea950 JavaThread "Compiler Class File Writer" daemon [_thread_blocked, id=20128, stack(0x0000009a9e100000,0x0000009a9e200000) (1024K)]
  0x000002137e5ed0b0 JavaThread "Compiler Class File Writer" daemon [_thread_blocked, id=27408, stack(0x0000009a9e200000,0x0000009a9e300000) (1024K)]
  0x000002137e5e9c30 JavaThread "Compiler Class File Writer" daemon [_thread_blocked, id=24060, stack(0x0000009a9e300000,0x0000009a9e400000) (1024K)]
  0x000002137e5ed740 JavaThread "Compiler Class File Writer" daemon [_thread_blocked, id=11140, stack(0x0000009a9e400000,0x0000009a9e500000) (1024K)]
  0x000002137e5ea2c0 JavaThread "PatternSearchJob-worker-1"  daemon [_thread_blocked, id=32924, stack(0x0000009a9e500000,0x0000009a9e600000) (1024K)]
  0x0000021307e8ff10 JavaThread "ForkJoinPool.commonPool-worker-1" daemon [_thread_in_Java, id=2060, stack(0x0000009a9e600000,0x0000009a9e700000) (1024K)]
  0x0000021307e93a20 JavaThread "ForkJoinPool.commonPool-worker-2" daemon [_thread_blocked, id=35448, stack(0x0000009a9e700000,0x0000009a9e800000) (1024K)]
  0x0000021307e90c30 JavaThread "ForkJoinPool.commonPool-worker-3" daemon [_thread_blocked, id=9116, stack(0x0000009a9e800000,0x0000009a9e900000) (1024K)]
  0x0000021307e91950 JavaThread "ForkJoinPool.commonPool-worker-4" daemon [_thread_in_native, id=14280, stack(0x0000009a9e900000,0x0000009a9ea00000) (1024K)]
  0x0000021307e905a0 JavaThread "PatternSearchJob-worker-2"  daemon [_thread_blocked, id=28192, stack(0x0000009a9ea00000,0x0000009a9eb00000) (1024K)]
  0x0000021307e91fe0 JavaThread "PatternSearchJob-worker-3"  daemon [_thread_blocked, id=34928, stack(0x0000009a9eb00000,0x0000009a9ec00000) (1024K)]
  0x0000021307e94740 JavaThread "PatternSearchJob-worker-4"  daemon [_thread_blocked, id=15632, stack(0x0000009a9ec00000,0x0000009a9ed00000) (1024K)]
  0x0000021307e92670 JavaThread "PatternSearchJob-worker-5"  daemon [_thread_blocked, id=18732, stack(0x0000009a9ed00000,0x0000009a9ee00000) (1024K)]
  0x0000021307e940b0 JavaThread "PatternSearchJob-worker-6"  daemon [_thread_blocked, id=18312, stack(0x0000009a9ee00000,0x0000009a9ef00000) (1024K)]
  0x0000021307e912c0 JavaThread "PatternSearchJob-worker-7"  daemon [_thread_blocked, id=28104, stack(0x0000009a9ef00000,0x0000009a9f000000) (1024K)]
  0x0000021307e96810 JavaThread "PatternSearchJob-worker-8"  daemon [_thread_blocked, id=2548, stack(0x0000009a9f000000,0x0000009a9f100000) (1024K)]
  0x0000021307e95af0 JavaThread "PatternSearchJob-worker-9"  daemon [_thread_blocked, id=30492, stack(0x0000009a9f100000,0x0000009a9f200000) (1024K)]
  0x0000021307e94dd0 JavaThread "PatternSearchJob-worker-10" daemon [_thread_blocked, id=4224, stack(0x0000009a9f200000,0x0000009a9f300000) (1024K)]
  0x0000021307e96180 JavaThread "PatternSearchJob-worker-11" daemon [_thread_blocked, id=7336, stack(0x0000009a9f300000,0x0000009a9f400000) (1024K)]
  0x000002137d6bb290 JavaThread "C2 CompilerThread2"         daemon [_thread_in_vm, id=32500, stack(0x0000009a9bb00000,0x0000009a9bc00000) (1024K)]
Total: 80

Other Threads:
  0x000002131cb37960 VMThread "VM Thread"                           [id=29692, stack(0x0000009a99900000,0x0000009a99a00000) (1024K)]
  0x000002131c91ca00 WatcherThread "VM Periodic Task Thread"        [id=32912, stack(0x0000009a99800000,0x0000009a99900000) (1024K)]
  0x000002131cab78c0 WorkerThread "GC Thread#0"                     [id=33172, stack(0x0000009a99700000,0x0000009a99800000) (1024K)]
  0x000002137bb659f0 WorkerThread "GC Thread#1"                     [id=15264, stack(0x0000009a9a600000,0x0000009a9a700000) (1024K)]
  0x000002137bb55290 WorkerThread "GC Thread#2"                     [id=36840, stack(0x0000009a9a700000,0x0000009a9a800000) (1024K)]
  0x000002137bb667a0 WorkerThread "GC Thread#3"                     [id=4972, stack(0x0000009a9a800000,0x0000009a9a900000) (1024K)]
  0x000002137b9e2890 WorkerThread "GC Thread#4"                     [id=15944, stack(0x0000009a9a900000,0x0000009a9aa00000) (1024K)]
  0x000002137b8b9390 WorkerThread "GC Thread#5"                     [id=31620, stack(0x0000009a9aa00000,0x0000009a9ab00000) (1024K)]
  0x000002137b8b9740 WorkerThread "GC Thread#6"                     [id=18132, stack(0x0000009a9ab00000,0x0000009a9ac00000) (1024K)]
  0x000002137b8b8c30 WorkerThread "GC Thread#7"                     [id=27292, stack(0x0000009a9ad00000,0x0000009a9ae00000) (1024K)]
  0x000002137b8b8120 WorkerThread "GC Thread#8"                     [id=34676, stack(0x0000009a9b100000,0x0000009a9b200000) (1024K)]
  0x000002137b8b84d0 WorkerThread "GC Thread#9"                     [id=7732, stack(0x0000009a9b200000,0x0000009a9b300000) (1024K)]
Total: 12

Threads with active compile tasks:
C2 CompilerThread0  18667 11290   !   4       java.nio.file.FileTreeWalker::next (144 bytes)
C2 CompilerThread1  18667 11642   !   4       org.eclipse.jdt.internal.compiler.classfmt.ClassFileReader::<init> (1968 bytes)
C2 CompilerThread2  18667 11667       4       org.eclipse.jdt.internal.compiler.parser.Parser::consumeRule (7843 bytes)
Total: 3

VM state: at safepoint (normal execution)

VM Mutex/Monitor currently owned by a thread:  ([mutex/lock_event])
[0x00007ffbb33bf570] Threads_lock - owner thread: 0x000002131cb37960
[0x00007ffbb33bf670] Heap_lock - owner thread: 0x0000021307e91950

Heap address: 0x0000000080000000, size: 2048 MB, Compressed Oops mode: 32-bit

CDS archive(s) mapped at: [0x0000021334000000-0x0000021334ba0000-0x0000021334ba0000), size 12189696, SharedBaseAddress: 0x0000021334000000, ArchiveRelocationMode: 1.
Compressed class space mapped at: 0x0000021335000000-0x0000021375000000, reserved size: 1073741824
Narrow klass base: 0x0000021334000000, Narrow klass shift: 0, Narrow klass range: 0x100000000

GC Precious Log:
 CardTable entry size: 512
 CPUs: 12 total, 12 available
 Memory: 7863M
 Large Page Support: Disabled
 NUMA Support: Disabled
 Compressed Oops: Enabled (32-bit)
 Alignments: Space 512K, Generation 512K, Heap 2M
 Heap Min Capacity: 100M
 Heap Initial Capacity: 100M
 Heap Max Capacity: 2G
 Pre-touch: Disabled
 Parallel Workers: 10

Heap:
 PSYoungGen      total 16896K, used 16872K [0x00000000d5580000, 0x00000000d6900000, 0x0000000100000000)
  eden space 15872K, 100% used [0x00000000d5580000,0x00000000d6500000,0x00000000d6500000)
  from space 1024K, 97% used [0x00000000d6500000,0x00000000d65fa290,0x00000000d6600000)
  to   space 2048K, 99% used [0x00000000d6700000,0x00000000d68feec0,0x00000000d6900000)
 ParOldGen       total 70144K, used 70123K [0x0000000080000000, 0x0000000084480000, 0x00000000d5580000)
  object space 70144K, 99% used [0x0000000080000000,0x000000008447e1f0,0x0000000084480000)
 Metaspace       used 64700K, committed 66304K, reserved 1114112K
  class space    used 6836K, committed 7552K, reserved 1048576K

Card table byte_map: [0x000002131c430000,0x000002131c840000] _byte_map_base: 0x000002131c030000

Marking Bits: (ParMarkBitMap*) 0x00007ffbb33c4460
 Begin Bits: [0x000002132ef40000, 0x0000021330f40000)
 End Bits:   [0x0000021330f40000, 0x0000021332f40000)

Polling page: 0x000002131a5f0000

Metaspace:

Usage:
  Non-class:     56.51 MB used.
      Class:      6.68 MB used.
       Both:     63.18 MB used.

Virtual space:
  Non-class space:       64.00 MB reserved,      57.38 MB ( 90%) committed,  1 nodes.
      Class space:        1.00 GB reserved,       7.38 MB ( <1%) committed,  1 nodes.
             Both:        1.06 GB reserved,      64.75 MB (  6%) committed. 

Chunk freelists:
   Non-Class:  5.82 MB
       Class:  8.47 MB
        Both:  14.29 MB

MaxMetaspaceSize: unlimited
CompressedClassSpaceSize: 1.00 GB
Initial GC threshold: 21.00 MB
Current GC threshold: 97.31 MB
CDS: on
 - commit_granule_bytes: 65536.
 - commit_granule_words: 8192.
 - virtual_space_node_default_size: 8388608.
 - enlarge_chunks_in_place: 1.
 - use_allocation_guard: 0.


Internal statistics:

num_allocs_failed_limit: 11.
num_arena_births: 1202.
num_arena_deaths: 18.
num_vsnodes_births: 2.
num_vsnodes_deaths: 0.
num_space_committed: 1036.
num_space_uncommitted: 0.
num_chunks_returned_to_freelist: 31.
num_chunks_taken_from_freelist: 4450.
num_chunk_merges: 17.
num_chunk_splits: 2625.
num_chunks_enlarged: 1304.
num_inconsistent_stats: 0.

CodeHeap 'non-profiled nmethods': size=120000Kb used=6691Kb max_used=6691Kb free=113308Kb
 bounds [0x0000021327760000, 0x0000021327df0000, 0x000002132ec90000]
CodeHeap 'profiled nmethods': size=120000Kb used=24182Kb max_used=24182Kb free=95817Kb
 bounds [0x000002131fc90000, 0x0000021321430000, 0x00000213271c0000]
CodeHeap 'non-nmethods': size=5760Kb used=1426Kb max_used=1479Kb free=4333Kb
 bounds [0x00000213271c0000, 0x0000021327430000, 0x0000021327760000]
CodeCache: size=245760Kb, used=32299Kb, max_used=32352Kb, free=213458Kb
 total_blobs=11634, nmethods=10897, adapters=642, full_count=0
Compilation: enabled, stopped_count=0, restarted_count=0

Compilation events (20 events):
Event: 17.542 Thread 0x000002137d67b150 nmethod 11473 0x0000021327de0d10 code [0x0000021327de0ec0, 0x0000021327de1000]
Event: 17.542 Thread 0x000002137d67b150 11469       4       org.eclipse.jdt.internal.core.util.Util::combineHashCodes (7 bytes)
Event: 17.542 Thread 0x000002137d67b150 nmethod 11469 0x0000021327de1190 code [0x0000021327de1300, 0x0000021327de1378]
Event: 17.548 Thread 0x00000213758ace10 11625       3       org.apache.maven.artifact.DefaultArtifact::getBaseVersion (27 bytes)
Event: 17.548 Thread 0x000002137d67b150 11627       4       java.util.LinkedHashMap::<init> (15 bytes)
Event: 17.548 Thread 0x00000213758ace10 nmethod 11625 0x0000021321410b10 code [0x0000021321410cc0, 0x0000021321410f00]
Event: 17.549 Thread 0x000002137bc3b200 nmethod 11542 0x0000021327de1490 code [0x0000021327de1940, 0x0000021327de5688]
Event: 17.549 Thread 0x00000213758ace10 11628       3       java.util.LinkedHashMap::keysToArray (7 bytes)
Event: 17.549 Thread 0x000002137d67b150 nmethod 11627 0x0000021327de7f10 code [0x0000021327de80a0, 0x0000021327de8138]
Event: 17.549 Thread 0x00000213758ace10 nmethod 11628 0x0000021321411010 code [0x00000213214111c0, 0x0000021321411300]
Event: 17.549 Thread 0x00000213758ace10 11626       1       org.apache.maven.artifact.DefaultArtifact::getScope (5 bytes)
Event: 17.550 Thread 0x00000213758ace10 nmethod 11626 0x0000021327de8210 code [0x0000021327de83a0, 0x0000021327de8468]
Event: 17.550 Thread 0x00000213758ace10 11629       1       org.apache.maven.artifact.DefaultArtifact::getFile (5 bytes)
Event: 17.550 Thread 0x00000213758ace10 nmethod 11629 0x0000021327de8510 code [0x0000021327de86a0, 0x0000021327de8768]
Event: 17.550 Thread 0x00000213758ace10 11630       1       org.apache.maven.artifact.DefaultArtifact::getArtifactHandler (5 bytes)
Event: 17.551 Thread 0x00000213758ace10 nmethod 11630 0x0000021327de8810 code [0x0000021327de89a0, 0x0000021327de8a68]
Event: 18.285 Thread 0x00000213758ace10 11631       3       java.util.concurrent.ThreadPoolExecutor$Worker::unlock (7 bytes)
Event: 18.286 Thread 0x00000213758ace10 nmethod 11631 0x0000021321411390 code [0x0000021321411560, 0x00000213214117b8]
Event: 18.286 Thread 0x00000213758ace10 11632       3       java.util.concurrent.ThreadPoolExecutor$Worker::tryRelease (12 bytes)
Event: 18.287 Thread 0x00000213758ace10 nmethod 11632 0x0000021321411910 code [0x0000021321411aa0, 0x0000021321411c08]

GC Heap History (20 events):
Event: 15.614 GC heap before
{Heap before GC invocations=55 (full 3):
 PSYoungGen      total 18432K, used 17952K [0x00000000d5580000, 0x00000000d6a00000, 0x0000000100000000)
  eden space 15872K, 100% used [0x00000000d5580000,0x00000000d6500000,0x00000000d6500000)
  from space 2560K, 81% used [0x00000000d6500000,0x00000000d6708000,0x00000000d6780000)
  to   space 2560K, 0% used [0x00000000d6780000,0x00000000d6780000,0x00000000d6a00000)
 ParOldGen       total 68608K, used 59718K [0x0000000080000000, 0x0000000084300000, 0x00000000d5580000)
  object space 68608K, 87% used [0x0000000080000000,0x0000000083a51810,0x0000000084300000)
 Metaspace       used 60121K, committed 61568K, reserved 1114112K
  class space    used 6362K, committed 6976K, reserved 1048576K
}
Event: 15.616 GC heap after
{Heap after GC invocations=55 (full 3):
 PSYoungGen      total 17408K, used 1184K [0x00000000d5580000, 0x00000000d6900000, 0x0000000100000000)
  eden space 15872K, 0% used [0x00000000d5580000,0x00000000d5580000,0x00000000d6500000)
  from space 1536K, 77% used [0x00000000d6780000,0x00000000d68a8000,0x00000000d6900000)
  to   space 1536K, 0% used [0x00000000d6600000,0x00000000d6600000,0x00000000d6780000)
 ParOldGen       total 68608K, used 61595K [0x0000000080000000, 0x0000000084300000, 0x00000000d5580000)
  object space 68608K, 89% used [0x0000000080000000,0x0000000083c26f38,0x0000000084300000)
 Metaspace       used 60121K, committed 61568K, reserved 1114112K
  class space    used 6362K, committed 6976K, reserved 1048576K
}
Event: 15.794 GC heap before
{Heap before GC invocations=56 (full 3):
 PSYoungGen      total 17408K, used 17024K [0x00000000d5580000, 0x00000000d6900000, 0x0000000100000000)
  eden space 15872K, 99% used [0x00000000d5580000,0x00000000d64f83a8,0x00000000d6500000)
  from space 1536K, 77% used [0x00000000d6780000,0x00000000d68a8000,0x00000000d6900000)
  to   space 1536K, 0% used [0x00000000d6600000,0x00000000d6600000,0x00000000d6780000)
 ParOldGen       total 68608K, used 61595K [0x0000000080000000, 0x0000000084300000, 0x00000000d5580000)
  object space 68608K, 89% used [0x0000000080000000,0x0000000083c26f38,0x0000000084300000)
 Metaspace       used 60445K, committed 61888K, reserved 1114112K
  class space    used 6396K, committed 6976K, reserved 1048576K
}
Event: 15.795 GC heap after
{Heap after GC invocations=56 (full 3):
 PSYoungGen      total 17408K, used 1513K [0x00000000d5580000, 0x00000000d6b00000, 0x0000000100000000)
  eden space 15872K, 0% used [0x00000000d5580000,0x00000000d5580000,0x00000000d6500000)
  from space 1536K, 98% used [0x00000000d6600000,0x00000000d677a420,0x00000000d6780000)
  to   space 3072K, 0% used [0x00000000d6800000,0x00000000d6800000,0x00000000d6b00000)
 ParOldGen       total 68608K, used 62603K [0x0000000080000000, 0x0000000084300000, 0x00000000d5580000)
  object space 68608K, 91% used [0x0000000080000000,0x0000000083d22f38,0x0000000084300000)
 Metaspace       used 60445K, committed 61888K, reserved 1114112K
  class space    used 6396K, committed 6976K, reserved 1048576K
}
Event: 15.936 GC heap before
{Heap before GC invocations=57 (full 3):
 PSYoungGen      total 17408K, used 17385K [0x00000000d5580000, 0x00000000d6b00000, 0x0000000100000000)
  eden space 15872K, 100% used [0x00000000d5580000,0x00000000d6500000,0x00000000d6500000)
  from space 1536K, 98% used [0x00000000d6600000,0x00000000d677a420,0x00000000d6780000)
  to   space 3072K, 0% used [0x00000000d6800000,0x00000000d6800000,0x00000000d6b00000)
 ParOldGen       total 68608K, used 62603K [0x0000000080000000, 0x0000000084300000, 0x00000000d5580000)
  object space 68608K, 91% used [0x0000000080000000,0x0000000083d22f38,0x0000000084300000)
 Metaspace       used 60655K, committed 62144K, reserved 1114112K
  class space    used 6412K, committed 7040K, reserved 1048576K
}
Event: 15.941 GC heap after
{Heap after GC invocations=57 (full 3):
 PSYoungGen      total 17920K, used 1632K [0x00000000d5580000, 0x00000000d6a00000, 0x0000000100000000)
  eden space 15872K, 0% used [0x00000000d5580000,0x00000000d5580000,0x00000000d6500000)
  from space 2048K, 79% used [0x00000000d6800000,0x00000000d6998000,0x00000000d6a00000)
  to   space 2048K, 0% used [0x00000000d6600000,0x00000000d6600000,0x00000000d6800000)
 ParOldGen       total 68608K, used 63740K [0x0000000080000000, 0x0000000084300000, 0x00000000d5580000)
  object space 68608K, 92% used [0x0000000080000000,0x0000000083e3f350,0x0000000084300000)
 Metaspace       used 60655K, committed 62144K, reserved 1114112K
  class space    used 6412K, committed 7040K, reserved 1048576K
}
Event: 16.049 GC heap before
{Heap before GC invocations=58 (full 3):
 PSYoungGen      total 17920K, used 17504K [0x00000000d5580000, 0x00000000d6a00000, 0x0000000100000000)
  eden space 15872K, 100% used [0x00000000d5580000,0x00000000d6500000,0x00000000d6500000)
  from space 2048K, 79% used [0x00000000d6800000,0x00000000d6998000,0x00000000d6a00000)
  to   space 2048K, 0% used [0x00000000d6600000,0x00000000d6600000,0x00000000d6800000)
 ParOldGen       total 68608K, used 63740K [0x0000000080000000, 0x0000000084300000, 0x00000000d5580000)
  object space 68608K, 92% used [0x0000000080000000,0x0000000083e3f350,0x0000000084300000)
 Metaspace       used 60719K, committed 62208K, reserved 1114112K
  class space    used 6413K, committed 7040K, reserved 1048576K
}
Event: 16.051 GC heap after
{Heap after GC invocations=58 (full 3):
 PSYoungGen      total 17920K, used 1824K [0x00000000d5580000, 0x00000000d6900000, 0x0000000100000000)
  eden space 15872K, 0% used [0x00000000d5580000,0x00000000d5580000,0x00000000d6500000)
  from space 2048K, 89% used [0x00000000d6600000,0x00000000d67c8000,0x00000000d6800000)
  to   space 1024K, 0% used [0x00000000d6800000,0x00000000d6800000,0x00000000d6900000)
 ParOldGen       total 68608K, used 65038K [0x0000000080000000, 0x0000000084300000, 0x00000000d5580000)
  object space 68608K, 94% used [0x0000000080000000,0x0000000083f83a78,0x0000000084300000)
 Metaspace       used 60719K, committed 62208K, reserved 1114112K
  class space    used 6413K, committed 7040K, reserved 1048576K
}
Event: 16.097 GC heap before
{Heap before GC invocations=59 (full 3):
 PSYoungGen      total 17920K, used 17696K [0x00000000d5580000, 0x00000000d6900000, 0x0000000100000000)
  eden space 15872K, 100% used [0x00000000d5580000,0x00000000d6500000,0x00000000d6500000)
  from space 2048K, 89% used [0x00000000d6600000,0x00000000d67c8000,0x00000000d6800000)
  to   space 1024K, 0% used [0x00000000d6800000,0x00000000d6800000,0x00000000d6900000)
 ParOldGen       total 68608K, used 65038K [0x0000000080000000, 0x0000000084300000, 0x00000000d5580000)
  object space 68608K, 94% used [0x0000000080000000,0x0000000083f83a78,0x0000000084300000)
 Metaspace       used 60801K, committed 62272K, reserved 1114112K
  class space    used 6414K, committed 7040K, reserved 1048576K
}
Event: 16.098 GC heap after
{Heap after GC invocations=59 (full 3):
 PSYoungGen      total 16896K, used 928K [0x00000000d5580000, 0x00000000d6900000, 0x0000000100000000)
  eden space 15872K, 0% used [0x00000000d5580000,0x00000000d5580000,0x00000000d6500000)
  from space 1024K, 90% used [0x00000000d6800000,0x00000000d68e8000,0x00000000d6900000)
  to   space 1536K, 0% used [0x00000000d6600000,0x00000000d6600000,0x00000000d6780000)
 ParOldGen       total 68608K, used 65955K [0x0000000080000000, 0x0000000084300000, 0x00000000d5580000)
  object space 68608K, 96% used [0x0000000080000000,0x0000000084068ea8,0x0000000084300000)
 Metaspace       used 60801K, committed 62272K, reserved 1114112K
  class space    used 6414K, committed 7040K, reserved 1048576K
}
Event: 16.168 GC heap before
{Heap before GC invocations=60 (full 3):
 PSYoungGen      total 16896K, used 16800K [0x00000000d5580000, 0x00000000d6900000, 0x0000000100000000)
  eden space 15872K, 100% used [0x00000000d5580000,0x00000000d6500000,0x00000000d6500000)
  from space 1024K, 90% used [0x00000000d6800000,0x00000000d68e8000,0x00000000d6900000)
  to   space 1536K, 0% used [0x00000000d6600000,0x00000000d6600000,0x00000000d6780000)
 ParOldGen       total 68608K, used 65955K [0x0000000080000000, 0x0000000084300000, 0x00000000d5580000)
  object space 68608K, 96% used [0x0000000080000000,0x0000000084068ea8,0x0000000084300000)
 Metaspace       used 60861K, committed 62336K, reserved 1114112K
  class space    used 6414K, committed 7040K, reserved 1048576K
}
Event: 16.172 GC heap after
{Heap after GC invocations=60 (full 3):
 PSYoungGen      total 17408K, used 1520K [0x00000000d5580000, 0x00000000d6a00000, 0x0000000100000000)
  eden space 15872K, 0% used [0x00000000d5580000,0x00000000d5580000,0x00000000d6500000)
  from space 1536K, 98% used [0x00000000d6600000,0x00000000d677c010,0x00000000d6780000)
  to   space 2560K, 0% used [0x00000000d6780000,0x00000000d6780000,0x00000000d6a00000)
 ParOldGen       total 68608K, used 66611K [0x0000000080000000, 0x0000000084300000, 0x00000000d5580000)
  object space 68608K, 97% used [0x0000000080000000,0x000000008410cea8,0x0000000084300000)
 Metaspace       used 60861K, committed 62336K, reserved 1114112K
  class space    used 6414K, committed 7040K, reserved 1048576K
}
Event: 16.446 GC heap before
{Heap before GC invocations=61 (full 3):
 PSYoungGen      total 17408K, used 17381K [0x00000000d5580000, 0x00000000d6a00000, 0x0000000100000000)
  eden space 15872K, 99% used [0x00000000d5580000,0x00000000d64fd6c0,0x00000000d6500000)
  from space 1536K, 98% used [0x00000000d6600000,0x00000000d677c010,0x00000000d6780000)
  to   space 2560K, 0% used [0x00000000d6780000,0x00000000d6780000,0x00000000d6a00000)
 ParOldGen       total 68608K, used 66611K [0x0000000080000000, 0x0000000084300000, 0x00000000d5580000)
  object space 68608K, 97% used [0x0000000080000000,0x000000008410cea8,0x0000000084300000)
 Metaspace       used 61639K, committed 63168K, reserved 1114112K
  class space    used 6513K, committed 7168K, reserved 1048576K
}
Event: 16.448 GC heap after
{Heap after GC invocations=61 (full 3):
 PSYoungGen      total 17408K, used 1488K [0x00000000d5580000, 0x00000000d6900000, 0x0000000100000000)
  eden space 15872K, 0% used [0x00000000d5580000,0x00000000d5580000,0x00000000d6500000)
  from space 1536K, 96% used [0x00000000d6780000,0x00000000d68f4050,0x00000000d6900000)
  to   space 2048K, 0% used [0x00000000d6500000,0x00000000d6500000,0x00000000d6700000)
 ParOldGen       total 68608K, used 67435K [0x0000000080000000, 0x0000000084300000, 0x00000000d5580000)
  object space 68608K, 98% used [0x0000000080000000,0x00000000841daea8,0x0000000084300000)
 Metaspace       used 61639K, committed 63168K, reserved 1114112K
  class space    used 6513K, committed 7168K, reserved 1048576K
}
Event: 16.716 GC heap before
{Heap before GC invocations=62 (full 3):
 PSYoungGen      total 17408K, used 17360K [0x00000000d5580000, 0x00000000d6900000, 0x0000000100000000)
  eden space 15872K, 100% used [0x00000000d5580000,0x00000000d6500000,0x00000000d6500000)
  from space 1536K, 96% used [0x00000000d6780000,0x00000000d68f4050,0x00000000d6900000)
  to   space 2048K, 0% used [0x00000000d6500000,0x00000000d6500000,0x00000000d6700000)
 ParOldGen       total 68608K, used 67435K [0x0000000080000000, 0x0000000084300000, 0x00000000d5580000)
  object space 68608K, 98% used [0x0000000080000000,0x00000000841daea8,0x0000000084300000)
 Metaspace       used 62425K, committed 63936K, reserved 1114112K
  class space    used 6597K, committed 7232K, reserved 1048576K
}
Event: 16.720 GC heap after
{Heap after GC invocations=62 (full 3):
 PSYoungGen      total 16896K, used 890K [0x00000000d5580000, 0x00000000d6800000, 0x0000000100000000)
  eden space 15872K, 0% used [0x00000000d5580000,0x00000000d5580000,0x00000000d6500000)
  from space 1024K, 86% used [0x00000000d6500000,0x00000000d65de8c8,0x00000000d6600000)
  to   space 1536K, 0% used [0x00000000d6680000,0x00000000d6680000,0x00000000d6800000)
 ParOldGen       total 68608K, used 68367K [0x0000000080000000, 0x0000000084300000, 0x00000000d5580000)
  object space 68608K, 99% used [0x0000000080000000,0x00000000842c3eb8,0x0000000084300000)
 Metaspace       used 62425K, committed 63936K, reserved 1114112K
  class space    used 6597K, committed 7232K, reserved 1048576K
}
Event: 17.242 GC heap before
{Heap before GC invocations=63 (full 3):
 PSYoungGen      total 16896K, used 16752K [0x00000000d5580000, 0x00000000d6800000, 0x0000000100000000)
  eden space 15872K, 99% used [0x00000000d5580000,0x00000000d64fd930,0x00000000d6500000)
  from space 1024K, 86% used [0x00000000d6500000,0x00000000d65de8c8,0x00000000d6600000)
  to   space 1536K, 0% used [0x00000000d6680000,0x00000000d6680000,0x00000000d6800000)
 ParOldGen       total 68608K, used 68403K [0x0000000080000000, 0x0000000084300000, 0x00000000d5580000)
  object space 68608K, 99% used [0x0000000080000000,0x00000000842ccc40,0x0000000084300000)
 Metaspace       used 63330K, committed 65024K, reserved 1114112K
  class space    used 6694K, committed 7424K, reserved 1048576K
}
Event: 17.244 GC heap after
{Heap after GC invocations=63 (full 3):
 PSYoungGen      total 16896K, used 717K [0x00000000d5580000, 0x00000000d6780000, 0x0000000100000000)
  eden space 15872K, 0% used [0x00000000d5580000,0x00000000d5580000,0x00000000d6500000)
  from space 1024K, 70% used [0x00000000d6680000,0x00000000d6733620,0x00000000d6780000)
  to   space 1024K, 0% used [0x00000000d6500000,0x00000000d6500000,0x00000000d6600000)
 ParOldGen       total 69632K, used 69175K [0x0000000080000000, 0x0000000084400000, 0x00000000d5580000)
  object space 69632K, 99% used [0x0000000080000000,0x000000008438ddd8,0x0000000084400000)
 Metaspace       used 63330K, committed 65024K, reserved 1114112K
  class space    used 6694K, committed 7424K, reserved 1048576K
}
Event: 17.416 GC heap before
{Heap before GC invocations=64 (full 3):
 PSYoungGen      total 16896K, used 16589K [0x00000000d5580000, 0x00000000d6780000, 0x0000000100000000)
  eden space 15872K, 100% used [0x00000000d5580000,0x00000000d6500000,0x00000000d6500000)
  from space 1024K, 70% used [0x00000000d6680000,0x00000000d6733620,0x00000000d6780000)
  to   space 1024K, 0% used [0x00000000d6500000,0x00000000d6500000,0x00000000d6600000)
 ParOldGen       total 69632K, used 69229K [0x0000000080000000, 0x0000000084400000, 0x00000000d5580000)
  object space 69632K, 99% used [0x0000000080000000,0x000000008439b5a0,0x0000000084400000)
 Metaspace       used 64184K, committed 65792K, reserved 1114112K
  class space    used 6781K, committed 7488K, reserved 1048576K
}
Event: 17.420 GC heap after
{Heap after GC invocations=64 (full 3):
 PSYoungGen      total 16896K, used 1000K [0x00000000d5580000, 0x00000000d6900000, 0x0000000100000000)
  eden space 15872K, 0% used [0x00000000d5580000,0x00000000d5580000,0x00000000d6500000)
  from space 1024K, 97% used [0x00000000d6500000,0x00000000d65fa290,0x00000000d6600000)
  to   space 2048K, 0% used [0x00000000d6700000,0x00000000d6700000,0x00000000d6900000)
 ParOldGen       total 70144K, used 69675K [0x0000000080000000, 0x0000000084480000, 0x00000000d5580000)
  object space 70144K, 99% used [0x0000000080000000,0x000000008440afd8,0x0000000084480000)
 Metaspace       used 64184K, committed 65792K, reserved 1114112K
  class space    used 6781K, committed 7488K, reserved 1048576K
}

Dll operation events (10 events):
Event: 0.014 Loaded shared library c:\Users\devad\.amypocoder\extensions\redhat.java-1.55.0-win32-x64\jre\21.0.11-win32-x86_64\bin\java.dll
Event: 0.100 Loaded shared library c:\Users\devad\.amypocoder\extensions\redhat.java-1.55.0-win32-x64\jre\21.0.11-win32-x86_64\bin\zip.dll
Event: 0.127 Loaded shared library C:\Users\devad\.amypocoder\extensions\redhat.java-1.55.0-win32-x64\jre\21.0.11-win32-x86_64\bin\instrument.dll
Event: 0.132 Loaded shared library C:\Users\devad\.amypocoder\extensions\redhat.java-1.55.0-win32-x64\jre\21.0.11-win32-x86_64\bin\net.dll
Event: 0.136 Loaded shared library C:\Users\devad\.amypocoder\extensions\redhat.java-1.55.0-win32-x64\jre\21.0.11-win32-x86_64\bin\nio.dll
Event: 0.141 Loaded shared library C:\Users\devad\.amypocoder\extensions\redhat.java-1.55.0-win32-x64\jre\21.0.11-win32-x86_64\bin\zip.dll
Event: 0.159 Loaded shared library C:\Users\devad\.amypocoder\extensions\redhat.java-1.55.0-win32-x64\jre\21.0.11-win32-x86_64\bin\jimage.dll
Event: 0.239 Loaded shared library c:\Users\devad\.amypocoder\extensions\redhat.java-1.55.0-win32-x64\jre\21.0.11-win32-x86_64\bin\verify.dll
Event: 1.793 Loaded shared library C:\Users\devad\AppData\Roaming\AmypoCoder\User\globalStorage\redhat.java\1.55.0\config_win\org.eclipse.equinox.launcher\org.eclipse.equinox.launcher.win32.win32.x86_64_1.3.100.v20260613-0559\eclipse_11924.dll
Event: 5.677 Loaded shared library C:\Users\devad\AppData\Local\Temp\jna-95477496\jna16018846990950698622.dll

Deoptimization events (20 events):
Event: 17.409 Thread 0x000002137b3422c0 DEOPT PACKING pc=0x0000021327857aa4 sp=0x0000009a9bffeba0
Event: 17.409 Thread 0x000002137b3422c0 DEOPT UNPACKING pc=0x0000021327213aa2 sp=0x0000009a9bffeb58 mode 2
Event: 17.409 Thread 0x000002137b3422c0 Uncommon trap: trap_request=0xffffffde fr.pc=0x0000021327857aa4 relative=0x00000000000005e4
Event: 17.409 Thread 0x000002137b3422c0 Uncommon trap: reason=class_check action=maybe_recompile pc=0x0000021327857aa4 method=java.util.Spliterators$1Adapter.hasNext()Z @ 12 c2
Event: 17.409 Thread 0x000002137b3422c0 DEOPT PACKING pc=0x0000021327857aa4 sp=0x0000009a9bffebb0
Event: 17.409 Thread 0x000002137b3422c0 DEOPT UNPACKING pc=0x0000021327213aa2 sp=0x0000009a9bffeb68 mode 2
Event: 17.414 Thread 0x0000021307e8ff10 DEOPT PACKING pc=0x0000021320898a67 sp=0x0000009a9e6fd730
Event: 17.414 Thread 0x0000021307e8ff10 DEOPT UNPACKING pc=0x0000021327214242 sp=0x0000009a9e6fcca0 mode 0
Event: 17.483 Thread 0x0000021307e905a0 Uncommon trap: trap_request=0xffffff45 fr.pc=0x0000021327dd92ec relative=0x0000000000000eac
Event: 17.483 Thread 0x0000021307e905a0 Uncommon trap: reason=unstable_if action=reinterpret pc=0x0000021327dd92ec method=org.eclipse.jdt.internal.core.index.DiskIndex.readStreamChars(Ljava/io/InputStream;)[C @ 1 c2
Event: 17.483 Thread 0x0000021307e905a0 DEOPT PACKING pc=0x0000021327dd92ec sp=0x0000009a9eafed40
Event: 17.483 Thread 0x0000021307e905a0 DEOPT UNPACKING pc=0x0000021327213aa2 sp=0x0000009a9eafecb8 mode 2
Event: 17.518 Thread 0x0000021307e8ff10 DEOPT PACKING pc=0x000002132007de48 sp=0x0000009a9e6fe030
Event: 17.518 Thread 0x0000021307e8ff10 DEOPT UNPACKING pc=0x0000021327214242 sp=0x0000009a9e6fd538 mode 3
Event: 17.522 Thread 0x0000021307e91950 Uncommon trap: trap_request=0xffffffde fr.pc=0x0000021327a19f34 relative=0x0000000000000274
Event: 17.522 Thread 0x0000021307e91950 Uncommon trap: reason=class_check action=maybe_recompile pc=0x0000021327a19f34 method=java.util.Comparator.lambda$comparing$77a9974f$1(Ljava/util/function/Function;Ljava/lang/Object;Ljava/lang/Object;)I @ 7 c2
Event: 17.522 Thread 0x0000021307e91950 DEOPT PACKING pc=0x0000021327a19f34 sp=0x0000009a9e9fd220
Event: 17.522 Thread 0x0000021307e91950 DEOPT UNPACKING pc=0x0000021327213aa2 sp=0x0000009a9e9fd150 mode 2
Event: 17.529 Thread 0x0000021307e8ff10 DEOPT PACKING pc=0x00000213212ebb1e sp=0x0000009a9e6fc1e0
Event: 17.529 Thread 0x0000021307e8ff10 DEOPT UNPACKING pc=0x0000021327214242 sp=0x0000009a9e6fb6c0 mode 0

Classes loaded (20 events):
Event: 16.893 Loading class java/nio/file/PathMatcher done
Event: 16.893 Loading class sun/nio/fs/WindowsFileSystem$2 done
Event: 17.229 Loading class java/util/concurrent/CompletableFuture$UniApply
Event: 17.229 Loading class java/util/concurrent/CompletableFuture$UniCompletion
Event: 17.229 Loading class java/util/concurrent/CompletableFuture$UniCompletion done
Event: 17.229 Loading class java/util/concurrent/CompletableFuture$UniApply done
Event: 17.230 Loading class java/util/concurrent/CompletableFuture$UniAccept
Event: 17.231 Loading class java/util/concurrent/CompletableFuture$UniAccept done
Event: 17.231 Loading class java/util/concurrent/CompletableFuture$UniExceptionally
Event: 17.231 Loading class java/util/concurrent/CompletableFuture$UniExceptionally done
Event: 17.265 Loading class javax/xml/transform/TransformerConfigurationException
Event: 17.265 Loading class javax/xml/transform/TransformerConfigurationException done
Event: 17.266 Loading class java/util/Collections$SynchronizedRandomAccessList
Event: 17.266 Loading class java/util/Collections$SynchronizedList
Event: 17.266 Loading class java/util/Collections$SynchronizedList done
Event: 17.266 Loading class java/util/Collections$SynchronizedRandomAccessList done
Event: 17.291 Loading class java/util/concurrent/CompletableFuture$Signaller
Event: 17.292 Loading class java/util/concurrent/CompletableFuture$Signaller done
Event: 17.396 Loading class java/util/Hashtable$KeySet
Event: 17.396 Loading class java/util/Hashtable$KeySet done

Classes unloaded (9 events):
Event: 6.444 Thread 0x000002131cb37960 Unloading class 0x00000213351a5400 'java/lang/invoke/LambdaForm$MH+0x00000213351a5400'
Event: 6.444 Thread 0x000002131cb37960 Unloading class 0x00000213351a5000 'java/lang/invoke/LambdaForm$MH+0x00000213351a5000'
Event: 6.444 Thread 0x000002131cb37960 Unloading class 0x00000213351a4c00 'java/lang/invoke/LambdaForm$MH+0x00000213351a4c00'
Event: 6.444 Thread 0x000002131cb37960 Unloading class 0x00000213351a4800 'java/lang/invoke/LambdaForm$MH+0x00000213351a4800'
Event: 6.444 Thread 0x000002131cb37960 Unloading class 0x00000213351a4400 'java/lang/invoke/LambdaForm$BMH+0x00000213351a4400'
Event: 6.444 Thread 0x000002131cb37960 Unloading class 0x00000213351a4000 'java/lang/invoke/LambdaForm$DMH+0x00000213351a4000'
Event: 6.444 Thread 0x000002131cb37960 Unloading class 0x00000213351a2c00 'java/lang/invoke/LambdaForm$DMH+0x00000213351a2c00'
Event: 14.242 Thread 0x000002131cb37960 Unloading class 0x0000021335624800 'java/lang/invoke/LambdaForm$MH+0x0000021335624800'
Event: 14.242 Thread 0x000002131cb37960 Unloading class 0x0000021335624000 'java/lang/invoke/LambdaForm$MH+0x0000021335624000'

Classes redefined (0 events):
No events

Internal exceptions (20 events):
Event: 17.177 Thread 0x000002137b33ee40 Exception <a 'sun/nio/fs/WindowsException'{0x00000000d6225318}> (0x00000000d6225318) 
thrown [s\src\hotspot\share\prims\jni.cpp, line 520]
Event: 17.177 Thread 0x000002137b33ee40 Exception <a 'sun/nio/fs/WindowsException'{0x00000000d62295a8}> (0x00000000d62295a8) 
thrown [s\src\hotspot\share\prims\jni.cpp, line 520]
Event: 17.177 Thread 0x000002137b33ee40 Exception <a 'sun/nio/fs/WindowsException'{0x00000000d622ea38}> (0x00000000d622ea38) 
thrown [s\src\hotspot\share\prims\jni.cpp, line 520]
Event: 17.177 Thread 0x000002137b33ee40 Exception <a 'sun/nio/fs/WindowsException'{0x00000000d62353f0}> (0x00000000d62353f0) 
thrown [s\src\hotspot\share\prims\jni.cpp, line 520]
Event: 17.217 Thread 0x000002137db8c710 Exception <a 'sun/nio/fs/WindowsException'{0x00000000d633c320}> (0x00000000d633c320) 
thrown [s\src\hotspot\share\prims\jni.cpp, line 520]
Event: 17.217 Thread 0x000002137db8c710 Exception <a 'sun/nio/fs/WindowsException'{0x00000000d633cba8}> (0x00000000d633cba8) 
thrown [s\src\hotspot\share\prims\jni.cpp, line 520]
Event: 17.222 Thread 0x000002137db8c710 Exception <a 'sun/nio/fs/WindowsException'{0x00000000d6355ee0}> (0x00000000d6355ee0) 
thrown [s\src\hotspot\share\prims\jni.cpp, line 520]
Event: 17.222 Thread 0x000002137db8c710 Exception <a 'sun/nio/fs/WindowsException'{0x00000000d6356768}> (0x00000000d6356768) 
thrown [s\src\hotspot\share\prims\jni.cpp, line 520]
Event: 17.226 Thread 0x000002137db8c710 Exception <a 'java/lang/IncompatibleClassChangeError'{0x00000000d63a2738}: Found class java.lang.Object, but interface was expected> (0x00000000d63a2738) 
thrown [s\src\hotspot\share\interpreter\linkResolver.cpp, line 840]
Event: 17.463 Thread 0x0000021307e91950 Exception <a 'sun/nio/fs/WindowsException'{0x00000000d5a23010}> (0x00000000d5a23010) 
thrown [s\src\hotspot\share\prims\jni.cpp, line 520]
Event: 17.463 Thread 0x0000021307e91950 Exception <a 'sun/nio/fs/WindowsException'{0x00000000d5a23910}> (0x00000000d5a23910) 
thrown [s\src\hotspot\share\prims\jni.cpp, line 520]
Event: 17.464 Thread 0x0000021307e91950 Exception <a 'sun/nio/fs/WindowsException'{0x00000000d5a24998}> (0x00000000d5a24998) 
thrown [s\src\hotspot\share\prims\jni.cpp, line 520]
Event: 17.464 Thread 0x0000021307e91950 Exception <a 'sun/nio/fs/WindowsException'{0x00000000d5a25278}> (0x00000000d5a25278) 
thrown [s\src\hotspot\share\prims\jni.cpp, line 520]
Event: 17.477 Thread 0x0000021307e91950 Exception <a 'java/io/FileNotFoundException'{0x00000000d5baa408}> (0x00000000d5baa408) 
thrown [s\src\hotspot\share\prims\jni.cpp, line 520]
Event: 17.478 Thread 0x0000021307e91950 Exception <a 'java/io/FileNotFoundException'{0x00000000d5bab450}> (0x00000000d5bab450) 
thrown [s\src\hotspot\share\prims\jni.cpp, line 520]
Event: 17.483 Thread 0x0000021307e905a0 Implicit null exception at 0x0000021327dd8482 to 0x0000021327dd92d8
Event: 17.507 Thread 0x0000021307e91950 Exception <a 'sun/nio/fs/WindowsException'{0x00000000d5fbc490}> (0x00000000d5fbc490) 
thrown [s\src\hotspot\share\prims\jni.cpp, line 520]
Event: 17.507 Thread 0x0000021307e91950 Exception <a 'sun/nio/fs/WindowsException'{0x00000000d5fbcd70}> (0x00000000d5fbcd70) 
thrown [s\src\hotspot\share\prims\jni.cpp, line 520]
Event: 17.532 Thread 0x0000021307e91950 Exception <a 'sun/nio/fs/WindowsException'{0x00000000d607e280}> (0x00000000d607e280) 
thrown [s\src\hotspot\share\prims\jni.cpp, line 520]
Event: 17.532 Thread 0x0000021307e91950 Exception <a 'sun/nio/fs/WindowsException'{0x00000000d607eb60}> (0x00000000d607eb60) 
thrown [s\src\hotspot\share\prims\jni.cpp, line 520]

ZGC Phase Switch (0 events):
No events

VM Operations (20 events):
Event: 16.716 Executing safepoint VM operation: ParallelGCFailedAllocation (Allocation Failure)
Event: 16.720 Executing safepoint VM operation: ParallelGCFailedAllocation (Allocation Failure) done
Event: 17.129 Executing non-safepoint VM operation: HandshakeAllThreads (Deoptimize)
Event: 17.129 Executing non-safepoint VM operation: HandshakeAllThreads (Deoptimize) done
Event: 17.241 Executing safepoint VM operation: ParallelGCFailedAllocation (Allocation Failure)
Event: 17.241 Executing safepoint VM operation: ParallelGCFailedAllocation (Allocation Failure) done
Event: 17.241 Executing safepoint VM operation: ParallelGCSystemGC (GCLocker Initiated GC)
Event: 17.244 Executing safepoint VM operation: ParallelGCSystemGC (GCLocker Initiated GC) done
Event: 17.259 Executing non-safepoint VM operation: HandshakeAllThreads (Deoptimize)
Event: 17.259 Executing non-safepoint VM operation: HandshakeAllThreads (Deoptimize) done
Event: 17.261 Executing non-safepoint VM operation: HandshakeAllThreads (Deoptimize)
Event: 17.262 Executing non-safepoint VM operation: HandshakeAllThreads (Deoptimize) done
Event: 17.309 Executing non-safepoint VM operation: HandshakeAllThreads (Deoptimize)
Event: 17.309 Executing non-safepoint VM operation: HandshakeAllThreads (Deoptimize) done
Event: 17.415 Executing safepoint VM operation: ParallelGCFailedAllocation (Allocation Failure)
Event: 17.420 Executing safepoint VM operation: ParallelGCFailedAllocation (Allocation Failure) done
Event: 17.478 Executing non-safepoint VM operation: HandshakeAllThreads (Deoptimize)
Event: 17.518 Executing non-safepoint VM operation: HandshakeAllThreads (Deoptimize) done
Event: 18.523 Executing safepoint VM operation: Cleanup
Event: 18.523 Executing safepoint VM operation: Cleanup done

Memory protections (0 events):
No events

Nmethod flushes (20 events):
Event: 14.265 Thread 0x000002131cb37960 flushing osr nmethod 0x00000213204ca610
Event: 14.265 Thread 0x000002131cb37960 flushing osr nmethod 0x00000213204fed90
Event: 14.265 Thread 0x000002131cb37960 flushing  nmethod 0x0000021320511610
Event: 14.265 Thread 0x000002131cb37960 flushing  nmethod 0x0000021320532610
Event: 14.265 Thread 0x000002131cb37960 flushing  nmethod 0x000002132053ec10
Event: 14.265 Thread 0x000002131cb37960 flushing  nmethod 0x000002132053f590
Event: 14.265 Thread 0x000002131cb37960 flushing  nmethod 0x0000021320541b10
Event: 14.265 Thread 0x000002131cb37960 flushing  nmethod 0x0000021320549a10
Event: 14.265 Thread 0x000002131cb37960 flushing  nmethod 0x0000021320553510
Event: 14.265 Thread 0x000002131cb37960 flushing  nmethod 0x0000021320564f90
Event: 14.265 Thread 0x000002131cb37960 flushing  nmethod 0x0000021320583e90
Event: 14.265 Thread 0x000002131cb37960 flushing  nmethod 0x0000021320588410
Event: 14.265 Thread 0x000002131cb37960 flushing  nmethod 0x000002132058d890
Event: 14.265 Thread 0x000002131cb37960 flushing  nmethod 0x000002132058e610
Event: 14.265 Thread 0x000002131cb37960 flushing  nmethod 0x000002132058ea90
Event: 14.265 Thread 0x000002131cb37960 flushing  nmethod 0x0000021320590710
Event: 14.265 Thread 0x000002131cb37960 flushing  nmethod 0x00000213205c1310
Event: 14.265 Thread 0x000002131cb37960 flushing  nmethod 0x00000213205e6610
Event: 14.265 Thread 0x000002131cb37960 flushing  nmethod 0x00000213205ecc10
Event: 14.265 Thread 0x000002131cb37960 flushing  nmethod 0x0000021320611c90

Events (20 events):
Event: 16.472 Thread 0x0000021307e91fe0 Thread exited: 0x0000021307e91fe0
Event: 16.472 Thread 0x0000021307e8ff10 Thread exited: 0x0000021307e8ff10
Event: 16.472 Thread 0x0000021307e905a0 Thread exited: 0x0000021307e905a0
Event: 16.860 Thread 0x000002137b33ee40 Thread added: 0x0000021307e91fe0
Event: 17.178 Thread 0x0000021307e91fe0 Thread exited: 0x0000021307e91fe0
Event: 17.230 Thread 0x000002137db8c710 Thread added: 0x0000021307e8ff10
Event: 17.232 Thread 0x000002137db8c710 Thread added: 0x0000021307e93a20
Event: 17.233 Thread 0x0000021307e93a20 Thread added: 0x0000021307e90c30
Event: 17.233 Thread 0x0000021307e90c30 Thread added: 0x0000021307e91950
Event: 17.412 Thread 0x000002137b33ee40 Thread added: 0x0000021307e905a0
Event: 17.412 Thread 0x000002137e5ea2c0 Thread added: 0x0000021307e91fe0
Event: 17.413 Thread 0x0000021307e905a0 Thread added: 0x0000021307e94740
Event: 17.414 Thread 0x0000021307e91fe0 Thread added: 0x0000021307e92670
Event: 17.414 Thread 0x0000021307e94740 Thread added: 0x0000021307e940b0
Event: 17.415 Thread 0x0000021307e940b0 Thread added: 0x0000021307e912c0
Event: 17.422 Thread 0x0000021307e912c0 Thread added: 0x0000021307e96810
Event: 17.423 Thread 0x0000021307e92670 Thread added: 0x0000021307e95af0
Event: 17.424 Thread 0x0000021307e96810 Thread added: 0x0000021307e94dd0
Event: 17.427 Thread 0x0000021307e94dd0 Thread added: 0x0000021307e96180
Event: 18.285 Thread 0x000002137d67b150 Thread exited: 0x000002137d67b150


Dynamic libraries:
0x00007ff6fe3f0000 - 0x00007ff6fe3fe000 	c:\Users\devad\.amypocoder\extensions\redhat.java-1.55.0-win32-x64\jre\21.0.11-win32-x86_64\bin\java.exe
0x00007ffc5eea0000 - 0x00007ffc5f106000 	C:\WINDOWS\SYSTEM32\ntdll.dll
0x00007ffc5d400000 - 0x00007ffc5d4c9000 	C:\WINDOWS\System32\KERNEL32.DLL
0x00007ffc5c750000 - 0x00007ffc5cb4a000 	C:\WINDOWS\System32\KERNELBASE.dll
0x00007ffc5c130000 - 0x00007ffc5c27c000 	C:\WINDOWS\System32\ucrtbase.dll
0x00007ffc28650000 - 0x00007ffc28668000 	c:\Users\devad\.amypocoder\extensions\redhat.java-1.55.0-win32-x64\jre\21.0.11-win32-x86_64\bin\jli.dll
0x00007ffc28630000 - 0x00007ffc2864e000 	c:\Users\devad\.amypocoder\extensions\redhat.java-1.55.0-win32-x64\jre\21.0.11-win32-x86_64\bin\VCRUNTIME140.dll
0x00007ffc5d920000 - 0x00007ffc5dae7000 	C:\WINDOWS\System32\USER32.dll
0x00007ffc5c330000 - 0x00007ffc5c357000 	C:\WINDOWS\System32\win32u.dll
0x00007ffc36630000 - 0x00007ffc368c2000 	C:\WINDOWS\WinSxS\amd64_microsoft.windows.common-controls_6595b64144ccf1df_6.0.26100.8521_none_3e08b75ce33403b3\COMCTL32.dll
0x00007ffc5d230000 - 0x00007ffc5d25b000 	C:\WINDOWS\System32\GDI32.dll
0x00007ffc5d800000 - 0x00007ffc5d8a9000 	C:\WINDOWS\System32\msvcrt.dll
0x00007ffc5c360000 - 0x00007ffc5c48b000 	C:\WINDOWS\System32\gdi32full.dll
0x00007ffc5c6a0000 - 0x00007ffc5c743000 	C:\WINDOWS\System32\msvcp_win.dll
0x00007ffc5e320000 - 0x00007ffc5e352000 	C:\WINDOWS\System32\IMM32.DLL
0x00007ffc56290000 - 0x00007ffc5629c000 	c:\Users\devad\.amypocoder\extensions\redhat.java-1.55.0-win32-x64\jre\21.0.11-win32-x86_64\bin\vcruntime140_1.dll
0x00007ffc26bc0000 - 0x00007ffc26c4d000 	c:\Users\devad\.amypocoder\extensions\redhat.java-1.55.0-win32-x64\jre\21.0.11-win32-x86_64\bin\msvcp140.dll
0x00007ffbb2700000 - 0x00007ffbb34a2000 	c:\Users\devad\.amypocoder\extensions\redhat.java-1.55.0-win32-x64\jre\21.0.11-win32-x86_64\bin\server\jvm.dll
0x00007ffc5db70000 - 0x00007ffc5dc26000 	C:\WINDOWS\System32\ADVAPI32.dll
0x00007ffc5cc10000 - 0x00007ffc5ccba000 	C:\WINDOWS\System32\sechost.dll
0x00007ffc5d2e0000 - 0x00007ffc5d3f8000 	C:\WINDOWS\System32\RPCRT4.dll
0x00007ffc5d4d0000 - 0x00007ffc5d550000 	C:\WINDOWS\System32\WS2_32.dll
0x00007ffc5bf90000 - 0x00007ffc5bfee000 	C:\WINDOWS\SYSTEM32\POWRPROF.dll
0x00007ffc53fb0000 - 0x00007ffc53fe6000 	C:\WINDOWS\SYSTEM32\WINMM.dll
0x00007ffc48d80000 - 0x00007ffc48d8b000 	C:\WINDOWS\SYSTEM32\VERSION.dll
0x00007ffc5bf70000 - 0x00007ffc5bf84000 	C:\WINDOWS\SYSTEM32\UMPDC.dll
0x00007ffc5aec0000 - 0x00007ffc5aedb000 	C:\WINDOWS\SYSTEM32\kernel.appcore.dll
0x00007ffc4bb70000 - 0x00007ffc4bb7a000 	c:\Users\devad\.amypocoder\extensions\redhat.java-1.55.0-win32-x64\jre\21.0.11-win32-x86_64\bin\jimage.dll
0x00007ffc59800000 - 0x00007ffc59a42000 	C:\WINDOWS\SYSTEM32\DBGHELP.DLL
0x00007ffc5cea0000 - 0x00007ffc5d223000 	C:\WINDOWS\System32\combase.dll
0x00007ffc5d720000 - 0x00007ffc5d7f9000 	C:\WINDOWS\System32\OLEAUT32.dll
0x00007ffc353d0000 - 0x00007ffc3540b000 	C:\WINDOWS\SYSTEM32\dbgcore.DLL
0x00007ffc5c280000 - 0x00007ffc5c328000 	C:\WINDOWS\System32\bcryptPrimitives.dll
0x00007ffc3cd90000 - 0x00007ffc3cd9f000 	c:\Users\devad\.amypocoder\extensions\redhat.java-1.55.0-win32-x64\jre\21.0.11-win32-x86_64\bin\instrument.dll
0x00007ffc26f20000 - 0x00007ffc26f40000 	c:\Users\devad\.amypocoder\extensions\redhat.java-1.55.0-win32-x64\jre\21.0.11-win32-x86_64\bin\java.dll
0x00007ffc5e3f0000 - 0x00007ffc5eb74000 	C:\WINDOWS\System32\SHELL32.dll
0x00007ffc59cc0000 - 0x00007ffc5a540000 	C:\WINDOWS\SYSTEM32\windows.storage.dll
0x00007ffc5e150000 - 0x00007ffc5e246000 	C:\WINDOWS\System32\SHCORE.dll
0x00007ffc5daf0000 - 0x00007ffc5db57000 	C:\WINDOWS\System32\shlwapi.dll
0x00007ffc5c050000 - 0x00007ffc5c079000 	C:\WINDOWS\SYSTEM32\profapi.dll
0x00007ffc27da0000 - 0x00007ffc27db8000 	c:\Users\devad\.amypocoder\extensions\redhat.java-1.55.0-win32-x64\jre\21.0.11-win32-x86_64\bin\zip.dll
0x00007ffc38e10000 - 0x00007ffc38e20000 	C:\Users\devad\.amypocoder\extensions\redhat.java-1.55.0-win32-x64\jre\21.0.11-win32-x86_64\bin\net.dll
0x00007ffc52f70000 - 0x00007ffc53099000 	C:\WINDOWS\SYSTEM32\WINHTTP.dll
0x00007ffc5b430000 - 0x00007ffc5b49c000 	C:\WINDOWS\system32\mswsock.dll
0x00007ffc26950000 - 0x00007ffc26966000 	C:\Users\devad\.amypocoder\extensions\redhat.java-1.55.0-win32-x64\jre\21.0.11-win32-x86_64\bin\nio.dll
0x00007ffc36110000 - 0x00007ffc36120000 	c:\Users\devad\.amypocoder\extensions\redhat.java-1.55.0-win32-x64\jre\21.0.11-win32-x86_64\bin\verify.dll
0x00007ffc27460000 - 0x00007ffc274a5000 	C:\Users\devad\AppData\Roaming\AmypoCoder\User\globalStorage\redhat.java\1.55.0\config_win\org.eclipse.equinox.launcher\org.eclipse.equinox.launcher.win32.win32.x86_64_1.3.100.v20260613-0559\eclipse_11924.dll
0x00007ffc5d580000 - 0x00007ffc5d718000 	C:\WINDOWS\System32\ole32.dll
0x00007ffc5b710000 - 0x00007ffc5b72b000 	C:\WINDOWS\SYSTEM32\CRYPTSP.dll
0x00007ffc5ae20000 - 0x00007ffc5ae59000 	C:\WINDOWS\system32\rsaenh.dll
0x00007ffc5b4e0000 - 0x00007ffc5b513000 	C:\WINDOWS\SYSTEM32\USERENV.dll
0x00007ffc5c020000 - 0x00007ffc5c04a000 	C:\WINDOWS\SYSTEM32\bcrypt.dll
0x00007ffc5b730000 - 0x00007ffc5b73c000 	C:\WINDOWS\SYSTEM32\CRYPTBASE.dll
0x00007ffc5a8d0000 - 0x00007ffc5a903000 	C:\WINDOWS\SYSTEM32\IPHLPAPI.DLL
0x00007ffc5e360000 - 0x00007ffc5e36a000 	C:\WINDOWS\System32\NSI.dll
0x00007ffc265d0000 - 0x00007ffc26619000 	C:\Users\devad\AppData\Local\Temp\jna-95477496\jna16018846990950698622.dll
0x00007ffc5e310000 - 0x00007ffc5e318000 	C:\WINDOWS\System32\PSAPI.DLL
0x00007ffc53290000 - 0x00007ffc532ad000 	C:\WINDOWS\SYSTEM32\dhcpcsvc6.DLL
0x00007ffc53260000 - 0x00007ffc53285000 	C:\WINDOWS\SYSTEM32\dhcpcsvc.DLL

JVMTI agents:
c:\Users\devad\.amypocoder\extensions\redhat.java-1.55.0-win32-x64\lombok\lombok-1.18.39-4050.jar path:c:\Users\devad\.amypocoder\extensions\redhat.java-1.55.0-win32-x64\jre\21.0.11-win32-x86_64\bin\instrument.dll, loaded, initialized, instrumentlib options:none

dbghelp: loaded successfully - version: 4.0.5 - missing functions: none
symbol engine: initialized successfully - sym options: 0x614 - pdb path: .;c:\Users\devad\.amypocoder\extensions\redhat.java-1.55.0-win32-x64\jre\21.0.11-win32-x86_64\bin;C:\WINDOWS\SYSTEM32;C:\WINDOWS\WinSxS\amd64_microsoft.windows.common-controls_6595b64144ccf1df_6.0.26100.8521_none_3e08b75ce33403b3;c:\Users\devad\.amypocoder\extensions\redhat.java-1.55.0-win32-x64\jre\21.0.11-win32-x86_64\bin\server;C:\Users\devad\AppData\Roaming\AmypoCoder\User\globalStorage\redhat.java\1.55.0\config_win\org.eclipse.equinox.launcher\org.eclipse.equinox.launcher.win32.win32.x86_64_1.3.100.v20260613-0559;C:\Users\devad\AppData\Local\Temp\jna-95477496

VM Arguments:
jvm_args: --add-modules=ALL-SYSTEM --add-opens=java.base/java.util=ALL-UNNAMED --add-opens=java.base/java.lang=ALL-UNNAMED --add-opens=java.base/sun.nio.fs=ALL-UNNAMED -Declipse.application=org.eclipse.jdt.ls.core.id1 -Dosgi.bundles.defaultStartLevel=4 -Declipse.product=org.eclipse.jdt.ls.core.product -Djava.import.generatesMetadataFilesAtProjectRoot=false -DDetectVMInstallationsJob.disabled=true -Dfile.encoding=utf8 -XX:+UseParallelGC -XX:GCTimeRatio=4 -XX:AdaptiveSizePolicyWeight=90 -Dsun.zip.disableMemoryMapping=true -Xmx2G -Xms100m -Xlog:disable -javaagent:c:\Users\devad\.amypocoder\extensions\redhat.java-1.55.0-win32-x64\lombok\lombok-1.18.39-4050.jar -XX:+HeapDumpOnOutOfMemoryError -XX:HeapDumpPath=c:\Users\devad\AppData\Roaming\AmypoCoder\User\workspaceStorage\88bc0a493e47d80584e6338963d1aef8\redhat.java -Daether.dependencyCollector.impl=bf 
java_command: c:\Users\devad\.amypocoder\extensions\redhat.java-1.55.0-win32-x64\server\plugins\org.eclipse.equinox.launcher_1.7.200.v20260619-2039.jar -configuration c:\Users\devad\AppData\Roaming\AmypoCoder\User\globalStorage\redhat.java\1.55.0\config_win -data c:\Users\devad\AppData\Roaming\AmypoCoder\User\workspaceStorage\88bc0a493e47d80584e6338963d1aef8\redhat.java\jdt_ws --pipe=\\.\pipe\lsp-4253cfd4cc8fbc847e4bd55d2603d078-sock
java_class_path (initial): c:\Users\devad\.amypocoder\extensions\redhat.java-1.55.0-win32-x64\server\plugins\org.eclipse.equinox.launcher_1.7.200.v20260619-2039.jar
Launcher Type: SUN_STANDARD

[Global flags]
    uintx AdaptiveSizePolicyWeight                 = 90                                        {product} {command line}
     intx CICompilerCount                          = 4                                         {product} {ergonomic}
    uintx GCTimeRatio                              = 4                                         {product} {command line}
     bool HeapDumpOnOutOfMemoryError               = true                                   {manageable} {command line}
    ccstr HeapDumpPath                             = c:\Users\devad\AppData\Roaming\AmypoCoder\User\workspaceStorage\88bc0a493e47d80584e6338963d1aef8\redhat.java         {manageable} {command line}
   size_t InitialHeapSize                          = 104857600                                 {product} {command line}
   size_t MaxHeapSize                              = 2147483648                                {product} {command line}
   size_t MaxNewSize                               = 715653120                                 {product} {ergonomic}
   size_t MinHeapDeltaBytes                        = 524288                                    {product} {ergonomic}
   size_t MinHeapSize                              = 104857600                                 {product} {command line}
   size_t NewSize                                  = 34603008                                  {product} {ergonomic}
    uintx NonNMethodCodeHeapSize                   = 5839372                                {pd product} {ergonomic}
    uintx NonProfiledCodeHeapSize                  = 122909434                              {pd product} {ergonomic}
   size_t OldSize                                  = 70254592                                  {product} {ergonomic}
    uintx ProfiledCodeHeapSize                     = 122909434                              {pd product} {ergonomic}
    uintx ReservedCodeCacheSize                    = 251658240                              {pd product} {ergonomic}
     bool SegmentedCodeCache                       = true                                      {product} {ergonomic}
   size_t SoftMaxHeapSize                          = 2147483648                             {manageable} {ergonomic}
     bool UseCompressedOops                        = true                           {product lp64_product} {ergonomic}
     bool UseLargePagesIndividualAllocation        = false                                  {pd product} {ergonomic}
     bool UseParallelGC                            = true                                      {product} {command line}

Logging:
Log output configuration:
 #0: stdout all=off uptime,level,tags foldmultilines=false
 #1: stderr all=off uptime,level,tags foldmultilines=false

Release file:
JAVA_VERSION="21.0.11" 
MODULES="java.base java.compiler java.datatransfer java.xml java.prefs java.desktop java.instrument java.logging java.management java.security.sasl java.naming java.rmi java.management.rmi java.net.http java.scripting java.security.jgss java.transaction.xa java.sql java.sql.rowset java.xml.crypto java.se java.smartcardio jdk.accessibility jdk.internal.jvmstat jdk.attach jdk.charsets jdk.internal.opt jdk.zipfs jdk.compiler jdk.crypto.ec jdk.crypto.cryptoki jdk.crypto.mscapi jdk.dynalink jdk.internal.ed jdk.editpad jdk.hotspot.agent jdk.httpserver jdk.internal.le jdk.internal.vm.ci jdk.internal.vm.compiler jdk.internal.vm.compiler.management jdk.jartool jdk.javadoc jdk.jcmd jdk.management jdk.management.agent jdk.jconsole jdk.jdeps jdk.jdwp.agent jdk.jdi jdk.jfr jdk.jshell jdk.jsobject jdk.jstatd jdk.localedata jdk.management.jfr jdk.naming.dns jdk.naming.rmi jdk.net jdk.nio.mapmode jdk.random jdk.sctp jdk.security.auth jdk.security.jgss jdk.unsupported jdk.unsupported.desktop jdk.xml.dom" 

Environment Variables:
JAVA_HOME=C:\Program Files\Java\jdk-17
PATH=C:\WINDOWS\System32;C:\WINDOWS;C:\WINDOWS\System32\Wbem;C:\WINDOWS\System32\WindowsPowerShell\v1.0;C:\WINDOWS\System32\OpenSSH;C:\Program Files\Common Files\Oracle\Java\javapath;C:\windows\system32;C:\windows;C:\windows\System32\Wbem;C:\windows\System32\WindowsPowerShell\v1.0\;C:\windows\System32\OpenSSH\;C:\Program Files\HP\HP One Agent;C:\WINDOWS\system32;C:\WINDOWS\System32\WindowsPowerShell\v1.0\;C:\WINDOWS\System32\OpenSSH\;C:\Program Files\Cloudflare\Cloudflare WARP\;C:\Program Files\Git\cmd;C:\Program Files\nodejs\;C:\Users\devad\Downloads\apache-maven-3.9.16-bin;C:\Users\devad\Downloads\apache-maven-3.9.16-bin (2);C:\Users\devad\AppData\Local\Programs\Python\Python311\;C:\Users\devad\AppData\Local\Programs\Python\Launcher\;C:\Users\devad\AppData\Local\Microsoft\WindowsApps;C:\Users\devad\AppData\Local\Programs\Microsoft VS Code\bin;C:\Users\devad\AppData\Roaming\npm;C:\Users\devad\Downloads\apache-maven-3.9.16-bin (2)\apache-maven-3.9.16\bin;C:\Users\devad\Downloads\apache-maven-3.9.16-bin (2)\apache-maven-3.9.16;C:\Program Files\nodejs;C:\Program Files\MySQL\MySQL Server 8.0;C:\Program Files\Git\bin;C:\Program Files\Java\jdk-17\bin;C:\Program Files\AmypoCoder;C:\Program Files\Google\Chrome\Application
USERNAME=devad
OS=Windows_NT
PROCESSOR_IDENTIFIER=Intel64 Family 6 Model 154 Stepping 4, GenuineIntel
TMP=C:\Users\devad\AppData\Local\Temp
TEMP=C:\Users\devad\AppData\Local\Temp




Periodic native trim disabled

---------------  S Y S T E M  ---------------

OS:
 Windows 11 , 64 bit Build 26100 (10.0.26100.8521)
OS uptime: 3 days 21:10 hours
Hyper-V role detected

CPU: total 12 (initial active 12) (6 cores per cpu, 2 threads per core) family 6 model 154 stepping 4 microcode 0x432, cx8, cmov, fxsr, ht, mmx, 3dnowpref, sse, sse2, sse3, ssse3, sse4.1, sse4.2, popcnt, lzcnt, tsc, tscinvbit, avx, avx2, aes, erms, clmul, bmi1, bmi2, adx, sha, fma, vzeroupper, clflush, clflushopt, clwb, hv, serialize, rdtscp, rdpid, fsrm, f16c, cet_ibt, cet_ss
Processor Information for processor 0
  Max Mhz: 1300, Current Mhz: 1300, Mhz Limit: 1300
Processor Information for processor 1
  Max Mhz: 1300, Current Mhz: 1300, Mhz Limit: 1300
Processor Information for processor 2
  Max Mhz: 1300, Current Mhz: 1300, Mhz Limit: 1300
Processor Information for processor 3
  Max Mhz: 1300, Current Mhz: 1300, Mhz Limit: 1300
Processor Information for processor 4
  Max Mhz: 1300, Current Mhz: 900, Mhz Limit: 897
Processor Information for processor 5
  Max Mhz: 1300, Current Mhz: 900, Mhz Limit: 897
Processor Information for processor 6
  Max Mhz: 1300, Current Mhz: 900, Mhz Limit: 897
Processor Information for processor 7
  Max Mhz: 1300, Current Mhz: 900, Mhz Limit: 897
Processor Information for processor 8
  Max Mhz: 1300, Current Mhz: 900, Mhz Limit: 897
Processor Information for processor 9
  Max Mhz: 1300, Current Mhz: 900, Mhz Limit: 897
Processor Information for processor 10
  Max Mhz: 1300, Current Mhz: 900, Mhz Limit: 897
Processor Information for processor 11
  Max Mhz: 1300, Current Mhz: 900, Mhz Limit: 897

Memory: 4k page, system-wide physical 7863M (689M free)
TotalPageFile size 16055M (AvailPageFile size 3M)
current process WorkingSet (physical memory assigned to process): 321M, peak: 321M
current process commit charge ("private bytes"): 398M, peak: 399M

vm_info: OpenJDK 64-Bit Server VM (21.0.11+10-LTS) for windows-amd64 JRE (21.0.11+10-LTS), built on 2026-04-21T00:00:00Z by "admin" with MS VC++ 17.12 (VS2022)

END.
