#
# There is insufficient memory for the Java Runtime Environment to continue.
# Native memory allocation (malloc) failed to allocate 236736 bytes. Error detail: Chunk::new
# Possible reasons:
#   The system is out of physical RAM or swap space
#   This process is running with CompressedOops enabled, and the Java Heap may be blocking the growth of the native heap
# Possible solutions:
#   Reduce memory load on the system
#   Increase physical memory or swap space
#   Check if swap backing store is full
#   Decrease Java heap size (-Xmx/-Xms)
#   Decrease number of Java threads
#   Decrease Java thread stack sizes (-Xss)
#   Set larger code cache with -XX:ReservedCodeCacheSize=
#   JVM is running with Unscaled Compressed Oops mode in which the Java heap is
#     placed in the first 4GB address space. The Java Heap base address is the
#     maximum limit for the native heap growth. Please use -XX:HeapBaseMinAddress
#     to set the Java Heap base and to place the Java Heap above 4GB virtual address.
# This output file may be truncated or incomplete.
#
#  Out of Memory Error (arena.cpp:168), pid=18996, tid=12412
#
# JRE version: OpenJDK Runtime Environment Temurin-21.0.11+10 (21.0.11+10) (build 21.0.11+10-LTS)
# Java VM: OpenJDK 64-Bit Server VM Temurin-21.0.11+10 (21.0.11+10-LTS, mixed mode, sharing, tiered, compressed oops, compressed class ptrs, parallel gc, windows-amd64)
# No core dump will be written. Minidumps are not enabled by default on client versions of Windows
#

---------------  S U M M A R Y ------------

Command Line: --add-modules=ALL-SYSTEM --add-opens=java.base/java.util=ALL-UNNAMED --add-opens=java.base/java.lang=ALL-UNNAMED --add-opens=java.base/sun.nio.fs=ALL-UNNAMED -Declipse.application=org.eclipse.jdt.ls.core.id1 -Dosgi.bundles.defaultStartLevel=4 -Declipse.product=org.eclipse.jdt.ls.core.product -Djava.import.generatesMetadataFilesAtProjectRoot=false -DDetectVMInstallationsJob.disabled=true -Dfile.encoding=utf8 -XX:+UseParallelGC -XX:GCTimeRatio=4 -XX:AdaptiveSizePolicyWeight=90 -Dsun.zip.disableMemoryMapping=true -Xmx2G -Xms100m -Xlog:disable -javaagent:c:\Users\devad\.amypocoder\extensions\redhat.java-1.55.0-win32-x64\lombok\lombok-1.18.39-4050.jar c:\Users\devad\.amypocoder\extensions\redhat.java-1.55.0-win32-x64\server\plugins\org.eclipse.equinox.launcher_1.7.200.v20260619-2039.jar -configuration c:\Users\devad\AppData\Roaming\AmypoCoder\User\globalStorage\redhat.java\1.55.0\config_ss_win -data c:\Users\devad\AppData\Roaming\AmypoCoder\User\workspaceStorage\b017f3f27171b3808dc36b8a0c9d1b2e\redhat.java\ss_ws --pipe=\\.\pipe\lsp-40898245d9a3431115bc962c5e6dbede-sock

Host: 12th Gen Intel(R) Core(TM) i5-1235U, 12 cores, 7G,  Windows 11 , 64 bit Build 26100 (10.0.26100.8521)
Time: Fri Aug 21 09:57:21 2026 India Standard Time elapsed time: 1.807602 seconds (0d 0h 0m 1s)

---------------  T H R E A D  ---------------

Current thread (0x000002838a686750):  JavaThread "C2 CompilerThread0" daemon [_thread_in_native, id=12412, stack(0x0000009f8d200000,0x0000009f8d300000) (1024K)]


Current CompileTask:
C2:1807 1539   !   4       lombok.patcher.ScriptManager$OurClassFileTransformer::transform (473 bytes)

Stack: [0x0000009f8d200000,0x0000009f8d300000]
Native frames: (J=compiled Java code, j=interpreted, Vv=VM code, C=native code)
V  [jvm.dll+0x6d7e19]
V  [jvm.dll+0x8b5096]
V  [jvm.dll+0x8b764e]
V  [jvm.dll+0x8b7d33]
V  [jvm.dll+0x284596]
V  [jvm.dll+0xc685d]
V  [jvm.dll+0xc6da1]
V  [jvm.dll+0x3bed6b]
V  [jvm.dll+0x38b2b2]
V  [jvm.dll+0x38a6fa]
V  [jvm.dll+0x24c700]
V  [jvm.dll+0x24bce0]
V  [jvm.dll+0x1cb4ae]
V  [jvm.dll+0x25baad]
V  [jvm.dll+0x25a03a]
V  [jvm.dll+0x3f868e]
V  [jvm.dll+0x85fb0d]
V  [jvm.dll+0x6d664d]
C  [ucrtbase.dll+0x2cd30]
C  [KERNEL32.DLL+0x2e957]
C  [ntdll.dll+0x87c1c]


---------------  P R O C E S S  ---------------

Threads class SMR info:
_java_thread_list=0x000002838bcec360, length=14, elements={
0x0000028331877fc0, 0x000002833191a200, 0x000002833191aec0, 0x00000283319236a0,
0x00000283319244b0, 0x0000028331925cd0, 0x000002833192bc60, 0x000002838a686750,
0x000002838a68a120, 0x000002838a8b2080, 0x000002838a9c83d0, 0x000002838a8da260,
0x000002838bd0bd40, 0x000002838bc77340
}

Java Threads: ( => current thread )
  0x0000028331877fc0 JavaThread "main"                              [_thread_in_Java, id=19528, stack(0x0000009f8c800000,0x0000009f8c900000) (1024K)]
  0x000002833191a200 JavaThread "Reference Handler"          daemon [_thread_blocked, id=21772, stack(0x0000009f8cc00000,0x0000009f8cd00000) (1024K)]
  0x000002833191aec0 JavaThread "Finalizer"                  daemon [_thread_blocked, id=23548, stack(0x0000009f8cd00000,0x0000009f8ce00000) (1024K)]
  0x00000283319236a0 JavaThread "Signal Dispatcher"          daemon [_thread_blocked, id=11096, stack(0x0000009f8ce00000,0x0000009f8cf00000) (1024K)]
  0x00000283319244b0 JavaThread "Attach Listener"            daemon [_thread_blocked, id=25528, stack(0x0000009f8cf00000,0x0000009f8d000000) (1024K)]
  0x0000028331925cd0 JavaThread "Service Thread"             daemon [_thread_blocked, id=27040, stack(0x0000009f8d000000,0x0000009f8d100000) (1024K)]
  0x000002833192bc60 JavaThread "Monitor Deflation Thread"   daemon [_thread_blocked, id=25532, stack(0x0000009f8d100000,0x0000009f8d200000) (1024K)]
=>0x000002838a686750 JavaThread "C2 CompilerThread0"         daemon [_thread_in_native, id=12412, stack(0x0000009f8d200000,0x0000009f8d300000) (1024K)]
  0x000002838a68a120 JavaThread "C1 CompilerThread0"         daemon [_thread_in_vm, id=21644, stack(0x0000009f8d300000,0x0000009f8d400000) (1024K)]
  0x000002838a8b2080 JavaThread "Common-Cleaner"             daemon [_thread_blocked, id=1312, stack(0x0000009f8d500000,0x0000009f8d600000) (1024K)]
  0x000002838a9c83d0 JavaThread "C2 CompilerThread1"         daemon [_thread_blocked, id=22692, stack(0x0000009f8d400000,0x0000009f8d500000) (1024K)]
  0x000002838a8da260 JavaThread "Notification Thread"        daemon [_thread_blocked, id=13704, stack(0x0000009f8d600000,0x0000009f8d700000) (1024K)]
  0x000002838bd0bd40 JavaThread "C2 CompilerThread2"         daemon [_thread_blocked, id=21572, stack(0x0000009f8d700000,0x0000009f8d800000) (1024K)]
  0x000002838bc77340 JavaThread "Active Thread: Equinox Container: 066e9a91-491e-44de-8b6b-1d512fb57fe1"        [_thread_blocked, id=3268, stack(0x0000009f8de00000,0x0000009f8df00000) (1024K)]
Total: 14

Other Threads:
  0x000002832f5ae990 VMThread "VM Thread"                           [id=27284, stack(0x0000009f8cb00000,0x0000009f8cc00000) (1024K)]
  0x00000283481fca00 WatcherThread "VM Periodic Task Thread"        [id=17076, stack(0x0000009f8ca00000,0x0000009f8cb00000) (1024K)]
  0x00000283318979b0 WorkerThread "GC Thread#0"                     [id=11520, stack(0x0000009f8c900000,0x0000009f8ca00000) (1024K)]
  0x000002838ba59eb0 WorkerThread "GC Thread#1"                     [id=10548, stack(0x0000009f8d800000,0x0000009f8d900000) (1024K)]
  0x000002838bb31500 WorkerThread "GC Thread#2"                     [id=7772, stack(0x0000009f8d900000,0x0000009f8da00000) (1024K)]
  0x000002838bcfc6a0 WorkerThread "GC Thread#3"                     [id=26600, stack(0x0000009f8da00000,0x0000009f8db00000) (1024K)]
  0x000002838bd3ebd0 WorkerThread "GC Thread#4"                     [id=13512, stack(0x0000009f8db00000,0x0000009f8dc00000) (1024K)]
  0x0000028390030080 WorkerThread "GC Thread#5"                     [id=13852, stack(0x0000009f8dc00000,0x0000009f8dd00000) (1024K)]
  0x0000028390030830 WorkerThread "GC Thread#6"                     [id=19356, stack(0x0000009f8dd00000,0x0000009f8de00000) (1024K)]
Total: 9

Threads with active compile tasks:
C2 CompilerThread0  1846 1539   !   4       lombok.patcher.ScriptManager$OurClassFileTransformer::transform (473 bytes)
Total: 1

VM state: not at safepoint (normal execution)

VM Mutex/Monitor currently owned by a thread: None

Heap address: 0x0000000080000000, size: 2048 MB, Compressed Oops mode: 32-bit

CDS archive(s) mapped at: [0x0000028349000000-0x0000028349ba0000-0x0000028349ba0000), size 12189696, SharedBaseAddress: 0x0000028349000000, ArchiveRelocationMode: 1.
Compressed class space mapped at: 0x000002834a000000-0x000002838a000000, reserved size: 1073741824
Narrow klass base: 0x0000028349000000, Narrow klass shift: 0, Narrow klass range: 0x100000000

GC Precious Log:
 CardTable entry size: 512
 CPUs: 12 total, 12 available
 Memory: 7863M
 Large Page Support: Disabled
 NUMA Support: Disabled
 Compressed Oops: Enabled (32-bit)
 Alignments: Space 512K, Generation 512K, Heap 2M
 Heap Min Capacity: 100M
 Heap Initial Capacity: 100M
 Heap Max Capacity: 2G
 Pre-touch: Disabled
 Parallel Workers: 10

Heap:
 PSYoungGen      total 29696K, used 20717K [0x00000000d5580000, 0x00000000d7680000, 0x0000000100000000)
  eden space 25600K, 67% used [0x00000000d5580000,0x00000000d667d960,0x00000000d6e80000)
  from space 4096K, 81% used [0x00000000d6e80000,0x00000000d71bde88,0x00000000d7280000)
  to   space 4096K, 0% used [0x00000000d7280000,0x00000000d7280000,0x00000000d7680000)
 ParOldGen       total 68608K, used 16K [0x0000000080000000, 0x0000000084300000, 0x00000000d5580000)
  object space 68608K, 0% used [0x0000000080000000,0x0000000080004000,0x0000000084300000)
 Metaspace       used 7147K, committed 7360K, reserved 1114112K
  class space    used 736K, committed 832K, reserved 1048576K

Card table byte_map: [0x0000028331210000,0x0000028331620000] _byte_map_base: 0x0000028330e10000

Marking Bits: (ParMarkBitMap*) 0x00007ffcbe0a4460
 Begin Bits: [0x0000028343d20000, 0x0000028345d20000)
 End Bits:   [0x0000028345d20000, 0x0000028347d20000)

Polling page: 0x000002832f830000

Metaspace:

Usage:
  Non-class:      6.26 MB used.
      Class:    736.70 KB used.
       Both:      6.98 MB used.

Virtual space:
  Non-class space:       64.00 MB reserved,       6.38 MB ( 10%) committed,  1 nodes.
      Class space:        1.00 GB reserved,     832.00 KB ( <1%) committed,  1 nodes.
             Both:        1.06 GB reserved,       7.19 MB ( <1%) committed. 

Chunk freelists:
   Non-Class:  9.38 MB
       Class:  15.00 MB
        Both:  24.38 MB

MaxMetaspaceSize: unlimited
CompressedClassSpaceSize: 1.00 GB
Initial GC threshold: 21.00 MB
Current GC threshold: 21.00 MB
CDS: on
 - commit_granule_bytes: 65536.
 - commit_granule_words: 8192.
 - virtual_space_node_default_size: 8388608.
 - enlarge_chunks_in_place: 1.
 - use_allocation_guard: 0.


Internal statistics:

num_allocs_failed_limit: 0.
num_arena_births: 214.
num_arena_deaths: 0.
num_vsnodes_births: 2.
num_vsnodes_deaths: 0.
num_space_committed: 116.
num_space_uncommitted: 0.
num_chunks_returned_to_freelist: 0.
num_chunks_taken_from_freelist: 372.
num_chunk_merges: 0.
num_chunk_splits: 241.
num_chunks_enlarged: 155.
num_inconsistent_stats: 0.

CodeHeap 'non-profiled nmethods': size=120000Kb used=663Kb max_used=663Kb free=119336Kb
 bounds [0x000002833c540000, 0x000002833c7b0000, 0x0000028343a70000]
CodeHeap 'profiled nmethods': size=120000Kb used=2772Kb max_used=2772Kb free=117227Kb
 bounds [0x0000028334a70000, 0x0000028334d30000, 0x000002833bfa0000]
CodeHeap 'non-nmethods': size=5760Kb used=1212Kb max_used=1246Kb free=4547Kb
 bounds [0x000002833bfa0000, 0x000002833c210000, 0x000002833c540000]
CodeCache: size=245760Kb, used=4647Kb, max_used=4681Kb, free=241110Kb
 total_blobs=2066, nmethods=1588, adapters=385, full_count=0
Compilation: enabled, stopped_count=0, restarted_count=0

Compilation events (20 events):
Event: 1.786 Thread 0x000002838a68a120 1552       3       java.util.stream.StreamOpFlag::getMask (30 bytes)
Event: 1.786 Thread 0x000002838a68a120 nmethod 1552 0x0000028334d0a690 code [0x0000028334d0a840, 0x0000028334d0a9b0]
Event: 1.786 Thread 0x000002838a68a120 1554       3       java.util.stream.AbstractPipeline::<init> (91 bytes)
Event: 1.786 Thread 0x000002838a68a120 nmethod 1554 0x0000028334d0aa10 code [0x0000028334d0ac00, 0x0000028334d0b1a0]
Event: 1.786 Thread 0x000002838a68a120 1555       3       java.util.stream.ReferencePipeline$StatelessOp::<init> (29 bytes)
Event: 1.787 Thread 0x000002838a68a120 nmethod 1555 0x0000028334d0b390 code [0x0000028334d0b540, 0x0000028334d0b6f8]
Event: 1.787 Thread 0x000002838a68a120 1556       3       java.util.stream.AbstractPipeline::isParallel (8 bytes)
Event: 1.787 Thread 0x000002838a68a120 nmethod 1556 0x0000028334d0b810 code [0x0000028334d0b9a0, 0x0000028334d0bab8]
Event: 1.787 Thread 0x000002838a68a120 1553       1       java.util.ImmutableCollections$SetN::size (5 bytes)
Event: 1.787 Thread 0x000002838a68a120 nmethod 1553 0x000002833c5e1310 code [0x000002833c5e14a0, 0x000002833c5e1568]
Event: 1.791 Thread 0x000002838a9c83d0 1557       4       lombok.patcher.scripts.AddFieldScript::patch (55 bytes)
Event: 1.797 Thread 0x000002838a68a120 1560   !   3       java.net.URLClassLoader::findClass (47 bytes)
Event: 1.798 Thread 0x000002838a68a120 nmethod 1560 0x0000028334d0bb90 code [0x0000028334d0bd80, 0x0000028334d0c3d0]
Event: 1.798 Thread 0x000002838a68a120 1561       3       java.net.URLClassLoader$1::<init> (15 bytes)
Event: 1.798 Thread 0x000002838a68a120 nmethod 1561 0x0000028334d0c610 code [0x0000028334d0c7c0, 0x0000028334d0c958]
Event: 1.798 Thread 0x000002838a68a120 1562       3       java.util.concurrent.locks.ReentrantReadWriteLock$ReadLock::lock (9 bytes)
Event: 1.798 Thread 0x000002838a68a120 nmethod 1562 0x0000028334d0ca10 code [0x0000028334d0cbc0, 0x0000028334d0cd08]
Event: 1.799 Thread 0x000002838a68a120 1563       3       java.util.concurrent.locks.AbstractQueuedSynchronizer::acquireShared (20 bytes)
Event: 1.799 Thread 0x000002838a68a120 nmethod 1563 0x0000028334d0ce10 code [0x0000028334d0cfe0, 0x0000028334d0d250]
Event: 1.801 Thread 0x000002838a68a120 1564   !   3       java.net.URLClassLoader::defineClass (224 bytes)

GC Heap History (2 events):
Event: 1.278 GC heap before
{Heap before GC invocations=1 (full 0):
 PSYoungGen      total 29696K, used 25600K [0x00000000d5580000, 0x00000000d7680000, 0x0000000100000000)
  eden space 25600K, 100% used [0x00000000d5580000,0x00000000d6e80000,0x00000000d6e80000)
  from space 4096K, 0% used [0x00000000d7280000,0x00000000d7280000,0x00000000d7680000)
  to   space 4096K, 0% used [0x00000000d6e80000,0x00000000d6e80000,0x00000000d7280000)
 ParOldGen       total 68608K, used 0K [0x0000000080000000, 0x0000000084300000, 0x00000000d5580000)
  object space 68608K, 0% used [0x0000000080000000,0x0000000080000000,0x0000000084300000)
 Metaspace       used 4348K, committed 4608K, reserved 1114112K
  class space    used 475K, committed 576K, reserved 1048576K
}
Event: 1.290 GC heap after
{Heap after GC invocations=1 (full 0):
 PSYoungGen      total 29696K, used 3319K [0x00000000d5580000, 0x00000000d7680000, 0x0000000100000000)
  eden space 25600K, 0% used [0x00000000d5580000,0x00000000d5580000,0x00000000d6e80000)
  from space 4096K, 81% used [0x00000000d6e80000,0x00000000d71bde88,0x00000000d7280000)
  to   space 4096K, 0% used [0x00000000d7280000,0x00000000d7280000,0x00000000d7680000)
 ParOldGen       total 68608K, used 16K [0x0000000080000000, 0x0000000084300000, 0x00000000d5580000)
  object space 68608K, 0% used [0x0000000080000000,0x0000000080004000,0x0000000084300000)
 Metaspace       used 4348K, committed 4608K, reserved 1114112K
  class space    used 475K, committed 576K, reserved 1048576K
}

Dll operation events (8 events):
Event: 0.082 Loaded shared library c:\Users\devad\.amypocoder\extensions\redhat.java-1.55.0-win32-x64\jre\21.0.11-win32-x86_64\bin\java.dll
Event: 0.155 Loaded shared library c:\Users\devad\.amypocoder\extensions\redhat.java-1.55.0-win32-x64\jre\21.0.11-win32-x86_64\bin\zip.dll
Event: 0.176 Loaded shared library C:\Users\devad\.amypocoder\extensions\redhat.java-1.55.0-win32-x64\jre\21.0.11-win32-x86_64\bin\instrument.dll
Event: 0.251 Loaded shared library C:\Users\devad\.amypocoder\extensions\redhat.java-1.55.0-win32-x64\jre\21.0.11-win32-x86_64\bin\net.dll
Event: 0.319 Loaded shared library C:\Users\devad\.amypocoder\extensions\redhat.java-1.55.0-win32-x64\jre\21.0.11-win32-x86_64\bin\nio.dll
Event: 0.325 Loaded shared library C:\Users\devad\.amypocoder\extensions\redhat.java-1.55.0-win32-x64\jre\21.0.11-win32-x86_64\bin\zip.dll
Event: 0.348 Loaded shared library C:\Users\devad\.amypocoder\extensions\redhat.java-1.55.0-win32-x64\jre\21.0.11-win32-x86_64\bin\jimage.dll
Event: 0.499 Loaded shared library c:\Users\devad\.amypocoder\extensions\redhat.java-1.55.0-win32-x64\jre\21.0.11-win32-x86_64\bin\verify.dll

Deoptimization events (20 events):
Event: 1.576 Thread 0x0000028331877fc0 DEOPT PACKING pc=0x0000028334b0b90d sp=0x0000009f8c8f4580
Event: 1.576 Thread 0x0000028331877fc0 DEOPT UNPACKING pc=0x000002833bff4242 sp=0x0000009f8c8f3a30 mode 0
Event: 1.585 Thread 0x0000028331877fc0 DEOPT PACKING pc=0x0000028334b0b90d sp=0x0000009f8c8f7fe0
Event: 1.585 Thread 0x0000028331877fc0 DEOPT UNPACKING pc=0x000002833bff4242 sp=0x0000009f8c8f7490 mode 0
Event: 1.595 Thread 0x0000028331877fc0 DEOPT PACKING pc=0x0000028334b0b90d sp=0x0000009f8c8f7fa0
Event: 1.595 Thread 0x0000028331877fc0 DEOPT UNPACKING pc=0x000002833bff4242 sp=0x0000009f8c8f7450 mode 0
Event: 1.606 Thread 0x0000028331877fc0 DEOPT PACKING pc=0x0000028334b0b90d sp=0x0000009f8c8f4210
Event: 1.606 Thread 0x0000028331877fc0 DEOPT UNPACKING pc=0x000002833bff4242 sp=0x0000009f8c8f36c0 mode 0
Event: 1.760 Thread 0x0000028331877fc0 Uncommon trap: trap_request=0xffffff45 fr.pc=0x000002833c5b894c relative=0x00000000000000ac
Event: 1.760 Thread 0x0000028331877fc0 Uncommon trap: reason=unstable_if action=reinterpret pc=0x000002833c5b894c method=java.util.concurrent.locks.ReentrantLock$NonfairSync.initialTryLock()Z @ 10 c2
Event: 1.760 Thread 0x0000028331877fc0 DEOPT PACKING pc=0x000002833c5b894c sp=0x0000009f8c8fea90
Event: 1.760 Thread 0x0000028331877fc0 DEOPT UNPACKING pc=0x000002833bff3aa2 sp=0x0000009f8c8fea20 mode 2
Event: 1.760 Thread 0x0000028331877fc0 Uncommon trap: trap_request=0xffffff45 fr.pc=0x000002833c5b85b4 relative=0x0000000000000094
Event: 1.760 Thread 0x0000028331877fc0 Uncommon trap: reason=unstable_if action=reinterpret pc=0x000002833c5b85b4 method=java.util.concurrent.locks.ReentrantLock$Sync.tryRelease(I)Z @ 26 c2
Event: 1.760 Thread 0x0000028331877fc0 DEOPT PACKING pc=0x000002833c5b85b4 sp=0x0000009f8c8feb60
Event: 1.760 Thread 0x0000028331877fc0 DEOPT UNPACKING pc=0x000002833bff3aa2 sp=0x0000009f8c8feae0 mode 2
Event: 1.798 Thread 0x0000028331877fc0 Uncommon trap: trap_request=0xffffff45 fr.pc=0x000002833c5b8260 relative=0x0000000000000040
Event: 1.798 Thread 0x0000028331877fc0 Uncommon trap: reason=unstable_if action=reinterpret pc=0x000002833c5b8260 method=java.util.concurrent.locks.AbstractQueuedSynchronizer.signalNext(Ljava/util/concurrent/locks/AbstractQueuedSynchronizer$Node;)V @ 1 c2
Event: 1.798 Thread 0x0000028331877fc0 DEOPT PACKING pc=0x000002833c5b8260 sp=0x0000009f8c8fe890
Event: 1.798 Thread 0x0000028331877fc0 DEOPT UNPACKING pc=0x000002833bff3aa2 sp=0x0000009f8c8fe820 mode 2

Classes loaded (20 events):
Event: 1.791 Loading class java/util/concurrent/ScheduledThreadPoolExecutor$DelayedWorkQueue
Event: 1.792 Loading class java/util/concurrent/ScheduledThreadPoolExecutor$DelayedWorkQueue done
Event: 1.792 Loading class java/util/concurrent/RunnableScheduledFuture
Event: 1.792 Loading class java/util/concurrent/RunnableFuture
Event: 1.792 Loading class java/util/concurrent/RunnableFuture done
Event: 1.792 Loading class java/util/concurrent/ScheduledFuture
Event: 1.792 Loading class java/util/concurrent/Delayed
Event: 1.792 Loading class java/util/concurrent/Delayed done
Event: 1.792 Loading class java/util/concurrent/ScheduledFuture done
Event: 1.792 Loading class java/util/concurrent/RunnableScheduledFuture done
Event: 1.795 Loading class java/util/concurrent/ScheduledThreadPoolExecutor$ScheduledFutureTask
Event: 1.795 Loading class java/util/concurrent/FutureTask
Event: 1.795 Loading class java/util/concurrent/FutureTask done
Event: 1.795 Loading class java/util/concurrent/ScheduledThreadPoolExecutor$ScheduledFutureTask done
Event: 1.795 Loading class java/util/concurrent/FutureTask$WaitNode
Event: 1.795 Loading class java/util/concurrent/FutureTask$WaitNode done
Event: 1.795 Loading class java/util/concurrent/Executors$RunnableAdapter
Event: 1.796 Loading class java/util/concurrent/Executors$RunnableAdapter done
Event: 1.796 Loading class java/util/concurrent/ThreadPoolExecutor$Worker
Event: 1.796 Loading class java/util/concurrent/ThreadPoolExecutor$Worker done

Classes unloaded (0 events):
No events

Classes redefined (0 events):
No events

Internal exceptions (20 events):
Event: 0.995 Thread 0x0000028331877fc0 Exception <a 'java/lang/NoSuchMethodError'{0x00000000d6548a58}: 'java.lang.Object java.lang.invoke.DirectMethodHandle$Holder.invokeInterface(java.lang.Object, java.lang.Object)'> (0x00000000d6548a58) 
thrown [s\src\hotspot\share\interpreter\linkResolver.cpp, line 773]
Event: 0.999 Thread 0x0000028331877fc0 Exception <a 'java/lang/NoSuchMethodError'{0x00000000d655c5a0}: 'java.lang.Object java.lang.invoke.Invokers$Holder.invokeExact_MT(java.lang.Object, java.lang.Object, java.lang.Object, java.lang.Object, java.lang.Object, java.lang.Object)'> (0x00000000d655c5a0) 
thrown [s\src\hotspot\share\interpreter\linkResolver.cpp, line 773]
Event: 1.007 Thread 0x0000028331877fc0 Exception <a 'java/lang/NoSuchMethodError'{0x00000000d6573678}: 'int java.lang.invoke.DirectMethodHandle$Holder.invokeStatic(java.lang.Object, java.lang.Object, java.lang.Object, java.lang.Object, java.lang.Object)'> (0x00000000d6573678) 
thrown [s\src\hotspot\share\interpreter\linkResolver.cpp, line 773]
Event: 1.064 Thread 0x0000028331877fc0 Exception <a 'java/lang/NoSuchMethodError'{0x00000000d6609058}: 'java.lang.Object java.lang.invoke.DirectMethodHandle$Holder.invokeInterface(java.lang.Object, java.lang.Object, int)'> (0x00000000d6609058) 
thrown [s\src\hotspot\share\interpreter\linkResolver.cpp, line 773]
Event: 1.207 Thread 0x0000028331877fc0 Exception <a 'java/lang/NoSuchMethodError'{0x00000000d6a73ad8}: 'java.lang.ClassLoader java.lang.ClassLoader.getPlatformClassLoader(java.lang.Class)'> (0x00000000d6a73ad8) 
thrown [s\src\hotspot\share\interpreter\linkResolver.cpp, line 773]
Event: 1.295 Thread 0x0000028331877fc0 Exception <a 'java/lang/ClassNotFoundException'{0x00000000d5593ea0}: sun/net/www/protocol/c/Handler> (0x00000000d5593ea0) 
thrown [s\src\hotspot\share\classfile\systemDictionary.cpp, line 313]
Event: 1.295 Thread 0x0000028331877fc0 Exception <a 'java/lang/ClassNotFoundException'{0x00000000d5595288}: sun/net/www/protocol/c/Handler> (0x00000000d5595288) 
thrown [s\src\hotspot\share\classfile\systemDictionary.cpp, line 313]
Event: 1.295 Thread 0x0000028331877fc0 Exception <a 'java/lang/ClassNotFoundException'{0x00000000d55964e8}: sun/net/www/protocol/c/Handler> (0x00000000d55964e8) 
thrown [s\src\hotspot\share\classfile\systemDictionary.cpp, line 313]
Event: 1.308 Thread 0x0000028331877fc0 Exception <a 'java/io/FileNotFoundException'{0x00000000d55be2e8}> (0x00000000d55be2e8) 
thrown [s\src\hotspot\share\prims\jni.cpp, line 520]
Event: 1.343 Thread 0x0000028331877fc0 Implicit null exception at 0x000002833c5a55c9 to 0x000002833c5a6084
Event: 1.343 Thread 0x0000028331877fc0 Implicit null exception at 0x000002833c59dc9a to 0x000002833c59dea4
Event: 1.344 Thread 0x0000028331877fc0 Exception <a 'java/lang/NoSuchMethodError'{0x00000000d56f0618}: 'void java.lang.invoke.DirectMethodHandle$Holder.invokeStatic(java.lang.Object, java.lang.Object, java.lang.Object, java.lang.Object)'> (0x00000000d56f0618) 
thrown [s\src\hotspot\share\interpreter\linkResolver.cpp, line 773]
Event: 1.345 Thread 0x0000028331877fc0 Implicit null exception at 0x000002833c59d19a to 0x000002833c59d39c
Event: 1.345 Thread 0x0000028331877fc0 Implicit null exception at 0x000002833c59c63d to 0x000002833c59c6c1
Event: 1.457 Thread 0x0000028331877fc0 Exception <a 'java/lang/NoSuchMethodError'{0x00000000d59b11a0}: 'void java.lang.invoke.DirectMethodHandle$Holder.invokeSpecial(java.lang.Object, java.lang.Object, java.lang.Object)'> (0x00000000d59b11a0) 
thrown [s\src\hotspot\share\interpreter\linkResolver.cpp, line 773]
Event: 1.712 Thread 0x0000028331877fc0 Exception <a 'java/lang/NoSuchMethodError'{0x00000000d62acc28}: 'int java.lang.invoke.DirectMethodHandle$Holder.invokeVirtual(java.lang.Object, java.lang.Object)'> (0x00000000d62acc28) 
thrown [s\src\hotspot\share\interpreter\linkResolver.cpp, line 773]
Event: 1.776 Thread 0x0000028331877fc0 Exception <a 'java/lang/NoSuchMethodError'{0x00000000d6421da8}: 'int java.lang.invoke.DirectMethodHandle$Holder.invokeStaticInit(java.lang.Object, java.lang.Object, java.lang.Object, java.lang.Object)'> (0x00000000d6421da8) 
thrown [s\src\hotspot\share\interpreter\linkResolver.cpp, line 773]
Event: 1.777 Thread 0x0000028331877fc0 Exception <a 'java/lang/IncompatibleClassChangeError'{0x00000000d642a490}: Found class java.lang.Object, but interface was expected> (0x00000000d642a490) 
thrown [s\src\hotspot\share\interpreter\linkResolver.cpp, line 840]
Event: 1.778 Thread 0x0000028331877fc0 Exception <a 'java/lang/NoSuchMethodError'{0x00000000d6430a40}: 'void java.lang.invoke.DirectMethodHandle$Holder.invokeStaticInit(java.lang.Object, java.lang.Object)'> (0x00000000d6430a40) 
thrown [s\src\hotspot\share\interpreter\linkResolver.cpp, line 773]
Event: 1.779 Thread 0x0000028331877fc0 Exception <a 'java/lang/NoSuchMethodError'{0x00000000d643af38}: 'int java.lang.invoke.DirectMethodHandle$Holder.invokeStaticInit(java.lang.Object, java.lang.Object)'> (0x00000000d643af38) 
thrown [s\src\hotspot\share\interpreter\linkResolver.cpp, line 773]

ZGC Phase Switch (0 events):
No events

VM Operations (12 events):
Event: 0.152 Executing non-safepoint VM operation: HandshakeAllThreads (Deoptimize)
Event: 0.152 Executing non-safepoint VM operation: HandshakeAllThreads (Deoptimize) done
Event: 0.362 Executing non-safepoint VM operation: HandshakeAllThreads (Deoptimize)
Event: 0.362 Executing non-safepoint VM operation: HandshakeAllThreads (Deoptimize) done
Event: 0.892 Executing non-safepoint VM operation: HandshakeAllThreads (Deoptimize)
Event: 0.892 Executing non-safepoint VM operation: HandshakeAllThreads (Deoptimize) done
Event: 0.916 Executing non-safepoint VM operation: HandshakeAllThreads (Deoptimize)
Event: 0.916 Executing non-safepoint VM operation: HandshakeAllThreads (Deoptimize) done
Event: 1.246 Executing safepoint VM operation: ICBufferFull
Event: 1.247 Executing safepoint VM operation: ICBufferFull done
Event: 1.278 Executing safepoint VM operation: ParallelGCFailedAllocation (Allocation Failure)
Event: 1.290 Executing safepoint VM operation: ParallelGCFailedAllocation (Allocation Failure) done

Memory protections (0 events):
No events

Nmethod flushes (0 events):
No events

Events (18 events):
Event: 0.107 Thread 0x0000028331877fc0 Thread added: 0x0000028331877fc0
Event: 0.122 Thread 0x0000028331877fc0 Thread added: 0x000002833191a200
Event: 0.122 Thread 0x0000028331877fc0 Thread added: 0x000002833191aec0
Event: 0.123 Thread 0x0000028331877fc0 Thread added: 0x00000283319236a0
Event: 0.123 Thread 0x0000028331877fc0 Thread added: 0x00000283319244b0
Event: 0.123 Thread 0x0000028331877fc0 Thread added: 0x0000028331925cd0
Event: 0.123 Thread 0x0000028331877fc0 Thread added: 0x000002833192bc60
Event: 0.123 Thread 0x0000028331877fc0 Thread added: 0x000002838a686750
Event: 0.124 Thread 0x0000028331877fc0 Thread added: 0x000002838a68a120
Event: 0.162 Thread 0x000002838a686750 Thread added: 0x000002838a7cb0f0
Event: 0.178 Thread 0x0000028331877fc0 Thread added: 0x000002838a8b2080
Event: 0.323 Thread 0x000002838a7cb0f0 Thread exited: 0x000002838a7cb0f0
Event: 0.442 Thread 0x000002838a68a120 Thread added: 0x000002838a9c83d0
Event: 0.647 Thread 0x0000028331877fc0 Thread added: 0x000002838a8da260
Event: 0.798 Thread 0x000002838a9c83d0 Thread added: 0x000002838a9b2370
Event: 1.442 Thread 0x000002838a9b2370 Thread exited: 0x000002838a9b2370
Event: 1.515 Thread 0x000002838a68a120 Thread added: 0x000002838bd0bd40
Event: 1.796 Thread 0x0000028331877fc0 Thread added: 0x000002838bc77340


Dynamic libraries:
0x00007ff7c4230000 - 0x00007ff7c423e000 	c:\Users\devad\.amypocoder\extensions\redhat.java-1.55.0-win32-x64\jre\21.0.11-win32-x86_64\bin\java.exe
0x00007ffdb4aa0000 - 0x00007ffdb4d06000 	C:\WINDOWS\SYSTEM32\ntdll.dll
0x00007ffdb32a0000 - 0x00007ffdb3369000 	C:\WINDOWS\System32\KERNEL32.DLL
0x00007ffdb2150000 - 0x00007ffdb254a000 	C:\WINDOWS\System32\KERNELBASE.dll
0x00007ffdb1f10000 - 0x00007ffdb205c000 	C:\WINDOWS\System32\ucrtbase.dll
0x00007ffd82cd0000 - 0x00007ffd82cee000 	c:\Users\devad\.amypocoder\extensions\redhat.java-1.55.0-win32-x64\jre\21.0.11-win32-x86_64\bin\VCRUNTIME140.dll
0x00007ffd79540000 - 0x00007ffd79558000 	c:\Users\devad\.amypocoder\extensions\redhat.java-1.55.0-win32-x64\jre\21.0.11-win32-x86_64\bin\jli.dll
0x00007ffdb34a0000 - 0x00007ffdb3667000 	C:\WINDOWS\System32\USER32.dll
0x00007ffdb2060000 - 0x00007ffdb2087000 	C:\WINDOWS\System32\win32u.dll
0x00007ffd8bc50000 - 0x00007ffd8bee2000 	C:\WINDOWS\WinSxS\amd64_microsoft.windows.common-controls_6595b64144ccf1df_6.0.26100.8521_none_3e08b75ce33403b3\COMCTL32.dll
0x00007ffdb4920000 - 0x00007ffdb494b000 	C:\WINDOWS\System32\GDI32.dll
0x00007ffdb4350000 - 0x00007ffdb43f9000 	C:\WINDOWS\System32\msvcrt.dll
0x00007ffdb1de0000 - 0x00007ffdb1f0b000 	C:\WINDOWS\System32\gdi32full.dll
0x00007ffdb1d30000 - 0x00007ffdb1dd3000 	C:\WINDOWS\System32\msvcp_win.dll
0x00007ffdb2e20000 - 0x00007ffdb2e52000 	C:\WINDOWS\System32\IMM32.DLL
0x00007ffd9e350000 - 0x00007ffd9e35c000 	c:\Users\devad\.amypocoder\extensions\redhat.java-1.55.0-win32-x64\jre\21.0.11-win32-x86_64\bin\vcruntime140_1.dll
0x00007ffd63350000 - 0x00007ffd633dd000 	c:\Users\devad\.amypocoder\extensions\redhat.java-1.55.0-win32-x64\jre\21.0.11-win32-x86_64\bin\msvcp140.dll
0x00007ffcbd3e0000 - 0x00007ffcbe182000 	c:\Users\devad\.amypocoder\extensions\redhat.java-1.55.0-win32-x64\jre\21.0.11-win32-x86_64\bin\server\jvm.dll
0x00007ffdb2f20000 - 0x00007ffdb2fd6000 	C:\WINDOWS\System32\ADVAPI32.dll
0x00007ffdb31f0000 - 0x00007ffdb329a000 	C:\WINDOWS\System32\sechost.dll
0x00007ffdb30d0000 - 0x00007ffdb31e8000 	C:\WINDOWS\System32\RPCRT4.dll
0x00007ffdb2810000 - 0x00007ffdb2890000 	C:\WINDOWS\System32\WS2_32.dll
0x00007ffdb1bb0000 - 0x00007ffdb1c0e000 	C:\WINDOWS\SYSTEM32\POWRPROF.dll
0x00007ffda9bb0000 - 0x00007ffda9be6000 	C:\WINDOWS\SYSTEM32\WINMM.dll
0x00007ffd9e420000 - 0x00007ffd9e42b000 	C:\WINDOWS\SYSTEM32\VERSION.dll
0x00007ffdb1b90000 - 0x00007ffdb1ba4000 	C:\WINDOWS\SYSTEM32\UMPDC.dll
0x00007ffdb0a20000 - 0x00007ffdb0a3b000 	C:\WINDOWS\SYSTEM32\kernel.appcore.dll
0x00007ffd90280000 - 0x00007ffd9028a000 	c:\Users\devad\.amypocoder\extensions\redhat.java-1.55.0-win32-x64\jre\21.0.11-win32-x86_64\bin\jimage.dll
0x00007ffdaf400000 - 0x00007ffdaf642000 	C:\WINDOWS\SYSTEM32\DBGHELP.DLL
0x00007ffdb3f60000 - 0x00007ffdb42e3000 	C:\WINDOWS\System32\combase.dll
0x00007ffdb2b60000 - 0x00007ffdb2c39000 	C:\WINDOWS\System32\OLEAUT32.dll
0x00007ffd8a370000 - 0x00007ffd8a3ab000 	C:\WINDOWS\SYSTEM32\dbgcore.DLL
0x00007ffdb25e0000 - 0x00007ffdb2688000 	C:\WINDOWS\System32\bcryptPrimitives.dll
0x00007ffd8e920000 - 0x00007ffd8e92f000 	c:\Users\devad\.amypocoder\extensions\redhat.java-1.55.0-win32-x64\jre\21.0.11-win32-x86_64\bin\instrument.dll
0x00007ffd79330000 - 0x00007ffd79350000 	c:\Users\devad\.amypocoder\extensions\redhat.java-1.55.0-win32-x64\jre\21.0.11-win32-x86_64\bin\java.dll
0x00007ffdb3670000 - 0x00007ffdb3df4000 	C:\WINDOWS\System32\SHELL32.dll
0x00007ffdaf8c0000 - 0x00007ffdb0140000 	C:\WINDOWS\SYSTEM32\windows.storage.dll
0x00007ffdb28a0000 - 0x00007ffdb2996000 	C:\WINDOWS\System32\SHCORE.dll
0x00007ffdb2fe0000 - 0x00007ffdb3047000 	C:\WINDOWS\System32\shlwapi.dll
0x00007ffdb1c50000 - 0x00007ffdb1c79000 	C:\WINDOWS\SYSTEM32\profapi.dll
0x00007ffd742b0000 - 0x00007ffd742c8000 	c:\Users\devad\.amypocoder\extensions\redhat.java-1.55.0-win32-x64\jre\21.0.11-win32-x86_64\bin\zip.dll
0x00007ffd8e660000 - 0x00007ffd8e670000 	C:\Users\devad\.amypocoder\extensions\redhat.java-1.55.0-win32-x64\jre\21.0.11-win32-x86_64\bin\net.dll
0x00007ffda8a70000 - 0x00007ffda8b99000 	C:\WINDOWS\SYSTEM32\WINHTTP.dll
0x00007ffdb1030000 - 0x00007ffdb109c000 	C:\WINDOWS\system32\mswsock.dll
0x00007ffd82cb0000 - 0x00007ffd82cc6000 	C:\Users\devad\.amypocoder\extensions\redhat.java-1.55.0-win32-x64\jre\21.0.11-win32-x86_64\bin\nio.dll
0x00007ffda6e30000 - 0x00007ffda6e40000 	c:\Users\devad\.amypocoder\extensions\redhat.java-1.55.0-win32-x64\jre\21.0.11-win32-x86_64\bin\verify.dll

JVMTI agents:
c:\Users\devad\.amypocoder\extensions\redhat.java-1.55.0-win32-x64\lombok\lombok-1.18.39-4050.jar path:c:\Users\devad\.amypocoder\extensions\redhat.java-1.55.0-win32-x64\jre\21.0.11-win32-x86_64\bin\instrument.dll, loaded, initialized, instrumentlib options:none

dbghelp: loaded successfully - version: 4.0.5 - missing functions: none
symbol engine: initialized successfully - sym options: 0x614 - pdb path: .;c:\Users\devad\.amypocoder\extensions\redhat.java-1.55.0-win32-x64\jre\21.0.11-win32-x86_64\bin;C:\WINDOWS\SYSTEM32;C:\WINDOWS\WinSxS\amd64_microsoft.windows.common-controls_6595b64144ccf1df_6.0.26100.8521_none_3e08b75ce33403b3;c:\Users\devad\.amypocoder\extensions\redhat.java-1.55.0-win32-x64\jre\21.0.11-win32-x86_64\bin\server

VM Arguments:
jvm_args: --add-modules=ALL-SYSTEM --add-opens=java.base/java.util=ALL-UNNAMED --add-opens=java.base/java.lang=ALL-UNNAMED --add-opens=java.base/sun.nio.fs=ALL-UNNAMED -Declipse.application=org.eclipse.jdt.ls.core.id1 -Dosgi.bundles.defaultStartLevel=4 -Declipse.product=org.eclipse.jdt.ls.core.product -Djava.import.generatesMetadataFilesAtProjectRoot=false -DDetectVMInstallationsJob.disabled=true -Dfile.encoding=utf8 -XX:+UseParallelGC -XX:GCTimeRatio=4 -XX:AdaptiveSizePolicyWeight=90 -Dsun.zip.disableMemoryMapping=true -Xmx2G -Xms100m -Xlog:disable -javaagent:c:\Users\devad\.amypocoder\extensions\redhat.java-1.55.0-win32-x64\lombok\lombok-1.18.39-4050.jar 
java_command: c:\Users\devad\.amypocoder\extensions\redhat.java-1.55.0-win32-x64\server\plugins\org.eclipse.equinox.launcher_1.7.200.v20260619-2039.jar -configuration c:\Users\devad\AppData\Roaming\AmypoCoder\User\globalStorage\redhat.java\1.55.0\config_ss_win -data c:\Users\devad\AppData\Roaming\AmypoCoder\User\workspaceStorage\b017f3f27171b3808dc36b8a0c9d1b2e\redhat.java\ss_ws --pipe=\\.\pipe\lsp-40898245d9a3431115bc962c5e6dbede-sock
java_class_path (initial): c:\Users\devad\.amypocoder\extensions\redhat.java-1.55.0-win32-x64\server\plugins\org.eclipse.equinox.launcher_1.7.200.v20260619-2039.jar
Launcher Type: SUN_STANDARD

[Global flags]
    uintx AdaptiveSizePolicyWeight                 = 90                                        {product} {command line}
     intx CICompilerCount                          = 4                                         {product} {ergonomic}
    uintx GCTimeRatio                              = 4                                         {product} {command line}
   size_t InitialHeapSize                          = 104857600                                 {product} {command line}
   size_t MaxHeapSize                              = 2147483648                                {product} {command line}
   size_t MaxNewSize                               = 715653120                                 {product} {ergonomic}
   size_t MinHeapDeltaBytes                        = 524288                                    {product} {ergonomic}
   size_t MinHeapSize                              = 104857600                                 {product} {command line}
   size_t NewSize                                  = 34603008                                  {product} {ergonomic}
    uintx NonNMethodCodeHeapSize                   = 5839372                                {pd product} {ergonomic}
    uintx NonProfiledCodeHeapSize                  = 122909434                              {pd product} {ergonomic}
   size_t OldSize                                  = 70254592                                  {product} {ergonomic}
    uintx ProfiledCodeHeapSize                     = 122909434                              {pd product} {ergonomic}
    uintx ReservedCodeCacheSize                    = 251658240                              {pd product} {ergonomic}
     bool SegmentedCodeCache                       = true                                      {product} {ergonomic}
   size_t SoftMaxHeapSize                          = 2147483648                             {manageable} {ergonomic}
     bool UseCompressedOops                        = true                           {product lp64_product} {ergonomic}
     bool UseLargePagesIndividualAllocation        = false                                  {pd product} {ergonomic}
     bool UseParallelGC                            = true                                      {product} {command line}

Logging:
Log output configuration:
 #0: stdout all=off uptime,level,tags foldmultilines=false
 #1: stderr all=off uptime,level,tags foldmultilines=false

Release file:
JAVA_VERSION="21.0.11" 
MODULES="java.base java.compiler java.datatransfer java.xml java.prefs java.desktop java.instrument java.logging java.management java.security.sasl java.naming java.rmi java.management.rmi java.net.http java.scripting java.security.jgss java.transaction.xa java.sql java.sql.rowset java.xml.crypto java.se java.smartcardio jdk.accessibility jdk.internal.jvmstat jdk.attach jdk.charsets jdk.internal.opt jdk.zipfs jdk.compiler jdk.crypto.ec jdk.crypto.cryptoki jdk.crypto.mscapi jdk.dynalink jdk.internal.ed jdk.editpad jdk.hotspot.agent jdk.httpserver jdk.internal.le jdk.internal.vm.ci jdk.internal.vm.compiler jdk.internal.vm.compiler.management jdk.jartool jdk.javadoc jdk.jcmd jdk.management jdk.management.agent jdk.jconsole jdk.jdeps jdk.jdwp.agent jdk.jdi jdk.jfr jdk.jshell jdk.jsobject jdk.jstatd jdk.localedata jdk.management.jfr jdk.naming.dns jdk.naming.rmi jdk.net jdk.nio.mapmode jdk.random jdk.sctp jdk.security.auth jdk.security.jgss jdk.unsupported jdk.unsupported.desktop jdk.xml.dom" 

Environment Variables:
JAVA_HOME=C:\Program Files\Java\jdk-17
PATH=C:\WINDOWS\System32;C:\WINDOWS;C:\WINDOWS\System32\Wbem;C:\WINDOWS\System32\WindowsPowerShell\v1.0;C:\WINDOWS\System32\OpenSSH;C:\Program Files\Common Files\Oracle\Java\javapath;C:\windows\system32;C:\windows;C:\windows\System32\Wbem;C:\windows\System32\WindowsPowerShell\v1.0\;C:\windows\System32\OpenSSH\;C:\Program Files\HP\HP One Agent;C:\WINDOWS\system32;C:\WINDOWS\System32\WindowsPowerShell\v1.0\;C:\WINDOWS\System32\OpenSSH\;C:\Program Files\Cloudflare\Cloudflare WARP\;C:\Program Files\Git\cmd;C:\Program Files\nodejs\;C:\Users\devad\Downloads\apache-maven-3.9.16-bin;C:\Users\devad\Downloads\apache-maven-3.9.16-bin (2);C:\Users\devad\AppData\Local\Programs\Python\Python311\;C:\Users\devad\AppData\Local\Programs\Python\Launcher\;C:\Users\devad\AppData\Local\Microsoft\WindowsApps;C:\Users\devad\AppData\Local\Programs\Microsoft VS Code\bin;C:\Users\devad\AppData\Roaming\npm;C:\Users\devad\Downloads\apache-maven-3.9.16-bin (2)\apache-maven-3.9.16\bin;C:\Users\devad\Downloads\apache-maven-3.9.16-bin (2)\apache-maven-3.9.16;C:\Program Files\nodejs;C:\Program Files\MySQL\MySQL Server 8.0;C:\Program Files\Git\bin;C:\Program Files\Java\jdk-17\bin;C:\Program Files\AmypoCoder;C:\Program Files\Google\Chrome\Application
USERNAME=devad
OS=Windows_NT
PROCESSOR_IDENTIFIER=Intel64 Family 6 Model 154 Stepping 4, GenuineIntel
TMP=C:\Users\devad\AppData\Local\Temp
TEMP=C:\Users\devad\AppData\Local\Temp




Periodic native trim disabled

---------------  S Y S T E M  ---------------

OS:
 Windows 11 , 64 bit Build 26100 (10.0.26100.8521)
OS uptime: 0 days 1:18 hours
Hyper-V role detected

CPU: total 12 (initial active 12) (6 cores per cpu, 2 threads per core) family 6 model 154 stepping 4 microcode 0x432, cx8, cmov, fxsr, ht, mmx, 3dnowpref, sse, sse2, sse3, ssse3, sse4.1, sse4.2, popcnt, lzcnt, tsc, tscinvbit, avx, avx2, aes, erms, clmul, bmi1, bmi2, adx, sha, fma, vzeroupper, clflush, clflushopt, clwb, hv, serialize, rdtscp, rdpid, fsrm, f16c, cet_ibt, cet_ss
Processor Information for processor 0
  Max Mhz: 1300, Current Mhz: 1300, Mhz Limit: 1300
Processor Information for processor 1
  Max Mhz: 1300, Current Mhz: 1300, Mhz Limit: 1300
Processor Information for processor 2
  Max Mhz: 1300, Current Mhz: 1300, Mhz Limit: 1300
Processor Information for processor 3
  Max Mhz: 1300, Current Mhz: 1300, Mhz Limit: 1300
Processor Information for processor 4
  Max Mhz: 1300, Current Mhz: 900, Mhz Limit: 897
Processor Information for processor 5
  Max Mhz: 1300, Current Mhz: 900, Mhz Limit: 897
Processor Information for processor 6
  Max Mhz: 1300, Current Mhz: 900, Mhz Limit: 897
Processor Information for processor 7
  Max Mhz: 1300, Current Mhz: 900, Mhz Limit: 897
Processor Information for processor 8
  Max Mhz: 1300, Current Mhz: 900, Mhz Limit: 897
Processor Information for processor 9
  Max Mhz: 1300, Current Mhz: 900, Mhz Limit: 897
Processor Information for processor 10
  Max Mhz: 1300, Current Mhz: 900, Mhz Limit: 897
Processor Information for processor 11
  Max Mhz: 1300, Current Mhz: 900, Mhz Limit: 897

Memory: 4k page, system-wide physical 7863M (631M free)
TotalPageFile size 13517M (AvailPageFile size 1M)
current process WorkingSet (physical memory assigned to process): 92M, peak: 92M
current process commit charge ("private bytes"): 248M, peak: 248M

vm_info: OpenJDK 64-Bit Server VM (21.0.11+10-LTS) for windows-amd64 JRE (21.0.11+10-LTS), built on 2026-04-21T00:00:00Z by "admin" with MS VC++ 17.12 (VS2022)

END.
