#
# There is insufficient memory for the Java Runtime Environment to continue.
# Native memory allocation (malloc) failed to allocate 1671056 bytes. Error detail: Chunk::new
# Possible reasons:
#   The system is out of physical RAM or swap space
#   This process is running with CompressedOops enabled, and the Java Heap may be blocking the growth of the native heap
# Possible solutions:
#   Reduce memory load on the system
#   Increase physical memory or swap space
#   Check if swap backing store is full
#   Decrease Java heap size (-Xmx/-Xms)
#   Decrease number of Java threads
#   Decrease Java thread stack sizes (-Xss)
#   Set larger code cache with -XX:ReservedCodeCacheSize=
#   JVM is running with Unscaled Compressed Oops mode in which the Java heap is
#     placed in the first 4GB address space. The Java Heap base address is the
#     maximum limit for the native heap growth. Please use -XX:HeapBaseMinAddress
#     to set the Java Heap base and to place the Java Heap above 4GB virtual address.
# This output file may be truncated or incomplete.
#
#  Out of Memory Error (arena.cpp:168), pid=14764, tid=24612
#
# JRE version: OpenJDK Runtime Environment Temurin-21.0.11+10 (21.0.11+10) (build 21.0.11+10-LTS)
# Java VM: OpenJDK 64-Bit Server VM Temurin-21.0.11+10 (21.0.11+10-LTS, mixed mode, sharing, tiered, compressed oops, compressed class ptrs, parallel gc, windows-amd64)
# No core dump will be written. Minidumps are not enabled by default on client versions of Windows
#

---------------  S U M M A R Y ------------

Command Line: --add-modules=ALL-SYSTEM --add-opens=java.base/java.util=ALL-UNNAMED --add-opens=java.base/java.lang=ALL-UNNAMED --add-opens=java.base/sun.nio.fs=ALL-UNNAMED -Declipse.application=org.eclipse.jdt.ls.core.id1 -Dosgi.bundles.defaultStartLevel=4 -Declipse.product=org.eclipse.jdt.ls.core.product -Djava.import.generatesMetadataFilesAtProjectRoot=false -DDetectVMInstallationsJob.disabled=true -Dfile.encoding=utf8 -XX:+UseParallelGC -XX:GCTimeRatio=4 -XX:AdaptiveSizePolicyWeight=90 -Dsun.zip.disableMemoryMapping=true -Xmx2G -Xms100m -Xlog:disable -javaagent:c:\Users\devad\.amypocoder\extensions\redhat.java-1.55.0-win32-x64\lombok\lombok-1.18.39-4050.jar -XX:+HeapDumpOnOutOfMemoryError -XX:HeapDumpPath=c:\Users\devad\AppData\Roaming\AmypoCoder\User\workspaceStorage\88bc0a493e47d80584e6338963d1aef8\redhat.java -Daether.dependencyCollector.impl=bf c:\Users\devad\.amypocoder\extensions\redhat.java-1.55.0-win32-x64\server\plugins\org.eclipse.equinox.launcher_1.7.200.v20260619-2039.jar -configuration c:\Users\devad\AppData\Roaming\AmypoCoder\User\globalStorage\redhat.java\1.55.0\config_win -data c:\Users\devad\AppData\Roaming\AmypoCoder\User\workspaceStorage\88bc0a493e47d80584e6338963d1aef8\redhat.java\jdt_ws --pipe=\\.\pipe\lsp-f1fbd3f6af91a77f865449f5ee197938-sock

Host: 12th Gen Intel(R) Core(TM) i5-1235U, 12 cores, 7G,  Windows 11 , 64 bit Build 26100 (10.0.26100.8521)
Time: Thu Jul 30 12:09:35 2026 India Standard Time elapsed time: 852.365021 seconds (0d 0h 14m 12s)

---------------  T H R E A D  ---------------

Current thread (0x000001ca1f8ebe50):  JavaThread "C2 CompilerThread1" daemon [_thread_in_native, id=24612, stack(0x0000008349000000,0x0000008349100000) (1024K)]


Current CompileTask:
C2:852365 13967       4       org.eclipse.jdt.internal.compiler.parser.Parser::consumeRule (7843 bytes)

Stack: [0x0000008349000000,0x0000008349100000]
Native frames: (J=compiled Java code, j=interpreted, Vv=VM code, C=native code)
V  [jvm.dll+0x6d7e19]
V  [jvm.dll+0x8b5096]
V  [jvm.dll+0x8b764e]
V  [jvm.dll+0x8b7d33]
V  [jvm.dll+0x284596]
V  [jvm.dll+0xc685d]
V  [jvm.dll+0xc6da1]
V  [jvm.dll+0x3bed31]
V  [jvm.dll+0x38b2b2]
V  [jvm.dll+0x38a6fa]
V  [jvm.dll+0x24c700]
V  [jvm.dll+0x24bce0]
V  [jvm.dll+0x1cb4ae]
V  [jvm.dll+0x25baad]
V  [jvm.dll+0x25a03a]
V  [jvm.dll+0x3f868e]
V  [jvm.dll+0x85fb0d]
V  [jvm.dll+0x6d664d]
C  [ucrtbase.dll+0x2cd30]
C  [KERNEL32.DLL+0x2e957]
C  [ntdll.dll+0x87c1c]


---------------  P R O C E S S  ---------------

Threads class SMR info:
_java_thread_list=0x000001ca1fdfc2a0, length=72, elements={
0x000001c9bea6dfa0, 0x000001c9beb18680, 0x000001c9beb194a0, 0x000001c9beb1d180,
0x000001c9beb1fea0, 0x000001c9beb23ee0, 0x000001c9beb24680, 0x000001c9beb29f70,
0x000001c9beb2db20, 0x000001ca17a12a70, 0x000001ca17ae7a40, 0x000001ca18f0f3a0,
0x000001ca1d0d3de0, 0x000001ca18ed0dd0, 0x000001ca18ecef10, 0x000001ca1d56d7b0,
0x000001ca1d4cad80, 0x000001ca187d98e0, 0x000001ca1e59b560, 0x000001ca1e59a1b0,
0x000001ca1e599b20, 0x000001ca1e59bbf0, 0x000001ca1e599490, 0x000001ca1e59c280,
0x000001ca1e59c910, 0x000001ca1f1d5370, 0x000001ca1f1d7ad0, 0x000001ca1f1d5a00,
0x000001ca1f1d6090, 0x000001ca1f1d7440, 0x000001ca1f1d6720, 0x000001ca1f1d6db0,
0x000001ca1f1d8160, 0x000001ca1f1d4ce0, 0x000001ca1f1db5e0, 0x000001ca1f1dbc70,
0x000001ca1f1da8c0, 0x000001ca21687c20, 0x000001ca1ebb66a0, 0x000001ca1ebb4c60,
0x000001ca1ebb38b0, 0x000001ca1ebb52f0, 0x000001ca1ebb3f40, 0x000001ca1ebb6010,
0x000001ca1ebb45d0, 0x000001ca1ebb3220, 0x000001ca1ebb73c0, 0x000001ca1ebb5980,
0x000001ca1f8ebe50, 0x000001ca1ebb9b20, 0x000001ca1ebb7a50, 0x000001ca1ebb9490,
0x000001ca1ebb6d30, 0x000001ca1ebb80e0, 0x000001ca1ebb8e00, 0x000001ca1ebb8770,
0x000001ca1ebba1b0, 0x000001ca1ebba840, 0x000001ca21682d60, 0x000001ca21680600,
0x000001ca216819b0, 0x000001ca216826d0, 0x000001ca21682040, 0x000001ca21683a80,
0x000001ca21681320, 0x000001ca216833f0, 0x000001ca21680c90, 0x000001ca21686870,
0x000001ca216847a0, 0x000001ca216861e0, 0x000001ca21686f00, 0x000001ca1f8ecbf0
}

Java Threads: ( => current thread )
  0x000001c9bea6dfa0 JavaThread "main"                              [_thread_blocked, id=30732, stack(0x0000008349200000,0x0000008349300000) (1024K)]
  0x000001c9beb18680 JavaThread "Reference Handler"          daemon [_thread_blocked, id=27032, stack(0x0000008349600000,0x0000008349700000) (1024K)]
  0x000001c9beb194a0 JavaThread "Finalizer"                  daemon [_thread_blocked, id=35136, stack(0x0000008349700000,0x0000008349800000) (1024K)]
  0x000001c9beb1d180 JavaThread "Signal Dispatcher"          daemon [_thread_blocked, id=22400, stack(0x0000008349800000,0x0000008349900000) (1024K)]
  0x000001c9beb1fea0 JavaThread "Attach Listener"            daemon [_thread_blocked, id=10048, stack(0x0000008349900000,0x0000008349a00000) (1024K)]
  0x000001c9beb23ee0 JavaThread "Service Thread"             daemon [_thread_blocked, id=25400, stack(0x0000008349a00000,0x0000008349b00000) (1024K)]
  0x000001c9beb24680 JavaThread "Monitor Deflation Thread"   daemon [_thread_blocked, id=10776, stack(0x0000008349b00000,0x0000008349c00000) (1024K)]
  0x000001c9beb29f70 JavaThread "C2 CompilerThread0"         daemon [_thread_in_native, id=27256, stack(0x0000008349c00000,0x0000008349d00000) (1024K)]
  0x000001c9beb2db20 JavaThread "C1 CompilerThread0"         daemon [_thread_in_vm, id=12736, stack(0x0000008349d00000,0x0000008349e00000) (1024K)]
  0x000001ca17a12a70 JavaThread "Common-Cleaner"             daemon [_thread_blocked, id=14348, stack(0x0000008349e00000,0x0000008349f00000) (1024K)]
  0x000001ca17ae7a40 JavaThread "Notification Thread"        daemon [_thread_blocked, id=6040, stack(0x000000834a000000,0x000000834a100000) (1024K)]
  0x000001ca18f0f3a0 JavaThread "Active Thread: Equinox Container: 6af95e6b-d71e-43a3-9121-76ddf6e7ab99"        [_thread_blocked, id=32384, stack(0x000000834a800000,0x000000834a900000) (1024K)]
  0x000001ca1d0d3de0 JavaThread "Refresh Thread: Equinox Container: 6af95e6b-d71e-43a3-9121-76ddf6e7ab99" daemon [_thread_blocked, id=38184, stack(0x000000834a100000,0x000000834a200000) (1024K)]
  0x000001ca18ed0dd0 JavaThread "Framework Event Dispatcher: Equinox Container: 6af95e6b-d71e-43a3-9121-76ddf6e7ab99" daemon [_thread_blocked, id=23728, stack(0x000000834a900000,0x000000834aa00000) (1024K)]
  0x000001ca18ecef10 JavaThread "Start Level: Equinox Container: 6af95e6b-d71e-43a3-9121-76ddf6e7ab99" daemon [_thread_blocked, id=4284, stack(0x000000834aa00000,0x000000834ab00000) (1024K)]
  0x000001ca1d56d7b0 JavaThread "Bundle File Closer"         daemon [_thread_blocked, id=31852, stack(0x000000834ae00000,0x000000834af00000) (1024K)]
  0x000001ca1d4cad80 JavaThread "SCR Component Actor"        daemon [_thread_blocked, id=8172, stack(0x000000834ad00000,0x000000834ae00000) (1024K)]
  0x000001ca187d98e0 JavaThread "Worker-JM"                         [_thread_blocked, id=31176, stack(0x000000834b100000,0x000000834b200000) (1024K)]
  0x000001ca1e59b560 JavaThread "Java indexing"              daemon [_thread_blocked, id=22592, stack(0x000000834b400000,0x000000834b500000) (1024K)]
  0x000001ca1e59a1b0 JavaThread "JNA Cleaner"                daemon [_thread_blocked, id=5492, stack(0x000000834b500000,0x000000834b600000) (1024K)]
  0x000001ca1e599b20 JavaThread "Thread-1"                   daemon [_thread_in_native, id=30464, stack(0x000000834ba00000,0x000000834bb00000) (1024K)]
  0x000001ca1e59bbf0 JavaThread "Thread-2"                   daemon [_thread_in_native, id=34696, stack(0x000000834bb00000,0x000000834bc00000) (1024K)]
  0x000001ca1e599490 JavaThread "Thread-3"                   daemon [_thread_in_native, id=37140, stack(0x000000834bc00000,0x000000834bd00000) (1024K)]
  0x000001ca1e59c280 JavaThread "Thread-4"                   daemon [_thread_in_native, id=20364, stack(0x000000834bd00000,0x000000834be00000) (1024K)]
  0x000001ca1e59c910 JavaThread "Thread-5"                   daemon [_thread_in_native, id=26496, stack(0x000000834be00000,0x000000834bf00000) (1024K)]
  0x000001ca1f1d5370 JavaThread "Thread-6"                   daemon [_thread_in_native, id=6356, stack(0x000000834bf00000,0x000000834c000000) (1024K)]
  0x000001ca1f1d7ad0 JavaThread "Thread-7"                   daemon [_thread_in_native, id=15992, stack(0x000000834c000000,0x000000834c100000) (1024K)]
  0x000001ca1f1d5a00 JavaThread "Thread-8"                   daemon [_thread_in_native, id=18080, stack(0x000000834c100000,0x000000834c200000) (1024K)]
  0x000001ca1f1d6090 JavaThread "Thread-9"                   daemon [_thread_in_native, id=7564, stack(0x000000834c200000,0x000000834c300000) (1024K)]
  0x000001ca1f1d7440 JavaThread "Thread-10"                  daemon [_thread_in_native, id=37696, stack(0x000000834c300000,0x000000834c400000) (1024K)]
  0x000001ca1f1d6720 JavaThread "Thread-11"                  daemon [_thread_in_native, id=31812, stack(0x000000834c400000,0x000000834c500000) (1024K)]
  0x000001ca1f1d6db0 JavaThread "Thread-12"                  daemon [_thread_in_native, id=26628, stack(0x000000834c500000,0x000000834c600000) (1024K)]
  0x000001ca1f1d8160 JavaThread "Thread-13"                  daemon [_thread_in_native, id=12032, stack(0x000000834c600000,0x000000834c700000) (1024K)]
  0x000001ca1f1d4ce0 JavaThread "pool-2-thread-1"                   [_thread_blocked, id=34220, stack(0x000000834c700000,0x000000834c800000) (1024K)]
  0x000001ca1f1db5e0 JavaThread "Worker-4"                          [_thread_blocked, id=31340, stack(0x000000834c800000,0x000000834c900000) (1024K)]
  0x000001ca1f1dbc70 JavaThread "WorkspaceEventsHandler"            [_thread_blocked, id=17584, stack(0x000000834ca00000,0x000000834cb00000) (1024K)]
  0x000001ca1f1da8c0 JavaThread "pool-1-thread-1"                   [_thread_blocked, id=30588, stack(0x000000834cb00000,0x000000834cc00000) (1024K)]
  0x000001ca21687c20 JavaThread "PatternSearchJob-worker-1"  daemon [_thread_blocked, id=10728, stack(0x000000834dc00000,0x000000834dd00000) (1024K)]
  0x000001ca1ebb66a0 JavaThread "PatternSearchJob-worker-3"  daemon [_thread_blocked, id=34232, stack(0x000000834af00000,0x000000834b000000) (1024K)]
  0x000001ca1ebb4c60 JavaThread "PatternSearchJob-worker-4"  daemon [_thread_blocked, id=4036, stack(0x000000834b000000,0x000000834b100000) (1024K)]
  0x000001ca1ebb38b0 JavaThread "PatternSearchJob-worker-5"  daemon [_thread_blocked, id=29100, stack(0x000000834e900000,0x000000834ea00000) (1024K)]
  0x000001ca1ebb52f0 JavaThread "PatternSearchJob-worker-6"  daemon [_thread_blocked, id=21520, stack(0x000000834ea00000,0x000000834eb00000) (1024K)]
  0x000001ca1ebb3f40 JavaThread "PatternSearchJob-worker-7"  daemon [_thread_blocked, id=26804, stack(0x000000834eb00000,0x000000834ec00000) (1024K)]
  0x000001ca1ebb6010 JavaThread "PatternSearchJob-worker-8"  daemon [_thread_blocked, id=21720, stack(0x000000834ec00000,0x000000834ed00000) (1024K)]
  0x000001ca1ebb45d0 JavaThread "PatternSearchJob-worker-10" daemon [_thread_blocked, id=13028, stack(0x000000834ee00000,0x000000834ef00000) (1024K)]
  0x000001ca1ebb3220 JavaThread "PatternSearchJob-worker-11" daemon [_thread_blocked, id=33364, stack(0x000000834ef00000,0x000000834f000000) (1024K)]
  0x000001ca1ebb73c0 JavaThread "Worker-7: Building"                [_thread_in_Java, id=31884, stack(0x000000834b200000,0x000000834b300000) (1024K)]
  0x000001ca1ebb5980 JavaThread "Worker-8"                          [_thread_blocked, id=21264, stack(0x0000008348f00000,0x0000008349000000) (1024K)]
=>0x000001ca1f8ebe50 JavaThread "C2 CompilerThread1"         daemon [_thread_in_native, id=24612, stack(0x0000008349000000,0x0000008349100000) (1024K)]
  0x000001ca1ebb9b20 JavaThread "LocalFile Deleter"          daemon [_thread_blocked, id=25332, stack(0x0000008349100000,0x0000008349200000) (1024K)]
  0x000001ca1ebb7a50 JavaThread "LocalFile Deleter"          daemon [_thread_blocked, id=28500, stack(0x000000834b300000,0x000000834b400000) (1024K)]
  0x000001ca1ebb9490 JavaThread "LocalFile Deleter"          daemon [_thread_blocked, id=25916, stack(0x000000834b600000,0x000000834b700000) (1024K)]
  0x000001ca1ebb6d30 JavaThread "LocalFile Deleter"          daemon [_thread_blocked, id=37636, stack(0x000000834b700000,0x000000834b800000) (1024K)]
  0x000001ca1ebb80e0 JavaThread "LocalFile Deleter"          daemon [_thread_blocked, id=37916, stack(0x000000834b800000,0x000000834b900000) (1024K)]
  0x000001ca1ebb8e00 JavaThread "LocalFile Deleter"          daemon [_thread_blocked, id=23484, stack(0x000000834b900000,0x000000834ba00000) (1024K)]
  0x000001ca1ebb8770 JavaThread "LocalFile Deleter"          daemon [_thread_blocked, id=17592, stack(0x000000834c900000,0x000000834ca00000) (1024K)]
  0x000001ca1ebba1b0 JavaThread "LocalFile Deleter"          daemon [_thread_blocked, id=9060, stack(0x000000834cc00000,0x000000834cd00000) (1024K)]
  0x000001ca1ebba840 JavaThread "LocalFile Deleter"          daemon [_thread_blocked, id=10704, stack(0x000000834cd00000,0x000000834ce00000) (1024K)]
  0x000001ca21682d60 JavaThread "LocalFile Deleter"          daemon [_thread_blocked, id=15532, stack(0x000000834ce00000,0x000000834cf00000) (1024K)]
  0x000001ca21680600 JavaThread "LocalFile Deleter"          daemon [_thread_blocked, id=29028, stack(0x000000834cf00000,0x000000834d000000) (1024K)]
  0x000001ca216819b0 JavaThread "LocalFile Deleter"          daemon [_thread_blocked, id=19244, stack(0x000000834d000000,0x000000834d100000) (1024K)]
  0x000001ca216826d0 JavaThread "Compiler Source File Reader" daemon [_thread_blocked, id=24780, stack(0x000000834d100000,0x000000834d200000) (1024K)]
  0x000001ca21682040 JavaThread "Compiler Source File Reader" daemon [_thread_blocked, id=37052, stack(0x000000834d200000,0x000000834d300000) (1024K)]
  0x000001ca21683a80 JavaThread "Compiler Source File Reader" daemon [_thread_blocked, id=17764, stack(0x000000834d300000,0x000000834d400000) (1024K)]
  0x000001ca21681320 JavaThread "Compiler Source File Reader" daemon [_thread_blocked, id=8892, stack(0x000000834d400000,0x000000834d500000) (1024K)]
  0x000001ca216833f0 JavaThread "Compiler Source File Reader" daemon [_thread_blocked, id=31464, stack(0x000000834d500000,0x000000834d600000) (1024K)]
  0x000001ca21680c90 JavaThread "Compiler Source File Reader" daemon [_thread_blocked, id=27576, stack(0x000000834d600000,0x000000834d700000) (1024K)]
  0x000001ca21686870 JavaThread "Compiler Source File Reader" daemon [_thread_blocked, id=19432, stack(0x000000834d700000,0x000000834d800000) (1024K)]
  0x000001ca216847a0 JavaThread "Compiler Source File Reader" daemon [_thread_blocked, id=10352, stack(0x000000834d800000,0x000000834d900000) (1024K)]
  0x000001ca216861e0 JavaThread "Compiler Source File Reader" daemon [_thread_blocked, id=24988, stack(0x000000834d900000,0x000000834da00000) (1024K)]
  0x000001ca21686f00 JavaThread "Compiler Source File Reader" daemon [_thread_blocked, id=36100, stack(0x000000834da00000,0x000000834db00000) (1024K)]
  0x000001ca1f8ecbf0 JavaThread "C2 CompilerThread2"         daemon [_thread_in_native, id=17588, stack(0x000000834db00000,0x000000834dc00000) (1024K)]
Total: 72

Other Threads:
  0x000001c9beb0fa60 VMThread "VM Thread"                           [id=32212, stack(0x0000008349500000,0x0000008349600000) (1024K)]
  0x000001c9be8fca00 WatcherThread "VM Periodic Task Thread"        [id=31640, stack(0x0000008349400000,0x0000008349500000) (1024K)]
  0x000001c9bea8d8b0 WorkerThread "GC Thread#0"                     [id=17988, stack(0x0000008349300000,0x0000008349400000) (1024K)]
  0x000001ca18cff830 WorkerThread "GC Thread#1"                     [id=10444, stack(0x000000834a200000,0x000000834a300000) (1024K)]
  0x000001ca18c96760 WorkerThread "GC Thread#2"                     [id=460, stack(0x000000834a300000,0x000000834a400000) (1024K)]
  0x000001ca18c96b10 WorkerThread "GC Thread#3"                     [id=4464, stack(0x000000834a400000,0x000000834a500000) (1024K)]
  0x000001ca18c96ec0 WorkerThread "GC Thread#4"                     [id=32040, stack(0x000000834a500000,0x000000834a600000) (1024K)]
  0x000001ca18ebe290 WorkerThread "GC Thread#5"                     [id=19472, stack(0x000000834a600000,0x000000834a700000) (1024K)]
  0x000001ca18ebe640 WorkerThread "GC Thread#6"                     [id=31832, stack(0x000000834a700000,0x000000834a800000) (1024K)]
  0x000001ca1d0d3a30 WorkerThread "GC Thread#7"                     [id=37464, stack(0x0000008349f00000,0x000000834a000000) (1024K)]
  0x000001ca1d25eac0 WorkerThread "GC Thread#8"                     [id=35328, stack(0x000000834ab00000,0x000000834ac00000) (1024K)]
  0x000001ca17ae6dd0 WorkerThread "GC Thread#9"                     [id=31504, stack(0x000000834ac00000,0x000000834ad00000) (1024K)]
Total: 12

Threads with active compile tasks:
C2 CompilerThread0  852466 13978       4       org.eclipse.jdt.internal.compiler.lookup.BinaryTypeBinding::createMethod (1666 bytes)
C2 CompilerThread1  852467 13967       4       org.eclipse.jdt.internal.compiler.parser.Parser::consumeRule (7843 bytes)
C2 CompilerThread2  852467 14084       4       org.eclipse.jdt.internal.compiler.lookup.LookupEnvironment::getTypeFromTypeSignature (770 bytes)
Total: 3

VM state: not at safepoint (normal execution)

VM Mutex/Monitor currently owned by a thread: None

Heap address: 0x0000000080000000, size: 2048 MB, Compressed Oops mode: 32-bit

CDS archive(s) mapped at: [0x000001c9d6000000-0x000001c9d6ba0000-0x000001c9d6ba0000), size 12189696, SharedBaseAddress: 0x000001c9d6000000, ArchiveRelocationMode: 1.
Compressed class space mapped at: 0x000001c9d7000000-0x000001ca17000000, reserved size: 1073741824
Narrow klass base: 0x000001c9d6000000, Narrow klass shift: 0, Narrow klass range: 0x100000000

GC Precious Log:
 CardTable entry size: 512
 CPUs: 12 total, 12 available
 Memory: 7863M
 Large Page Support: Disabled
 NUMA Support: Disabled
 Compressed Oops: Enabled (32-bit)
 Alignments: Space 512K, Generation 512K, Heap 2M
 Heap Min Capacity: 100M
 Heap Initial Capacity: 100M
 Heap Max Capacity: 2G
 Pre-touch: Disabled
 Parallel Workers: 10

Heap:
 PSYoungGen      total 5120K, used 2134K [0x00000000d5580000, 0x00000000d5c80000, 0x0000000100000000)
  eden space 4096K, 30% used [0x00000000d5580000,0x00000000d56b8fb0,0x00000000d5980000)
  from space 1024K, 86% used [0x00000000d5980000,0x00000000d5a5c960,0x00000000d5a80000)
  to   space 1024K, 0% used [0x00000000d5b80000,0x00000000d5b80000,0x00000000d5c80000)
 ParOldGen       total 727040K, used 726941K [0x0000000080000000, 0x00000000ac600000, 0x00000000d5580000)
  object space 727040K, 99% used [0x0000000080000000,0x00000000ac5e7658,0x00000000ac600000)
 Metaspace       used 73082K, committed 74624K, reserved 1179648K
  class space    used 7804K, committed 8512K, reserved 1048576K

Card table byte_map: [0x000001c9be410000,0x000001c9be820000] _byte_map_base: 0x000001c9be010000

Marking Bits: (ParMarkBitMap*) 0x00007ffbb33c4460
 Begin Bits: [0x000001c9d0f20000, 0x000001c9d2f20000)
 End Bits:   [0x000001c9d2f20000, 0x000001c9d4f20000)

Polling page: 0x000001c9bc880000

Metaspace:

Usage:
  Non-class:     63.75 MB used.
      Class:      7.62 MB used.
       Both:     71.37 MB used.

Virtual space:
  Non-class space:      128.00 MB reserved,      64.56 MB ( 50%) committed,  2 nodes.
      Class space:        1.00 GB reserved,       8.31 MB ( <1%) committed,  1 nodes.
             Both:        1.12 GB reserved,      72.88 MB (  6%) committed. 

Chunk freelists:
   Non-Class:  15.44 MB
       Class:  7.75 MB
        Both:  23.18 MB

MaxMetaspaceSize: unlimited
CompressedClassSpaceSize: 1.00 GB
Initial GC threshold: 21.00 MB
Current GC threshold: 97.31 MB
CDS: on
 - commit_granule_bytes: 65536.
 - commit_granule_words: 8192.
 - virtual_space_node_default_size: 8388608.
 - enlarge_chunks_in_place: 1.
 - use_allocation_guard: 0.


Internal statistics:

num_allocs_failed_limit: 9.
num_arena_births: 1248.
num_arena_deaths: 22.
num_vsnodes_births: 3.
num_vsnodes_deaths: 0.
num_space_committed: 1166.
num_space_uncommitted: 0.
num_chunks_returned_to_freelist: 35.
num_chunks_taken_from_freelist: 4421.
num_chunk_merges: 18.
num_chunk_splits: 2741.
num_chunks_enlarged: 1665.
num_inconsistent_stats: 0.

CodeHeap 'non-profiled nmethods': size=120000Kb used=11286Kb max_used=11286Kb free=108713Kb
 bounds [0x000001c9c9740000, 0x000001c9ca250000, 0x000001c9d0c70000]
CodeHeap 'profiled nmethods': size=120000Kb used=31389Kb max_used=31389Kb free=88610Kb
 bounds [0x000001c9c1c70000, 0x000001c9c3b20000, 0x000001c9c91a0000]
CodeHeap 'non-nmethods': size=5760Kb used=1470Kb max_used=1551Kb free=4289Kb
 bounds [0x000001c9c91a0000, 0x000001c9c9410000, 0x000001c9c9740000]
CodeCache: size=245760Kb, used=44145Kb, max_used=44226Kb, free=201612Kb
 total_blobs=14125, nmethods=13338, adapters=692, full_count=0
Compilation: enabled, stopped_count=0, restarted_count=0

Compilation events (20 events):
Event: 852.350 Thread 0x000001c9beb2db20 nmethod 14036 0x000001c9c3aeb990 code [0x000001c9c3aebb20, 0x000001c9c3aebc30]
Event: 852.350 Thread 0x000001c9beb2db20 14034   !   2       org.eclipse.jdt.internal.core.builder.ClasspathLocation::createAnswer (215 bytes)
Event: 852.351 Thread 0x000001c9beb2db20 nmethod 14034 0x000001c9c3aebd10 code [0x000001c9c3aebfc0, 0x000001c9c3aecaa8]
Event: 852.351 Thread 0x000001c9beb2db20 14046       3       org.eclipse.jdt.internal.compiler.lookup.ParameterizedTypeBinding::enclosingType (44 bytes)
Event: 852.351 Thread 0x000001c9beb2db20 nmethod 14046 0x000001c9c3aed110 code [0x000001c9c3aed300, 0x000001c9c3aed8a8]
Event: 852.351 Thread 0x000001c9beb2db20 14039       2       org.eclipse.jdt.internal.compiler.lookup.ConstraintTypeFormula::reduce (752 bytes)
Event: 852.352 Thread 0x000001c9beb2db20 nmethod 14039 0x000001c9c3aeda90 code [0x000001c9c3aedf60, 0x000001c9c3aef2b8]
Event: 852.352 Thread 0x000001c9beb2db20 14049       3       org.eclipse.jdt.internal.compiler.lookup.CompilationUnitScope::recordTypeReference (35 bytes)
Event: 852.353 Thread 0x000001c9beb2db20 nmethod 14049 0x000001c9c3aefc10 code [0x000001c9c3aefe00, 0x000001c9c3af0370]
Event: 852.353 Thread 0x000001c9beb2db20 14047       1       org.eclipse.jdt.internal.compiler.lookup.CaptureBinding::isCapture (2 bytes)
Event: 852.353 Thread 0x000001c9beb2db20 nmethod 14047 0x000001c9ca23e410 code [0x000001c9ca23e5a0, 0x000001c9ca23e668]
Event: 852.353 Thread 0x000001c9beb2db20 14040   !   2       org.eclipse.jdt.internal.compiler.lookup.CapturingContext::maybeCapture (81 bytes)
Event: 852.354 Thread 0x000001c9beb2db20 nmethod 14040 0x000001c9c3af0590 code [0x000001c9c3af0760, 0x000001c9c3af0a28]
Event: 852.354 Thread 0x000001ca1f8ecbf0 nmethod 13973 0x000001c9ca23e710 code [0x000001c9ca23e8c0, 0x000001c9ca23eb98]
Event: 852.354 Thread 0x000001c9beb2db20 14045       2       org.eclipse.jdt.internal.compiler.lookup.Scope::getJavaLangObject (24 bytes)
Event: 852.354 Thread 0x000001ca1f8ecbf0 14037       4       org.eclipse.jdt.internal.compiler.lookup.ReferenceBinding::compare (53 bytes)
Event: 852.354 Thread 0x000001c9beb2db20 nmethod 14045 0x000001c9c3af0b90 code [0x000001c9c3af0d40, 0x000001c9c3af0ed0]
Event: 852.354 Thread 0x000001c9beb2db20 14041       2       java.util.stream.Stream::concat (73 bytes)
Event: 852.356 Thread 0x000001c9beb2db20 nmethod 14041 0x000001c9c3af1010 code [0x000001c9c3af1240, 0x000001c9c3af1878]
Event: 852.356 Thread 0x000001c9beb2db20 14053       2       org.eclipse.jdt.internal.compiler.lookup.InferenceSubstitution::substitute (105 bytes)

GC Heap History (20 events):
Event: 850.949 GC heap before
{Heap before GC invocations=808 (full 3):
 PSYoungGen      total 5120K, used 5021K [0x00000000d5580000, 0x00000000d5e80000, 0x0000000100000000)
  eden space 4608K, 99% used [0x00000000d5580000,0x00000000d59ff4d8,0x00000000d5a00000)
  from space 512K, 81% used [0x00000000d5e00000,0x00000000d5e68020,0x00000000d5e80000)
  to   space 512K, 0% used [0x00000000d5d80000,0x00000000d5d80000,0x00000000d5e00000)
 ParOldGen       total 711168K, used 710645K [0x0000000080000000, 0x00000000ab680000, 0x00000000d5580000)
  object space 711168K, 99% used [0x0000000080000000,0x00000000ab5fd740,0x00000000ab680000)
 Metaspace       used 72779K, committed 74304K, reserved 1179648K
  class space    used 7794K, committed 8448K, reserved 1048576K
}
Event: 850.954 GC heap after
{Heap after GC invocations=808 (full 3):
 PSYoungGen      total 5120K, used 501K [0x00000000d5580000, 0x00000000d6300000, 0x0000000100000000)
  eden space 4608K, 0% used [0x00000000d5580000,0x00000000d5580000,0x00000000d5a00000)
  from space 512K, 97% used [0x00000000d5d80000,0x00000000d5dfd400,0x00000000d5e00000)
  to   space 4608K, 0% used [0x00000000d5e80000,0x00000000d5e80000,0x00000000d6300000)
 ParOldGen       total 714240K, used 713745K [0x0000000080000000, 0x00000000ab980000, 0x00000000d5580000)
  object space 714240K, 99% used [0x0000000080000000,0x00000000ab9044b0,0x00000000ab980000)
 Metaspace       used 72779K, committed 74304K, reserved 1179648K
  class space    used 7794K, committed 8448K, reserved 1048576K
}
Event: 850.989 GC heap before
{Heap before GC invocations=809 (full 3):
 PSYoungGen      total 5120K, used 5109K [0x00000000d5580000, 0x00000000d6300000, 0x0000000100000000)
  eden space 4608K, 100% used [0x00000000d5580000,0x00000000d5a00000,0x00000000d5a00000)
  from space 512K, 97% used [0x00000000d5d80000,0x00000000d5dfd400,0x00000000d5e00000)
  to   space 4608K, 0% used [0x00000000d5e80000,0x00000000d5e80000,0x00000000d6300000)
 ParOldGen       total 714240K, used 713745K [0x0000000080000000, 0x00000000ab980000, 0x00000000d5580000)
  object space 714240K, 99% used [0x0000000080000000,0x00000000ab9044b0,0x00000000ab980000)
 Metaspace       used 72780K, committed 74304K, reserved 1179648K
  class space    used 7794K, committed 8448K, reserved 1048576K
}
Event: 850.995 GC heap after
{Heap after GC invocations=809 (full 3):
 PSYoungGen      total 8192K, used 4588K [0x00000000d5580000, 0x00000000d6500000, 0x0000000100000000)
  eden space 3584K, 0% used [0x00000000d5580000,0x00000000d5580000,0x00000000d5900000)
  from space 4608K, 99% used [0x00000000d5e80000,0x00000000d62fb000,0x00000000d6300000)
  to   space 5632K, 0% used [0x00000000d5900000,0x00000000d5900000,0x00000000d5e80000)
 ParOldGen       total 714240K, used 714025K [0x0000000080000000, 0x00000000ab980000, 0x00000000d5580000)
  object space 714240K, 99% used [0x0000000080000000,0x00000000ab94a4b0,0x00000000ab980000)
 Metaspace       used 72780K, committed 74304K, reserved 1179648K
  class space    used 7794K, committed 8448K, reserved 1048576K
}
Event: 851.063 GC heap before
{Heap before GC invocations=810 (full 3):
 PSYoungGen      total 8192K, used 8081K [0x00000000d5580000, 0x00000000d6500000, 0x0000000100000000)
  eden space 3584K, 97% used [0x00000000d5580000,0x00000000d58e95d0,0x00000000d5900000)
  from space 4608K, 99% used [0x00000000d5e80000,0x00000000d62fb000,0x00000000d6300000)
  to   space 5632K, 0% used [0x00000000d5900000,0x00000000d5900000,0x00000000d5e80000)
 ParOldGen       total 714240K, used 714025K [0x0000000080000000, 0x00000000ab980000, 0x00000000d5580000)
  object space 714240K, 99% used [0x0000000080000000,0x00000000ab94a4b0,0x00000000ab980000)
 Metaspace       used 72780K, committed 74304K, reserved 1179648K
  class space    used 7794K, committed 8448K, reserved 1048576K
}
Event: 851.067 GC heap after
{Heap after GC invocations=810 (full 3):
 PSYoungGen      total 4608K, used 704K [0x00000000d5580000, 0x00000000d5f00000, 0x0000000100000000)
  eden space 3584K, 0% used [0x00000000d5580000,0x00000000d5580000,0x00000000d5900000)
  from space 1024K, 68% used [0x00000000d5900000,0x00000000d59b0000,0x00000000d5a00000)
  to   space 2560K, 0% used [0x00000000d5c80000,0x00000000d5c80000,0x00000000d5f00000)
 ParOldGen       total 717824K, used 717441K [0x0000000080000000, 0x00000000abd00000, 0x00000000d5580000)
  object space 717824K, 99% used [0x0000000080000000,0x00000000abca04b0,0x00000000abd00000)
 Metaspace       used 72780K, committed 74304K, reserved 1179648K
  class space    used 7794K, committed 8448K, reserved 1048576K
}
Event: 851.136 GC heap before
{Heap before GC invocations=811 (full 3):
 PSYoungGen      total 4608K, used 4287K [0x00000000d5580000, 0x00000000d5f00000, 0x0000000100000000)
  eden space 3584K, 99% used [0x00000000d5580000,0x00000000d58fffe8,0x00000000d5900000)
  from space 1024K, 68% used [0x00000000d5900000,0x00000000d59b0000,0x00000000d5a00000)
  to   space 2560K, 0% used [0x00000000d5c80000,0x00000000d5c80000,0x00000000d5f00000)
 ParOldGen       total 717824K, used 717441K [0x0000000080000000, 0x00000000abd00000, 0x00000000d5580000)
  object space 717824K, 99% used [0x0000000080000000,0x00000000abca04b0,0x00000000abd00000)
 Metaspace       used 72846K, committed 74368K, reserved 1179648K
  class space    used 7797K, committed 8448K, reserved 1048576K
}
Event: 851.139 GC heap after
{Heap after GC invocations=811 (full 3):
 PSYoungGen      total 4608K, used 862K [0x00000000d5580000, 0x00000000d5d80000, 0x0000000100000000)
  eden space 3584K, 0% used [0x00000000d5580000,0x00000000d5580000,0x00000000d5900000)
  from space 1024K, 84% used [0x00000000d5c80000,0x00000000d5d578d0,0x00000000d5d80000)
  to   space 1536K, 0% used [0x00000000d5a80000,0x00000000d5a80000,0x00000000d5c00000)
 ParOldGen       total 718336K, used 718057K [0x0000000080000000, 0x00000000abd80000, 0x00000000d5580000)
  object space 718336K, 99% used [0x0000000080000000,0x00000000abd3a4b0,0x00000000abd80000)
 Metaspace       used 72846K, committed 74368K, reserved 1179648K
  class space    used 7797K, committed 8448K, reserved 1048576K
}
Event: 851.178 GC heap before
{Heap before GC invocations=812 (full 3):
 PSYoungGen      total 4608K, used 4446K [0x00000000d5580000, 0x00000000d5d80000, 0x0000000100000000)
  eden space 3584K, 100% used [0x00000000d5580000,0x00000000d5900000,0x00000000d5900000)
  from space 1024K, 84% used [0x00000000d5c80000,0x00000000d5d578d0,0x00000000d5d80000)
  to   space 1536K, 0% used [0x00000000d5a80000,0x00000000d5a80000,0x00000000d5c00000)
 ParOldGen       total 718336K, used 718057K [0x0000000080000000, 0x00000000abd80000, 0x00000000d5580000)
  object space 718336K, 99% used [0x0000000080000000,0x00000000abd3a4b0,0x00000000abd80000)
 Metaspace       used 72905K, committed 74496K, reserved 1179648K
  class space    used 7801K, committed 8512K, reserved 1048576K
}
Event: 851.182 GC heap after
{Heap after GC invocations=812 (full 3):
 PSYoungGen      total 5120K, used 1522K [0x00000000d5580000, 0x00000000d5f00000, 0x0000000100000000)
  eden space 3584K, 0% used [0x00000000d5580000,0x00000000d5580000,0x00000000d5900000)
  from space 1536K, 99% used [0x00000000d5a80000,0x00000000d5bfcb70,0x00000000d5c00000)
  to   space 3072K, 0% used [0x00000000d5c00000,0x00000000d5c00000,0x00000000d5f00000)
 ParOldGen       total 718848K, used 718839K [0x0000000080000000, 0x00000000abe00000, 0x00000000d5580000)
  object space 718848K, 99% used [0x0000000080000000,0x00000000abdfdd60,0x00000000abe00000)
 Metaspace       used 72905K, committed 74496K, reserved 1179648K
  class space    used 7801K, committed 8512K, reserved 1048576K
}
Event: 851.216 GC heap before
{Heap before GC invocations=813 (full 3):
 PSYoungGen      total 5120K, used 5106K [0x00000000d5580000, 0x00000000d5f00000, 0x0000000100000000)
  eden space 3584K, 100% used [0x00000000d5580000,0x00000000d5900000,0x00000000d5900000)
  from space 1536K, 99% used [0x00000000d5a80000,0x00000000d5bfcb70,0x00000000d5c00000)
  to   space 3072K, 0% used [0x00000000d5c00000,0x00000000d5c00000,0x00000000d5f00000)
 ParOldGen       total 718848K, used 718839K [0x0000000080000000, 0x00000000abe00000, 0x00000000d5580000)
  object space 718848K, 99% used [0x0000000080000000,0x00000000abdfdd60,0x00000000abe00000)
 Metaspace       used 72917K, committed 74496K, reserved 1179648K
  class space    used 7802K, committed 8512K, reserved 1048576K
}
Event: 851.219 GC heap after
{Heap after GC invocations=813 (full 3):
 PSYoungGen      total 6656K, used 2873K [0x00000000d5580000, 0x00000000d5f00000, 0x0000000100000000)
  eden space 3584K, 0% used [0x00000000d5580000,0x00000000d5580000,0x00000000d5900000)
  from space 3072K, 93% used [0x00000000d5c00000,0x00000000d5ece660,0x00000000d5f00000)
  to   space 3072K, 0% used [0x00000000d5900000,0x00000000d5900000,0x00000000d5c00000)
 ParOldGen       total 720384K, used 720345K [0x0000000080000000, 0x00000000abf80000, 0x00000000d5580000)
  object space 720384K, 99% used [0x0000000080000000,0x00000000abf76470,0x00000000abf80000)
 Metaspace       used 72917K, committed 74496K, reserved 1179648K
  class space    used 7802K, committed 8512K, reserved 1048576K
}
Event: 851.241 GC heap before
{Heap before GC invocations=814 (full 3):
 PSYoungGen      total 6656K, used 6457K [0x00000000d5580000, 0x00000000d5f00000, 0x0000000100000000)
  eden space 3584K, 100% used [0x00000000d5580000,0x00000000d5900000,0x00000000d5900000)
  from space 3072K, 93% used [0x00000000d5c00000,0x00000000d5ece660,0x00000000d5f00000)
  to   space 3072K, 0% used [0x00000000d5900000,0x00000000d5900000,0x00000000d5c00000)
 ParOldGen       total 720384K, used 720345K [0x0000000080000000, 0x00000000abf80000, 0x00000000d5580000)
  object space 720384K, 99% used [0x0000000080000000,0x00000000abf76470,0x00000000abf80000)
 Metaspace       used 72926K, committed 74496K, reserved 1179648K
  class space    used 7802K, committed 8512K, reserved 1048576K
}
Event: 851.245 GC heap after
{Heap after GC invocations=814 (full 3):
 PSYoungGen      total 6144K, used 2349K [0x00000000d5580000, 0x00000000d5e00000, 0x0000000100000000)
  eden space 3584K, 0% used [0x00000000d5580000,0x00000000d5580000,0x00000000d5900000)
  from space 2560K, 91% used [0x00000000d5900000,0x00000000d5b4b5d0,0x00000000d5b80000)
  to   space 2560K, 0% used [0x00000000d5b80000,0x00000000d5b80000,0x00000000d5e00000)
 ParOldGen       total 723456K, used 723049K [0x0000000080000000, 0x00000000ac280000, 0x00000000d5580000)
  object space 723456K, 99% used [0x0000000080000000,0x00000000ac21a6a8,0x00000000ac280000)
 Metaspace       used 72926K, committed 74496K, reserved 1179648K
  class space    used 7802K, committed 8512K, reserved 1048576K
}
Event: 851.264 GC heap before
{Heap before GC invocations=815 (full 3):
 PSYoungGen      total 6144K, used 5933K [0x00000000d5580000, 0x00000000d5e00000, 0x0000000100000000)
  eden space 3584K, 100% used [0x00000000d5580000,0x00000000d5900000,0x00000000d5900000)
  from space 2560K, 91% used [0x00000000d5900000,0x00000000d5b4b5d0,0x00000000d5b80000)
  to   space 2560K, 0% used [0x00000000d5b80000,0x00000000d5b80000,0x00000000d5e00000)
 ParOldGen       total 723456K, used 723049K [0x0000000080000000, 0x00000000ac280000, 0x00000000d5580000)
  object space 723456K, 99% used [0x0000000080000000,0x00000000ac21a6a8,0x00000000ac280000)
 Metaspace       used 72937K, committed 74496K, reserved 1179648K
  class space    used 7802K, committed 8512K, reserved 1048576K
}
Event: 851.267 GC heap after
{Heap after GC invocations=815 (full 3):
 PSYoungGen      total 4608K, used 608K [0x00000000d5580000, 0x00000000d5c80000, 0x0000000100000000)
  eden space 3584K, 0% used [0x00000000d5580000,0x00000000d5580000,0x00000000d5900000)
  from space 1024K, 59% used [0x00000000d5b80000,0x00000000d5c18000,0x00000000d5c80000)
  to   space 1536K, 0% used [0x00000000d5980000,0x00000000d5980000,0x00000000d5b00000)
 ParOldGen       total 725504K, used 725205K [0x0000000080000000, 0x00000000ac480000, 0x00000000d5580000)
  object space 725504K, 99% used [0x0000000080000000,0x00000000ac435568,0x00000000ac480000)
 Metaspace       used 72937K, committed 74496K, reserved 1179648K
  class space    used 7802K, committed 8512K, reserved 1048576K
}
Event: 851.297 GC heap before
{Heap before GC invocations=816 (full 3):
 PSYoungGen      total 4608K, used 4183K [0x00000000d5580000, 0x00000000d5c80000, 0x0000000100000000)
  eden space 3584K, 99% used [0x00000000d5580000,0x00000000d58fded8,0x00000000d5900000)
  from space 1024K, 59% used [0x00000000d5b80000,0x00000000d5c18000,0x00000000d5c80000)
  to   space 1536K, 0% used [0x00000000d5980000,0x00000000d5980000,0x00000000d5b00000)
 ParOldGen       total 725504K, used 725205K [0x0000000080000000, 0x00000000ac480000, 0x00000000d5580000)
  object space 725504K, 99% used [0x0000000080000000,0x00000000ac435568,0x00000000ac480000)
 Metaspace       used 72958K, committed 74560K, reserved 1179648K
  class space    used 7802K, committed 8512K, reserved 1048576K
}
Event: 851.299 GC heap after
{Heap after GC invocations=816 (full 3):
 PSYoungGen      total 4608K, used 1017K [0x00000000d5580000, 0x00000000d5c00000, 0x0000000100000000)
  eden space 3584K, 0% used [0x00000000d5580000,0x00000000d5580000,0x00000000d5900000)
  from space 1024K, 99% used [0x00000000d5980000,0x00000000d5a7e4a0,0x00000000d5a80000)
  to   space 1536K, 0% used [0x00000000d5a80000,0x00000000d5a80000,0x00000000d5c00000)
 ParOldGen       total 726016K, used 725659K [0x0000000080000000, 0x00000000ac500000, 0x00000000d5580000)
  object space 726016K, 99% used [0x0000000080000000,0x00000000ac4a6d68,0x00000000ac500000)
 Metaspace       used 72958K, committed 74560K, reserved 1179648K
  class space    used 7802K, committed 8512K, reserved 1048576K
}
Event: 851.329 GC heap before
{Heap before GC invocations=817 (full 3):
 PSYoungGen      total 4608K, used 4601K [0x00000000d5580000, 0x00000000d5c00000, 0x0000000100000000)
  eden space 3584K, 100% used [0x00000000d5580000,0x00000000d5900000,0x00000000d5900000)
  from space 1024K, 99% used [0x00000000d5980000,0x00000000d5a7e4a0,0x00000000d5a80000)
  to   space 1536K, 0% used [0x00000000d5a80000,0x00000000d5a80000,0x00000000d5c00000)
 ParOldGen       total 726016K, used 725659K [0x0000000080000000, 0x00000000ac500000, 0x00000000d5580000)
  object space 726016K, 99% used [0x0000000080000000,0x00000000ac4a6d68,0x00000000ac500000)
 Metaspace       used 72991K, committed 74560K, reserved 1179648K
  class space    used 7803K, committed 8512K, reserved 1048576K
}
Event: 852.341 GC heap after
{Heap after GC invocations=817 (full 3):
 PSYoungGen      total 5632K, used 832K [0x00000000d5580000, 0x00000000d5c00000, 0x0000000100000000)
  eden space 4096K, 0% used [0x00000000d5580000,0x00000000d5580000,0x00000000d5980000)
  from space 1536K, 54% used [0x00000000d5a80000,0x00000000d5b50000,0x00000000d5c00000)
  to   space 1024K, 0% used [0x00000000d5980000,0x00000000d5980000,0x00000000d5a80000)
 ParOldGen       total 726528K, used 726213K [0x0000000080000000, 0x00000000ac580000, 0x00000000d5580000)
  object space 726528K, 99% used [0x0000000080000000,0x00000000ac531658,0x00000000ac580000)
 Metaspace       used 72991K, committed 74560K, reserved 1179648K
  class space    used 7803K, committed 8512K, reserved 1048576K
}

Dll operation events (14 events):
Event: 0.014 Loaded shared library c:\Users\devad\.amypocoder\extensions\redhat.java-1.55.0-win32-x64\jre\21.0.11-win32-x86_64\bin\java.dll
Event: 0.070 Loaded shared library c:\Users\devad\.amypocoder\extensions\redhat.java-1.55.0-win32-x64\jre\21.0.11-win32-x86_64\bin\zip.dll
Event: 0.088 Loaded shared library C:\Users\devad\.amypocoder\extensions\redhat.java-1.55.0-win32-x64\jre\21.0.11-win32-x86_64\bin\instrument.dll
Event: 0.094 Loaded shared library C:\Users\devad\.amypocoder\extensions\redhat.java-1.55.0-win32-x64\jre\21.0.11-win32-x86_64\bin\net.dll
Event: 0.131 Loaded shared library C:\Users\devad\.amypocoder\extensions\redhat.java-1.55.0-win32-x64\jre\21.0.11-win32-x86_64\bin\nio.dll
Event: 0.134 Loaded shared library C:\Users\devad\.amypocoder\extensions\redhat.java-1.55.0-win32-x64\jre\21.0.11-win32-x86_64\bin\zip.dll
Event: 0.162 Loaded shared library C:\Users\devad\.amypocoder\extensions\redhat.java-1.55.0-win32-x64\jre\21.0.11-win32-x86_64\bin\jimage.dll
Event: 0.312 Loaded shared library c:\Users\devad\.amypocoder\extensions\redhat.java-1.55.0-win32-x64\jre\21.0.11-win32-x86_64\bin\verify.dll
Event: 10.329 Loaded shared library C:\Users\devad\AppData\Roaming\AmypoCoder\User\globalStorage\redhat.java\1.55.0\config_win\org.eclipse.equinox.launcher\org.eclipse.equinox.launcher.win32.win32.x86_64_1.3.100.v20260613-0559\eclipse_11924.dll
Event: 26.785 Loaded shared library C:\Users\devad\.amypocoder\extensions\redhat.java-1.55.0-win32-x64\jre\21.0.11-win32-x86_64\bin\management.dll
Event: 26.787 Loaded shared library C:\Users\devad\.amypocoder\extensions\redhat.java-1.55.0-win32-x64\jre\21.0.11-win32-x86_64\bin\management_ext.dll
Event: 28.004 Loaded shared library C:\Users\devad\AppData\Local\Temp\jna-95477496\jna13216925691636895298.dll
Event: 28.528 Loaded shared library C:\Users\devad\.amypocoder\extensions\redhat.java-1.55.0-win32-x64\jre\21.0.11-win32-x86_64\bin\sunmscapi.dll
Event: 29.051 Loaded shared library C:\Users\devad\.amypocoder\extensions\redhat.java-1.55.0-win32-x64\jre\21.0.11-win32-x86_64\bin\extnet.dll

Deoptimization events (20 events):
Event: 851.248 Thread 0x000001ca1ebb73c0 DEOPT PACKING pc=0x000001c9ca22abf4 sp=0x000000834b2fddc0
Event: 851.248 Thread 0x000001ca1ebb73c0 DEOPT UNPACKING pc=0x000001c9c91f3aa2 sp=0x000000834b2fdd40 mode 2
Event: 851.249 Thread 0x000001ca1ebb73c0 Uncommon trap: trap_request=0xffffffbe fr.pc=0x000001c9ca22abf4 relative=0x0000000000001434
Event: 851.249 Thread 0x000001ca1ebb73c0 Uncommon trap: reason=profile_predicate action=maybe_recompile pc=0x000001c9ca22abf4 method=org.eclipse.jdt.internal.compiler.parser.Scanner.jumpOverMethodBody()V @ 881 c2
Event: 851.249 Thread 0x000001ca1ebb73c0 DEOPT PACKING pc=0x000001c9ca22abf4 sp=0x000000834b2fddc0
Event: 851.249 Thread 0x000001ca1ebb73c0 DEOPT UNPACKING pc=0x000001c9c91f3aa2 sp=0x000000834b2fdd40 mode 2
Event: 851.250 Thread 0x000001ca1ebb73c0 Uncommon trap: trap_request=0xffffffbe fr.pc=0x000001c9ca22abf4 relative=0x0000000000001434
Event: 851.250 Thread 0x000001ca1ebb73c0 Uncommon trap: reason=profile_predicate action=maybe_recompile pc=0x000001c9ca22abf4 method=org.eclipse.jdt.internal.compiler.parser.Scanner.jumpOverMethodBody()V @ 881 c2
Event: 851.250 Thread 0x000001ca1ebb73c0 DEOPT PACKING pc=0x000001c9ca22abf4 sp=0x000000834b2fddc0
Event: 851.250 Thread 0x000001ca1ebb73c0 DEOPT UNPACKING pc=0x000001c9c91f3aa2 sp=0x000000834b2fdd40 mode 2
Event: 851.250 Thread 0x000001ca1ebb73c0 Uncommon trap: trap_request=0xffffffbe fr.pc=0x000001c9ca22abf4 relative=0x0000000000001434
Event: 851.250 Thread 0x000001ca1ebb73c0 Uncommon trap: reason=profile_predicate action=maybe_recompile pc=0x000001c9ca22abf4 method=org.eclipse.jdt.internal.compiler.parser.Scanner.jumpOverMethodBody()V @ 881 c2
Event: 851.250 Thread 0x000001ca1ebb73c0 DEOPT PACKING pc=0x000001c9ca22abf4 sp=0x000000834b2fddc0
Event: 851.250 Thread 0x000001ca1ebb73c0 DEOPT UNPACKING pc=0x000001c9c91f3aa2 sp=0x000000834b2fdd40 mode 2
Event: 851.311 Thread 0x000001ca1e59b560 DEOPT PACKING pc=0x000001c9c331922e sp=0x000000834b4fe5b0
Event: 851.311 Thread 0x000001ca1e59b560 DEOPT UNPACKING pc=0x000001c9c91f4242 sp=0x000000834b4fda78 mode 0
Event: 851.324 Thread 0x000001ca1e59b560 Uncommon trap: trap_request=0xffffff6e fr.pc=0x000001c9c9ed58fc relative=0x000000000000015c
Event: 851.324 Thread 0x000001ca1e59b560 Uncommon trap: reason=loop_limit_check action=maybe_recompile pc=0x000001c9c9ed58fc method=org.eclipse.jdt.internal.compiler.lookup.ReferenceBinding.compare([C[CII)I @ 46 c2
Event: 851.324 Thread 0x000001ca1e59b560 DEOPT PACKING pc=0x000001c9c9ed58fc sp=0x000000834b4fe2a0
Event: 851.324 Thread 0x000001ca1e59b560 DEOPT UNPACKING pc=0x000001c9c91f3aa2 sp=0x000000834b4fe210 mode 2

Classes loaded (20 events):
Event: 52.321 Loading class java/util/stream/ReduceOps$CountingSink$OfRef
Event: 52.321 Loading class java/util/stream/ReduceOps$CountingSink
Event: 52.321 Loading class java/util/stream/ReduceOps$CountingSink done
Event: 52.321 Loading class java/util/stream/ReduceOps$CountingSink$OfRef done
Event: 52.382 Loading class java/util/stream/ReduceOps$1
Event: 52.382 Loading class java/util/stream/ReduceOps$1 done
Event: 52.383 Loading class java/util/stream/ReduceOps$1ReducingSink
Event: 52.383 Loading class java/util/stream/ReduceOps$1ReducingSink done
Event: 850.728 Loading class java/io/SequenceInputStream
Event: 850.729 Loading class java/io/SequenceInputStream done
Event: 850.750 Loading class com/sun/org/apache/xerces/internal/util/URI
Event: 850.752 Loading class com/sun/org/apache/xerces/internal/util/URI done
Event: 850.782 Loading class org/xml/sax/SAXNotRecognizedException
Event: 850.783 Loading class org/xml/sax/SAXNotRecognizedException done
Event: 850.783 Loading class org/xml/sax/SAXNotSupportedException
Event: 850.783 Loading class org/xml/sax/SAXNotSupportedException done
Event: 850.786 Loading class com/sun/org/apache/xerces/internal/xni/XNIException
Event: 850.787 Loading class com/sun/org/apache/xerces/internal/xni/XNIException done
Event: 850.789 Loading class com/sun/org/apache/xerces/internal/xni/parser/XMLParseException
Event: 850.790 Loading class com/sun/org/apache/xerces/internal/xni/parser/XMLParseException done

Classes unloaded (11 events):
Event: 27.324 Thread 0x000001c9beb0fa60 Unloading class 0x000001c9d71a4800 'java/lang/invoke/LambdaForm$MH+0x000001c9d71a4800'
Event: 27.324 Thread 0x000001c9beb0fa60 Unloading class 0x000001c9d71a4400 'java/lang/invoke/LambdaForm$MH+0x000001c9d71a4400'
Event: 27.324 Thread 0x000001c9beb0fa60 Unloading class 0x000001c9d71a4000 'java/lang/invoke/LambdaForm$MH+0x000001c9d71a4000'
Event: 27.324 Thread 0x000001c9beb0fa60 Unloading class 0x000001c9d71a3c00 'java/lang/invoke/LambdaForm$MH+0x000001c9d71a3c00'
Event: 27.324 Thread 0x000001c9beb0fa60 Unloading class 0x000001c9d71a3800 'java/lang/invoke/LambdaForm$BMH+0x000001c9d71a3800'
Event: 27.324 Thread 0x000001c9beb0fa60 Unloading class 0x000001c9d71a3400 'java/lang/invoke/LambdaForm$DMH+0x000001c9d71a3400'
Event: 27.324 Thread 0x000001c9beb0fa60 Unloading class 0x000001c9d71a2000 'java/lang/invoke/LambdaForm$DMH+0x000001c9d71a2000'
Event: 40.570 Thread 0x000001c9beb0fa60 Unloading class 0x000001c9d7655400 'java/lang/invoke/LambdaForm$DMH+0x000001c9d7655400'
Event: 40.570 Thread 0x000001c9beb0fa60 Unloading class 0x000001c9d7655000 'java/lang/invoke/LambdaForm$DMH+0x000001c9d7655000'
Event: 40.570 Thread 0x000001c9beb0fa60 Unloading class 0x000001c9d7654c00 'java/lang/invoke/LambdaForm$DMH+0x000001c9d7654c00'
Event: 40.570 Thread 0x000001c9beb0fa60 Unloading class 0x000001c9d7655800 'java/lang/invoke/LambdaForm$DMH+0x000001c9d7655800'

Classes redefined (0 events):
No events

Internal exceptions (20 events):
Event: 850.888 Thread 0x000001ca1e59b560 Exception <a 'sun/nio/fs/WindowsException'{0x00000000d558ddd8}> (0x00000000d558ddd8) 
thrown [s\src\hotspot\share\prims\jni.cpp, line 520]
Event: 850.936 Thread 0x000001ca1ebb73c0 Exception <a 'sun/nio/fs/WindowsException'{0x00000000d58901c8}> (0x00000000d58901c8) 
thrown [s\src\hotspot\share\prims\jni.cpp, line 520]
Event: 850.936 Thread 0x000001ca1ebb73c0 Exception <a 'sun/nio/fs/WindowsException'{0x00000000d5890708}> (0x00000000d5890708) 
thrown [s\src\hotspot\share\prims\jni.cpp, line 520]
Event: 850.938 Thread 0x000001ca1ebb73c0 Exception <a 'sun/nio/fs/WindowsException'{0x00000000d58a2a70}> (0x00000000d58a2a70) 
thrown [s\src\hotspot\share\prims\jni.cpp, line 520]
Event: 850.939 Thread 0x000001ca1ebb73c0 Exception <a 'sun/nio/fs/WindowsException'{0x00000000d58a30a0}> (0x00000000d58a30a0) 
thrown [s\src\hotspot\share\prims\jni.cpp, line 520]
Event: 851.076 Thread 0x000001ca1e59b560 Exception <a 'sun/nio/fs/WindowsException'{0x00000000d55c9fd0}> (0x00000000d55c9fd0) 
thrown [s\src\hotspot\share\prims\jni.cpp, line 520]
Event: 851.102 Thread 0x000001ca1ebb73c0 Exception <a 'sun/nio/fs/WindowsException'{0x00000000d56f5c50}> (0x00000000d56f5c50) 
thrown [s\src\hotspot\share\prims\jni.cpp, line 520]
Event: 851.102 Thread 0x000001ca1ebb73c0 Exception <a 'sun/nio/fs/WindowsException'{0x00000000d56f6530}> (0x00000000d56f6530) 
thrown [s\src\hotspot\share\prims\jni.cpp, line 520]
Event: 851.117 Thread 0x000001ca1e59b560 Implicit null exception at 0x000001c9ca064b97 to 0x000001c9ca066084
Event: 851.117 Thread 0x000001ca1e59b560 Implicit null exception at 0x000001c9ca0371e2 to 0x000001c9ca039cdc
Event: 851.177 Thread 0x000001ca1ebb73c0 Exception <a 'sun/nio/fs/WindowsException'{0x00000000d586bb30}> (0x00000000d586bb30) 
thrown [s\src\hotspot\share\prims\jni.cpp, line 520]
Event: 851.185 Thread 0x000001ca1ebb9b20 Exception <a 'sun/nio/fs/WindowsException'{0x00000000d55bac88}> (0x00000000d55bac88) 
thrown [s\src\hotspot\share\prims\jni.cpp, line 520]
Event: 851.186 Thread 0x000001ca1ebb9b20 Exception <a 'sun/nio/fs/WindowsException'{0x00000000d55bc098}> (0x00000000d55bc098) 
thrown [s\src\hotspot\share\prims\jni.cpp, line 520]
Event: 851.187 Thread 0x000001ca1ebb7a50 Exception <a 'sun/nio/fs/WindowsException'{0x00000000d55c9600}> (0x00000000d55c9600) 
thrown [s\src\hotspot\share\prims\jni.cpp, line 520]
Event: 851.188 Thread 0x000001ca1ebb9490 Exception <a 'sun/nio/fs/WindowsException'{0x00000000d55f0a58}> (0x00000000d55f0a58) 
thrown [s\src\hotspot\share\prims\jni.cpp, line 520]
Event: 851.192 Thread 0x000001ca1ebb6d30 Exception <a 'sun/nio/fs/WindowsException'{0x00000000d55f57e0}> (0x00000000d55f57e0) 
thrown [s\src\hotspot\share\prims\jni.cpp, line 520]
Event: 851.194 Thread 0x000001ca1ebb80e0 Exception <a 'sun/nio/fs/WindowsException'{0x00000000d55fa600}> (0x00000000d55fa600) 
thrown [s\src\hotspot\share\prims\jni.cpp, line 520]
Event: 851.195 Thread 0x000001ca1ebb8770 Exception <a 'sun/nio/fs/WindowsException'{0x00000000d560f300}> (0x00000000d560f300) 
thrown [s\src\hotspot\share\prims\jni.cpp, line 520]
Event: 851.196 Thread 0x000001ca1ebb8e00 Exception <a 'sun/nio/fs/WindowsException'{0x00000000d560a520}> (0x00000000d560a520) 
thrown [s\src\hotspot\share\prims\jni.cpp, line 520]
Event: 851.196 Thread 0x000001ca21682d60 Exception <a 'sun/nio/fs/WindowsException'{0x00000000d56e47f8}> (0x00000000d56e47f8) 
thrown [s\src\hotspot\share\prims\jni.cpp, line 520]

ZGC Phase Switch (0 events):
No events

VM Operations (20 events):
Event: 851.063 Executing safepoint VM operation: ParallelGCFailedAllocation (Allocation Failure)
Event: 851.067 Executing safepoint VM operation: ParallelGCFailedAllocation (Allocation Failure) done
Event: 851.085 Executing non-safepoint VM operation: HandshakeAllThreads (Deoptimize)
Event: 851.086 Executing non-safepoint VM operation: HandshakeAllThreads (Deoptimize) done
Event: 851.095 Executing non-safepoint VM operation: HandshakeAllThreads (Deoptimize)
Event: 851.095 Executing non-safepoint VM operation: HandshakeAllThreads (Deoptimize) done
Event: 851.136 Executing safepoint VM operation: ParallelGCFailedAllocation (Allocation Failure)
Event: 851.140 Executing safepoint VM operation: ParallelGCFailedAllocation (Allocation Failure) done
Event: 851.178 Executing safepoint VM operation: ParallelGCFailedAllocation (Allocation Failure)
Event: 851.182 Executing safepoint VM operation: ParallelGCFailedAllocation (Allocation Failure) done
Event: 851.216 Executing safepoint VM operation: ParallelGCFailedAllocation (Allocation Failure)
Event: 851.219 Executing safepoint VM operation: ParallelGCFailedAllocation (Allocation Failure) done
Event: 851.241 Executing safepoint VM operation: ParallelGCFailedAllocation (Allocation Failure)
Event: 851.245 Executing safepoint VM operation: ParallelGCFailedAllocation (Allocation Failure) done
Event: 851.264 Executing safepoint VM operation: ParallelGCFailedAllocation (Allocation Failure)
Event: 851.267 Executing safepoint VM operation: ParallelGCFailedAllocation (Allocation Failure) done
Event: 851.297 Executing safepoint VM operation: ParallelGCFailedAllocation (Allocation Failure)
Event: 851.299 Executing safepoint VM operation: ParallelGCFailedAllocation (Allocation Failure) done
Event: 851.329 Executing safepoint VM operation: ParallelGCFailedAllocation (Allocation Failure)
Event: 852.341 Executing safepoint VM operation: ParallelGCFailedAllocation (Allocation Failure) done

Memory protections (0 events):
No events

Nmethod flushes (20 events):
Event: 40.583 Thread 0x000001c9beb0fa60 flushing  nmethod 0x000001c9c2410f90
Event: 40.583 Thread 0x000001c9beb0fa60 flushing  nmethod 0x000001c9c2416d90
Event: 40.583 Thread 0x000001c9beb0fa60 flushing  nmethod 0x000001c9c241b490
Event: 40.583 Thread 0x000001c9beb0fa60 flushing  nmethod 0x000001c9c241ba90
Event: 40.583 Thread 0x000001c9beb0fa60 flushing  nmethod 0x000001c9c2423f90
Event: 40.583 Thread 0x000001c9beb0fa60 flushing  nmethod 0x000001c9c244ef90
Event: 40.583 Thread 0x000001c9beb0fa60 flushing  nmethod 0x000001c9c245a190
Event: 40.583 Thread 0x000001c9beb0fa60 flushing  nmethod 0x000001c9c245a890
Event: 40.583 Thread 0x000001c9beb0fa60 flushing  nmethod 0x000001c9c245c110
Event: 40.583 Thread 0x000001c9beb0fa60 flushing  nmethod 0x000001c9c245c710
Event: 40.583 Thread 0x000001c9beb0fa60 flushing  nmethod 0x000001c9c2460490
Event: 40.583 Thread 0x000001c9beb0fa60 flushing  nmethod 0x000001c9c2461690
Event: 40.583 Thread 0x000001c9beb0fa60 flushing  nmethod 0x000001c9c2463710
Event: 40.583 Thread 0x000001c9beb0fa60 flushing  nmethod 0x000001c9c247d810
Event: 40.583 Thread 0x000001c9beb0fa60 flushing  nmethod 0x000001c9c248b190
Event: 40.583 Thread 0x000001c9beb0fa60 flushing  nmethod 0x000001c9c2498310
Event: 40.583 Thread 0x000001c9beb0fa60 flushing  nmethod 0x000001c9c24a8390
Event: 40.583 Thread 0x000001c9beb0fa60 flushing  nmethod 0x000001c9c24efc90
Event: 40.583 Thread 0x000001c9beb0fa60 flushing  nmethod 0x000001c9c2508390
Event: 40.583 Thread 0x000001c9beb0fa60 flushing  nmethod 0x000001c9c2512310

Events (20 events):
Event: 851.187 Thread 0x000001ca1ebb9b20 Thread added: 0x000001ca1ebb6d30
Event: 851.187 Thread 0x000001ca1ebb9490 Thread added: 0x000001ca1ebb80e0
Event: 851.188 Thread 0x000001ca1ebb6d30 Thread added: 0x000001ca1ebb8e00
Event: 851.188 Thread 0x000001ca1ebb7a50 Thread added: 0x000001ca1ebb8770
Event: 851.193 Thread 0x000001ca1ebb9490 Thread added: 0x000001ca1ebba1b0
Event: 851.193 Thread 0x000001ca1ebb7a50 Thread added: 0x000001ca1ebba840
Event: 851.194 Thread 0x000001ca1ebb8e00 Thread added: 0x000001ca21682d60
Event: 851.194 Thread 0x000001ca1ebb80e0 Thread added: 0x000001ca21680600
Event: 851.194 Thread 0x000001ca1ebb8770 Thread added: 0x000001ca216819b0
Event: 851.222 Thread 0x000001ca1ebb73c0 Thread added: 0x000001ca216826d0
Event: 851.223 Thread 0x000001ca1ebb73c0 Thread added: 0x000001ca21682040
Event: 851.223 Thread 0x000001ca1ebb73c0 Thread added: 0x000001ca21683a80
Event: 851.223 Thread 0x000001ca1ebb73c0 Thread added: 0x000001ca21681320
Event: 851.224 Thread 0x000001ca1ebb73c0 Thread added: 0x000001ca216833f0
Event: 851.224 Thread 0x000001ca1ebb73c0 Thread added: 0x000001ca21680c90
Event: 851.224 Thread 0x000001ca1ebb73c0 Thread added: 0x000001ca21686870
Event: 851.224 Thread 0x000001ca1ebb73c0 Thread added: 0x000001ca216847a0
Event: 851.225 Thread 0x000001ca1ebb73c0 Thread added: 0x000001ca216861e0
Event: 851.225 Thread 0x000001ca216826d0 Thread added: 0x000001ca21686f00
Event: 852.349 Thread 0x000001c9beb2db20 Thread added: 0x000001ca1f8ecbf0


Dynamic libraries:
0x00007ff6fe3f0000 - 0x00007ff6fe3fe000 	c:\Users\devad\.amypocoder\extensions\redhat.java-1.55.0-win32-x64\jre\21.0.11-win32-x86_64\bin\java.exe
0x00007ffc5eea0000 - 0x00007ffc5f106000 	C:\WINDOWS\SYSTEM32\ntdll.dll
0x00007ffc5d400000 - 0x00007ffc5d4c9000 	C:\WINDOWS\System32\KERNEL32.DLL
0x00007ffc5c750000 - 0x00007ffc5cb4a000 	C:\WINDOWS\System32\KERNELBASE.dll
0x00007ffc5c130000 - 0x00007ffc5c27c000 	C:\WINDOWS\System32\ucrtbase.dll
0x00007ffc28650000 - 0x00007ffc28668000 	c:\Users\devad\.amypocoder\extensions\redhat.java-1.55.0-win32-x64\jre\21.0.11-win32-x86_64\bin\jli.dll
0x00007ffc28630000 - 0x00007ffc2864e000 	c:\Users\devad\.amypocoder\extensions\redhat.java-1.55.0-win32-x64\jre\21.0.11-win32-x86_64\bin\VCRUNTIME140.dll
0x00007ffc5d920000 - 0x00007ffc5dae7000 	C:\WINDOWS\System32\USER32.dll
0x00007ffc36630000 - 0x00007ffc368c2000 	C:\WINDOWS\WinSxS\amd64_microsoft.windows.common-controls_6595b64144ccf1df_6.0.26100.8521_none_3e08b75ce33403b3\COMCTL32.dll
0x00007ffc5c330000 - 0x00007ffc5c357000 	C:\WINDOWS\System32\win32u.dll
0x00007ffc5d800000 - 0x00007ffc5d8a9000 	C:\WINDOWS\System32\msvcrt.dll
0x00007ffc5d230000 - 0x00007ffc5d25b000 	C:\WINDOWS\System32\GDI32.dll
0x00007ffc5c360000 - 0x00007ffc5c48b000 	C:\WINDOWS\System32\gdi32full.dll
0x00007ffc5c6a0000 - 0x00007ffc5c743000 	C:\WINDOWS\System32\msvcp_win.dll
0x00007ffc5e320000 - 0x00007ffc5e352000 	C:\WINDOWS\System32\IMM32.DLL
0x00007ffc56290000 - 0x00007ffc5629c000 	c:\Users\devad\.amypocoder\extensions\redhat.java-1.55.0-win32-x64\jre\21.0.11-win32-x86_64\bin\vcruntime140_1.dll
0x00007ffc26bc0000 - 0x00007ffc26c4d000 	c:\Users\devad\.amypocoder\extensions\redhat.java-1.55.0-win32-x64\jre\21.0.11-win32-x86_64\bin\msvcp140.dll
0x00007ffbb2700000 - 0x00007ffbb34a2000 	c:\Users\devad\.amypocoder\extensions\redhat.java-1.55.0-win32-x64\jre\21.0.11-win32-x86_64\bin\server\jvm.dll
0x00007ffc5db70000 - 0x00007ffc5dc26000 	C:\WINDOWS\System32\ADVAPI32.dll
0x00007ffc5cc10000 - 0x00007ffc5ccba000 	C:\WINDOWS\System32\sechost.dll
0x00007ffc5d2e0000 - 0x00007ffc5d3f8000 	C:\WINDOWS\System32\RPCRT4.dll
0x00007ffc5d4d0000 - 0x00007ffc5d550000 	C:\WINDOWS\System32\WS2_32.dll
0x00007ffc53fb0000 - 0x00007ffc53fe6000 	C:\WINDOWS\SYSTEM32\WINMM.dll
0x00007ffc5bf90000 - 0x00007ffc5bfee000 	C:\WINDOWS\SYSTEM32\POWRPROF.dll
0x00007ffc48d80000 - 0x00007ffc48d8b000 	C:\WINDOWS\SYSTEM32\VERSION.dll
0x00007ffc5bf70000 - 0x00007ffc5bf84000 	C:\WINDOWS\SYSTEM32\UMPDC.dll
0x00007ffc5aec0000 - 0x00007ffc5aedb000 	C:\WINDOWS\SYSTEM32\kernel.appcore.dll
0x00007ffc4bb70000 - 0x00007ffc4bb7a000 	c:\Users\devad\.amypocoder\extensions\redhat.java-1.55.0-win32-x64\jre\21.0.11-win32-x86_64\bin\jimage.dll
0x00007ffc59800000 - 0x00007ffc59a42000 	C:\WINDOWS\SYSTEM32\DBGHELP.DLL
0x00007ffc5cea0000 - 0x00007ffc5d223000 	C:\WINDOWS\System32\combase.dll
0x00007ffc5d720000 - 0x00007ffc5d7f9000 	C:\WINDOWS\System32\OLEAUT32.dll
0x00007ffc353d0000 - 0x00007ffc3540b000 	C:\WINDOWS\SYSTEM32\dbgcore.DLL
0x00007ffc5c280000 - 0x00007ffc5c328000 	C:\WINDOWS\System32\bcryptPrimitives.dll
0x00007ffc3cd90000 - 0x00007ffc3cd9f000 	c:\Users\devad\.amypocoder\extensions\redhat.java-1.55.0-win32-x64\jre\21.0.11-win32-x86_64\bin\instrument.dll
0x00007ffc27490000 - 0x00007ffc274b0000 	c:\Users\devad\.amypocoder\extensions\redhat.java-1.55.0-win32-x64\jre\21.0.11-win32-x86_64\bin\java.dll
0x00007ffc5e3f0000 - 0x00007ffc5eb74000 	C:\WINDOWS\System32\SHELL32.dll
0x00007ffc59cc0000 - 0x00007ffc5a540000 	C:\WINDOWS\SYSTEM32\windows.storage.dll
0x00007ffc5e150000 - 0x00007ffc5e246000 	C:\WINDOWS\System32\SHCORE.dll
0x00007ffc5daf0000 - 0x00007ffc5db57000 	C:\WINDOWS\System32\shlwapi.dll
0x00007ffc5c050000 - 0x00007ffc5c079000 	C:\WINDOWS\SYSTEM32\profapi.dll
0x00007ffc27450000 - 0x00007ffc27468000 	c:\Users\devad\.amypocoder\extensions\redhat.java-1.55.0-win32-x64\jre\21.0.11-win32-x86_64\bin\zip.dll
0x00007ffc38e10000 - 0x00007ffc38e20000 	C:\Users\devad\.amypocoder\extensions\redhat.java-1.55.0-win32-x64\jre\21.0.11-win32-x86_64\bin\net.dll
0x00007ffc52f70000 - 0x00007ffc53099000 	C:\WINDOWS\SYSTEM32\WINHTTP.dll
0x00007ffc5b430000 - 0x00007ffc5b49c000 	C:\WINDOWS\system32\mswsock.dll
0x00007ffc27470000 - 0x00007ffc27486000 	C:\Users\devad\.amypocoder\extensions\redhat.java-1.55.0-win32-x64\jre\21.0.11-win32-x86_64\bin\nio.dll
0x00007ffc36110000 - 0x00007ffc36120000 	c:\Users\devad\.amypocoder\extensions\redhat.java-1.55.0-win32-x64\jre\21.0.11-win32-x86_64\bin\verify.dll
0x00007ffc26950000 - 0x00007ffc26995000 	C:\Users\devad\AppData\Roaming\AmypoCoder\User\globalStorage\redhat.java\1.55.0\config_win\org.eclipse.equinox.launcher\org.eclipse.equinox.launcher.win32.win32.x86_64_1.3.100.v20260613-0559\eclipse_11924.dll
0x00007ffc5d580000 - 0x00007ffc5d718000 	C:\WINDOWS\System32\ole32.dll
0x00007ffc30f70000 - 0x00007ffc30f7a000 	C:\Users\devad\.amypocoder\extensions\redhat.java-1.55.0-win32-x64\jre\21.0.11-win32-x86_64\bin\management.dll
0x00007ffc28750000 - 0x00007ffc2875c000 	C:\Users\devad\.amypocoder\extensions\redhat.java-1.55.0-win32-x64\jre\21.0.11-win32-x86_64\bin\management_ext.dll
0x00007ffc5e310000 - 0x00007ffc5e318000 	C:\WINDOWS\System32\PSAPI.DLL
0x00007ffc5b710000 - 0x00007ffc5b72b000 	C:\WINDOWS\SYSTEM32\CRYPTSP.dll
0x00007ffc5ae20000 - 0x00007ffc5ae59000 	C:\WINDOWS\system32\rsaenh.dll
0x00007ffc5b4e0000 - 0x00007ffc5b513000 	C:\WINDOWS\SYSTEM32\USERENV.dll
0x00007ffc5c020000 - 0x00007ffc5c04a000 	C:\WINDOWS\SYSTEM32\bcrypt.dll
0x00007ffc5b730000 - 0x00007ffc5b73c000 	C:\WINDOWS\SYSTEM32\CRYPTBASE.dll
0x00007ffc5a8d0000 - 0x00007ffc5a903000 	C:\WINDOWS\SYSTEM32\IPHLPAPI.DLL
0x00007ffc5e360000 - 0x00007ffc5e36a000 	C:\WINDOWS\System32\NSI.dll
0x00007ffc265d0000 - 0x00007ffc26619000 	C:\Users\devad\AppData\Local\Temp\jna-95477496\jna13216925691636895298.dll
0x00007ffc53290000 - 0x00007ffc532ad000 	C:\WINDOWS\SYSTEM32\dhcpcsvc6.DLL
0x00007ffc53260000 - 0x00007ffc53285000 	C:\WINDOWS\SYSTEM32\dhcpcsvc.DLL
0x00007ffc27d20000 - 0x00007ffc27d2e000 	C:\Users\devad\.amypocoder\extensions\redhat.java-1.55.0-win32-x64\jre\21.0.11-win32-x86_64\bin\sunmscapi.dll
0x00007ffc5c490000 - 0x00007ffc5c608000 	C:\WINDOWS\System32\CRYPT32.dll
0x00007ffc5b930000 - 0x00007ffc5b960000 	C:\WINDOWS\SYSTEM32\ncrypt.dll
0x00007ffc5b8e0000 - 0x00007ffc5b91f000 	C:\WINDOWS\SYSTEM32\NTASN1.dll
0x00007ffc5a970000 - 0x00007ffc5aaba000 	C:\WINDOWS\SYSTEM32\DNSAPI.dll
0x00007ffc5b1e0000 - 0x00007ffc5b1ed000 	C:\WINDOWS\SYSTEM32\DSPARSE.dll
0x00007ffc4c610000 - 0x00007ffc4c61b000 	C:\Windows\System32\rasadhlp.dll
0x00007ffc53350000 - 0x00007ffc533d6000 	C:\WINDOWS\System32\fwpuclnt.dll
0x00007ffc26f20000 - 0x00007ffc26f29000 	C:\Users\devad\.amypocoder\extensions\redhat.java-1.55.0-win32-x64\jre\21.0.11-win32-x86_64\bin\extnet.dll

JVMTI agents:
c:\Users\devad\.amypocoder\extensions\redhat.java-1.55.0-win32-x64\lombok\lombok-1.18.39-4050.jar path:c:\Users\devad\.amypocoder\extensions\redhat.java-1.55.0-win32-x64\jre\21.0.11-win32-x86_64\bin\instrument.dll, loaded, initialized, instrumentlib options:none

dbghelp: loaded successfully - version: 4.0.5 - missing functions: none
symbol engine: initialized successfully - sym options: 0x614 - pdb path: .;c:\Users\devad\.amypocoder\extensions\redhat.java-1.55.0-win32-x64\jre\21.0.11-win32-x86_64\bin;C:\WINDOWS\SYSTEM32;C:\WINDOWS\WinSxS\amd64_microsoft.windows.common-controls_6595b64144ccf1df_6.0.26100.8521_none_3e08b75ce33403b3;c:\Users\devad\.amypocoder\extensions\redhat.java-1.55.0-win32-x64\jre\21.0.11-win32-x86_64\bin\server;C:\Users\devad\AppData\Roaming\AmypoCoder\User\globalStorage\redhat.java\1.55.0\config_win\org.eclipse.equinox.launcher\org.eclipse.equinox.launcher.win32.win32.x86_64_1.3.100.v20260613-0559;C:\Users\devad\AppData\Local\Temp\jna-95477496

VM Arguments:
jvm_args: --add-modules=ALL-SYSTEM --add-opens=java.base/java.util=ALL-UNNAMED --add-opens=java.base/java.lang=ALL-UNNAMED --add-opens=java.base/sun.nio.fs=ALL-UNNAMED -Declipse.application=org.eclipse.jdt.ls.core.id1 -Dosgi.bundles.defaultStartLevel=4 -Declipse.product=org.eclipse.jdt.ls.core.product -Djava.import.generatesMetadataFilesAtProjectRoot=false -DDetectVMInstallationsJob.disabled=true -Dfile.encoding=utf8 -XX:+UseParallelGC -XX:GCTimeRatio=4 -XX:AdaptiveSizePolicyWeight=90 -Dsun.zip.disableMemoryMapping=true -Xmx2G -Xms100m -Xlog:disable -javaagent:c:\Users\devad\.amypocoder\extensions\redhat.java-1.55.0-win32-x64\lombok\lombok-1.18.39-4050.jar -XX:+HeapDumpOnOutOfMemoryError -XX:HeapDumpPath=c:\Users\devad\AppData\Roaming\AmypoCoder\User\workspaceStorage\88bc0a493e47d80584e6338963d1aef8\redhat.java -Daether.dependencyCollector.impl=bf 
java_command: c:\Users\devad\.amypocoder\extensions\redhat.java-1.55.0-win32-x64\server\plugins\org.eclipse.equinox.launcher_1.7.200.v20260619-2039.jar -configuration c:\Users\devad\AppData\Roaming\AmypoCoder\User\globalStorage\redhat.java\1.55.0\config_win -data c:\Users\devad\AppData\Roaming\AmypoCoder\User\workspaceStorage\88bc0a493e47d80584e6338963d1aef8\redhat.java\jdt_ws --pipe=\\.\pipe\lsp-f1fbd3f6af91a77f865449f5ee197938-sock
java_class_path (initial): c:\Users\devad\.amypocoder\extensions\redhat.java-1.55.0-win32-x64\server\plugins\org.eclipse.equinox.launcher_1.7.200.v20260619-2039.jar
Launcher Type: SUN_STANDARD

[Global flags]
    uintx AdaptiveSizePolicyWeight                 = 90                                        {product} {command line}
     intx CICompilerCount                          = 4                                         {product} {ergonomic}
    uintx GCTimeRatio                              = 4                                         {product} {command line}
     bool HeapDumpOnOutOfMemoryError               = true                                   {manageable} {command line}
    ccstr HeapDumpPath                             = c:\Users\devad\AppData\Roaming\AmypoCoder\User\workspaceStorage\88bc0a493e47d80584e6338963d1aef8\redhat.java         {manageable} {command line}
   size_t InitialHeapSize                          = 104857600                                 {product} {command line}
   size_t MaxHeapSize                              = 2147483648                                {product} {command line}
   size_t MaxNewSize                               = 715653120                                 {product} {ergonomic}
   size_t MinHeapDeltaBytes                        = 524288                                    {product} {ergonomic}
   size_t MinHeapSize                              = 104857600                                 {product} {command line}
   size_t NewSize                                  = 34603008                                  {product} {ergonomic}
    uintx NonNMethodCodeHeapSize                   = 5839372                                {pd product} {ergonomic}
    uintx NonProfiledCodeHeapSize                  = 122909434                              {pd product} {ergonomic}
   size_t OldSize                                  = 70254592                                  {product} {ergonomic}
    uintx ProfiledCodeHeapSize                     = 122909434                              {pd product} {ergonomic}
    uintx ReservedCodeCacheSize                    = 251658240                              {pd product} {ergonomic}
     bool SegmentedCodeCache                       = true                                      {product} {ergonomic}
   size_t SoftMaxHeapSize                          = 2147483648                             {manageable} {ergonomic}
     bool UseCompressedOops                        = true                           {product lp64_product} {ergonomic}
     bool UseLargePagesIndividualAllocation        = false                                  {pd product} {ergonomic}
     bool UseParallelGC                            = true                                      {product} {command line}

Logging:
Log output configuration:
 #0: stdout all=off uptime,level,tags foldmultilines=false
 #1: stderr all=off uptime,level,tags foldmultilines=false

Release file:
JAVA_VERSION="21.0.11" 
MODULES="java.base java.compiler java.datatransfer java.xml java.prefs java.desktop java.instrument java.logging java.management java.security.sasl java.naming java.rmi java.management.rmi java.net.http java.scripting java.security.jgss java.transaction.xa java.sql java.sql.rowset java.xml.crypto java.se java.smartcardio jdk.accessibility jdk.internal.jvmstat jdk.attach jdk.charsets jdk.internal.opt jdk.zipfs jdk.compiler jdk.crypto.ec jdk.crypto.cryptoki jdk.crypto.mscapi jdk.dynalink jdk.internal.ed jdk.editpad jdk.hotspot.agent jdk.httpserver jdk.internal.le jdk.internal.vm.ci jdk.internal.vm.compiler jdk.internal.vm.compiler.management jdk.jartool jdk.javadoc jdk.jcmd jdk.management jdk.management.agent jdk.jconsole jdk.jdeps jdk.jdwp.agent jdk.jdi jdk.jfr jdk.jshell jdk.jsobject jdk.jstatd jdk.localedata jdk.management.jfr jdk.naming.dns jdk.naming.rmi jdk.net jdk.nio.mapmode jdk.random jdk.sctp jdk.security.auth jdk.security.jgss jdk.unsupported jdk.unsupported.desktop jdk.xml.dom" 

Environment Variables:
JAVA_HOME=C:\Program Files\Java\jdk-17
PATH=C:\WINDOWS\System32;C:\WINDOWS;C:\WINDOWS\System32\Wbem;C:\WINDOWS\System32\WindowsPowerShell\v1.0;C:\WINDOWS\System32\OpenSSH;C:\Program Files\Common Files\Oracle\Java\javapath;C:\windows\system32;C:\windows;C:\windows\System32\Wbem;C:\windows\System32\WindowsPowerShell\v1.0\;C:\windows\System32\OpenSSH\;C:\Program Files\HP\HP One Agent;C:\WINDOWS\system32;C:\WINDOWS\System32\WindowsPowerShell\v1.0\;C:\WINDOWS\System32\OpenSSH\;C:\Program Files\Cloudflare\Cloudflare WARP\;C:\Program Files\Git\cmd;C:\Program Files\nodejs\;C:\Users\devad\Downloads\apache-maven-3.9.16-bin;C:\Users\devad\Downloads\apache-maven-3.9.16-bin (2);C:\Users\devad\AppData\Local\Programs\Python\Python311\;C:\Users\devad\AppData\Local\Programs\Python\Launcher\;C:\Users\devad\AppData\Local\Microsoft\WindowsApps;C:\Users\devad\AppData\Local\Programs\Microsoft VS Code\bin;C:\Users\devad\AppData\Roaming\npm;C:\Users\devad\Downloads\apache-maven-3.9.16-bin (2)\apache-maven-3.9.16\bin;C:\Users\devad\Downloads\apache-maven-3.9.16-bin (2)\apache-maven-3.9.16;C:\Program Files\nodejs;C:\Program Files\MySQL\MySQL Server 8.0;C:\Program Files\Git\bin;C:\Program Files\Java\jdk-17\bin;C:\Program Files\AmypoCoder;C:\Program Files\Google\Chrome\Application
USERNAME=devad
OS=Windows_NT
PROCESSOR_IDENTIFIER=Intel64 Family 6 Model 154 Stepping 4, GenuineIntel
TMP=C:\Users\devad\AppData\Local\Temp
TEMP=C:\Users\devad\AppData\Local\Temp




Periodic native trim disabled

---------------  S Y S T E M  ---------------

OS:
 Windows 11 , 64 bit Build 26100 (10.0.26100.8521)
OS uptime: 3 days 21:10 hours
Hyper-V role detected

CPU: total 12 (initial active 12) (6 cores per cpu, 2 threads per core) family 6 model 154 stepping 4 microcode 0x432, cx8, cmov, fxsr, ht, mmx, 3dnowpref, sse, sse2, sse3, ssse3, sse4.1, sse4.2, popcnt, lzcnt, tsc, tscinvbit, avx, avx2, aes, erms, clmul, bmi1, bmi2, adx, sha, fma, vzeroupper, clflush, clflushopt, clwb, hv, serialize, rdtscp, rdpid, fsrm, f16c, cet_ibt, cet_ss
Processor Information for processor 0
  Max Mhz: 1300, Current Mhz: 1300, Mhz Limit: 1300
Processor Information for processor 1
  Max Mhz: 1300, Current Mhz: 1300, Mhz Limit: 1300
Processor Information for processor 2
  Max Mhz: 1300, Current Mhz: 1300, Mhz Limit: 1300
Processor Information for processor 3
  Max Mhz: 1300, Current Mhz: 1300, Mhz Limit: 1300
Processor Information for processor 4
  Max Mhz: 1300, Current Mhz: 900, Mhz Limit: 897
Processor Information for processor 5
  Max Mhz: 1300, Current Mhz: 900, Mhz Limit: 897
Processor Information for processor 6
  Max Mhz: 1300, Current Mhz: 900, Mhz Limit: 897
Processor Information for processor 7
  Max Mhz: 1300, Current Mhz: 900, Mhz Limit: 897
Processor Information for processor 8
  Max Mhz: 1300, Current Mhz: 900, Mhz Limit: 897
Processor Information for processor 9
  Max Mhz: 1300, Current Mhz: 900, Mhz Limit: 897
Processor Information for processor 10
  Max Mhz: 1300, Current Mhz: 900, Mhz Limit: 897
Processor Information for processor 11
  Max Mhz: 1300, Current Mhz: 900, Mhz Limit: 897

Memory: 4k page, system-wide physical 7863M (680M free)
TotalPageFile size 16055M (AvailPageFile size 55M)
current process WorkingSet (physical memory assigned to process): 255M, peak: 1047M
current process commit charge ("private bytes"): 1048M, peak: 1048M

vm_info: OpenJDK 64-Bit Server VM (21.0.11+10-LTS) for windows-amd64 JRE (21.0.11+10-LTS), built on 2026-04-21T00:00:00Z by "admin" with MS VC++ 17.12 (VS2022)

END.
