#
# There is insufficient memory for the Java Runtime Environment to continue.
# Native memory allocation (malloc) failed to allocate 1470256 bytes. Error detail: Chunk::new
# Possible reasons:
#   The system is out of physical RAM or swap space
#   This process is running with CompressedOops enabled, and the Java Heap may be blocking the growth of the native heap
# Possible solutions:
#   Reduce memory load on the system
#   Increase physical memory or swap space
#   Check if swap backing store is full
#   Decrease Java heap size (-Xmx/-Xms)
#   Decrease number of Java threads
#   Decrease Java thread stack sizes (-Xss)
#   Set larger code cache with -XX:ReservedCodeCacheSize=
#   JVM is running with Unscaled Compressed Oops mode in which the Java heap is
#     placed in the first 4GB address space. The Java Heap base address is the
#     maximum limit for the native heap growth. Please use -XX:HeapBaseMinAddress
#     to set the Java Heap base and to place the Java Heap above 4GB virtual address.
# This output file may be truncated or incomplete.
#
#  Out of Memory Error (arena.cpp:168), pid=27600, tid=13480
#
# JRE version: OpenJDK Runtime Environment Temurin-21.0.11+10 (21.0.11+10) (build 21.0.11+10-LTS)
# Java VM: OpenJDK 64-Bit Server VM Temurin-21.0.11+10 (21.0.11+10-LTS, mixed mode, sharing, tiered, compressed oops, compressed class ptrs, parallel gc, windows-amd64)
# No core dump will be written. Minidumps are not enabled by default on client versions of Windows
#

---------------  S U M M A R Y ------------

Command Line: --add-modules=ALL-SYSTEM --add-opens=java.base/java.util=ALL-UNNAMED --add-opens=java.base/java.lang=ALL-UNNAMED --add-opens=java.base/sun.nio.fs=ALL-UNNAMED -Declipse.application=org.eclipse.jdt.ls.core.id1 -Dosgi.bundles.defaultStartLevel=4 -Declipse.product=org.eclipse.jdt.ls.core.product -Djava.import.generatesMetadataFilesAtProjectRoot=false -DDetectVMInstallationsJob.disabled=true -Dfile.encoding=utf8 -XX:+UseParallelGC -XX:GCTimeRatio=4 -XX:AdaptiveSizePolicyWeight=90 -Dsun.zip.disableMemoryMapping=true -Xmx2G -Xms100m -Xlog:disable -javaagent:c:\Users\devad\.amypocoder\extensions\redhat.java-1.55.0-win32-x64\lombok\lombok-1.18.39-4050.jar -XX:+HeapDumpOnOutOfMemoryError -XX:HeapDumpPath=c:\Users\devad\AppData\Roaming\AmypoCoder\User\workspaceStorage\b017f3f27171b3808dc36b8a0c9d1b2e\redhat.java -Daether.dependencyCollector.impl=bf c:\Users\devad\.amypocoder\extensions\redhat.java-1.55.0-win32-x64\server\plugins\org.eclipse.equinox.launcher_1.7.200.v20260619-2039.jar -configuration c:\Users\devad\AppData\Roaming\AmypoCoder\User\globalStorage\redhat.java\1.55.0\config_win -data c:\Users\devad\AppData\Roaming\AmypoCoder\User\workspaceStorage\b017f3f27171b3808dc36b8a0c9d1b2e\redhat.java\jdt_ws --pipe=\\.\pipe\lsp-b48e4a559d03235ef43630aebab30bd2-sock

Host: 12th Gen Intel(R) Core(TM) i5-1235U, 12 cores, 7G,  Windows 11 , 64 bit Build 26100 (10.0.26100.8521)
Time: Fri Aug 21 09:59:08 2026 India Standard Time elapsed time: 8.687848 seconds (0d 0h 0m 8s)

---------------  T H R E A D  ---------------

Current thread (0x0000029c669d6fc0):  JavaThread "C2 CompilerThread2" daemon [_thread_in_native, id=13480, stack(0x000000f700600000,0x000000f700700000) (1024K)]


Current CompileTask:
C2:8688 6935   !   4       org.eclipse.jdt.internal.core.search.indexing.BinaryIndexer::indexDocument (1172 bytes)

Stack: [0x000000f700600000,0x000000f700700000]
Native frames: (J=compiled Java code, j=interpreted, Vv=VM code, C=native code)
V  [jvm.dll+0x6d7e19]
V  [jvm.dll+0x8b5096]
V  [jvm.dll+0x8b764e]
V  [jvm.dll+0x8b7d33]
V  [jvm.dll+0x284596]
V  [jvm.dll+0xc685d]
V  [jvm.dll+0xc6da1]
V  [jvm.dll+0x3bed31]
V  [jvm.dll+0x1e3f42]
V  [jvm.dll+0x24c853]
V  [jvm.dll+0x24bce0]
V  [jvm.dll+0x1cb4ae]
V  [jvm.dll+0x25baad]
V  [jvm.dll+0x25a03a]
V  [jvm.dll+0x3f868e]
V  [jvm.dll+0x85fb0d]
V  [jvm.dll+0x6d664d]
C  [ucrtbase.dll+0x2cd30]
C  [KERNEL32.DLL+0x2e957]
C  [ntdll.dll+0x87c1c]


---------------  P R O C E S S  ---------------

Threads class SMR info:
_java_thread_list=0x0000029c72aec6a0, length=65, elements={
0x0000029c07fc4fd0, 0x0000029c0807e270, 0x0000029c07f5b220, 0x0000029c07f62af0,
0x0000029c07f63680, 0x0000029c07f64c90, 0x0000029c07f65d80, 0x0000029c07f6a700,
0x0000029c07f6de10, 0x0000029c60f3a180, 0x0000029c60f3a810, 0x0000029c60f3aea0,
0x0000029c60f3b530, 0x0000029c60f3bbc0, 0x0000029c60f39af0, 0x0000029c60f38740,
0x0000029c60f39460, 0x0000029c60f38dd0, 0x0000029c674ba550, 0x0000029c674b8b10,
0x0000029c674b91a0, 0x0000029c66ecec00, 0x0000029c674b7df0, 0x0000029c669d6fc0,
0x0000029c674b9830, 0x0000029c674b9ec0, 0x0000029c674b8480, 0x0000029c674b7760,
0x0000029c674bb270, 0x0000029c674babe0, 0x0000029c674bb900, 0x0000029c674be060,
0x0000029c674bbf90, 0x0000029c674bd340, 0x0000029c674bc620, 0x0000029c674be6f0,
0x0000029c674bccb0, 0x0000029c674bd9d0, 0x0000029c66f9f9e0, 0x0000029c66fa0700,
0x0000029c66fa0d90, 0x0000029c66f9f350, 0x0000029c66fa0070, 0x0000029c66fa1420,
0x0000029c66fa1ab0, 0x0000029c66fa3b80, 0x0000029c66fa34f0, 0x0000029c66fa4210,
0x0000029c66fa4f30, 0x0000029c66fa55c0, 0x0000029c66fa27d0, 0x0000029c66fa2140,
0x0000029c66fa2e60, 0x0000029c66fa48a0, 0x0000029c67bafc00, 0x0000029c67bb0fb0,
0x0000029c67bb0290, 0x0000029c67bb0920, 0x0000029c67badb30, 0x0000029c67bb1640,
0x0000029c67bae1c0, 0x0000029c67bb1cd0, 0x0000029c67bae850, 0x0000029c67bb2360,
0x0000029c67baeee0
}

Java Threads: ( => current thread )
  0x0000029c07fc4fd0 JavaThread "main"                              [_thread_blocked, id=20248, stack(0x000000f77e200000,0x000000f77e300000) (1024K)]
  0x0000029c0807e270 JavaThread "Reference Handler"          daemon [_thread_blocked, id=1260, stack(0x000000f77e600000,0x000000f77e700000) (1024K)]
  0x0000029c07f5b220 JavaThread "Finalizer"                  daemon [_thread_blocked, id=25564, stack(0x000000f77e700000,0x000000f77e800000) (1024K)]
  0x0000029c07f62af0 JavaThread "Signal Dispatcher"          daemon [_thread_blocked, id=5868, stack(0x000000f77e800000,0x000000f77e900000) (1024K)]
  0x0000029c07f63680 JavaThread "Attach Listener"            daemon [_thread_blocked, id=26472, stack(0x000000f77e900000,0x000000f77ea00000) (1024K)]
  0x0000029c07f64c90 JavaThread "Service Thread"             daemon [_thread_blocked, id=13668, stack(0x000000f77ea00000,0x000000f77eb00000) (1024K)]
  0x0000029c07f65d80 JavaThread "Monitor Deflation Thread"   daemon [_thread_blocked, id=7324, stack(0x000000f77eb00000,0x000000f77ec00000) (1024K)]
  0x0000029c07f6a700 JavaThread "C2 CompilerThread0"         daemon [_thread_in_native, id=15080, stack(0x000000f77ec00000,0x000000f77ed00000) (1024K)]
  0x0000029c07f6de10 JavaThread "C1 CompilerThread0"         daemon [_thread_blocked, id=21908, stack(0x000000f77ed00000,0x000000f77ee00000) (1024K)]
  0x0000029c60f3a180 JavaThread "Common-Cleaner"             daemon [_thread_blocked, id=18024, stack(0x000000f77ee00000,0x000000f77ef00000) (1024K)]
  0x0000029c60f3a810 JavaThread "Notification Thread"        daemon [_thread_blocked, id=2860, stack(0x000000f77f100000,0x000000f77f200000) (1024K)]
  0x0000029c60f3aea0 JavaThread "Active Thread: Equinox Container: 30a78dfa-9e18-46a0-8fae-d99e3b987a8b"        [_thread_blocked, id=22440, stack(0x000000f77f800000,0x000000f77f900000) (1024K)]
  0x0000029c60f3b530 JavaThread "Refresh Thread: Equinox Container: 30a78dfa-9e18-46a0-8fae-d99e3b987a8b" daemon [_thread_blocked, id=15400, stack(0x000000f77fa00000,0x000000f77fb00000) (1024K)]
  0x0000029c60f3bbc0 JavaThread "Framework Event Dispatcher: Equinox Container: 30a78dfa-9e18-46a0-8fae-d99e3b987a8b" daemon [_thread_blocked, id=22776, stack(0x000000f77fb00000,0x000000f77fc00000) (1024K)]
  0x0000029c60f39af0 JavaThread "Start Level: Equinox Container: 30a78dfa-9e18-46a0-8fae-d99e3b987a8b" daemon [_thread_blocked, id=24468, stack(0x000000f77fc00000,0x000000f77fd00000) (1024K)]
  0x0000029c60f38740 JavaThread "Bundle File Closer"         daemon [_thread_blocked, id=19644, stack(0x000000f77ff00000,0x000000f780000000) (1024K)]
  0x0000029c60f39460 JavaThread "SCR Component Actor"        daemon [_thread_blocked, id=4388, stack(0x000000f77ef00000,0x000000f77f000000) (1024K)]
  0x0000029c60f38dd0 JavaThread "Worker-JM"                         [_thread_blocked, id=10412, stack(0x000000f700100000,0x000000f700200000) (1024K)]
  0x0000029c674ba550 JavaThread "JNA Cleaner"                daemon [_thread_blocked, id=21864, stack(0x000000f700000000,0x000000f700100000) (1024K)]
  0x0000029c674b8b10 JavaThread "Worker-0: Building"                [_thread_in_native, id=12536, stack(0x000000f700200000,0x000000f700300000) (1024K)]
  0x0000029c674b91a0 JavaThread "Worker-1"                          [_thread_blocked, id=24952, stack(0x000000f700300000,0x000000f700400000) (1024K)]
  0x0000029c66ecec00 JavaThread "C2 CompilerThread1"         daemon [_thread_in_native, id=18824, stack(0x000000f700400000,0x000000f700500000) (1024K)]
  0x0000029c674b7df0 JavaThread "Worker-2: Java indexing... "        [_thread_blocked, id=26628, stack(0x000000f700500000,0x000000f700600000) (1024K)]
=>0x0000029c669d6fc0 JavaThread "C2 CompilerThread2"         daemon [_thread_in_native, id=13480, stack(0x000000f700600000,0x000000f700700000) (1024K)]
  0x0000029c674b9830 JavaThread "Java indexing"              daemon [_thread_in_Java, id=12580, stack(0x000000f700700000,0x000000f700800000) (1024K)]
  0x0000029c674b9ec0 JavaThread "Worker-3"                          [_thread_blocked, id=12448, stack(0x000000f700800000,0x000000f700900000) (1024K)]
  0x0000029c674b8480 JavaThread "Thread-1"                   daemon [_thread_in_native, id=20280, stack(0x000000f700b00000,0x000000f700c00000) (1024K)]
  0x0000029c674b7760 JavaThread "Thread-2"                   daemon [_thread_in_native, id=14968, stack(0x000000f700c00000,0x000000f700d00000) (1024K)]
  0x0000029c674bb270 JavaThread "Thread-3"                   daemon [_thread_in_native, id=1848, stack(0x000000f700d00000,0x000000f700e00000) (1024K)]
  0x0000029c674babe0 JavaThread "Thread-4"                   daemon [_thread_in_native, id=25536, stack(0x000000f700e00000,0x000000f700f00000) (1024K)]
  0x0000029c674bb900 JavaThread "Thread-5"                   daemon [_thread_in_native, id=15508, stack(0x000000f700f00000,0x000000f701000000) (1024K)]
  0x0000029c674be060 JavaThread "Thread-6"                   daemon [_thread_in_native, id=20368, stack(0x000000f701000000,0x000000f701100000) (1024K)]
  0x0000029c674bbf90 JavaThread "Thread-7"                   daemon [_thread_in_native, id=24908, stack(0x000000f701100000,0x000000f701200000) (1024K)]
  0x0000029c674bd340 JavaThread "Thread-8"                   daemon [_thread_in_native, id=21244, stack(0x000000f701200000,0x000000f701300000) (1024K)]
  0x0000029c674bc620 JavaThread "Thread-9"                   daemon [_thread_in_native, id=7652, stack(0x000000f701300000,0x000000f701400000) (1024K)]
  0x0000029c674be6f0 JavaThread "Thread-10"                  daemon [_thread_in_native, id=2784, stack(0x000000f701400000,0x000000f701500000) (1024K)]
  0x0000029c674bccb0 JavaThread "Thread-11"                  daemon [_thread_in_native, id=23328, stack(0x000000f701500000,0x000000f701600000) (1024K)]
  0x0000029c674bd9d0 JavaThread "Thread-12"                  daemon [_thread_in_native, id=8644, stack(0x000000f701600000,0x000000f701700000) (1024K)]
  0x0000029c66f9f9e0 JavaThread "Thread-13"                  daemon [_thread_in_native, id=1556, stack(0x000000f701700000,0x000000f701800000) (1024K)]
  0x0000029c66fa0700 JavaThread "pool-2-thread-1"                   [_thread_blocked, id=16244, stack(0x000000f701800000,0x000000f701900000) (1024K)]
  0x0000029c66fa0d90 JavaThread "Worker-4"                          [_thread_blocked, id=21944, stack(0x000000f701900000,0x000000f701a00000) (1024K)]
  0x0000029c66f9f350 JavaThread "Worker-5"                          [_thread_blocked, id=16252, stack(0x000000f701a00000,0x000000f701b00000) (1024K)]
  0x0000029c66fa0070 JavaThread "WorkspaceEventsHandler"            [_thread_blocked, id=7552, stack(0x000000f701b00000,0x000000f701c00000) (1024K)]
  0x0000029c66fa1420 JavaThread "pool-1-thread-1"                   [_thread_blocked, id=19904, stack(0x000000f701c00000,0x000000f701d00000) (1024K)]
  0x0000029c66fa1ab0 JavaThread "Worker-6"                          [_thread_blocked, id=20868, stack(0x000000f701d00000,0x000000f701e00000) (1024K)]
  0x0000029c66fa3b80 JavaThread "LocalFile Deleter"          daemon [_thread_blocked, id=5312, stack(0x000000f701e00000,0x000000f701f00000) (1024K)]
  0x0000029c66fa34f0 JavaThread "LocalFile Deleter"          daemon [_thread_blocked, id=4244, stack(0x000000f701f00000,0x000000f702000000) (1024K)]
  0x0000029c66fa4210 JavaThread "LocalFile Deleter"          daemon [_thread_blocked, id=11720, stack(0x000000f702000000,0x000000f702100000) (1024K)]
  0x0000029c66fa4f30 JavaThread "LocalFile Deleter"          daemon [_thread_blocked, id=5416, stack(0x000000f702100000,0x000000f702200000) (1024K)]
  0x0000029c66fa55c0 JavaThread "LocalFile Deleter"          daemon [_thread_blocked, id=27604, stack(0x000000f702200000,0x000000f702300000) (1024K)]
  0x0000029c66fa27d0 JavaThread "LocalFile Deleter"          daemon [_thread_blocked, id=27304, stack(0x000000f702300000,0x000000f702400000) (1024K)]
  0x0000029c66fa2140 JavaThread "LocalFile Deleter"          daemon [_thread_blocked, id=13740, stack(0x000000f702400000,0x000000f702500000) (1024K)]
  0x0000029c66fa2e60 JavaThread "LocalFile Deleter"          daemon [_thread_blocked, id=12376, stack(0x000000f702500000,0x000000f702600000) (1024K)]
  0x0000029c66fa48a0 JavaThread "LocalFile Deleter"          daemon [_thread_blocked, id=21976, stack(0x000000f702600000,0x000000f702700000) (1024K)]
  0x0000029c67bafc00 JavaThread "LocalFile Deleter"          daemon [_thread_blocked, id=10440, stack(0x000000f702700000,0x000000f702800000) (1024K)]
  0x0000029c67bb0fb0 JavaThread "Compiler Source File Reader" daemon [_thread_blocked, id=19084, stack(0x000000f702800000,0x000000f702900000) (1024K)]
  0x0000029c67bb0290 JavaThread "Compiler Source File Reader" daemon [_thread_blocked, id=5476, stack(0x000000f702900000,0x000000f702a00000) (1024K)]
  0x0000029c67bb0920 JavaThread "Compiler Source File Reader" daemon [_thread_blocked, id=5796, stack(0x000000f702a00000,0x000000f702b00000) (1024K)]
  0x0000029c67badb30 JavaThread "Compiler Source File Reader" daemon [_thread_blocked, id=16988, stack(0x000000f702b00000,0x000000f702c00000) (1024K)]
  0x0000029c67bb1640 JavaThread "Compiler Source File Reader" daemon [_thread_blocked, id=6628, stack(0x000000f702c00000,0x000000f702d00000) (1024K)]
  0x0000029c67bae1c0 JavaThread "Compiler Source File Reader" daemon [_thread_blocked, id=12776, stack(0x000000f702d00000,0x000000f702e00000) (1024K)]
  0x0000029c67bb1cd0 JavaThread "Compiler Source File Reader" daemon [_thread_blocked, id=21688, stack(0x000000f702e00000,0x000000f702f00000) (1024K)]
  0x0000029c67bae850 JavaThread "Compiler Source File Reader" daemon [_thread_blocked, id=17232, stack(0x000000f702f00000,0x000000f703000000) (1024K)]
  0x0000029c67bb2360 JavaThread "Compiler Source File Reader" daemon [_thread_blocked, id=20756, stack(0x000000f703000000,0x000000f703100000) (1024K)]
  0x0000029c67baeee0 JavaThread "Compiler Source File Reader" daemon [_thread_blocked, id=25936, stack(0x000000f703100000,0x000000f703200000) (1024K)]
Total: 65

Other Threads:
  0x0000029c07f548e0 VMThread "VM Thread"                           [id=12984, stack(0x000000f77e500000,0x000000f77e600000) (1024K)]
  0x0000029c07e4c8d0 WatcherThread "VM Periodic Task Thread"        [id=27068, stack(0x000000f77e400000,0x000000f77e500000) (1024K)]
  0x0000029c07fe4380 WorkerThread "GC Thread#0"                     [id=18488, stack(0x000000f77e300000,0x000000f77e400000) (1024K)]
  0x0000029c660e1060 WorkerThread "GC Thread#1"                     [id=12164, stack(0x000000f77f200000,0x000000f77f300000) (1024K)]
  0x0000029c660e1f20 WorkerThread "GC Thread#2"                     [id=25096, stack(0x000000f77f300000,0x000000f77f400000) (1024K)]
  0x0000029c660e1b70 WorkerThread "GC Thread#3"                     [id=20364, stack(0x000000f77f400000,0x000000f77f500000) (1024K)]
  0x0000029c660e22d0 WorkerThread "GC Thread#4"                     [id=13400, stack(0x000000f77f500000,0x000000f77f600000) (1024K)]
  0x0000029c660e1410 WorkerThread "GC Thread#5"                     [id=22736, stack(0x000000f77f600000,0x000000f77f700000) (1024K)]
  0x0000029c660e17c0 WorkerThread "GC Thread#6"                     [id=6496, stack(0x000000f77f700000,0x000000f77f800000) (1024K)]
  0x0000029c668d2da0 WorkerThread "GC Thread#7"                     [id=15376, stack(0x000000f77f900000,0x000000f77fa00000) (1024K)]
  0x0000029c668d3150 WorkerThread "GC Thread#8"                     [id=17708, stack(0x000000f77fd00000,0x000000f77fe00000) (1024K)]
  0x0000029c668d2290 WorkerThread "GC Thread#9"                     [id=21728, stack(0x000000f77fe00000,0x000000f77ff00000) (1024K)]
Total: 12

Threads with active compile tasks:
C2 CompilerThread0  8713 6939   !   4       org.eclipse.jdt.internal.compiler.classfmt.ClassFileReader::<init> (1968 bytes)
C2 CompilerThread1  8713 5486   !   4       sun.nio.cs.StreamDecoder::read (78 bytes)
C2 CompilerThread2  8713 6935   !   4       org.eclipse.jdt.internal.core.search.indexing.BinaryIndexer::indexDocument (1172 bytes)
Total: 3

VM state: not at safepoint (normal execution)

VM Mutex/Monitor currently owned by a thread: None

Heap address: 0x0000000080000000, size: 2048 MB, Compressed Oops mode: 32-bit

CDS archive(s) mapped at: [0x0000029c1f000000-0x0000029c1fba0000-0x0000029c1fba0000), size 12189696, SharedBaseAddress: 0x0000029c1f000000, ArchiveRelocationMode: 1.
Compressed class space mapped at: 0x0000029c20000000-0x0000029c60000000, reserved size: 1073741824
Narrow klass base: 0x0000029c1f000000, Narrow klass shift: 0, Narrow klass range: 0x100000000

GC Precious Log:
 CardTable entry size: 512
 CPUs: 12 total, 12 available
 Memory: 7863M
 Large Page Support: Disabled
 NUMA Support: Disabled
 Compressed Oops: Enabled (32-bit)
 Alignments: Space 512K, Generation 512K, Heap 2M
 Heap Min Capacity: 100M
 Heap Initial Capacity: 100M
 Heap Max Capacity: 2G
 Pre-touch: Disabled
 Parallel Workers: 10

Heap:
 PSYoungGen      total 10240K, used 3043K [0x00000000d5580000, 0x00000000d6180000, 0x0000000100000000)
  eden space 8192K, 13% used [0x00000000d5580000,0x00000000d5695dc0,0x00000000d5d80000)
  from space 2048K, 94% used [0x00000000d5f80000,0x00000000d61631f0,0x00000000d6180000)
  to   space 2048K, 0% used [0x00000000d5d80000,0x00000000d5d80000,0x00000000d5f80000)
 ParOldGen       total 169472K, used 169028K [0x0000000080000000, 0x000000008a580000, 0x00000000d5580000)
  object space 169472K, 99% used [0x0000000080000000,0x000000008a5113e8,0x000000008a580000)
 Metaspace       used 51656K, committed 52928K, reserved 1114112K
  class space    used 5693K, committed 6272K, reserved 1048576K

Card table byte_map: [0x0000029c07960000,0x0000029c07d70000] _byte_map_base: 0x0000029c07560000

Marking Bits: (ParMarkBitMap*) 0x00007ffcbe0a4460
 Begin Bits: [0x0000029c1a470000, 0x0000029c1c470000)
 End Bits:   [0x0000029c1c470000, 0x0000029c1e470000)

Polling page: 0x0000029c05b70000

Metaspace:

Usage:
  Non-class:     44.89 MB used.
      Class:      5.56 MB used.
       Both:     50.45 MB used.

Virtual space:
  Non-class space:       64.00 MB reserved,      45.56 MB ( 71%) committed,  1 nodes.
      Class space:        1.00 GB reserved,       6.12 MB ( <1%) committed,  1 nodes.
             Both:        1.06 GB reserved,      51.69 MB (  5%) committed. 

Chunk freelists:
   Non-Class:  2.38 MB
       Class:  9.72 MB
        Both:  12.09 MB

MaxMetaspaceSize: unlimited
CompressedClassSpaceSize: 1.00 GB
Initial GC threshold: 21.00 MB
Current GC threshold: 58.38 MB
CDS: on
 - commit_granule_bytes: 65536.
 - commit_granule_words: 8192.
 - virtual_space_node_default_size: 8388608.
 - enlarge_chunks_in_place: 1.
 - use_allocation_guard: 0.


Internal statistics:

num_allocs_failed_limit: 6.
num_arena_births: 1032.
num_arena_deaths: 14.
num_vsnodes_births: 2.
num_vsnodes_deaths: 0.
num_space_committed: 827.
num_space_uncommitted: 0.
num_chunks_returned_to_freelist: 20.
num_chunks_taken_from_freelist: 3471.
num_chunk_merges: 12.
num_chunk_splits: 2109.
num_chunks_enlarged: 1152.
num_inconsistent_stats: 0.

CodeHeap 'non-profiled nmethods': size=120000Kb used=3334Kb max_used=3334Kb free=116665Kb
 bounds [0x0000029c12c90000, 0x0000029c12fe0000, 0x0000029c1a1c0000]
CodeHeap 'profiled nmethods': size=120000Kb used=12742Kb max_used=12742Kb free=107257Kb
 bounds [0x0000029c0b1c0000, 0x0000029c0be40000, 0x0000029c126f0000]
CodeHeap 'non-nmethods': size=5760Kb used=1427Kb max_used=1455Kb free=4332Kb
 bounds [0x0000029c126f0000, 0x0000029c12960000, 0x0000029c12c90000]
CodeCache: size=245760Kb, used=17503Kb, max_used=17531Kb, free=228254Kb
 total_blobs=7169, nmethods=6466, adapters=606, full_count=0
Compilation: enabled, stopped_count=0, restarted_count=0

Compilation events (20 events):
Event: 8.635 Thread 0x0000029c07f6de10 7133   !   2       java.security.AccessController::doPrivileged (22 bytes)
Event: 8.635 Thread 0x0000029c07f6de10 nmethod 7133 0x0000029c0be2ba90 code [0x0000029c0be2bc60, 0x0000029c0be2be90]
Event: 8.648 Thread 0x0000029c07f6de10 7137       2       org.eclipse.osgi.internal.debug.Debug::dynamicPackage (45 bytes)
Event: 8.648 Thread 0x0000029c07f6de10 nmethod 7137 0x0000029c0be2c010 code [0x0000029c0be2c1e0, 0x0000029c0be2c3e0]
Event: 8.654 Thread 0x0000029c07f6de10 7138       2       sun.net.www.protocol.jar.URLJarFile::getEntry (69 bytes)
Event: 8.655 Thread 0x0000029c07f6de10 nmethod 7138 0x0000029c0be2c490 code [0x0000029c0be2c720, 0x0000029c0be2ceb8]
Event: 8.656 Thread 0x0000029c07f6de10 7139   !   2       org.eclipse.osgi.internal.loader.BundleLoader::findDynamicSource (183 bytes)
Event: 8.657 Thread 0x0000029c07f6de10 nmethod 7139 0x0000029c0be2d290 code [0x0000029c0be2d600, 0x0000029c0be2e110]
Event: 8.657 Thread 0x0000029c07f6de10 7140       2       sun.net.www.protocol.jar.Handler::newURL (9 bytes)
Event: 8.658 Thread 0x0000029c07f6de10 nmethod 7140 0x0000029c0be2e990 code [0x0000029c0be2eb40, 0x0000029c0be2ecd8]
Event: 8.661 Thread 0x0000029c07f6de10 7141       2       java.util.Arrays::copyOf (33 bytes)
Event: 8.661 Thread 0x0000029c07f6de10 nmethod 7141 0x0000029c0be2ed90 code [0x0000029c0be2ef60, 0x0000029c0be2f218]
Event: 8.666 Thread 0x0000029c07f6de10 7142       2       java.lang.PublicMethods::merge (81 bytes)
Event: 8.667 Thread 0x0000029c07f6de10 nmethod 7142 0x0000029c0be2f390 code [0x0000029c0be2f580, 0x0000029c0be2f950]
Event: 8.667 Thread 0x0000029c07f6de10 7144       2       java.lang.WeakPairMap$Pair$Lookup::hashCode (12 bytes)
Event: 8.667 Thread 0x0000029c07f6de10 nmethod 7144 0x0000029c0be2fc10 code [0x0000029c0be2fdc0, 0x0000029c0be2ff10]
Event: 8.667 Thread 0x0000029c07f6de10 7143       2       java.lang.PublicMethods$Key::<init> (24 bytes)
Event: 8.667 Thread 0x0000029c07f6de10 nmethod 7143 0x0000029c0be30010 code [0x0000029c0be301a0, 0x0000029c0be302e0]
Event: 8.678 Thread 0x0000029c07f6de10 7145       2       sun.net.www.protocol.jar.URLJarFile::isFileURL (50 bytes)
Event: 8.679 Thread 0x0000029c07f6de10 nmethod 7145 0x0000029c0be30410 code [0x0000029c0be305e0, 0x0000029c0be307e0]

GC Heap History (20 events):
Event: 8.352 GC heap before
{Heap before GC invocations=70 (full 2):
 PSYoungGen      total 12800K, used 12429K [0x00000000d5580000, 0x00000000d6480000, 0x0000000100000000)
  eden space 10240K, 99% used [0x00000000d5580000,0x00000000d5f72c10,0x00000000d5f80000)
  from space 2560K, 87% used [0x00000000d5f80000,0x00000000d61b0ab0,0x00000000d6200000)
  to   space 2560K, 0% used [0x00000000d6200000,0x00000000d6200000,0x00000000d6480000)
 ParOldGen       total 148480K, used 148235K [0x0000000080000000, 0x0000000089100000, 0x00000000d5580000)
  object space 148480K, 99% used [0x0000000080000000,0x00000000890c2f30,0x0000000089100000)
 Metaspace       used 51154K, committed 52480K, reserved 1114112K
  class space    used 5616K, committed 6208K, reserved 1048576K
}
Event: 8.355 GC heap after
{Heap after GC invocations=70 (full 2):
 PSYoungGen      total 12800K, used 2056K [0x00000000d5580000, 0x00000000d6480000, 0x0000000100000000)
  eden space 10240K, 0% used [0x00000000d5580000,0x00000000d5580000,0x00000000d5f80000)
  from space 2560K, 80% used [0x00000000d6200000,0x00000000d64021d8,0x00000000d6480000)
  to   space 2560K, 0% used [0x00000000d5f80000,0x00000000d5f80000,0x00000000d6200000)
 ParOldGen       total 150528K, used 150311K [0x0000000080000000, 0x0000000089300000, 0x00000000d5580000)
  object space 150528K, 99% used [0x0000000080000000,0x00000000892c9fd8,0x0000000089300000)
 Metaspace       used 51154K, committed 52480K, reserved 1114112K
  class space    used 5616K, committed 6208K, reserved 1048576K
}
Event: 8.398 GC heap before
{Heap before GC invocations=71 (full 2):
 PSYoungGen      total 12800K, used 12296K [0x00000000d5580000, 0x00000000d6480000, 0x0000000100000000)
  eden space 10240K, 100% used [0x00000000d5580000,0x00000000d5f80000,0x00000000d5f80000)
  from space 2560K, 80% used [0x00000000d6200000,0x00000000d64021d8,0x00000000d6480000)
  to   space 2560K, 0% used [0x00000000d5f80000,0x00000000d5f80000,0x00000000d6200000)
 ParOldGen       total 150528K, used 150311K [0x0000000080000000, 0x0000000089300000, 0x00000000d5580000)
  object space 150528K, 99% used [0x0000000080000000,0x00000000892c9fd8,0x0000000089300000)
 Metaspace       used 51231K, committed 52544K, reserved 1114112K
  class space    used 5623K, committed 6208K, reserved 1048576K
}
Event: 8.402 GC heap after
{Heap after GC invocations=71 (full 2):
 PSYoungGen      total 12800K, used 2420K [0x00000000d5580000, 0x00000000d6480000, 0x0000000100000000)
  eden space 10240K, 0% used [0x00000000d5580000,0x00000000d5580000,0x00000000d5f80000)
  from space 2560K, 94% used [0x00000000d5f80000,0x00000000d61dd150,0x00000000d6200000)
  to   space 2560K, 0% used [0x00000000d6200000,0x00000000d6200000,0x00000000d6480000)
 ParOldGen       total 152576K, used 152243K [0x0000000080000000, 0x0000000089500000, 0x00000000d5580000)
  object space 152576K, 99% used [0x0000000080000000,0x00000000894acd00,0x0000000089500000)
 Metaspace       used 51231K, committed 52544K, reserved 1114112K
  class space    used 5623K, committed 6208K, reserved 1048576K
}
Event: 8.434 GC heap before
{Heap before GC invocations=72 (full 2):
 PSYoungGen      total 12800K, used 12660K [0x00000000d5580000, 0x00000000d6480000, 0x0000000100000000)
  eden space 10240K, 100% used [0x00000000d5580000,0x00000000d5f80000,0x00000000d5f80000)
  from space 2560K, 94% used [0x00000000d5f80000,0x00000000d61dd150,0x00000000d6200000)
  to   space 2560K, 0% used [0x00000000d6200000,0x00000000d6200000,0x00000000d6480000)
 ParOldGen       total 152576K, used 152243K [0x0000000080000000, 0x0000000089500000, 0x00000000d5580000)
  object space 152576K, 99% used [0x0000000080000000,0x00000000894acd00,0x0000000089500000)
 Metaspace       used 51307K, committed 52608K, reserved 1114112K
  class space    used 5631K, committed 6208K, reserved 1048576K
}
Event: 8.438 GC heap after
{Heap after GC invocations=72 (full 2):
 PSYoungGen      total 12800K, used 1992K [0x00000000d5580000, 0x00000000d6480000, 0x0000000100000000)
  eden space 10240K, 0% used [0x00000000d5580000,0x00000000d5580000,0x00000000d5f80000)
  from space 2560K, 77% used [0x00000000d6200000,0x00000000d63f2118,0x00000000d6480000)
  to   space 2560K, 0% used [0x00000000d5f80000,0x00000000d5f80000,0x00000000d6200000)
 ParOldGen       total 154624K, used 154383K [0x0000000080000000, 0x0000000089700000, 0x00000000d5580000)
  object space 154624K, 99% used [0x0000000080000000,0x00000000896c3eb8,0x0000000089700000)
 Metaspace       used 51307K, committed 52608K, reserved 1114112K
  class space    used 5631K, committed 6208K, reserved 1048576K
}
Event: 8.467 GC heap before
{Heap before GC invocations=73 (full 2):
 PSYoungGen      total 12800K, used 12232K [0x00000000d5580000, 0x00000000d6480000, 0x0000000100000000)
  eden space 10240K, 100% used [0x00000000d5580000,0x00000000d5f80000,0x00000000d5f80000)
  from space 2560K, 77% used [0x00000000d6200000,0x00000000d63f2118,0x00000000d6480000)
  to   space 2560K, 0% used [0x00000000d5f80000,0x00000000d5f80000,0x00000000d6200000)
 ParOldGen       total 154624K, used 154383K [0x0000000080000000, 0x0000000089700000, 0x00000000d5580000)
  object space 154624K, 99% used [0x0000000080000000,0x00000000896c3eb8,0x0000000089700000)
 Metaspace       used 51339K, committed 52672K, reserved 1114112K
  class space    used 5643K, committed 6208K, reserved 1048576K
}
Event: 8.469 GC heap after
{Heap after GC invocations=73 (full 2):
 PSYoungGen      total 12800K, used 2052K [0x00000000d5580000, 0x00000000d6480000, 0x0000000100000000)
  eden space 10240K, 0% used [0x00000000d5580000,0x00000000d5580000,0x00000000d5f80000)
  from space 2560K, 80% used [0x00000000d5f80000,0x00000000d61811a8,0x00000000d6200000)
  to   space 2560K, 0% used [0x00000000d6200000,0x00000000d6200000,0x00000000d6480000)
 ParOldGen       total 156672K, used 156229K [0x0000000080000000, 0x0000000089900000, 0x00000000d5580000)
  object space 156672K, 99% used [0x0000000080000000,0x00000000898914f0,0x0000000089900000)
 Metaspace       used 51339K, committed 52672K, reserved 1114112K
  class space    used 5643K, committed 6208K, reserved 1048576K
}
Event: 8.503 GC heap before
{Heap before GC invocations=74 (full 2):
 PSYoungGen      total 12800K, used 12292K [0x00000000d5580000, 0x00000000d6480000, 0x0000000100000000)
  eden space 10240K, 100% used [0x00000000d5580000,0x00000000d5f80000,0x00000000d5f80000)
  from space 2560K, 80% used [0x00000000d5f80000,0x00000000d61811a8,0x00000000d6200000)
  to   space 2560K, 0% used [0x00000000d6200000,0x00000000d6200000,0x00000000d6480000)
 ParOldGen       total 156672K, used 156229K [0x0000000080000000, 0x0000000089900000, 0x00000000d5580000)
  object space 156672K, 99% used [0x0000000080000000,0x00000000898914f0,0x0000000089900000)
 Metaspace       used 51368K, committed 52672K, reserved 1114112K
  class space    used 5657K, committed 6208K, reserved 1048576K
}
Event: 8.505 GC heap after
{Heap after GC invocations=74 (full 2):
 PSYoungGen      total 12288K, used 1889K [0x00000000d5580000, 0x00000000d6400000, 0x0000000100000000)
  eden space 10240K, 0% used [0x00000000d5580000,0x00000000d5580000,0x00000000d5f80000)
  from space 2048K, 92% used [0x00000000d6200000,0x00000000d63d87c8,0x00000000d6400000)
  to   space 2048K, 0% used [0x00000000d6000000,0x00000000d6000000,0x00000000d6200000)
 ParOldGen       total 158208K, used 158130K [0x0000000080000000, 0x0000000089a80000, 0x00000000d5580000)
  object space 158208K, 99% used [0x0000000080000000,0x0000000089a6c960,0x0000000089a80000)
 Metaspace       used 51368K, committed 52672K, reserved 1114112K
  class space    used 5657K, committed 6208K, reserved 1048576K
}
Event: 8.535 GC heap before
{Heap before GC invocations=75 (full 2):
 PSYoungGen      total 12288K, used 12129K [0x00000000d5580000, 0x00000000d6400000, 0x0000000100000000)
  eden space 10240K, 100% used [0x00000000d5580000,0x00000000d5f80000,0x00000000d5f80000)
  from space 2048K, 92% used [0x00000000d6200000,0x00000000d63d87c8,0x00000000d6400000)
  to   space 2048K, 0% used [0x00000000d6000000,0x00000000d6000000,0x00000000d6200000)
 ParOldGen       total 158208K, used 158130K [0x0000000080000000, 0x0000000089a80000, 0x00000000d5580000)
  object space 158208K, 99% used [0x0000000080000000,0x0000000089a6c960,0x0000000089a80000)
 Metaspace       used 51405K, committed 52736K, reserved 1114112K
  class space    used 5670K, committed 6272K, reserved 1048576K
}
Event: 8.537 GC heap after
{Heap after GC invocations=75 (full 2):
 PSYoungGen      total 12288K, used 1881K [0x00000000d5580000, 0x00000000d6380000, 0x0000000100000000)
  eden space 10240K, 0% used [0x00000000d5580000,0x00000000d5580000,0x00000000d5f80000)
  from space 2048K, 91% used [0x00000000d6000000,0x00000000d61d67e8,0x00000000d6200000)
  to   space 1536K, 0% used [0x00000000d6200000,0x00000000d6200000,0x00000000d6380000)
 ParOldGen       total 160256K, used 159878K [0x0000000080000000, 0x0000000089c80000, 0x00000000d5580000)
  object space 160256K, 99% used [0x0000000080000000,0x0000000089c21a38,0x0000000089c80000)
 Metaspace       used 51405K, committed 52736K, reserved 1114112K
  class space    used 5670K, committed 6272K, reserved 1048576K
}
Event: 8.572 GC heap before
{Heap before GC invocations=76 (full 2):
 PSYoungGen      total 12288K, used 12121K [0x00000000d5580000, 0x00000000d6380000, 0x0000000100000000)
  eden space 10240K, 100% used [0x00000000d5580000,0x00000000d5f80000,0x00000000d5f80000)
  from space 2048K, 91% used [0x00000000d6000000,0x00000000d61d67e8,0x00000000d6200000)
  to   space 1536K, 0% used [0x00000000d6200000,0x00000000d6200000,0x00000000d6380000)
 ParOldGen       total 160256K, used 159878K [0x0000000080000000, 0x0000000089c80000, 0x00000000d5580000)
  object space 160256K, 99% used [0x0000000080000000,0x0000000089c21a38,0x0000000089c80000)
 Metaspace       used 51460K, committed 52800K, reserved 1114112K
  class space    used 5675K, committed 6272K, reserved 1048576K
}
Event: 8.574 GC heap after
{Heap after GC invocations=76 (full 2):
 PSYoungGen      total 9728K, used 1534K [0x00000000d5580000, 0x00000000d6880000, 0x0000000100000000)
  eden space 8192K, 0% used [0x00000000d5580000,0x00000000d5580000,0x00000000d5d80000)
  from space 1536K, 99% used [0x00000000d6200000,0x00000000d637faa8,0x00000000d6380000)
  to   space 4608K, 0% used [0x00000000d5d80000,0x00000000d5d80000,0x00000000d6200000)
 ParOldGen       total 162304K, used 162193K [0x0000000080000000, 0x0000000089e80000, 0x00000000d5580000)
  object space 162304K, 99% used [0x0000000080000000,0x0000000089e647e0,0x0000000089e80000)
 Metaspace       used 51460K, committed 52800K, reserved 1114112K
  class space    used 5675K, committed 6272K, reserved 1048576K
}
Event: 8.620 GC heap before
{Heap before GC invocations=77 (full 2):
 PSYoungGen      total 9728K, used 9726K [0x00000000d5580000, 0x00000000d6880000, 0x0000000100000000)
  eden space 8192K, 100% used [0x00000000d5580000,0x00000000d5d80000,0x00000000d5d80000)
  from space 1536K, 99% used [0x00000000d6200000,0x00000000d637faa8,0x00000000d6380000)
  to   space 4608K, 0% used [0x00000000d5d80000,0x00000000d5d80000,0x00000000d6200000)
 ParOldGen       total 162304K, used 162193K [0x0000000080000000, 0x0000000089e80000, 0x00000000d5580000)
  object space 162304K, 99% used [0x0000000080000000,0x0000000089e647e0,0x0000000089e80000)
 Metaspace       used 51497K, committed 52800K, reserved 1114112K
  class space    used 5680K, committed 6272K, reserved 1048576K
}
Event: 8.622 GC heap after
{Heap after GC invocations=77 (full 2):
 PSYoungGen      total 10240K, used 1918K [0x00000000d5580000, 0x00000000d6380000, 0x0000000100000000)
  eden space 8192K, 0% used [0x00000000d5580000,0x00000000d5580000,0x00000000d5d80000)
  from space 2048K, 93% used [0x00000000d5d80000,0x00000000d5f5f928,0x00000000d5f80000)
  to   space 3072K, 0% used [0x00000000d6080000,0x00000000d6080000,0x00000000d6380000)
 ParOldGen       total 163840K, used 163726K [0x0000000080000000, 0x000000008a000000, 0x00000000d5580000)
  object space 163840K, 99% used [0x0000000080000000,0x0000000089fe3bc8,0x000000008a000000)
 Metaspace       used 51497K, committed 52800K, reserved 1114112K
  class space    used 5680K, committed 6272K, reserved 1048576K
}
Event: 8.649 GC heap before
{Heap before GC invocations=78 (full 2):
 PSYoungGen      total 10240K, used 10110K [0x00000000d5580000, 0x00000000d6380000, 0x0000000100000000)
  eden space 8192K, 100% used [0x00000000d5580000,0x00000000d5d80000,0x00000000d5d80000)
  from space 2048K, 93% used [0x00000000d5d80000,0x00000000d5f5f928,0x00000000d5f80000)
  to   space 3072K, 0% used [0x00000000d6080000,0x00000000d6080000,0x00000000d6380000)
 ParOldGen       total 163840K, used 163726K [0x0000000080000000, 0x000000008a000000, 0x00000000d5580000)
  object space 163840K, 99% used [0x0000000080000000,0x0000000089fe3bc8,0x000000008a000000)
 Metaspace       used 51529K, committed 52864K, reserved 1114112K
  class space    used 5684K, committed 6272K, reserved 1048576K
}
Event: 8.652 GC heap after
{Heap after GC invocations=78 (full 2):
 PSYoungGen      total 10240K, used 1821K [0x00000000d5580000, 0x00000000d6280000, 0x0000000100000000)
  eden space 8192K, 0% used [0x00000000d5580000,0x00000000d5580000,0x00000000d5d80000)
  from space 2048K, 88% used [0x00000000d6080000,0x00000000d6247600,0x00000000d6280000)
  to   space 2048K, 0% used [0x00000000d5d80000,0x00000000d5d80000,0x00000000d5f80000)
 ParOldGen       total 165888K, used 165503K [0x0000000080000000, 0x000000008a200000, 0x00000000d5580000)
  object space 165888K, 99% used [0x0000000080000000,0x000000008a19fe48,0x000000008a200000)
 Metaspace       used 51529K, committed 52864K, reserved 1114112K
  class space    used 5684K, committed 6272K, reserved 1048576K
}
Event: 8.674 GC heap before
{Heap before GC invocations=79 (full 2):
 PSYoungGen      total 10240K, used 10013K [0x00000000d5580000, 0x00000000d6280000, 0x0000000100000000)
  eden space 8192K, 100% used [0x00000000d5580000,0x00000000d5d80000,0x00000000d5d80000)
  from space 2048K, 88% used [0x00000000d6080000,0x00000000d6247600,0x00000000d6280000)
  to   space 2048K, 0% used [0x00000000d5d80000,0x00000000d5d80000,0x00000000d5f80000)
 ParOldGen       total 165888K, used 165503K [0x0000000080000000, 0x000000008a200000, 0x00000000d5580000)
  object space 165888K, 99% used [0x0000000080000000,0x000000008a19fe48,0x000000008a200000)
 Metaspace       used 51558K, committed 52864K, reserved 1114112K
  class space    used 5688K, committed 6272K, reserved 1048576K
}
Event: 8.677 GC heap after
{Heap after GC invocations=79 (full 2):
 PSYoungGen      total 10240K, used 1985K [0x00000000d5580000, 0x00000000d6180000, 0x0000000100000000)
  eden space 8192K, 0% used [0x00000000d5580000,0x00000000d5580000,0x00000000d5d80000)
  from space 2048K, 96% used [0x00000000d5d80000,0x00000000d5f70720,0x00000000d5f80000)
  to   space 2048K, 0% used [0x00000000d5f80000,0x00000000d5f80000,0x00000000d6180000)
 ParOldGen       total 167424K, used 167216K [0x0000000080000000, 0x000000008a380000, 0x00000000d5580000)
  object space 167424K, 99% used [0x0000000080000000,0x000000008a34c3b8,0x000000008a380000)
 Metaspace       used 51558K, committed 52864K, reserved 1114112K
  class space    used 5688K, committed 6272K, reserved 1048576K
}

Dll operation events (10 events):
Event: 0.008 Loaded shared library c:\Users\devad\.amypocoder\extensions\redhat.java-1.55.0-win32-x64\jre\21.0.11-win32-x86_64\bin\java.dll
Event: 0.051 Loaded shared library c:\Users\devad\.amypocoder\extensions\redhat.java-1.55.0-win32-x64\jre\21.0.11-win32-x86_64\bin\zip.dll
Event: 0.065 Loaded shared library C:\Users\devad\.amypocoder\extensions\redhat.java-1.55.0-win32-x64\jre\21.0.11-win32-x86_64\bin\instrument.dll
Event: 0.068 Loaded shared library C:\Users\devad\.amypocoder\extensions\redhat.java-1.55.0-win32-x64\jre\21.0.11-win32-x86_64\bin\net.dll
Event: 0.070 Loaded shared library C:\Users\devad\.amypocoder\extensions\redhat.java-1.55.0-win32-x64\jre\21.0.11-win32-x86_64\bin\nio.dll
Event: 0.072 Loaded shared library C:\Users\devad\.amypocoder\extensions\redhat.java-1.55.0-win32-x64\jre\21.0.11-win32-x86_64\bin\zip.dll
Event: 0.083 Loaded shared library C:\Users\devad\.amypocoder\extensions\redhat.java-1.55.0-win32-x64\jre\21.0.11-win32-x86_64\bin\jimage.dll
Event: 0.131 Loaded shared library c:\Users\devad\.amypocoder\extensions\redhat.java-1.55.0-win32-x64\jre\21.0.11-win32-x86_64\bin\verify.dll
Event: 1.240 Loaded shared library C:\Users\devad\AppData\Roaming\AmypoCoder\User\globalStorage\redhat.java\1.55.0\config_win\org.eclipse.equinox.launcher\org.eclipse.equinox.launcher.win32.win32.x86_64_1.3.100.v20260613-0559\eclipse_11924.dll
Event: 4.146 Loaded shared library C:\Users\devad\AppData\Local\Temp\jna-95477496\jna8361162463190926204.dll

Deoptimization events (20 events):
Event: 8.525 Thread 0x0000029c674b9830 DEOPT PACKING pc=0x0000029c0b22c1dd sp=0x000000f7007fea80
Event: 8.525 Thread 0x0000029c674b9830 DEOPT UNPACKING pc=0x0000029c12744242 sp=0x000000f7007fdff8 mode 0
Event: 8.544 Thread 0x0000029c674b9830 DEOPT PACKING pc=0x0000029c0b22c1dd sp=0x000000f7007fea80
Event: 8.545 Thread 0x0000029c674b9830 DEOPT UNPACKING pc=0x0000029c12744242 sp=0x000000f7007fdff8 mode 0
Event: 8.564 Thread 0x0000029c674b9830 DEOPT PACKING pc=0x0000029c0b22c1dd sp=0x000000f7007fea80
Event: 8.564 Thread 0x0000029c674b9830 DEOPT UNPACKING pc=0x0000029c12744242 sp=0x000000f7007fdff8 mode 0
Event: 8.576 Thread 0x0000029c674b8b10 DEOPT PACKING pc=0x0000029c0bab1dc6 sp=0x000000f7002fb3d0
Event: 8.576 Thread 0x0000029c674b8b10 DEOPT UNPACKING pc=0x0000029c12744242 sp=0x000000f7002fa950 mode 0
Event: 8.584 Thread 0x0000029c674b9830 DEOPT PACKING pc=0x0000029c0b22c1dd sp=0x000000f7007fea80
Event: 8.584 Thread 0x0000029c674b9830 DEOPT UNPACKING pc=0x0000029c12744242 sp=0x000000f7007fdff8 mode 0
Event: 8.601 Thread 0x0000029c674b9830 DEOPT PACKING pc=0x0000029c0b22c1dd sp=0x000000f7007fea80
Event: 8.601 Thread 0x0000029c674b9830 DEOPT UNPACKING pc=0x0000029c12744242 sp=0x000000f7007fdff8 mode 0
Event: 8.640 Thread 0x0000029c674b9830 DEOPT PACKING pc=0x0000029c0b22c1dd sp=0x000000f7007fea80
Event: 8.640 Thread 0x0000029c674b9830 DEOPT UNPACKING pc=0x0000029c12744242 sp=0x000000f7007fdff8 mode 0
Event: 8.657 Thread 0x0000029c674b8b10 DEOPT PACKING pc=0x0000029c0b700eb9 sp=0x000000f7002fc6b0
Event: 8.657 Thread 0x0000029c674b8b10 DEOPT UNPACKING pc=0x0000029c12744242 sp=0x000000f7002fbbb0 mode 0
Event: 8.671 Thread 0x0000029c674b9830 DEOPT PACKING pc=0x0000029c0b22c1dd sp=0x000000f7007fea80
Event: 8.671 Thread 0x0000029c674b9830 DEOPT UNPACKING pc=0x0000029c12744242 sp=0x000000f7007fdff8 mode 0
Event: 8.672 Thread 0x0000029c674b8b10 DEOPT PACKING pc=0x0000029c0bcce63c sp=0x000000f7002fb050
Event: 8.673 Thread 0x0000029c674b8b10 DEOPT UNPACKING pc=0x0000029c12744242 sp=0x000000f7002fa570 mode 0

Classes loaded (20 events):
Event: 7.480 Loading class jdk/internal/org/objectweb/asm/ClassReader
Event: 7.481 Loading class jdk/internal/org/objectweb/asm/ClassReader done
Event: 7.953 Loading class java/lang/ProcessEnvironment$CheckedKeySet
Event: 7.953 Loading class java/lang/ProcessEnvironment$CheckedKeySet done
Event: 8.079 Loading class java/util/concurrent/CompletableFuture$AltResult
Event: 8.079 Loading class java/util/concurrent/CompletableFuture$AltResult done
Event: 8.079 Loading class java/util/concurrent/CompletableFuture$Completion
Event: 8.079 Loading class java/util/concurrent/CompletableFuture$AsynchronousCompletionTask
Event: 8.080 Loading class java/util/concurrent/CompletableFuture$AsynchronousCompletionTask done
Event: 8.080 Loading class java/util/concurrent/CompletableFuture$Completion done
Event: 8.226 Loading class java/util/regex/Pattern$Pos
Event: 8.227 Loading class java/util/regex/Pattern$Pos done
Event: 8.261 Loading class java/util/concurrent/ForkJoinTask$AdaptedCallable
Event: 8.261 Loading class java/util/concurrent/ForkJoinTask$AdaptedCallable done
Event: 8.274 Loading class sun/security/provider/MD5
Event: 8.274 Loading class sun/security/provider/MD5 done
Event: 8.274 Loading class sun/security/provider/ByteArrayAccess$LE
Event: 8.274 Loading class sun/security/provider/ByteArrayAccess$LE done
Event: 8.638 Loading class java/util/Vector$1
Event: 8.638 Loading class java/util/Vector$1 done

Classes unloaded (7 events):
Event: 4.540 Thread 0x0000029c07f548e0 Unloading class 0x0000029c201acc00 'java/lang/invoke/LambdaForm$MH+0x0000029c201acc00'
Event: 4.540 Thread 0x0000029c07f548e0 Unloading class 0x0000029c201ac800 'java/lang/invoke/LambdaForm$MH+0x0000029c201ac800'
Event: 4.540 Thread 0x0000029c07f548e0 Unloading class 0x0000029c201ac400 'java/lang/invoke/LambdaForm$MH+0x0000029c201ac400'
Event: 4.540 Thread 0x0000029c07f548e0 Unloading class 0x0000029c201ac000 'java/lang/invoke/LambdaForm$MH+0x0000029c201ac000'
Event: 4.540 Thread 0x0000029c07f548e0 Unloading class 0x0000029c201abc00 'java/lang/invoke/LambdaForm$BMH+0x0000029c201abc00'
Event: 4.540 Thread 0x0000029c07f548e0 Unloading class 0x0000029c201ab800 'java/lang/invoke/LambdaForm$DMH+0x0000029c201ab800'
Event: 4.540 Thread 0x0000029c07f548e0 Unloading class 0x0000029c201aa400 'java/lang/invoke/LambdaForm$DMH+0x0000029c201aa400'

Classes redefined (0 events):
No events

Internal exceptions (20 events):
Event: 5.846 Thread 0x0000029c07fc4fd0 Exception <a 'java/lang/NoSuchMethodError'{0x00000000d697c9d0}: 'void java.lang.invoke.DirectMethodHandle$Holder.invokeSpecial(java.lang.Object, java.lang.Object, java.lang.Object, java.lang.Object, java.lang.Object, java.lang.Object)'> (0x00000000d697c9d0) 
thrown [s\src\hotspot\share\interpreter\linkResolver.cpp, line 773]
Event: 5.848 Thread 0x0000029c07fc4fd0 Exception <a 'java/lang/IncompatibleClassChangeError'{0x00000000d69ac030}: Found class java.lang.Object, but interface was expected> (0x00000000d69ac030) 
thrown [s\src\hotspot\share\interpreter\linkResolver.cpp, line 840]
Event: 5.848 Thread 0x0000029c07fc4fd0 Exception <a 'java/lang/IncompatibleClassChangeError'{0x00000000d69ad1a8}: Found class java.lang.Object, but interface was expected> (0x00000000d69ad1a8) 
thrown [s\src\hotspot\share\interpreter\linkResolver.cpp, line 840]
Event: 5.965 Thread 0x0000029c07fc4fd0 Implicit null exception at 0x0000029c12c91d3a to 0x0000029c12c91d74
Event: 6.219 Thread 0x0000029c66fa1420 Exception <a 'java/io/FileNotFoundException'{0x00000000d6156d80}> (0x00000000d6156d80) 
thrown [s\src\hotspot\share\prims\jni.cpp, line 520]
Event: 6.269 Thread 0x0000029c674b9830 Implicit null exception at 0x0000029c12d8dfe9 to 0x0000029c12d8e1bc
Event: 6.274 Thread 0x0000029c66fa1420 Exception <a 'java/lang/NoSuchMethodError'{0x00000000d6386a58}: 'java.lang.Object java.lang.invoke.DirectMethodHandle$Holder.invokeStatic(java.lang.Object, int, java.lang.Object, java.lang.Object)'> (0x00000000d6386a58) 
thrown [s\src\hotspot\share\interpreter\linkResolver.cpp, line 773]
Event: 6.275 Thread 0x0000029c66fa1420 Exception <a 'java/lang/NoSuchMethodError'{0x00000000d63f00e0}: 'java.lang.Object java.lang.invoke.DelegatingMethodHandle$Holder.delegate(java.lang.Object, int, java.lang.Object, java.lang.Object)'> (0x00000000d63f00e0) 
thrown [s\src\hotspot\share\interpreter\linkResolver.cpp, line 773]
Event: 6.279 Thread 0x0000029c66fa1420 Exception <a 'java/lang/NoSuchMethodError'{0x00000000d6480da8}: 'int java.lang.invoke.Invokers$Holder.linkToTargetMethod(java.lang.Object, java.lang.Object, java.lang.Object)'> (0x00000000d6480da8) 
thrown [s\src\hotspot\share\interpreter\linkResolver.cpp, line 773]
Event: 6.332 Thread 0x0000029c66f9f350 Exception <a 'java/lang/NoClassDefFoundError'{0x00000000d5b58490}: javax/enterprise/inject/Typed> (0x00000000d5b58490) 
thrown [s\src\hotspot\share\classfile\systemDictionary.cpp, line 302]
Event: 7.459 Thread 0x0000029c66f9f350 Exception <a 'java/lang/ExceptionInInitializerError'{0x00000000d5834e60}> (0x00000000d5834e60) 
thrown [s\src\hotspot\share\oops\instanceKlass.cpp, line 1218]
Event: 7.482 Thread 0x0000029c66f9f350 Implicit null exception at 0x0000029c12dd0dfe to 0x0000029c12dd1070
Event: 7.482 Thread 0x0000029c66f9f350 Implicit null exception at 0x0000029c12d4ad9c to 0x0000029c12d4bcb8
Event: 7.484 Thread 0x0000029c66f9f350 Exception <a 'java/lang/NoSuchMethodError'{0x00000000d5fc5618}: 'java.lang.Object java.lang.invoke.Invokers$Holder.invokeExact_MT(java.lang.Object, int, java.lang.Object)'> (0x00000000d5fc5618) 
thrown [s\src\hotspot\share\interpreter\linkResolver.cpp, line 773]
Event: 7.928 Thread 0x0000029c66f9f350 Exception <a 'java/lang/NoClassDefFoundError'{0x00000000d5db2f80}: com/google/inject/servlet/ServletModuleTargetVisitor> (0x00000000d5db2f80) 
thrown [s\src\hotspot\share\classfile\systemDictionary.cpp, line 302]
Event: 8.188 Thread 0x0000029c66fa1420 Exception <a 'java/lang/IncompatibleClassChangeError'{0x00000000d5c82210}: Found class java.lang.Object, but interface was expected> (0x00000000d5c82210) 
thrown [s\src\hotspot\share\interpreter\linkResolver.cpp, line 840]
Event: 8.201 Thread 0x0000029c66f9f350 Implicit null exception at 0x0000029c12e26b02 to 0x0000029c12e26bfc
Event: 8.258 Thread 0x0000029c674b8b10 Exception <a 'sun/nio/fs/WindowsException'{0x00000000d5bf2990}> (0x00000000d5bf2990) 
thrown [s\src\hotspot\share\prims\jni.cpp, line 520]
Event: 8.263 Thread 0x0000029c66fa3b80 Exception <a 'sun/nio/fs/WindowsException'{0x00000000d5dd6cd8}> (0x00000000d5dd6cd8) 
thrown [s\src\hotspot\share\prims\jni.cpp, line 520]
Event: 8.264 Thread 0x0000029c66fa34f0 Exception <a 'sun/nio/fs/WindowsException'{0x00000000d5e14810}> (0x00000000d5e14810) 
thrown [s\src\hotspot\share\prims\jni.cpp, line 520]

ZGC Phase Switch (0 events):
No events

VM Operations (20 events):
Event: 8.351 Executing safepoint VM operation: ParallelGCFailedAllocation (Allocation Failure)
Event: 8.355 Executing safepoint VM operation: ParallelGCFailedAllocation (Allocation Failure) done
Event: 8.398 Executing safepoint VM operation: ParallelGCFailedAllocation (Allocation Failure)
Event: 8.402 Executing safepoint VM operation: ParallelGCFailedAllocation (Allocation Failure) done
Event: 8.434 Executing safepoint VM operation: ParallelGCFailedAllocation (Allocation Failure)
Event: 8.438 Executing safepoint VM operation: ParallelGCFailedAllocation (Allocation Failure) done
Event: 8.467 Executing safepoint VM operation: ParallelGCFailedAllocation (Allocation Failure)
Event: 8.469 Executing safepoint VM operation: ParallelGCFailedAllocation (Allocation Failure) done
Event: 8.503 Executing safepoint VM operation: ParallelGCFailedAllocation (Allocation Failure)
Event: 8.505 Executing safepoint VM operation: ParallelGCFailedAllocation (Allocation Failure) done
Event: 8.535 Executing safepoint VM operation: ParallelGCFailedAllocation (Allocation Failure)
Event: 8.537 Executing safepoint VM operation: ParallelGCFailedAllocation (Allocation Failure) done
Event: 8.571 Executing safepoint VM operation: ParallelGCFailedAllocation (Allocation Failure)
Event: 8.574 Executing safepoint VM operation: ParallelGCFailedAllocation (Allocation Failure) done
Event: 8.603 Executing safepoint VM operation: ParallelGCFailedAllocation (Allocation Failure)
Event: 8.622 Executing safepoint VM operation: ParallelGCFailedAllocation (Allocation Failure) done
Event: 8.649 Executing safepoint VM operation: ParallelGCFailedAllocation (Allocation Failure)
Event: 8.652 Executing safepoint VM operation: ParallelGCFailedAllocation (Allocation Failure) done
Event: 8.674 Executing safepoint VM operation: ParallelGCFailedAllocation (Allocation Failure)
Event: 8.677 Executing safepoint VM operation: ParallelGCFailedAllocation (Allocation Failure) done

Memory protections (0 events):
No events

Nmethod flushes (20 events):
Event: 5.543 Thread 0x0000029c07f548e0 flushing  nmethod 0x0000029c0b7d7c90
Event: 5.543 Thread 0x0000029c07f548e0 flushing  nmethod 0x0000029c0b7dff10
Event: 5.543 Thread 0x0000029c07f548e0 flushing  nmethod 0x0000029c0b7e3110
Event: 5.543 Thread 0x0000029c07f548e0 flushing  nmethod 0x0000029c0b7e3a10
Event: 5.543 Thread 0x0000029c07f548e0 flushing  nmethod 0x0000029c0b7e4c10
Event: 5.543 Thread 0x0000029c07f548e0 flushing  nmethod 0x0000029c0b7e5410
Event: 5.543 Thread 0x0000029c07f548e0 flushing  nmethod 0x0000029c0b7e5b90
Event: 5.543 Thread 0x0000029c07f548e0 flushing  nmethod 0x0000029c0b7e7c90
Event: 5.543 Thread 0x0000029c07f548e0 flushing  nmethod 0x0000029c0b7e8990
Event: 5.543 Thread 0x0000029c07f548e0 flushing  nmethod 0x0000029c0b7e9290
Event: 5.543 Thread 0x0000029c07f548e0 flushing  nmethod 0x0000029c0b7e9710
Event: 5.543 Thread 0x0000029c07f548e0 flushing  nmethod 0x0000029c0b7ea410
Event: 5.543 Thread 0x0000029c07f548e0 flushing  nmethod 0x0000029c0b7ea910
Event: 5.543 Thread 0x0000029c07f548e0 flushing  nmethod 0x0000029c0b805b90
Event: 5.543 Thread 0x0000029c07f548e0 flushing  nmethod 0x0000029c0b837610
Event: 5.543 Thread 0x0000029c07f548e0 flushing  nmethod 0x0000029c0b839910
Event: 5.543 Thread 0x0000029c07f548e0 flushing  nmethod 0x0000029c0b839c10
Event: 5.543 Thread 0x0000029c07f548e0 flushing  nmethod 0x0000029c0b8c4f10
Event: 5.543 Thread 0x0000029c07f548e0 flushing  nmethod 0x0000029c0b8c5390
Event: 5.543 Thread 0x0000029c07f548e0 flushing  nmethod 0x0000029c0b8e7610

Events (20 events):
Event: 8.262 Thread 0x0000029c674b8b10 Thread added: 0x0000029c66fa3b80
Event: 8.264 Thread 0x0000029c66fa3b80 Thread added: 0x0000029c66fa34f0
Event: 8.264 Thread 0x0000029c66fa3b80 Thread added: 0x0000029c66fa4210
Event: 8.265 Thread 0x0000029c66fa4210 Thread added: 0x0000029c66fa4f30
Event: 8.265 Thread 0x0000029c66fa34f0 Thread added: 0x0000029c66fa55c0
Event: 8.265 Thread 0x0000029c66fa4f30 Thread added: 0x0000029c66fa27d0
Event: 8.266 Thread 0x0000029c66fa55c0 Thread added: 0x0000029c66fa2140
Event: 8.266 Thread 0x0000029c66fa27d0 Thread added: 0x0000029c66fa2e60
Event: 8.267 Thread 0x0000029c66fa34f0 Thread added: 0x0000029c66fa48a0
Event: 8.267 Thread 0x0000029c66fa2140 Thread added: 0x0000029c67bafc00
Event: 8.324 Thread 0x0000029c674b8b10 Thread added: 0x0000029c67bb0fb0
Event: 8.324 Thread 0x0000029c674b8b10 Thread added: 0x0000029c67bb0290
Event: 8.324 Thread 0x0000029c674b8b10 Thread added: 0x0000029c67bb0920
Event: 8.324 Thread 0x0000029c674b8b10 Thread added: 0x0000029c67badb30
Event: 8.325 Thread 0x0000029c674b8b10 Thread added: 0x0000029c67bb1640
Event: 8.325 Thread 0x0000029c674b8b10 Thread added: 0x0000029c67bae1c0
Event: 8.325 Thread 0x0000029c674b8b10 Thread added: 0x0000029c67bb1cd0
Event: 8.325 Thread 0x0000029c67bb1640 Thread added: 0x0000029c67bae850
Event: 8.325 Thread 0x0000029c67bb0fb0 Thread added: 0x0000029c67bb2360
Event: 8.326 Thread 0x0000029c67bae850 Thread added: 0x0000029c67baeee0


Dynamic libraries:
0x00007ff7c4230000 - 0x00007ff7c423e000 	c:\Users\devad\.amypocoder\extensions\redhat.java-1.55.0-win32-x64\jre\21.0.11-win32-x86_64\bin\java.exe
0x00007ffdb4aa0000 - 0x00007ffdb4d06000 	C:\WINDOWS\SYSTEM32\ntdll.dll
0x00007ffdb32a0000 - 0x00007ffdb3369000 	C:\WINDOWS\System32\KERNEL32.DLL
0x00007ffdb2150000 - 0x00007ffdb254a000 	C:\WINDOWS\System32\KERNELBASE.dll
0x00007ffdb1f10000 - 0x00007ffdb205c000 	C:\WINDOWS\System32\ucrtbase.dll
0x00007ffd79540000 - 0x00007ffd79558000 	c:\Users\devad\.amypocoder\extensions\redhat.java-1.55.0-win32-x64\jre\21.0.11-win32-x86_64\bin\jli.dll
0x00007ffd82cd0000 - 0x00007ffd82cee000 	c:\Users\devad\.amypocoder\extensions\redhat.java-1.55.0-win32-x64\jre\21.0.11-win32-x86_64\bin\VCRUNTIME140.dll
0x00007ffdb34a0000 - 0x00007ffdb3667000 	C:\WINDOWS\System32\USER32.dll
0x00007ffdb2060000 - 0x00007ffdb2087000 	C:\WINDOWS\System32\win32u.dll
0x00007ffd8bc50000 - 0x00007ffd8bee2000 	C:\WINDOWS\WinSxS\amd64_microsoft.windows.common-controls_6595b64144ccf1df_6.0.26100.8521_none_3e08b75ce33403b3\COMCTL32.dll
0x00007ffdb4920000 - 0x00007ffdb494b000 	C:\WINDOWS\System32\GDI32.dll
0x00007ffdb4350000 - 0x00007ffdb43f9000 	C:\WINDOWS\System32\msvcrt.dll
0x00007ffdb1de0000 - 0x00007ffdb1f0b000 	C:\WINDOWS\System32\gdi32full.dll
0x00007ffdb1d30000 - 0x00007ffdb1dd3000 	C:\WINDOWS\System32\msvcp_win.dll
0x00007ffdb2e20000 - 0x00007ffdb2e52000 	C:\WINDOWS\System32\IMM32.DLL
0x00007ffd9e350000 - 0x00007ffd9e35c000 	c:\Users\devad\.amypocoder\extensions\redhat.java-1.55.0-win32-x64\jre\21.0.11-win32-x86_64\bin\vcruntime140_1.dll
0x00007ffd63350000 - 0x00007ffd633dd000 	c:\Users\devad\.amypocoder\extensions\redhat.java-1.55.0-win32-x64\jre\21.0.11-win32-x86_64\bin\msvcp140.dll
0x00007ffcbd3e0000 - 0x00007ffcbe182000 	c:\Users\devad\.amypocoder\extensions\redhat.java-1.55.0-win32-x64\jre\21.0.11-win32-x86_64\bin\server\jvm.dll
0x00007ffdb2f20000 - 0x00007ffdb2fd6000 	C:\WINDOWS\System32\ADVAPI32.dll
0x00007ffdb31f0000 - 0x00007ffdb329a000 	C:\WINDOWS\System32\sechost.dll
0x00007ffdb30d0000 - 0x00007ffdb31e8000 	C:\WINDOWS\System32\RPCRT4.dll
0x00007ffdb2810000 - 0x00007ffdb2890000 	C:\WINDOWS\System32\WS2_32.dll
0x00007ffdb1bb0000 - 0x00007ffdb1c0e000 	C:\WINDOWS\SYSTEM32\POWRPROF.dll
0x00007ffd9e420000 - 0x00007ffd9e42b000 	C:\WINDOWS\SYSTEM32\VERSION.dll
0x00007ffda9bb0000 - 0x00007ffda9be6000 	C:\WINDOWS\SYSTEM32\WINMM.dll
0x00007ffdb1b90000 - 0x00007ffdb1ba4000 	C:\WINDOWS\SYSTEM32\UMPDC.dll
0x00007ffdb0a20000 - 0x00007ffdb0a3b000 	C:\WINDOWS\SYSTEM32\kernel.appcore.dll
0x00007ffd90280000 - 0x00007ffd9028a000 	c:\Users\devad\.amypocoder\extensions\redhat.java-1.55.0-win32-x64\jre\21.0.11-win32-x86_64\bin\jimage.dll
0x00007ffdaf400000 - 0x00007ffdaf642000 	C:\WINDOWS\SYSTEM32\DBGHELP.DLL
0x00007ffdb3f60000 - 0x00007ffdb42e3000 	C:\WINDOWS\System32\combase.dll
0x00007ffdb2b60000 - 0x00007ffdb2c39000 	C:\WINDOWS\System32\OLEAUT32.dll
0x00007ffd8a370000 - 0x00007ffd8a3ab000 	C:\WINDOWS\SYSTEM32\dbgcore.DLL
0x00007ffdb25e0000 - 0x00007ffdb2688000 	C:\WINDOWS\System32\bcryptPrimitives.dll
0x00007ffd8e920000 - 0x00007ffd8e92f000 	c:\Users\devad\.amypocoder\extensions\redhat.java-1.55.0-win32-x64\jre\21.0.11-win32-x86_64\bin\instrument.dll
0x00007ffd79330000 - 0x00007ffd79350000 	c:\Users\devad\.amypocoder\extensions\redhat.java-1.55.0-win32-x64\jre\21.0.11-win32-x86_64\bin\java.dll
0x00007ffdb3670000 - 0x00007ffdb3df4000 	C:\WINDOWS\System32\SHELL32.dll
0x00007ffdaf8c0000 - 0x00007ffdb0140000 	C:\WINDOWS\SYSTEM32\windows.storage.dll
0x00007ffdb28a0000 - 0x00007ffdb2996000 	C:\WINDOWS\System32\SHCORE.dll
0x00007ffdb2fe0000 - 0x00007ffdb3047000 	C:\WINDOWS\System32\shlwapi.dll
0x00007ffdb1c50000 - 0x00007ffdb1c79000 	C:\WINDOWS\SYSTEM32\profapi.dll
0x00007ffd82cb0000 - 0x00007ffd82cc8000 	c:\Users\devad\.amypocoder\extensions\redhat.java-1.55.0-win32-x64\jre\21.0.11-win32-x86_64\bin\zip.dll
0x00007ffda6e30000 - 0x00007ffda6e40000 	C:\Users\devad\.amypocoder\extensions\redhat.java-1.55.0-win32-x64\jre\21.0.11-win32-x86_64\bin\net.dll
0x00007ffda8a70000 - 0x00007ffda8b99000 	C:\WINDOWS\SYSTEM32\WINHTTP.dll
0x00007ffdb1030000 - 0x00007ffdb109c000 	C:\WINDOWS\system32\mswsock.dll
0x00007ffd795f0000 - 0x00007ffd79606000 	C:\Users\devad\.amypocoder\extensions\redhat.java-1.55.0-win32-x64\jre\21.0.11-win32-x86_64\bin\nio.dll
0x00007ffd8e660000 - 0x00007ffd8e670000 	c:\Users\devad\.amypocoder\extensions\redhat.java-1.55.0-win32-x64\jre\21.0.11-win32-x86_64\bin\verify.dll
0x00007ffd6e7c0000 - 0x00007ffd6e805000 	C:\Users\devad\AppData\Roaming\AmypoCoder\User\globalStorage\redhat.java\1.55.0\config_win\org.eclipse.equinox.launcher\org.eclipse.equinox.launcher.win32.win32.x86_64_1.3.100.v20260613-0559\eclipse_11924.dll
0x00007ffdb29c0000 - 0x00007ffdb2b58000 	C:\WINDOWS\System32\ole32.dll
0x00007ffdb1320000 - 0x00007ffdb133b000 	C:\WINDOWS\SYSTEM32\CRYPTSP.dll
0x00007ffdb0a40000 - 0x00007ffdb0a79000 	C:\WINDOWS\system32\rsaenh.dll
0x00007ffdb10e0000 - 0x00007ffdb1113000 	C:\WINDOWS\SYSTEM32\USERENV.dll
0x00007ffdb1c20000 - 0x00007ffdb1c4a000 	C:\WINDOWS\SYSTEM32\bcrypt.dll
0x00007ffdb1310000 - 0x00007ffdb131c000 	C:\WINDOWS\SYSTEM32\CRYPTBASE.dll
0x00007ffdb04d0000 - 0x00007ffdb0503000 	C:\WINDOWS\SYSTEM32\IPHLPAPI.DLL
0x00007ffdb4a50000 - 0x00007ffdb4a5a000 	C:\WINDOWS\System32\NSI.dll
0x00007ffd340b0000 - 0x00007ffd340f9000 	C:\Users\devad\AppData\Local\Temp\jna-95477496\jna8361162463190926204.dll
0x00007ffdb3400000 - 0x00007ffdb3408000 	C:\WINDOWS\System32\PSAPI.DLL
0x00007ffda8e80000 - 0x00007ffda8e9d000 	C:\WINDOWS\SYSTEM32\dhcpcsvc6.DLL
0x00007ffda8e10000 - 0x00007ffda8e35000 	C:\WINDOWS\SYSTEM32\dhcpcsvc.DLL

JVMTI agents:
c:\Users\devad\.amypocoder\extensions\redhat.java-1.55.0-win32-x64\lombok\lombok-1.18.39-4050.jar path:c:\Users\devad\.amypocoder\extensions\redhat.java-1.55.0-win32-x64\jre\21.0.11-win32-x86_64\bin\instrument.dll, loaded, initialized, instrumentlib options:none

dbghelp: loaded successfully - version: 4.0.5 - missing functions: none
symbol engine: initialized successfully - sym options: 0x614 - pdb path: .;c:\Users\devad\.amypocoder\extensions\redhat.java-1.55.0-win32-x64\jre\21.0.11-win32-x86_64\bin;C:\WINDOWS\SYSTEM32;C:\WINDOWS\WinSxS\amd64_microsoft.windows.common-controls_6595b64144ccf1df_6.0.26100.8521_none_3e08b75ce33403b3;c:\Users\devad\.amypocoder\extensions\redhat.java-1.55.0-win32-x64\jre\21.0.11-win32-x86_64\bin\server;C:\Users\devad\AppData\Roaming\AmypoCoder\User\globalStorage\redhat.java\1.55.0\config_win\org.eclipse.equinox.launcher\org.eclipse.equinox.launcher.win32.win32.x86_64_1.3.100.v20260613-0559;C:\Users\devad\AppData\Local\Temp\jna-95477496

VM Arguments:
jvm_args: --add-modules=ALL-SYSTEM --add-opens=java.base/java.util=ALL-UNNAMED --add-opens=java.base/java.lang=ALL-UNNAMED --add-opens=java.base/sun.nio.fs=ALL-UNNAMED -Declipse.application=org.eclipse.jdt.ls.core.id1 -Dosgi.bundles.defaultStartLevel=4 -Declipse.product=org.eclipse.jdt.ls.core.product -Djava.import.generatesMetadataFilesAtProjectRoot=false -DDetectVMInstallationsJob.disabled=true -Dfile.encoding=utf8 -XX:+UseParallelGC -XX:GCTimeRatio=4 -XX:AdaptiveSizePolicyWeight=90 -Dsun.zip.disableMemoryMapping=true -Xmx2G -Xms100m -Xlog:disable -javaagent:c:\Users\devad\.amypocoder\extensions\redhat.java-1.55.0-win32-x64\lombok\lombok-1.18.39-4050.jar -XX:+HeapDumpOnOutOfMemoryError -XX:HeapDumpPath=c:\Users\devad\AppData\Roaming\AmypoCoder\User\workspaceStorage\b017f3f27171b3808dc36b8a0c9d1b2e\redhat.java -Daether.dependencyCollector.impl=bf 
java_command: c:\Users\devad\.amypocoder\extensions\redhat.java-1.55.0-win32-x64\server\plugins\org.eclipse.equinox.launcher_1.7.200.v20260619-2039.jar -configuration c:\Users\devad\AppData\Roaming\AmypoCoder\User\globalStorage\redhat.java\1.55.0\config_win -data c:\Users\devad\AppData\Roaming\AmypoCoder\User\workspaceStorage\b017f3f27171b3808dc36b8a0c9d1b2e\redhat.java\jdt_ws --pipe=\\.\pipe\lsp-b48e4a559d03235ef43630aebab30bd2-sock
java_class_path (initial): c:\Users\devad\.amypocoder\extensions\redhat.java-1.55.0-win32-x64\server\plugins\org.eclipse.equinox.launcher_1.7.200.v20260619-2039.jar
Launcher Type: SUN_STANDARD

[Global flags]
    uintx AdaptiveSizePolicyWeight                 = 90                                        {product} {command line}
     intx CICompilerCount                          = 4                                         {product} {ergonomic}
    uintx GCTimeRatio                              = 4                                         {product} {command line}
     bool HeapDumpOnOutOfMemoryError               = true                                   {manageable} {command line}
    ccstr HeapDumpPath                             = c:\Users\devad\AppData\Roaming\AmypoCoder\User\workspaceStorage\b017f3f27171b3808dc36b8a0c9d1b2e\redhat.java         {manageable} {command line}
   size_t InitialHeapSize                          = 104857600                                 {product} {command line}
   size_t MaxHeapSize                              = 2147483648                                {product} {command line}
   size_t MaxNewSize                               = 715653120                                 {product} {ergonomic}
   size_t MinHeapDeltaBytes                        = 524288                                    {product} {ergonomic}
   size_t MinHeapSize                              = 104857600                                 {product} {command line}
   size_t NewSize                                  = 34603008                                  {product} {ergonomic}
    uintx NonNMethodCodeHeapSize                   = 5839372                                {pd product} {ergonomic}
    uintx NonProfiledCodeHeapSize                  = 122909434                              {pd product} {ergonomic}
   size_t OldSize                                  = 70254592                                  {product} {ergonomic}
    uintx ProfiledCodeHeapSize                     = 122909434                              {pd product} {ergonomic}
    uintx ReservedCodeCacheSize                    = 251658240                              {pd product} {ergonomic}
     bool SegmentedCodeCache                       = true                                      {product} {ergonomic}
   size_t SoftMaxHeapSize                          = 2147483648                             {manageable} {ergonomic}
     bool UseCompressedOops                        = true                           {product lp64_product} {ergonomic}
     bool UseLargePagesIndividualAllocation        = false                                  {pd product} {ergonomic}
     bool UseParallelGC                            = true                                      {product} {command line}

Logging:
Log output configuration:
 #0: stdout all=off uptime,level,tags foldmultilines=false
 #1: stderr all=off uptime,level,tags foldmultilines=false

Release file:
JAVA_VERSION="21.0.11" 
MODULES="java.base java.compiler java.datatransfer java.xml java.prefs java.desktop java.instrument java.logging java.management java.security.sasl java.naming java.rmi java.management.rmi java.net.http java.scripting java.security.jgss java.transaction.xa java.sql java.sql.rowset java.xml.crypto java.se java.smartcardio jdk.accessibility jdk.internal.jvmstat jdk.attach jdk.charsets jdk.internal.opt jdk.zipfs jdk.compiler jdk.crypto.ec jdk.crypto.cryptoki jdk.crypto.mscapi jdk.dynalink jdk.internal.ed jdk.editpad jdk.hotspot.agent jdk.httpserver jdk.internal.le jdk.internal.vm.ci jdk.internal.vm.compiler jdk.internal.vm.compiler.management jdk.jartool jdk.javadoc jdk.jcmd jdk.management jdk.management.agent jdk.jconsole jdk.jdeps jdk.jdwp.agent jdk.jdi jdk.jfr jdk.jshell jdk.jsobject jdk.jstatd jdk.localedata jdk.management.jfr jdk.naming.dns jdk.naming.rmi jdk.net jdk.nio.mapmode jdk.random jdk.sctp jdk.security.auth jdk.security.jgss jdk.unsupported jdk.unsupported.desktop jdk.xml.dom" 

Environment Variables:
JAVA_HOME=C:\Program Files\Java\jdk-17
PATH=C:\WINDOWS\System32;C:\WINDOWS;C:\WINDOWS\System32\Wbem;C:\WINDOWS\System32\WindowsPowerShell\v1.0;C:\WINDOWS\System32\OpenSSH;C:\Program Files\Common Files\Oracle\Java\javapath;C:\windows\system32;C:\windows;C:\windows\System32\Wbem;C:\windows\System32\WindowsPowerShell\v1.0\;C:\windows\System32\OpenSSH\;C:\Program Files\HP\HP One Agent;C:\WINDOWS\system32;C:\WINDOWS\System32\WindowsPowerShell\v1.0\;C:\WINDOWS\System32\OpenSSH\;C:\Program Files\Cloudflare\Cloudflare WARP\;C:\Program Files\Git\cmd;C:\Program Files\nodejs\;C:\Users\devad\Downloads\apache-maven-3.9.16-bin;C:\Users\devad\Downloads\apache-maven-3.9.16-bin (2);C:\Users\devad\AppData\Local\Programs\Python\Python311\;C:\Users\devad\AppData\Local\Programs\Python\Launcher\;C:\Users\devad\AppData\Local\Microsoft\WindowsApps;C:\Users\devad\AppData\Local\Programs\Microsoft VS Code\bin;C:\Users\devad\AppData\Roaming\npm;C:\Users\devad\Downloads\apache-maven-3.9.16-bin (2)\apache-maven-3.9.16\bin;C:\Users\devad\Downloads\apache-maven-3.9.16-bin (2)\apache-maven-3.9.16;C:\Program Files\nodejs;C:\Program Files\MySQL\MySQL Server 8.0;C:\Program Files\Git\bin;C:\Program Files\Java\jdk-17\bin;C:\Program Files\AmypoCoder;C:\Program Files\Google\Chrome\Application
USERNAME=devad
OS=Windows_NT
PROCESSOR_IDENTIFIER=Intel64 Family 6 Model 154 Stepping 4, GenuineIntel
TMP=C:\Users\devad\AppData\Local\Temp
TEMP=C:\Users\devad\AppData\Local\Temp




Periodic native trim disabled

---------------  S Y S T E M  ---------------

OS:
 Windows 11 , 64 bit Build 26100 (10.0.26100.8521)
OS uptime: 0 days 1:19 hours
Hyper-V role detected

CPU: total 12 (initial active 12) (6 cores per cpu, 2 threads per core) family 6 model 154 stepping 4 microcode 0x432, cx8, cmov, fxsr, ht, mmx, 3dnowpref, sse, sse2, sse3, ssse3, sse4.1, sse4.2, popcnt, lzcnt, tsc, tscinvbit, avx, avx2, aes, erms, clmul, bmi1, bmi2, adx, sha, fma, vzeroupper, clflush, clflushopt, clwb, hv, serialize, rdtscp, rdpid, fsrm, f16c, cet_ibt, cet_ss
Processor Information for processor 0
  Max Mhz: 1300, Current Mhz: 1300, Mhz Limit: 1300
Processor Information for processor 1
  Max Mhz: 1300, Current Mhz: 1300, Mhz Limit: 1300
Processor Information for processor 2
  Max Mhz: 1300, Current Mhz: 1300, Mhz Limit: 1300
Processor Information for processor 3
  Max Mhz: 1300, Current Mhz: 1300, Mhz Limit: 1300
Processor Information for processor 4
  Max Mhz: 1300, Current Mhz: 900, Mhz Limit: 897
Processor Information for processor 5
  Max Mhz: 1300, Current Mhz: 900, Mhz Limit: 897
Processor Information for processor 6
  Max Mhz: 1300, Current Mhz: 900, Mhz Limit: 897
Processor Information for processor 7
  Max Mhz: 1300, Current Mhz: 900, Mhz Limit: 897
Processor Information for processor 8
  Max Mhz: 1300, Current Mhz: 900, Mhz Limit: 897
Processor Information for processor 9
  Max Mhz: 1300, Current Mhz: 900, Mhz Limit: 897
Processor Information for processor 10
  Max Mhz: 1300, Current Mhz: 900, Mhz Limit: 897
Processor Information for processor 11
  Max Mhz: 1300, Current Mhz: 900, Mhz Limit: 897

Memory: 4k page, system-wide physical 7863M (699M free)
TotalPageFile size 13517M (AvailPageFile size 7M)
current process WorkingSet (physical memory assigned to process): 440M, peak: 442M
current process commit charge ("private bytes"): 466M, peak: 469M

vm_info: OpenJDK 64-Bit Server VM (21.0.11+10-LTS) for windows-amd64 JRE (21.0.11+10-LTS), built on 2026-04-21T00:00:00Z by "admin" with MS VC++ 17.12 (VS2022)

END.
