#
# There is insufficient memory for the Java Runtime Environment to continue.
# Native memory allocation (mmap) failed to map 71303168 bytes for G1 virtual space
# Possible reasons:
#   The system is out of physical RAM or swap space
#   The process is running with CompressedOops enabled, and the Java Heap may be blocking the growth of the native heap
# Possible solutions:
#   Reduce memory load on the system
#   Increase physical memory or swap space
#   Check if swap backing store is full
#   Decrease Java heap size (-Xmx/-Xms)
#   Decrease number of Java threads
#   Decrease Java thread stack sizes (-Xss)
#   Set larger code cache with -XX:ReservedCodeCacheSize=
#   JVM is running with Unscaled Compressed Oops mode in which the Java heap is
#     placed in the first 4GB address space. The Java Heap base address is the
#     maximum limit for the native heap growth. Please use -XX:HeapBaseMinAddress
#     to set the Java Heap base and to place the Java Heap above 4GB virtual address.
# This output file may be truncated or incomplete.
#
#  Out of Memory Error (os_windows.cpp:3548), pid=27124, tid=22648
#
# JRE version: Java(TM) SE Runtime Environment (17.0.12+8) (build 17.0.12+8-LTS-286)
# Java VM: Java HotSpot(TM) 64-Bit Server VM (17.0.12+8-LTS-286, mixed mode, sharing, tiered, compressed oops, compressed class ptrs, g1 gc, windows-amd64)
# No core dump will be written. Minidumps are not enabled by default on client versions of Windows
#

---------------  S U M M A R Y ------------

Command Line: --enable-native-access=ALL-UNNAMED -Dclassworlds.conf=C:\Users\devad\Downloads\apache-maven-3.9.16-bin (2)\apache-maven-3.9.16\bin\m2.conf -Dmaven.home=C:\Users\devad\Downloads\apache-maven-3.9.16-bin (2)\apache-maven-3.9.16 -Dlibrary.jansi.path=C:\Users\devad\Downloads\apache-maven-3.9.16-bin (2)\apache-maven-3.9.16\lib\jansi-native -Dmaven.multiModuleProjectDirectory=C:\Users\devad\AppData\Local\amypo\workspace\14008_9002_1_14326\backend org.codehaus.plexus.classworlds.launcher.Launcher clean test

Host: 12th Gen Intel(R) Core(TM) i5-1235U, 12 cores, 7G,  Windows 11 , 64 bit Build 26100 (10.0.26100.8875)
Time: Thu Sep 10 00:12:04 2026 India Standard Time elapsed time: 12.188515 seconds (0d 0h 0m 12s)

---------------  T H R E A D  ---------------

Current thread (0x00000215c7e547d0):  VMThread "VM Thread" [stack: 0x00000066cce00000,0x00000066ccf00000] [id=22648]

Stack: [0x00000066cce00000,0x00000066ccf00000]
Native frames: (J=compiled Java code, j=interpreted, Vv=VM code, C=native code)
V  [jvm.dll+0x67a04a]
V  [jvm.dll+0x7da4ed]
V  [jvm.dll+0x7dbe33]
V  [jvm.dll+0x7dc4a3]
V  [jvm.dll+0x24508f]
V  [jvm.dll+0x677089]
V  [jvm.dll+0x66bd32]
V  [jvm.dll+0x301fa6]
V  [jvm.dll+0x309546]
V  [jvm.dll+0x359d2e]
V  [jvm.dll+0x359f5f]
V  [jvm.dll+0x2d9078]
V  [jvm.dll+0x2d74ad]
V  [jvm.dll+0x2d6afc]
V  [jvm.dll+0x31a65b]
V  [jvm.dll+0x7e0d9b]
V  [jvm.dll+0x7e1ad4]
V  [jvm.dll+0x7e1fed]
V  [jvm.dll+0x7e23c4]
V  [jvm.dll+0x7e2490]
V  [jvm.dll+0x78abea]
V  [jvm.dll+0x678f35]
C  [ucrtbase.dll+0x2cd30]
C  [KERNEL32.DLL+0x2e957]
C  [ntdll.dll+0xaad6c]

VM_Operation (0x00000066cc8fb930): G1CollectForAllocation, mode: safepoint, requested by thread 0x00000215a7e22140


---------------  P R O C E S S  ---------------

Threads class SMR info:
_java_thread_list=0x000002160eb7dad0, length=14, elements={
0x00000215a7e22140, 0x00000215c7e59920, 0x00000215c7e5a2e0, 0x00000215c7e71430,
0x00000215c7e71df0, 0x00000215c7e727b0, 0x00000215c7e73170, 0x00000215c7e76e20,
0x00000215c7e7fd30, 0x00000215c7e8f660, 0x000002160d0fcb00, 0x000002160d0fd010,
0x000002160d0fe450, 0x000002160eb14530
}

Java Threads: ( => current thread )
  0x00000215a7e22140 JavaThread "main" [_thread_blocked, id=28256, stack(0x00000066cc800000,0x00000066cc900000)]
  0x00000215c7e59920 JavaThread "Reference Handler" daemon [_thread_blocked, id=25888, stack(0x00000066ccf00000,0x00000066cd000000)]
  0x00000215c7e5a2e0 JavaThread "Finalizer" daemon [_thread_blocked, id=9436, stack(0x00000066cd000000,0x00000066cd100000)]
  0x00000215c7e71430 JavaThread "Signal Dispatcher" daemon [_thread_blocked, id=26224, stack(0x00000066cd100000,0x00000066cd200000)]
  0x00000215c7e71df0 JavaThread "Attach Listener" daemon [_thread_blocked, id=16140, stack(0x00000066cd200000,0x00000066cd300000)]
  0x00000215c7e727b0 JavaThread "Service Thread" daemon [_thread_blocked, id=8468, stack(0x00000066cd300000,0x00000066cd400000)]
  0x00000215c7e73170 JavaThread "Monitor Deflation Thread" daemon [_thread_blocked, id=22388, stack(0x00000066cd400000,0x00000066cd500000)]
  0x00000215c7e76e20 JavaThread "C2 CompilerThread0" daemon [_thread_blocked, id=11532, stack(0x00000066cd500000,0x00000066cd600000)]
  0x00000215c7e7fd30 JavaThread "C1 CompilerThread0" daemon [_thread_blocked, id=11500, stack(0x00000066cd600000,0x00000066cd700000)]
  0x00000215c7e8f660 JavaThread "Sweeper thread" daemon [_thread_blocked, id=20988, stack(0x00000066cd700000,0x00000066cd800000)]
  0x000002160d0fcb00 JavaThread "Notification Thread" daemon [_thread_blocked, id=11524, stack(0x00000066cd800000,0x00000066cd900000)]
  0x000002160d0fd010 JavaThread "Common-Cleaner" daemon [_thread_blocked, id=17744, stack(0x00000066cda00000,0x00000066cdb00000)]
  0x000002160d0fe450 JavaThread "Thread-1" daemon [_thread_blocked, id=27096, stack(0x00000066ce300000,0x00000066ce400000)]
  0x000002160eb14530 JavaThread "C2 CompilerThread1" daemon [_thread_blocked, id=25332, stack(0x00000066ce100000,0x00000066ce200000)]

Other Threads:
=>0x00000215c7e547d0 VMThread "VM Thread" [stack: 0x00000066cce00000,0x00000066ccf00000] [id=22648]
  0x000002160d106950 WatcherThread [stack: 0x00000066cd900000,0x00000066cda00000] [id=4936]
  0x00000215a7e7d180 GCTaskThread "GC Thread#0" [stack: 0x00000066cc900000,0x00000066cca00000] [id=928]
  0x000002160d95bc80 GCTaskThread "GC Thread#1" [stack: 0x00000066cdb00000,0x00000066cdc00000] [id=4516]
  0x000002160d9594e0 GCTaskThread "GC Thread#2" [stack: 0x00000066cdc00000,0x00000066cdd00000] [id=23272]
  0x000002160d9ff9c0 GCTaskThread "GC Thread#3" [stack: 0x00000066cdd00000,0x00000066cde00000] [id=18332]
  0x000002160d9ffc80 GCTaskThread "GC Thread#4" [stack: 0x00000066cde00000,0x00000066cdf00000] [id=24888]
  0x000002160d9fff40 GCTaskThread "GC Thread#5" [stack: 0x00000066cdf00000,0x00000066ce000000] [id=20888]
  0x000002160da00200 GCTaskThread "GC Thread#6" [stack: 0x00000066ce000000,0x00000066ce100000] [id=18852]
  0x000002160db6af70 GCTaskThread "GC Thread#7" [stack: 0x00000066ce200000,0x00000066ce300000] [id=3188]
  0x000002160d376110 GCTaskThread "GC Thread#8" [stack: 0x00000066ce400000,0x00000066ce500000] [id=10564]
  0x000002160d3763d0 GCTaskThread "GC Thread#9" [stack: 0x00000066ce500000,0x00000066ce600000] [id=20776]
  0x00000215a7e8d690 ConcurrentGCThread "G1 Main Marker" [stack: 0x00000066cca00000,0x00000066ccb00000] [id=21068]
  0x00000215a7e90fd0 ConcurrentGCThread "G1 Conc#0" [stack: 0x00000066ccb00000,0x00000066ccc00000] [id=10864]
  0x000002160ea32050 ConcurrentGCThread "G1 Conc#1" [stack: 0x00000066ce600000,0x00000066ce700000] [id=24304]
  0x000002160f377400 ConcurrentGCThread "G1 Conc#2" [stack: 0x00000066ce700000,0x00000066ce800000] [id=11104]
  0x00000215a7eeea00 ConcurrentGCThread "G1 Refine#0" [stack: 0x00000066ccc00000,0x00000066ccd00000] [id=1208]
  0x000002160d393900 ConcurrentGCThread "G1 Refine#1" [stack: 0x00000066ce800000,0x00000066ce900000] [id=22512]
  0x00000215c7cfa4e0 ConcurrentGCThread "G1 Service" [stack: 0x00000066ccd00000,0x00000066cce00000] [id=2216]

Threads with active compile tasks:
C2 CompilerThread0    12236 6342 %     4       java.net.URI::quote @ 24 (214 bytes)
C2 CompilerThread1    12236 6333       4       jdk.internal.jimage.ImageLocation::verify (218 bytes)

VM state: at safepoint (normal execution)

VM Mutex/Monitor currently owned by a thread:  ([mutex/lock_event])
[0x00000215a7e1dd00] Threads_lock - owner thread: 0x00000215c7e547d0
[0x00000215a7e1e330] Heap_lock - owner thread: 0x00000215a7e22140

Heap address: 0x0000000085200000, size: 1966 MB, Compressed Oops mode: 32-bit

CDS archive(s) mapped at: [0x00000215c8000000-0x00000215c8bd0000-0x00000215c8bd0000), size 12386304, SharedBaseAddress: 0x00000215c8000000, ArchiveRelocationMode: 1.
Compressed class space mapped at: 0x00000215c9000000-0x0000021609000000, reserved size: 1073741824
Narrow klass base: 0x00000215c8000000, Narrow klass shift: 0, Narrow klass range: 0x100000000

GC Precious Log:
 CPUs: 12 total, 12 available
 Memory: 7863M
 Large Page Support: Disabled
 NUMA Support: Disabled
 Compressed Oops: Enabled (32-bit)
 Heap Region Size: 1M
 Heap Min Capacity: 8M
 Heap Initial Capacity: 124M
 Heap Max Capacity: 1966M
 Pre-touch: Disabled
 Parallel Workers: 10
 Concurrent Workers: 3
 Concurrent Refinement Workers: 10
 Periodic GC: Disabled

Heap:
 garbage-first heap   total 133120K, used 45759K [0x0000000085200000, 0x0000000100000000)
  region size 1024K, 1 young (1024K), 1 survivors (1024K)
 Metaspace       used 27765K, committed 28096K, reserved 1114112K
  class space    used 3188K, committed 3328K, reserved 1048576K

Heap Regions: E=young(eden), S=young(survivor), O=old, HS=humongous(starts), HC=humongous(continues), CS=collection set, F=free, OA=open archive, CA=closed archive, TAMS=top-at-mark-start (previous, next)
|   0|0x0000000085200000, 0x0000000085300000, 0x0000000085300000|100%| O|  |TAMS 0x0000000085300000, 0x0000000085200000| Untracked 
|   1|0x0000000085300000, 0x0000000085400000, 0x0000000085400000|100%| O|  |TAMS 0x0000000085400000, 0x0000000085300000| Untracked 
|   2|0x0000000085400000, 0x0000000085500000, 0x0000000085500000|100%| O|  |TAMS 0x0000000085500000, 0x0000000085400000| Untracked 
|   3|0x0000000085500000, 0x0000000085600000, 0x0000000085600000|100%| O|  |TAMS 0x0000000085600000, 0x0000000085500000| Untracked 
|   4|0x0000000085600000, 0x0000000085700000, 0x0000000085700000|100%| O|  |TAMS 0x0000000085700000, 0x0000000085600000| Untracked 
|   5|0x0000000085700000, 0x0000000085800000, 0x0000000085800000|100%| O|  |TAMS 0x0000000085800000, 0x0000000085700000| Untracked 
|   6|0x0000000085800000, 0x0000000085900000, 0x0000000085900000|100%| O|  |TAMS 0x0000000085900000, 0x0000000085800000| Untracked 
|   7|0x0000000085900000, 0x0000000085a00000, 0x0000000085a00000|100%| O|  |TAMS 0x0000000085a00000, 0x0000000085900000| Untracked 
|   8|0x0000000085a00000, 0x0000000085b00000, 0x0000000085b00000|100%| O|  |TAMS 0x0000000085b00000, 0x0000000085a00000| Untracked 
|   9|0x0000000085b00000, 0x0000000085c00000, 0x0000000085c00000|100%| O|  |TAMS 0x0000000085c00000, 0x0000000085b00000| Untracked 
|  10|0x0000000085c00000, 0x0000000085d00000, 0x0000000085d00000|100%|HS|  |TAMS 0x0000000085c00000, 0x0000000085c00000| Complete 
|  11|0x0000000085d00000, 0x0000000085e00000, 0x0000000085e00000|100%| O|  |TAMS 0x0000000085d00000, 0x0000000085d00000| Untracked 
|  12|0x0000000085e00000, 0x0000000085f00000, 0x0000000085f00000|100%| O|  |TAMS 0x0000000085e00000, 0x0000000085e00000| Untracked 
|  13|0x0000000085f00000, 0x0000000086000000, 0x0000000086000000|100%|HS|  |TAMS 0x0000000086000000, 0x0000000085f00000| Complete 
|  14|0x0000000086000000, 0x0000000086100000, 0x0000000086100000|100%|HC|  |TAMS 0x0000000086100000, 0x0000000086000000| Complete 
|  15|0x0000000086100000, 0x0000000086200000, 0x0000000086200000|100%|HS|  |TAMS 0x0000000086100000, 0x0000000086100000| Complete 
|  16|0x0000000086200000, 0x0000000086300000, 0x0000000086300000|100%|HS|  |TAMS 0x0000000086200000, 0x0000000086200000| Complete 
|  17|0x0000000086300000, 0x0000000086400000, 0x0000000086400000|100%| O|  |TAMS 0x0000000086300000, 0x0000000086300000| Untracked 
|  18|0x0000000086400000, 0x0000000086500000, 0x0000000086500000|100%| O|  |TAMS 0x0000000086400000, 0x0000000086400000| Untracked 
|  19|0x0000000086500000, 0x0000000086600000, 0x0000000086600000|100%| O|  |TAMS 0x0000000086500000, 0x0000000086500000| Untracked 
|  20|0x0000000086600000, 0x0000000086700000, 0x0000000086700000|100%| O|  |TAMS 0x0000000086600000, 0x0000000086600000| Untracked 
|  21|0x0000000086700000, 0x0000000086800000, 0x0000000086800000|100%| O|  |TAMS 0x0000000086700000, 0x0000000086700000| Untracked 
|  22|0x0000000086800000, 0x0000000086900000, 0x0000000086900000|100%| O|  |TAMS 0x0000000086800000, 0x0000000086800000| Untracked 
|  23|0x0000000086900000, 0x0000000086a00000, 0x0000000086a00000|100%| O|  |TAMS 0x0000000086900000, 0x0000000086900000| Untracked 
|  24|0x0000000086a00000, 0x0000000086b00000, 0x0000000086b00000|100%| O|  |TAMS 0x0000000086a00000, 0x0000000086a00000| Untracked 
|  25|0x0000000086b00000, 0x0000000086c00000, 0x0000000086c00000|100%| O|  |TAMS 0x0000000086b00000, 0x0000000086b00000| Untracked 
|  26|0x0000000086c00000, 0x0000000086d00000, 0x0000000086d00000|100%| O|  |TAMS 0x0000000086c00000, 0x0000000086c00000| Untracked 
|  27|0x0000000086d00000, 0x0000000086e00000, 0x0000000086e00000|100%| O|  |TAMS 0x0000000086d00000, 0x0000000086d00000| Untracked 
|  28|0x0000000086e00000, 0x0000000086f00000, 0x0000000086f00000|100%| O|  |TAMS 0x0000000086e00000, 0x0000000086e00000| Untracked 
|  29|0x0000000086f00000, 0x0000000087000000, 0x0000000087000000|100%| O|  |TAMS 0x0000000086f00000, 0x0000000086f00000| Untracked 
|  30|0x0000000087000000, 0x0000000087100000, 0x0000000087100000|100%| O|  |TAMS 0x0000000087000000, 0x0000000087000000| Untracked 
|  31|0x0000000087100000, 0x00000000871afe00, 0x0000000087200000| 68%| O|  |TAMS 0x0000000087100000, 0x0000000087100000| Untracked 
|  32|0x0000000087200000, 0x0000000087200000, 0x0000000087300000|  0%| F|  |TAMS 0x0000000087200000, 0x0000000087200000| Untracked 
|  33|0x0000000087300000, 0x0000000087300000, 0x0000000087400000|  0%| F|  |TAMS 0x0000000087300000, 0x0000000087300000| Untracked 
|  34|0x0000000087400000, 0x0000000087500000, 0x0000000087500000|100%| O|  |TAMS 0x0000000087400000, 0x0000000087400000| Untracked 
|  35|0x0000000087500000, 0x0000000087600000, 0x0000000087600000|100%| O|  |TAMS 0x0000000087500000, 0x0000000087500000| Untracked 
|  36|0x0000000087600000, 0x0000000087700000, 0x0000000087700000|100%| O|  |TAMS 0x0000000087600000, 0x0000000087600000| Untracked 
|  37|0x0000000087700000, 0x0000000087800000, 0x0000000087800000|100%| O|  |TAMS 0x0000000087700000, 0x0000000087700000| Untracked 
|  38|0x0000000087800000, 0x0000000087900000, 0x0000000087900000|100%| O|  |TAMS 0x0000000087800000, 0x0000000087800000| Untracked 
|  39|0x0000000087900000, 0x0000000087a00000, 0x0000000087a00000|100%| O|  |TAMS 0x0000000087900000, 0x0000000087900000| Untracked 
|  40|0x0000000087a00000, 0x0000000087a00000, 0x0000000087b00000|  0%| F|  |TAMS 0x0000000087a00000, 0x0000000087a00000| Untracked 
|  41|0x0000000087b00000, 0x0000000087b00000, 0x0000000087c00000|  0%| F|  |TAMS 0x0000000087b00000, 0x0000000087b00000| Untracked 
|  42|0x0000000087c00000, 0x0000000087c00000, 0x0000000087d00000|  0%| F|  |TAMS 0x0000000087c00000, 0x0000000087c00000| Untracked 
|  43|0x0000000087d00000, 0x0000000087d00000, 0x0000000087e00000|  0%| F|  |TAMS 0x0000000087d00000, 0x0000000087d00000| Untracked 
|  44|0x0000000087e00000, 0x0000000087e00000, 0x0000000087f00000|  0%| F|  |TAMS 0x0000000087e00000, 0x0000000087e00000| Untracked 
|  45|0x0000000087f00000, 0x0000000087f00000, 0x0000000088000000|  0%| F|  |TAMS 0x0000000087f00000, 0x0000000087f00000| Untracked 
|  46|0x0000000088000000, 0x0000000088000000, 0x0000000088100000|  0%| F|  |TAMS 0x0000000088000000, 0x0000000088000000| Untracked 
|  47|0x0000000088100000, 0x0000000088100000, 0x0000000088200000|  0%| F|  |TAMS 0x0000000088100000, 0x0000000088100000| Untracked 
|  48|0x0000000088200000, 0x0000000088200000, 0x0000000088300000|  0%| F|  |TAMS 0x0000000088200000, 0x0000000088200000| Untracked 
|  49|0x0000000088300000, 0x0000000088300000, 0x0000000088400000|  0%| F|  |TAMS 0x0000000088300000, 0x0000000088300000| Untracked 
|  50|0x0000000088400000, 0x0000000088400000, 0x0000000088500000|  0%| F|  |TAMS 0x0000000088400000, 0x0000000088400000| Untracked 
|  51|0x0000000088500000, 0x0000000088500000, 0x0000000088600000|  0%| F|  |TAMS 0x0000000088500000, 0x0000000088500000| Untracked 
|  52|0x0000000088600000, 0x0000000088600000, 0x0000000088700000|  0%| F|  |TAMS 0x0000000088600000, 0x0000000088600000| Untracked 
|  53|0x0000000088700000, 0x0000000088700000, 0x0000000088800000|  0%| F|  |TAMS 0x0000000088700000, 0x0000000088700000| Untracked 
|  54|0x0000000088800000, 0x0000000088800000, 0x0000000088900000|  0%| F|  |TAMS 0x0000000088800000, 0x0000000088800000| Untracked 
|  55|0x0000000088900000, 0x0000000088900000, 0x0000000088a00000|  0%| F|  |TAMS 0x0000000088900000, 0x0000000088900000| Untracked 
|  56|0x0000000088a00000, 0x0000000088a00000, 0x0000000088b00000|  0%| F|  |TAMS 0x0000000088a00000, 0x0000000088a00000| Untracked 
|  57|0x0000000088b00000, 0x0000000088b00000, 0x0000000088c00000|  0%| F|  |TAMS 0x0000000088b00000, 0x0000000088b00000| Untracked 
|  58|0x0000000088c00000, 0x0000000088c00000, 0x0000000088d00000|  0%| F|  |TAMS 0x0000000088c00000, 0x0000000088c00000| Untracked 
|  59|0x0000000088d00000, 0x0000000088d00000, 0x0000000088e00000|  0%| F|  |TAMS 0x0000000088d00000, 0x0000000088d00000| Untracked 
|  60|0x0000000088e00000, 0x0000000088f00000, 0x0000000088f00000|100%| S|CS|TAMS 0x0000000088e00000, 0x0000000088e00000| Complete 
|  61|0x0000000088f00000, 0x0000000088f00000, 0x0000000089000000|  0%| F|  |TAMS 0x0000000088f00000, 0x0000000088f00000| Untracked 
|  62|0x0000000089000000, 0x0000000089000000, 0x0000000089100000|  0%| F|  |TAMS 0x0000000089000000, 0x0000000089000000| Untracked 
|  63|0x0000000089100000, 0x0000000089100000, 0x0000000089200000|  0%| F|  |TAMS 0x0000000089100000, 0x0000000089100000| Untracked 
|  64|0x0000000089200000, 0x0000000089200000, 0x0000000089300000|  0%| F|  |TAMS 0x0000000089200000, 0x0000000089200000| Untracked 
|  65|0x0000000089300000, 0x0000000089300000, 0x0000000089400000|  0%| F|  |TAMS 0x0000000089300000, 0x0000000089300000| Untracked 
|  66|0x0000000089400000, 0x0000000089400000, 0x0000000089500000|  0%| F|  |TAMS 0x0000000089400000, 0x0000000089400000| Untracked 
|  67|0x0000000089500000, 0x0000000089500000, 0x0000000089600000|  0%| F|  |TAMS 0x0000000089500000, 0x0000000089500000| Untracked 
|  68|0x0000000089600000, 0x0000000089600000, 0x0000000089700000|  0%| F|  |TAMS 0x0000000089600000, 0x0000000089600000| Untracked 
|  69|0x0000000089700000, 0x0000000089700000, 0x0000000089800000|  0%| F|  |TAMS 0x0000000089700000, 0x0000000089700000| Untracked 
|  70|0x0000000089800000, 0x0000000089800000, 0x0000000089900000|  0%| F|  |TAMS 0x0000000089800000, 0x0000000089800000| Untracked 
|  71|0x0000000089900000, 0x0000000089900000, 0x0000000089a00000|  0%| F|  |TAMS 0x0000000089900000, 0x0000000089900000| Untracked 
|  72|0x0000000089a00000, 0x0000000089a00000, 0x0000000089b00000|  0%| F|  |TAMS 0x0000000089a00000, 0x0000000089a00000| Untracked 
|  73|0x0000000089b00000, 0x0000000089b00000, 0x0000000089c00000|  0%| F|  |TAMS 0x0000000089b00000, 0x0000000089b00000| Untracked 
|  74|0x0000000089c00000, 0x0000000089c00000, 0x0000000089d00000|  0%| F|  |TAMS 0x0000000089c00000, 0x0000000089c00000| Untracked 
|  75|0x0000000089d00000, 0x0000000089d00000, 0x0000000089e00000|  0%| F|  |TAMS 0x0000000089d00000, 0x0000000089d00000| Untracked 
|  76|0x0000000089e00000, 0x0000000089e00000, 0x0000000089f00000|  0%| F|  |TAMS 0x0000000089e00000, 0x0000000089e00000| Untracked 
|  77|0x0000000089f00000, 0x0000000089f00000, 0x000000008a000000|  0%| F|  |TAMS 0x0000000089f00000, 0x0000000089f00000| Untracked 
|  78|0x000000008a000000, 0x000000008a000000, 0x000000008a100000|  0%| F|  |TAMS 0x000000008a000000, 0x000000008a000000| Untracked 
|  79|0x000000008a100000, 0x000000008a100000, 0x000000008a200000|  0%| F|  |TAMS 0x000000008a100000, 0x000000008a100000| Untracked 
|  80|0x000000008a200000, 0x000000008a200000, 0x000000008a300000|  0%| F|  |TAMS 0x000000008a200000, 0x000000008a200000| Untracked 
|  81|0x000000008a300000, 0x000000008a300000, 0x000000008a400000|  0%| F|  |TAMS 0x000000008a300000, 0x000000008a300000| Untracked 
|  82|0x000000008a400000, 0x000000008a400000, 0x000000008a500000|  0%| F|  |TAMS 0x000000008a400000, 0x000000008a400000| Untracked 
|  83|0x000000008a500000, 0x000000008a500000, 0x000000008a600000|  0%| F|  |TAMS 0x000000008a500000, 0x000000008a500000| Untracked 
|  84|0x000000008a600000, 0x000000008a600000, 0x000000008a700000|  0%| F|  |TAMS 0x000000008a600000, 0x000000008a600000| Untracked 
|  85|0x000000008a700000, 0x000000008a700000, 0x000000008a800000|  0%| F|  |TAMS 0x000000008a700000, 0x000000008a700000| Untracked 
|  86|0x000000008a800000, 0x000000008a800000, 0x000000008a900000|  0%| F|  |TAMS 0x000000008a800000, 0x000000008a800000| Untracked 
|  87|0x000000008a900000, 0x000000008a900000, 0x000000008aa00000|  0%| F|  |TAMS 0x000000008a900000, 0x000000008a900000| Untracked 
|  88|0x000000008aa00000, 0x000000008aa00000, 0x000000008ab00000|  0%| F|  |TAMS 0x000000008aa00000, 0x000000008aa00000| Untracked 
|  89|0x000000008ab00000, 0x000000008ab00000, 0x000000008ac00000|  0%| F|  |TAMS 0x000000008ab00000, 0x000000008ab00000| Untracked 
|  90|0x000000008ac00000, 0x000000008ac00000, 0x000000008ad00000|  0%| F|  |TAMS 0x000000008ac00000, 0x000000008ac00000| Untracked 
|  91|0x000000008ad00000, 0x000000008ad00000, 0x000000008ae00000|  0%| F|  |TAMS 0x000000008ad00000, 0x000000008ad00000| Untracked 
|  92|0x000000008ae00000, 0x000000008ae00000, 0x000000008af00000|  0%| F|  |TAMS 0x000000008ae00000, 0x000000008ae00000| Untracked 
|  93|0x000000008af00000, 0x000000008af00000, 0x000000008b000000|  0%| F|  |TAMS 0x000000008af00000, 0x000000008af00000| Untracked 
|  94|0x000000008b000000, 0x000000008b000000, 0x000000008b100000|  0%| F|  |TAMS 0x000000008b000000, 0x000000008b000000| Untracked 
|  95|0x000000008b100000, 0x000000008b100000, 0x000000008b200000|  0%| F|  |TAMS 0x000000008b100000, 0x000000008b100000| Untracked 
|  96|0x000000008b200000, 0x000000008b200000, 0x000000008b300000|  0%| F|  |TAMS 0x000000008b200000, 0x000000008b200000| Untracked 
|  97|0x000000008b300000, 0x000000008b300000, 0x000000008b400000|  0%| F|  |TAMS 0x000000008b300000, 0x000000008b300000| Untracked 
|  98|0x000000008b400000, 0x000000008b400000, 0x000000008b500000|  0%| F|  |TAMS 0x000000008b400000, 0x000000008b400000| Untracked 
|  99|0x000000008b500000, 0x000000008b500000, 0x000000008b600000|  0%| F|  |TAMS 0x000000008b500000, 0x000000008b500000| Untracked 
| 100|0x000000008b600000, 0x000000008b600000, 0x000000008b700000|  0%| F|  |TAMS 0x000000008b600000, 0x000000008b600000| Untracked 
| 101|0x000000008b700000, 0x000000008b700000, 0x000000008b800000|  0%| F|  |TAMS 0x000000008b700000, 0x000000008b700000| Untracked 
| 102|0x000000008b800000, 0x000000008b800000, 0x000000008b900000|  0%| F|  |TAMS 0x000000008b800000, 0x000000008b800000| Untracked 
| 103|0x000000008b900000, 0x000000008b900000, 0x000000008ba00000|  0%| F|  |TAMS 0x000000008b900000, 0x000000008b900000| Untracked 
| 104|0x000000008ba00000, 0x000000008ba00000, 0x000000008bb00000|  0%| F|  |TAMS 0x000000008ba00000, 0x000000008ba00000| Untracked 
| 105|0x000000008bb00000, 0x000000008bb00000, 0x000000008bc00000|  0%| F|  |TAMS 0x000000008bb00000, 0x000000008bb00000| Untracked 
| 106|0x000000008bc00000, 0x000000008bc00000, 0x000000008bd00000|  0%| F|  |TAMS 0x000000008bc00000, 0x000000008bc00000| Untracked 
| 107|0x000000008bd00000, 0x000000008bd00000, 0x000000008be00000|  0%| F|  |TAMS 0x000000008bd00000, 0x000000008bd00000| Untracked 
| 108|0x000000008be00000, 0x000000008be00000, 0x000000008bf00000|  0%| F|  |TAMS 0x000000008be00000, 0x000000008be00000| Untracked 
| 109|0x000000008bf00000, 0x000000008bf00000, 0x000000008c000000|  0%| F|  |TAMS 0x000000008bf00000, 0x000000008bf00000| Untracked 
| 110|0x000000008c000000, 0x000000008c000000, 0x000000008c100000|  0%| F|  |TAMS 0x000000008c000000, 0x000000008c000000| Untracked 
| 111|0x000000008c100000, 0x000000008c100000, 0x000000008c200000|  0%| F|  |TAMS 0x000000008c100000, 0x000000008c100000| Untracked 
| 112|0x000000008c200000, 0x000000008c200000, 0x000000008c300000|  0%| F|  |TAMS 0x000000008c200000, 0x000000008c200000| Untracked 
| 113|0x000000008c300000, 0x000000008c300000, 0x000000008c400000|  0%| F|  |TAMS 0x000000008c300000, 0x000000008c300000| Untracked 
| 114|0x000000008c400000, 0x000000008c400000, 0x000000008c500000|  0%| F|  |TAMS 0x000000008c400000, 0x000000008c400000| Untracked 
| 115|0x000000008c500000, 0x000000008c500000, 0x000000008c600000|  0%| F|  |TAMS 0x000000008c500000, 0x000000008c500000| Untracked 
| 116|0x000000008c600000, 0x000000008c600000, 0x000000008c700000|  0%| F|  |TAMS 0x000000008c600000, 0x000000008c600000| Untracked 
| 117|0x000000008c700000, 0x000000008c700000, 0x000000008c800000|  0%| F|  |TAMS 0x000000008c700000, 0x000000008c700000| Untracked 
| 118|0x000000008c800000, 0x000000008c800000, 0x000000008c900000|  0%| F|  |TAMS 0x000000008c800000, 0x000000008c800000| Untracked 
| 119|0x000000008c900000, 0x000000008c900000, 0x000000008ca00000|  0%| F|  |TAMS 0x000000008c900000, 0x000000008c900000| Untracked 
| 120|0x000000008ca00000, 0x000000008ca00000, 0x000000008cb00000|  0%| F|  |TAMS 0x000000008ca00000, 0x000000008ca00000| Untracked 
| 121|0x000000008cb00000, 0x000000008cb00000, 0x000000008cc00000|  0%| F|  |TAMS 0x000000008cb00000, 0x000000008cb00000| Untracked 
| 122|0x000000008cc00000, 0x000000008cc00000, 0x000000008cd00000|  0%| F|  |TAMS 0x000000008cc00000, 0x000000008cc00000| Untracked 
| 123|0x000000008cd00000, 0x000000008cd00000, 0x000000008ce00000|  0%| F|  |TAMS 0x000000008cd00000, 0x000000008cd00000| Untracked 
|1960|0x00000000ffa00000, 0x00000000ffb00000, 0x00000000ffb00000|100%| O|  |TAMS 0x00000000ffa00000, 0x00000000ffa00000| Untracked 
|1961|0x00000000ffb00000, 0x00000000ffc00000, 0x00000000ffc00000|100%| O|  |TAMS 0x00000000ffb00000, 0x00000000ffb00000| Untracked 
|1962|0x00000000ffc00000, 0x00000000ffd00000, 0x00000000ffd00000|100%| O|  |TAMS 0x00000000ffc00000, 0x00000000ffc00000| Untracked 
|1963|0x00000000ffd00000, 0x00000000ffe00000, 0x00000000ffe00000|100%| O|  |TAMS 0x00000000ffd00000, 0x00000000ffd00000| Untracked 
|1964|0x00000000ffe00000, 0x00000000fff00000, 0x00000000fff00000|100%| O|  |TAMS 0x00000000ffe00000, 0x00000000ffe00000| Untracked 
|1965|0x00000000fff00000, 0x0000000100000000, 0x0000000100000000|100%| O|  |TAMS 0x00000000fff00000, 0x00000000fff00000| Untracked 

Card table byte_map: [0x00000215c0cf0000,0x00000215c10d0000] _byte_map_base: 0x00000215c08c7000

Marking Bits (Prev, Next): (CMBitMap*) 0x00000215a7e7d7e0, (CMBitMap*) 0x00000215a7e7d7a0
 Prev Bits: [0x00000215c3370000, 0x00000215c5228000)
 Next Bits: [0x00000215c14b0000, 0x00000215c3368000)

Polling page: 0x00000215a7b20000

Metaspace:

Usage:
  Non-class:     24.00 MB used.
      Class:      3.11 MB used.
       Both:     27.12 MB used.

Virtual space:
  Non-class space:       64.00 MB reserved,      24.19 MB ( 38%) committed,  1 nodes.
      Class space:        1.00 GB reserved,       3.25 MB ( <1%) committed,  1 nodes.
             Both:        1.06 GB reserved,      27.44 MB (  3%) committed. 

Chunk freelists:
   Non-Class:  7.53 MB
       Class:  12.70 MB
        Both:  20.23 MB

MaxMetaspaceSize: unlimited
CompressedClassSpaceSize: 1.00 GB
Initial GC threshold: 21.00 MB
Current GC threshold: 35.44 MB
CDS: on
MetaspaceReclaimPolicy: balanced
 - commit_granule_bytes: 65536.
 - commit_granule_words: 8192.
 - virtual_space_node_default_size: 8388608.
 - enlarge_chunks_in_place: 1.
 - new_chunks_are_fully_committed: 0.
 - uncommit_free_chunks: 1.
 - use_allocation_guard: 0.
 - handle_deallocations: 1.


Internal statistics:

num_allocs_failed_limit: 3.
num_arena_births: 182.
num_arena_deaths: 0.
num_vsnodes_births: 2.
num_vsnodes_deaths: 0.
num_space_committed: 439.
num_space_uncommitted: 0.
num_chunks_returned_to_freelist: 3.
num_chunks_taken_from_freelist: 1201.
num_chunk_merges: 0.
num_chunk_splits: 836.
num_chunks_enlarged: 659.
num_inconsistent_stats: 0.

CodeHeap 'non-profiled nmethods': size=120000Kb used=2890Kb max_used=2890Kb free=117109Kb
 bounds [0x00000215b8760000, 0x00000215b8a40000, 0x00000215bfc90000]
CodeHeap 'profiled nmethods': size=120000Kb used=12110Kb max_used=12110Kb free=107890Kb
 bounds [0x00000215b0c90000, 0x00000215b1870000, 0x00000215b81c0000]
CodeHeap 'non-nmethods': size=5760Kb used=1210Kb max_used=1266Kb free=4550Kb
 bounds [0x00000215b81c0000, 0x00000215b8430000, 0x00000215b8760000]
 total_blobs=6050 nmethods=5540 adapters=422
 compilation: enabled
              stopped_count=0, restarted_count=0
 full_count=0

Compilation events (20 events):
Event: 10.122 Thread 0x00000215c7e76e20 6332       4       java.net.URI$Parser::scan (41 bytes)
Event: 10.122 Thread 0x000002160eb14530 6333       4       jdk.internal.jimage.ImageLocation::verify (218 bytes)
Event: 10.126 Thread 0x00000215c7e76e20 nmethod 6332 0x00000215b8891b90 code [0x00000215b8891d20, 0x00000215b8891ff8]
Event: 10.131 Thread 0x00000215c7e76e20 6334       4       java.lang.String::newStringUTF8NoRepl (274 bytes)
Event: 10.137 Thread 0x00000215c7e76e20 nmethod 6334 0x00000215b8891190 code [0x00000215b8891320, 0x00000215b88918d8]
Event: 10.143 Thread 0x00000215c7e7fd30 6335       3       java.util.zip.ZipEntry::<init> (172 bytes)
Event: 10.143 Thread 0x00000215c7e7fd30 nmethod 6335 0x00000215b185b010 code [0x00000215b185b1e0, 0x00000215b185b7a8]
Event: 10.143 Thread 0x00000215c7e7fd30 6336       3       jdk.internal.reflect.Reflection::isSubclassOf (21 bytes)
Event: 10.143 Thread 0x00000215c7e7fd30 nmethod 6336 0x00000215b185b910 code [0x00000215b185bac0, 0x00000215b185bd08]
Event: 10.144 Thread 0x00000215c7e7fd30 6337       3       java.lang.reflect.AccessibleObject::slowVerifyAccess (67 bytes)
Event: 10.145 Thread 0x00000215c7e7fd30 nmethod 6337 0x00000215b185be10 code [0x00000215b185c020, 0x00000215b185c788]
Event: 10.145 Thread 0x00000215c7e7fd30 6338   !   3       lombok.launch.ShadowClassLoader::getResourceFromLocation (243 bytes)
Event: 10.147 Thread 0x00000215c7e7fd30 nmethod 6338 0x00000215b185c990 code [0x00000215b185d100, 0x00000215b1860be8]
Event: 10.147 Thread 0x00000215c7e7fd30 6340   !   3       lombok.launch.ShadowClassLoader::loadClass (242 bytes)
Event: 10.149 Thread 0x00000215c7e7fd30 nmethod 6340 0x00000215b1862210 code [0x00000215b1862640, 0x00000215b1864058]
Event: 10.149 Thread 0x00000215c7e7fd30 6341       3       lombok.launch.ShadowClassLoader::toSclResourceName (54 bytes)
Event: 10.149 Thread 0x00000215c7e7fd30 nmethod 6341 0x00000215b1864990 code [0x00000215b1864c20, 0x00000215b18654c8]
Event: 10.149 Thread 0x00000215c7e7fd30 6339   !   3       sun.net.www.protocol.jar.Handler::parseAbsoluteSpec (85 bytes)
Event: 10.157 Thread 0x00000215c7e7fd30 nmethod 6339 0x00000215b1865890 code [0x00000215b1865b80, 0x00000215b18668d8]
Event: 10.171 Thread 0x00000215c7e76e20 6342 %     4       java.net.URI::quote @ 24 (214 bytes)

GC Heap History (17 events):
Event: 1.581 GC heap before
{Heap before GC invocations=0 (full 0):
 garbage-first heap   total 126976K, used 23552K [0x0000000085200000, 0x0000000100000000)
  region size 1024K, 23 young (23552K), 0 survivors (0K)
 Metaspace       used 5237K, committed 5376K, reserved 1114112K
  class space    used 629K, committed 704K, reserved 1048576K
}
Event: 1.591 GC heap after
{Heap after GC invocations=1 (full 0):
 garbage-first heap   total 126976K, used 3476K [0x0000000085200000, 0x0000000100000000)
  region size 1024K, 3 young (3072K), 3 survivors (3072K)
 Metaspace       used 5237K, committed 5376K, reserved 1114112K
  class space    used 629K, committed 704K, reserved 1048576K
}
Event: 2.511 GC heap before
{Heap before GC invocations=1 (full 0):
 garbage-first heap   total 126976K, used 35220K [0x0000000085200000, 0x0000000100000000)
  region size 1024K, 34 young (34816K), 3 survivors (3072K)
 Metaspace       used 7785K, committed 8000K, reserved 1114112K
  class space    used 914K, committed 1024K, reserved 1048576K
}
Event: 2.519 GC heap after
{Heap after GC invocations=2 (full 0):
 garbage-first heap   total 126976K, used 4531K [0x0000000085200000, 0x0000000100000000)
  region size 1024K, 1 young (1024K), 1 survivors (1024K)
 Metaspace       used 7785K, committed 8000K, reserved 1114112K
  class space    used 914K, committed 1024K, reserved 1048576K
}
Event: 5.229 GC heap before
{Heap before GC invocations=2 (full 0):
 garbage-first heap   total 126976K, used 79283K [0x0000000085200000, 0x0000000100000000)
  region size 1024K, 74 young (75776K), 1 survivors (1024K)
 Metaspace       used 15227K, committed 15424K, reserved 1114112K
  class space    used 1841K, committed 1920K, reserved 1048576K
}
Event: 5.247 GC heap after
{Heap after GC invocations=3 (full 0):
 garbage-first heap   total 126976K, used 11833K [0x0000000085200000, 0x0000000100000000)
  region size 1024K, 9 young (9216K), 9 survivors (9216K)
 Metaspace       used 15227K, committed 15424K, reserved 1114112K
  class space    used 1841K, committed 1920K, reserved 1048576K
}
Event: 7.063 GC heap before
{Heap before GC invocations=3 (full 0):
 garbage-first heap   total 126976K, used 78393K [0x0000000085200000, 0x0000000100000000)
  region size 1024K, 74 young (75776K), 9 survivors (9216K)
 Metaspace       used 16573K, committed 16896K, reserved 1114112K
  class space    used 1949K, committed 2112K, reserved 1048576K
}
Event: 7.079 GC heap after
{Heap after GC invocations=4 (full 0):
 garbage-first heap   total 126976K, used 15223K [0x0000000085200000, 0x0000000100000000)
  region size 1024K, 4 young (4096K), 4 survivors (4096K)
 Metaspace       used 16573K, committed 16896K, reserved 1114112K
  class space    used 1949K, committed 2112K, reserved 1048576K
}
Event: 8.033 GC heap before
{Heap before GC invocations=4 (full 0):
 garbage-first heap   total 126976K, used 50039K [0x0000000085200000, 0x0000000100000000)
  region size 1024K, 35 young (35840K), 4 survivors (4096K)
 Metaspace       used 21241K, committed 21504K, reserved 1114112K
  class space    used 2508K, committed 2624K, reserved 1048576K
}
Event: 8.048 GC heap after
{Heap after GC invocations=5 (full 0):
 garbage-first heap   total 126976K, used 23543K [0x0000000085200000, 0x0000000100000000)
  region size 1024K, 9 young (9216K), 9 survivors (9216K)
 Metaspace       used 21241K, committed 21504K, reserved 1114112K
  class space    used 2508K, committed 2624K, reserved 1048576K
}
Event: 8.892 GC heap before
{Heap before GC invocations=6 (full 0):
 garbage-first heap   total 86016K, used 67575K [0x0000000085200000, 0x0000000100000000)
  region size 1024K, 50 young (51200K), 9 survivors (9216K)
 Metaspace       used 25560K, committed 25920K, reserved 1114112K
  class space    used 2978K, committed 3136K, reserved 1048576K
}
Event: 8.918 GC heap after
{Heap after GC invocations=7 (full 0):
 garbage-first heap   total 92160K, used 37894K [0x0000000085200000, 0x0000000100000000)
  region size 1024K, 7 young (7168K), 7 survivors (7168K)
 Metaspace       used 25560K, committed 25920K, reserved 1114112K
  class space    used 2978K, committed 3136K, reserved 1048576K
}
Event: 8.925 GC heap before
{Heap before GC invocations=7 (full 0):
 garbage-first heap   total 92160K, used 38918K [0x0000000085200000, 0x0000000100000000)
  region size 1024K, 8 young (8192K), 7 survivors (7168K)
 Metaspace       used 25569K, committed 25920K, reserved 1114112K
  class space    used 2978K, committed 3136K, reserved 1048576K
}
Event: 8.934 GC heap after
{Heap after GC invocations=8 (full 0):
 garbage-first heap   total 92160K, used 39424K [0x0000000085200000, 0x0000000100000000)
  region size 1024K, 1 young (1024K), 1 survivors (1024K)
 Metaspace       used 25569K, committed 25920K, reserved 1114112K
  class space    used 2978K, committed 3136K, reserved 1048576K
}
Event: 9.461 GC heap before
{Heap before GC invocations=8 (full 0):
 garbage-first heap   total 92160K, used 67072K [0x0000000085200000, 0x0000000100000000)
  region size 1024K, 27 young (27648K), 1 survivors (1024K)
 Metaspace       used 26640K, committed 27008K, reserved 1114112K
  class space    used 3054K, committed 3200K, reserved 1048576K
}
Event: 9.474 GC heap after
{Heap after GC invocations=9 (full 0):
 garbage-first heap   total 92160K, used 44544K [0x0000000085200000, 0x0000000100000000)
  region size 1024K, 4 young (4096K), 4 survivors (4096K)
 Metaspace       used 26640K, committed 27008K, reserved 1114112K
  class space    used 3054K, committed 3200K, reserved 1048576K
}
Event: 10.174 GC heap before
{Heap before GC invocations=9 (full 0):
 garbage-first heap   total 92160K, used 67072K [0x0000000085200000, 0x0000000100000000)
  region size 1024K, 27 young (27648K), 4 survivors (4096K)
 Metaspace       used 27765K, committed 28096K, reserved 1114112K
  class space    used 3188K, committed 3328K, reserved 1048576K
}

Deoptimization events (20 events):
Event: 9.908 Thread 0x00000215a7e22140 DEOPT PACKING pc=0x00000215b1819253 sp=0x00000066cc8fb080
Event: 9.908 Thread 0x00000215a7e22140 DEOPT UNPACKING pc=0x00000215b8212b43 sp=0x00000066cc8fa530 mode 0
Event: 10.056 Thread 0x00000215a7e22140 Uncommon trap: trap_request=0xffffffde fr.pc=0x00000215b899a270 relative=0x0000000000000570
Event: 10.056 Thread 0x00000215a7e22140 Uncommon trap: reason=class_check action=maybe_recompile pc=0x00000215b899a270 method=java.util.HashMap.computeIfAbsent(Ljava/lang/Object;Ljava/util/function/Function;)Ljava/lang/Object; @ 286 c2
Event: 10.056 Thread 0x00000215a7e22140 DEOPT PACKING pc=0x00000215b899a270 sp=0x00000066cc8fc460
Event: 10.056 Thread 0x00000215a7e22140 DEOPT UNPACKING pc=0x00000215b82123a3 sp=0x00000066cc8fc3f0 mode 2
Event: 10.056 Thread 0x00000215a7e22140 Uncommon trap: trap_request=0xffffffde fr.pc=0x00000215b899a270 relative=0x0000000000000570
Event: 10.056 Thread 0x00000215a7e22140 Uncommon trap: reason=class_check action=maybe_recompile pc=0x00000215b899a270 method=java.util.HashMap.computeIfAbsent(Ljava/lang/Object;Ljava/util/function/Function;)Ljava/lang/Object; @ 286 c2
Event: 10.056 Thread 0x00000215a7e22140 DEOPT PACKING pc=0x00000215b899a270 sp=0x00000066cc8fc460
Event: 10.056 Thread 0x00000215a7e22140 DEOPT UNPACKING pc=0x00000215b82123a3 sp=0x00000066cc8fc3f0 mode 2
Event: 10.056 Thread 0x00000215a7e22140 Uncommon trap: trap_request=0xffffffde fr.pc=0x00000215b899a270 relative=0x0000000000000570
Event: 10.056 Thread 0x00000215a7e22140 Uncommon trap: reason=class_check action=maybe_recompile pc=0x00000215b899a270 method=java.util.HashMap.computeIfAbsent(Ljava/lang/Object;Ljava/util/function/Function;)Ljava/lang/Object; @ 286 c2
Event: 10.056 Thread 0x00000215a7e22140 DEOPT PACKING pc=0x00000215b899a270 sp=0x00000066cc8fc460
Event: 10.056 Thread 0x00000215a7e22140 DEOPT UNPACKING pc=0x00000215b82123a3 sp=0x00000066cc8fc3f0 mode 2
Event: 10.056 Thread 0x00000215a7e22140 Uncommon trap: trap_request=0xffffffde fr.pc=0x00000215b899a270 relative=0x0000000000000570
Event: 10.056 Thread 0x00000215a7e22140 Uncommon trap: reason=class_check action=maybe_recompile pc=0x00000215b899a270 method=java.util.HashMap.computeIfAbsent(Ljava/lang/Object;Ljava/util/function/Function;)Ljava/lang/Object; @ 286 c2
Event: 10.056 Thread 0x00000215a7e22140 DEOPT PACKING pc=0x00000215b899a270 sp=0x00000066cc8fc430
Event: 10.056 Thread 0x00000215a7e22140 DEOPT UNPACKING pc=0x00000215b82123a3 sp=0x00000066cc8fc3c0 mode 2
Event: 10.122 Thread 0x00000215a7e22140 DEOPT PACKING pc=0x00000215b164d0d9 sp=0x00000066cc8f8780
Event: 10.122 Thread 0x00000215a7e22140 DEOPT UNPACKING pc=0x00000215b8212b43 sp=0x00000066cc8f7c78 mode 0

Classes unloaded (0 events):
No events

Classes redefined (0 events):
No events

Internal exceptions (20 events):
Event: 9.310 Thread 0x00000215a7e22140 Exception <a 'sun/nio/fs/WindowsException'{0x0000000088e0ff98}> (0x0000000088e0ff98) 
thrown [s\open\src\hotspot\share\prims\jni.cpp, line 516]
Event: 9.310 Thread 0x00000215a7e22140 Exception <a 'sun/nio/fs/WindowsException'{0x0000000088e10418}> (0x0000000088e10418) 
thrown [s\open\src\hotspot\share\prims\jni.cpp, line 516]
Event: 9.349 Thread 0x00000215a7e22140 Exception <a 'sun/nio/fs/WindowsException'{0x0000000088d00f28}> (0x0000000088d00f28) 
thrown [s\open\src\hotspot\share\prims\jni.cpp, line 516]
Event: 9.349 Thread 0x00000215a7e22140 Exception <a 'sun/nio/fs/WindowsException'{0x0000000088d01338}> (0x0000000088d01338) 
thrown [s\open\src\hotspot\share\prims\jni.cpp, line 516]
Event: 9.349 Thread 0x00000215a7e22140 Exception <a 'sun/nio/fs/WindowsException'{0x0000000088d0da28}> (0x0000000088d0da28) 
thrown [s\open\src\hotspot\share\prims\jni.cpp, line 516]
Event: 9.349 Thread 0x00000215a7e22140 Exception <a 'sun/nio/fs/WindowsException'{0x0000000088d0dde8}> (0x0000000088d0dde8) 
thrown [s\open\src\hotspot\share\prims\jni.cpp, line 516]
Event: 9.350 Thread 0x00000215a7e22140 Exception <a 'sun/nio/fs/WindowsException'{0x0000000088d35a48}> (0x0000000088d35a48) 
thrown [s\open\src\hotspot\share\prims\jni.cpp, line 516]
Event: 9.350 Thread 0x00000215a7e22140 Exception <a 'sun/nio/fs/WindowsException'{0x0000000088d35e58}> (0x0000000088d35e58) 
thrown [s\open\src\hotspot\share\prims\jni.cpp, line 516]
Event: 9.350 Thread 0x00000215a7e22140 Exception <a 'sun/nio/fs/WindowsException'{0x0000000088d37168}> (0x0000000088d37168) 
thrown [s\open\src\hotspot\share\prims\jni.cpp, line 516]
Event: 9.350 Thread 0x00000215a7e22140 Exception <a 'sun/nio/fs/WindowsException'{0x0000000088d37600}> (0x0000000088d37600) 
thrown [s\open\src\hotspot\share\prims\jni.cpp, line 516]
Event: 9.355 Thread 0x00000215a7e22140 Exception <a 'sun/nio/fs/WindowsException'{0x0000000088d4b7d0}> (0x0000000088d4b7d0) 
thrown [s\open\src\hotspot\share\prims\jni.cpp, line 516]
Event: 9.355 Thread 0x00000215a7e22140 Exception <a 'sun/nio/fs/WindowsException'{0x0000000088d4bbf0}> (0x0000000088d4bbf0) 
thrown [s\open\src\hotspot\share\prims\jni.cpp, line 516]
Event: 9.356 Thread 0x00000215a7e22140 Exception <a 'sun/nio/fs/WindowsException'{0x0000000088d4ec10}> (0x0000000088d4ec10) 
thrown [s\open\src\hotspot\share\prims\jni.cpp, line 516]
Event: 9.356 Thread 0x00000215a7e22140 Exception <a 'sun/nio/fs/WindowsException'{0x0000000088d4eff0}> (0x0000000088d4eff0) 
thrown [s\open\src\hotspot\share\prims\jni.cpp, line 516]
Event: 9.356 Thread 0x00000215a7e22140 Exception <a 'sun/nio/fs/WindowsException'{0x0000000088d56078}> (0x0000000088d56078) 
thrown [s\open\src\hotspot\share\prims\jni.cpp, line 516]
Event: 9.356 Thread 0x00000215a7e22140 Exception <a 'sun/nio/fs/WindowsException'{0x0000000088d56498}> (0x0000000088d56498) 
thrown [s\open\src\hotspot\share\prims\jni.cpp, line 516]
Event: 9.357 Thread 0x00000215a7e22140 Exception <a 'sun/nio/fs/WindowsException'{0x0000000088d577b8}> (0x0000000088d577b8) 
thrown [s\open\src\hotspot\share\prims\jni.cpp, line 516]
Event: 9.357 Thread 0x00000215a7e22140 Exception <a 'sun/nio/fs/WindowsException'{0x0000000088d57c68}> (0x0000000088d57c68) 
thrown [s\open\src\hotspot\share\prims\jni.cpp, line 516]
Event: 9.546 Thread 0x00000215a7e22140 Implicit null exception at 0x00000215b88a4031 to 0x00000215b88a4448
Event: 9.574 Thread 0x00000215a7e22140 Implicit null exception at 0x00000215b892a9ea to 0x00000215b892abc0

VM Operations (20 events):
Event: 8.247 Executing VM operation: HandshakeAllThreads done
Event: 8.349 Executing VM operation: HandshakeAllThreads
Event: 8.349 Executing VM operation: HandshakeAllThreads done
Event: 8.795 Executing VM operation: HandshakeAllThreads
Event: 8.795 Executing VM operation: HandshakeAllThreads done
Event: 8.891 Executing VM operation: G1CollectForAllocation
Event: 8.918 Executing VM operation: G1CollectForAllocation done
Event: 8.925 Executing VM operation: G1CollectForAllocation
Event: 8.934 Executing VM operation: G1CollectForAllocation done
Event: 8.958 Executing VM operation: HandshakeAllThreads
Event: 8.958 Executing VM operation: HandshakeAllThreads done
Event: 9.146 Executing VM operation: ICBufferFull
Event: 9.146 Executing VM operation: ICBufferFull done
Event: 9.385 Executing VM operation: ICBufferFull
Event: 9.385 Executing VM operation: ICBufferFull done
Event: 9.399 Executing VM operation: HandshakeAllThreads
Event: 9.399 Executing VM operation: HandshakeAllThreads done
Event: 9.461 Executing VM operation: G1CollectForAllocation
Event: 9.474 Executing VM operation: G1CollectForAllocation done
Event: 10.173 Executing VM operation: G1CollectForAllocation

Events (20 events):
Event: 9.557 loading class java/lang/LayerInstantiationException
Event: 9.558 loading class java/lang/LayerInstantiationException done
Event: 9.558 loading class jdk/internal/loader/Loader
Event: 9.559 loading class jdk/internal/loader/Loader done
Event: 9.561 loading class java/lang/Class$EnclosingMethodInfo
Event: 9.561 loading class java/lang/Class$EnclosingMethodInfo done
Event: 9.577 loading class jdk/internal/reflect/UnsafeQualifiedObjectFieldAccessorImpl
Event: 9.578 loading class jdk/internal/reflect/UnsafeQualifiedFieldAccessorImpl
Event: 9.578 loading class jdk/internal/reflect/UnsafeQualifiedFieldAccessorImpl done
Event: 9.578 loading class jdk/internal/reflect/UnsafeQualifiedObjectFieldAccessorImpl done
Event: 9.630 loading class java/util/regex/Pattern$1
Event: 9.631 loading class java/util/regex/Pattern$1 done
Event: 9.784 loading class java/text/BreakIterator
Event: 9.785 loading class java/text/BreakIterator done
Event: 9.896 loading class java/util/regex/Pattern$LookBehindEndNode
Event: 9.896 loading class java/util/regex/Pattern$LookBehindEndNode done
Event: 9.896 loading class java/util/regex/Pattern$NotBehind
Event: 9.897 loading class java/util/regex/Pattern$NotBehind done
Event: 9.957 loading class java/util/Vector$1
Event: 9.957 loading class java/util/Vector$1 done


Dynamic libraries:
0x00007ff640f30000 - 0x00007ff640f40000 	C:\Program Files\Java\jdk-17\bin\java.exe
0x00007fffa7bc0000 - 0x00007fffa7e26000 	C:\WINDOWS\SYSTEM32\ntdll.dll
0x00007fffa6570000 - 0x00007fffa6639000 	C:\WINDOWS\System32\KERNEL32.DLL
0x00007fffa4ff0000 - 0x00007fffa53ee000 	C:\WINDOWS\System32\KERNELBASE.dll
0x00007fffa5760000 - 0x00007fffa58ac000 	C:\WINDOWS\System32\ucrtbase.dll
0x00007fff5f1e0000 - 0x00007fff5f1f9000 	C:\Program Files\Java\jdk-17\bin\jli.dll
0x00007fffa64b0000 - 0x00007fffa6567000 	C:\WINDOWS\System32\ADVAPI32.dll
0x00007fff60340000 - 0x00007fff6035b000 	C:\Program Files\Java\jdk-17\bin\VCRUNTIME140.dll
0x00007fffa6dc0000 - 0x00007fffa6e69000 	C:\WINDOWS\System32\msvcrt.dll
0x00007fffa7580000 - 0x00007fffa762a000 	C:\WINDOWS\System32\sechost.dll
0x00007fffa7630000 - 0x00007fffa7748000 	C:\WINDOWS\System32\RPCRT4.dll
0x00007fffa78f0000 - 0x00007fffa7ab7000 	C:\WINDOWS\System32\USER32.dll
0x00007fffa58c0000 - 0x00007fffa58e7000 	C:\WINDOWS\System32\win32u.dll
0x00007fff7ef50000 - 0x00007fff7f1e2000 	C:\WINDOWS\WinSxS\amd64_microsoft.windows.common-controls_6595b64144ccf1df_6.0.26100.8875_none_3e0d5d42e32fe9dd\COMCTL32.dll
0x00007fffa6d90000 - 0x00007fffa6dbb000 	C:\WINDOWS\System32\GDI32.dll
0x00007fffa5570000 - 0x00007fffa569a000 	C:\WINDOWS\System32\gdi32full.dll
0x00007fffa5400000 - 0x00007fffa54a3000 	C:\WINDOWS\System32\msvcp_win.dll
0x00007fff917a0000 - 0x00007fff917ab000 	C:\WINDOWS\SYSTEM32\VERSION.dll
0x00007fffa6f60000 - 0x00007fffa6f92000 	C:\WINDOWS\System32\IMM32.DLL
0x00007fff6bf40000 - 0x00007fff6bf4c000 	C:\Program Files\Java\jdk-17\bin\vcruntime140_1.dll
0x00007fff36c20000 - 0x00007fff36cae000 	C:\Program Files\Java\jdk-17\bin\msvcp140.dll
0x00007ffec4680000 - 0x00007ffec5260000 	C:\Program Files\Java\jdk-17\bin\server\jvm.dll
0x00007fffa6fa0000 - 0x00007fffa6fa8000 	C:\WINDOWS\System32\PSAPI.DLL
0x00007fff725f0000 - 0x00007fff725fa000 	C:\WINDOWS\SYSTEM32\WSOCK32.dll
0x00007fff9caf0000 - 0x00007fff9cb26000 	C:\WINDOWS\SYSTEM32\WINMM.dll
0x00007fffa7310000 - 0x00007fffa7390000 	C:\WINDOWS\System32\WS2_32.dll
0x00007fffa3ac0000 - 0x00007fffa3adb000 	C:\WINDOWS\SYSTEM32\kernel.appcore.dll
0x00007fff6b730000 - 0x00007fff6b73a000 	C:\Program Files\Java\jdk-17\bin\jimage.dll
0x00007fffa2330000 - 0x00007fffa2572000 	C:\WINDOWS\SYSTEM32\DBGHELP.DLL
0x00007fffa58f0000 - 0x00007fffa5c73000 	C:\WINDOWS\System32\combase.dll
0x00007fffa6e80000 - 0x00007fffa6f59000 	C:\WINDOWS\System32\OLEAUT32.dll
0x00007fff7ec20000 - 0x00007fff7ec5b000 	C:\WINDOWS\SYSTEM32\dbgcore.DLL
0x00007fffa54b0000 - 0x00007fffa555c000 	C:\WINDOWS\System32\bcryptPrimitives.dll
0x00007fff5f1b0000 - 0x00007fff5f1d5000 	C:\Program Files\Java\jdk-17\bin\java.dll
0x00007fff2c6e0000 - 0x00007fff2c7b7000 	C:\Program Files\Java\jdk-17\bin\jsvml.dll
0x00007fffa5c80000 - 0x00007fffa6412000 	C:\WINDOWS\System32\SHELL32.dll
0x00007fffa2850000 - 0x00007fffa30e2000 	C:\WINDOWS\SYSTEM32\windows.storage.dll
0x00007fffa7120000 - 0x00007fffa7217000 	C:\WINDOWS\System32\SHCORE.dll
0x00007fffa72a0000 - 0x00007fffa7307000 	C:\WINDOWS\System32\shlwapi.dll
0x00007fffa4d00000 - 0x00007fffa4d29000 	C:\WINDOWS\SYSTEM32\profapi.dll
0x00007fff5ee30000 - 0x00007fff5ee49000 	C:\Program Files\Java\jdk-17\bin\net.dll
0x00007fff998e0000 - 0x00007fff99a07000 	C:\WINDOWS\SYSTEM32\WINHTTP.dll
0x00007fffa4070000 - 0x00007fffa40dc000 	C:\WINDOWS\system32\mswsock.dll
0x00007fff55370000 - 0x00007fff55386000 	C:\Program Files\Java\jdk-17\bin\nio.dll
0x00007fff55060000 - 0x00007fff55078000 	C:\Program Files\Java\jdk-17\bin\zip.dll
0x00007fff482b0000 - 0x00007fff482d4000 	C:\Users\devad\Downloads\apache-maven-3.9.16-bin (2)\apache-maven-3.9.16\lib\jansi-native\Windows\x86_64\jansi.dll
0x00007fff6b620000 - 0x00007fff6b630000 	C:\Program Files\Java\jdk-17\bin\verify.dll

dbghelp: loaded successfully - version: 4.0.5 - missing functions: none
symbol engine: initialized successfully - sym options: 0x614 - pdb path: .;C:\Program Files\Java\jdk-17\bin;C:\WINDOWS\SYSTEM32;C:\WINDOWS\WinSxS\amd64_microsoft.windows.common-controls_6595b64144ccf1df_6.0.26100.8875_none_3e0d5d42e32fe9dd;C:\Program Files\Java\jdk-17\bin\server;C:\Users\devad\Downloads\apache-maven-3.9.16-bin (2)\apache-maven-3.9.16\lib\jansi-native\Windows\x86_64

VM Arguments:
jvm_args: --enable-native-access=ALL-UNNAMED -Dclassworlds.conf=C:\Users\devad\Downloads\apache-maven-3.9.16-bin (2)\apache-maven-3.9.16\bin\m2.conf -Dmaven.home=C:\Users\devad\Downloads\apache-maven-3.9.16-bin (2)\apache-maven-3.9.16 -Dlibrary.jansi.path=C:\Users\devad\Downloads\apache-maven-3.9.16-bin (2)\apache-maven-3.9.16\lib\jansi-native -Dmaven.multiModuleProjectDirectory=C:\Users\devad\AppData\Local\amypo\workspace\14008_9002_1_14326\backend 
java_command: org.codehaus.plexus.classworlds.launcher.Launcher clean test
java_class_path (initial): C:\Users\devad\Downloads\apache-maven-3.9.16-bin (2)\apache-maven-3.9.16\boot\plexus-classworlds-2.11.0.jar
Launcher Type: SUN_STANDARD

[Global flags]
     intx CICompilerCount                          = 4                                         {product} {ergonomic}
     uint ConcGCThreads                            = 3                                         {product} {ergonomic}
     uint G1ConcRefinementThreads                  = 10                                        {product} {ergonomic}
   size_t G1HeapRegionSize                         = 1048576                                   {product} {ergonomic}
    uintx GCDrainStackTargetSize                   = 64                                        {product} {ergonomic}
   size_t InitialHeapSize                          = 130023424                                 {product} {ergonomic}
   size_t MarkStackSize                            = 4194304                                   {product} {ergonomic}
   size_t MaxHeapSize                              = 2061500416                                {product} {ergonomic}
   size_t MaxNewSize                               = 1236271104                                {product} {ergonomic}
   size_t MinHeapDeltaBytes                        = 1048576                                   {product} {ergonomic}
   size_t MinHeapSize                              = 8388608                                   {product} {ergonomic}
    uintx NonNMethodCodeHeapSize                   = 5839372                                {pd product} {ergonomic}
    uintx NonProfiledCodeHeapSize                  = 122909434                              {pd product} {ergonomic}
    uintx ProfiledCodeHeapSize                     = 122909434                              {pd product} {ergonomic}
    uintx ReservedCodeCacheSize                    = 251658240                              {pd product} {ergonomic}
     bool SegmentedCodeCache                       = true                                      {product} {ergonomic}
   size_t SoftMaxHeapSize                          = 2061500416                             {manageable} {ergonomic}
     bool UseCompressedClassPointers               = true                           {product lp64_product} {ergonomic}
     bool UseCompressedOops                        = true                           {product lp64_product} {ergonomic}
     bool UseG1GC                                  = true                                      {product} {ergonomic}
     bool UseLargePagesIndividualAllocation        = false                                  {pd product} {ergonomic}

Logging:
Log output configuration:
 #0: stdout all=warning uptime,level,tags
 #1: stderr all=off uptime,level,tags

Environment Variables:
JAVA_HOME=C:\Program Files\Java\jdk-17
PATH=C:\WINDOWS\System32;C:\WINDOWS;C:\WINDOWS\System32\Wbem;C:\WINDOWS\System32\WindowsPowerShell\v1.0;C:\WINDOWS\System32\OpenSSH;C:\Program Files\Common Files\Oracle\Java\javapath;C:\windows\system32;C:\windows;C:\windows\System32\Wbem;C:\windows\System32\WindowsPowerShell\v1.0\;C:\windows\System32\OpenSSH\;C:\WINDOWS\system32;C:\WINDOWS\System32\WindowsPowerShell\v1.0\;C:\WINDOWS\System32\OpenSSH\;C:\Program Files\Cloudflare\Cloudflare WARP\;C:\Program Files\Git\cmd;C:\Program Files\nodejs\;C:\Users\devad\Downloads\apache-maven-3.9.16-bin;C:\Users\devad\Downloads\apache-maven-3.9.16-bin (2);C:\Users\devad\AppData\Local\Programs\Python\Python311\;C:\Users\devad\AppData\Local\Programs\Python\Launcher\;C:\Users\devad\AppData\Local\Microsoft\WindowsApps;C:\Users\devad\AppData\Local\Programs\Microsoft VS Code\bin;C:\Users\devad\AppData\Roaming\npm;C:\Users\devad\Downloads\apache-maven-3.9.16-bin (2)\apache-maven-3.9.16\bin;C:\Users\devad\Downloads\apache-maven-3.9.16-bin (2)\apache-maven-3.9.16;C:\Program Files\nodejs;C:\Program Files\MySQL\MySQL Server 8.0;C:\Users\devad\AppData\Local\Programs\DockerDesktop\resources\bin;E:\Antigravity IDE\bin;C:\Program Files\Git\bin;C:\Program Files\Java\jdk-17\bin;C:\Program Files\AmypoCoder;C:\Program Files\Google\Chrome\Application
USERNAME=devad
OS=Windows_NT
PROCESSOR_IDENTIFIER=Intel64 Family 6 Model 154 Stepping 4, GenuineIntel



---------------  S Y S T E M  ---------------

OS:
 Windows 11 , 64 bit Build 26100 (10.0.26100.8875)
OS uptime: 2 days 3:00 hours
Hyper-V role detected

CPU: total 12 (initial active 12) (6 cores per cpu, 2 threads per core) family 6 model 154 stepping 4 microcode 0x432, cx8, cmov, fxsr, ht, mmx, 3dnowpref, sse, sse2, sse3, ssse3, sse4.1, sse4.2, popcnt, lzcnt, tsc, tscinvbit, avx, avx2, aes, erms, clmul, bmi1, bmi2, adx, sha, fma, vzeroupper, clflush, clflushopt, clwb, hv

Memory: 4k page, system-wide physical 7863M (483M free)
TotalPageFile size 16055M (AvailPageFile size 64M)
current process WorkingSet (physical memory assigned to process): 206M, peak: 233M
current process commit charge ("private bytes"): 285M, peak: 353M

vm_info: Java HotSpot(TM) 64-Bit Server VM (17.0.12+8-LTS-286) for windows-amd64 JRE (17.0.12+8-LTS-286), built on Jun  5 2024 06:46:59 by "mach5one" with MS VC++ 17.6 (VS2022)

END.
