#
# There is insufficient memory for the Java Runtime Environment to continue.
# Native memory allocation (mmap) failed to map 120586240 bytes for G1 virtual space
# Possible reasons:
#   The system is out of physical RAM or swap space
#   The process is running with CompressedOops enabled, and the Java Heap may be blocking the growth of the native heap
# Possible solutions:
#   Reduce memory load on the system
#   Increase physical memory or swap space
#   Check if swap backing store is full
#   Decrease Java heap size (-Xmx/-Xms)
#   Decrease number of Java threads
#   Decrease Java thread stack sizes (-Xss)
#   Set larger code cache with -XX:ReservedCodeCacheSize=
#   JVM is running with Unscaled Compressed Oops mode in which the Java heap is
#     placed in the first 4GB address space. The Java Heap base address is the
#     maximum limit for the native heap growth. Please use -XX:HeapBaseMinAddress
#     to set the Java Heap base and to place the Java Heap above 4GB virtual address.
# This output file may be truncated or incomplete.
#
#  Out of Memory Error (os_windows.cpp:3548), pid=11552, tid=16380
#
# JRE version: Java(TM) SE Runtime Environment (17.0.12+8) (build 17.0.12+8-LTS-286)
# Java VM: Java HotSpot(TM) 64-Bit Server VM (17.0.12+8-LTS-286, mixed mode, sharing, tiered, compressed oops, compressed class ptrs, g1 gc, windows-amd64)
# No core dump will be written. Minidumps are not enabled by default on client versions of Windows
#

---------------  S U M M A R Y ------------

Command Line: --enable-native-access=ALL-UNNAMED -Dclassworlds.conf=C:\Users\devad\Downloads\apache-maven-3.9.16-bin (2)\apache-maven-3.9.16\bin\m2.conf -Dmaven.home=C:\Users\devad\Downloads\apache-maven-3.9.16-bin (2)\apache-maven-3.9.16 -Dlibrary.jansi.path=C:\Users\devad\Downloads\apache-maven-3.9.16-bin (2)\apache-maven-3.9.16\lib\jansi-native -Dmaven.multiModuleProjectDirectory=C:\Users\devad\AppData\Local\amypo\workspace\14008_9002_1_14326\backend org.codehaus.plexus.classworlds.launcher.Launcher spring-boot:run

Host: 12th Gen Intel(R) Core(TM) i5-1235U, 12 cores, 7G,  Windows 11 , 64 bit Build 26100 (10.0.26100.8521)
Time: Sun Jul 26 14:53:32 2026 India Standard Time elapsed time: 7.921106 seconds (0d 0h 0m 7s)

---------------  T H R E A D  ---------------

Current thread (0x000001947bbeee20):  VMThread "VM Thread" [stack: 0x00000093dec00000,0x00000093ded00000] [id=16380]

Stack: [0x00000093dec00000,0x00000093ded00000]
Native frames: (J=compiled Java code, j=interpreted, Vv=VM code, C=native code)
V  [jvm.dll+0x67a04a]
V  [jvm.dll+0x7da4ed]
V  [jvm.dll+0x7dbe33]
V  [jvm.dll+0x7dc4a3]
V  [jvm.dll+0x24508f]
V  [jvm.dll+0x677089]
V  [jvm.dll+0x66bd32]
V  [jvm.dll+0x301fa6]
V  [jvm.dll+0x309546]
V  [jvm.dll+0x359d2e]
V  [jvm.dll+0x359f5f]
V  [jvm.dll+0x2d9078]
V  [jvm.dll+0x2d74ad]
V  [jvm.dll+0x2d6afc]
V  [jvm.dll+0x31a65b]
V  [jvm.dll+0x7e0d9b]
V  [jvm.dll+0x7e1ad4]
V  [jvm.dll+0x7e1fed]
V  [jvm.dll+0x7e23c4]
V  [jvm.dll+0x7e2490]
V  [jvm.dll+0x78abea]
V  [jvm.dll+0x678f35]
C  [ucrtbase.dll+0x2cd30]
C  [KERNEL32.DLL+0x2e957]
C  [ntdll.dll+0x87c1c]

VM_Operation (0x00000093de6fd060): G1CollectForAllocation, mode: safepoint, requested by thread 0x000001945badac20


---------------  P R O C E S S  ---------------

Threads class SMR info:
_java_thread_list=0x000001944679f360, length=15, elements={
0x000001945badac20, 0x000001947bbf2e70, 0x000001947bbf3440, 0x000001947bc0c9f0,
0x000001947bc0cfd0, 0x000001947bc0d5a0, 0x000001947bc0e310, 0x000001947bc12c20,
0x000001947bc17aa0, 0x000001947bc278e0, 0x000001947bc25060, 0x000001947bc24640,
0x000001947bc25a80, 0x0000019445c3faa0, 0x00000194469432a0
}

Java Threads: ( => current thread )
  0x000001945badac20 JavaThread "main" [_thread_blocked, id=14028, stack(0x00000093de600000,0x00000093de700000)]
  0x000001947bbf2e70 JavaThread "Reference Handler" daemon [_thread_blocked, id=14216, stack(0x00000093ded00000,0x00000093dee00000)]
  0x000001947bbf3440 JavaThread "Finalizer" daemon [_thread_blocked, id=24928, stack(0x00000093dee00000,0x00000093def00000)]
  0x000001947bc0c9f0 JavaThread "Signal Dispatcher" daemon [_thread_blocked, id=4704, stack(0x00000093def00000,0x00000093df000000)]
  0x000001947bc0cfd0 JavaThread "Attach Listener" daemon [_thread_blocked, id=26240, stack(0x00000093df000000,0x00000093df100000)]
  0x000001947bc0d5a0 JavaThread "Service Thread" daemon [_thread_blocked, id=31536, stack(0x00000093df100000,0x00000093df200000)]
  0x000001947bc0e310 JavaThread "Monitor Deflation Thread" daemon [_thread_blocked, id=30016, stack(0x00000093df200000,0x00000093df300000)]
  0x000001947bc12c20 JavaThread "C2 CompilerThread0" daemon [_thread_blocked, id=12760, stack(0x00000093df300000,0x00000093df400000)]
  0x000001947bc17aa0 JavaThread "C1 CompilerThread0" daemon [_thread_blocked, id=10000, stack(0x00000093df400000,0x00000093df500000)]
  0x000001947bc278e0 JavaThread "Sweeper thread" daemon [_thread_blocked, id=16780, stack(0x00000093df500000,0x00000093df600000)]
  0x000001947bc25060 JavaThread "Notification Thread" daemon [_thread_blocked, id=18976, stack(0x00000093df600000,0x00000093df700000)]
  0x000001947bc24640 JavaThread "Common-Cleaner" daemon [_thread_blocked, id=16036, stack(0x00000093df800000,0x00000093df900000)]
  0x000001947bc25a80 JavaThread "Thread-1" daemon [_thread_blocked, id=19268, stack(0x00000093e0200000,0x00000093e0300000)]
  0x0000019445c3faa0 JavaThread "C2 CompilerThread1" daemon [_thread_blocked, id=19236, stack(0x00000093df900000,0x00000093dfa00000)]
  0x00000194469432a0 JavaThread "C2 CompilerThread2" daemon [_thread_blocked, id=10804, stack(0x00000093e0000000,0x00000093e0100000)]

Other Threads:
=>0x000001947bbeee20 VMThread "VM Thread" [stack: 0x00000093dec00000,0x00000093ded00000] [id=16380]
  0x0000019445228540 WatcherThread [stack: 0x00000093df700000,0x00000093df800000] [id=18308]
  0x000001945bb35b30 GCTaskThread "GC Thread#0" [stack: 0x00000093de700000,0x00000093de800000] [id=3448]
  0x0000019445ae2190 GCTaskThread "GC Thread#1" [stack: 0x00000093dfa00000,0x00000093dfb00000] [id=30712]
  0x0000019445ea6410 GCTaskThread "GC Thread#2" [stack: 0x00000093dfb00000,0x00000093dfc00000] [id=28828]
  0x0000019445d18930 GCTaskThread "GC Thread#3" [stack: 0x00000093dfc00000,0x00000093dfd00000] [id=31448]
  0x0000019445d18bf0 GCTaskThread "GC Thread#4" [stack: 0x00000093dfd00000,0x00000093dfe00000] [id=20156]
  0x0000019445d8b030 GCTaskThread "GC Thread#5" [stack: 0x00000093dfe00000,0x00000093dff00000] [id=22680]
  0x0000019445d8b2f0 GCTaskThread "GC Thread#6" [stack: 0x00000093dff00000,0x00000093e0000000] [id=4880]
  0x0000019446ceecb0 GCTaskThread "GC Thread#7" [stack: 0x00000093e0100000,0x00000093e0200000] [id=31620]
  0x000001944695cb30 GCTaskThread "GC Thread#8" [stack: 0x00000093e0300000,0x00000093e0400000] [id=22940]
  0x000001944656fe90 GCTaskThread "GC Thread#9" [stack: 0x00000093e0400000,0x00000093e0500000] [id=30232]
  0x000001945bb47f50 ConcurrentGCThread "G1 Main Marker" [stack: 0x00000093de800000,0x00000093de900000] [id=24168]
  0x000001945bb48860 ConcurrentGCThread "G1 Conc#0" [stack: 0x00000093de900000,0x00000093dea00000] [id=10996]
  0x0000019446331540 ConcurrentGCThread "G1 Conc#1" [stack: 0x00000093e0500000,0x00000093e0600000] [id=7904]
  0x0000019446af5f80 ConcurrentGCThread "G1 Conc#2" [stack: 0x00000093e0600000,0x00000093e0700000] [id=10516]
  0x000001947ba934d0 ConcurrentGCThread "G1 Refine#0" [stack: 0x00000093dea00000,0x00000093deb00000] [id=24328]
  0x000001944525d980 ConcurrentGCThread "G1 Refine#1" [stack: 0x00000093e0700000,0x00000093e0800000] [id=23968]
  0x000001947ba938b0 ConcurrentGCThread "G1 Service" [stack: 0x00000093deb00000,0x00000093dec00000] [id=19624]

Threads with active compile tasks:
C2 CompilerThread0     7951 7627   !   4       java.util.jar.Attributes::read (494 bytes)
C2 CompilerThread1     7951 7579   !   4       java.lang.reflect.Field::declaredAnnotations (82 bytes)
C2 CompilerThread2     7951 7630       4       java.util.zip.ZipFile$Source::initCEN (591 bytes)

VM state: at safepoint (normal execution)

VM Mutex/Monitor currently owned by a thread:  ([mutex/lock_event])
[0x000001945bad6eb0] Threads_lock - owner thread: 0x000001947bbeee20
[0x000001945bad59e0] Heap_lock - owner thread: 0x000001945badac20

Heap address: 0x0000000085200000, size: 1966 MB, Compressed Oops mode: 32-bit

CDS archive(s) mapped at: [0x0000019400000000-0x0000019400bd0000-0x0000019400bd0000), size 12386304, SharedBaseAddress: 0x0000019400000000, ArchiveRelocationMode: 1.
Compressed class space mapped at: 0x0000019401000000-0x0000019441000000, reserved size: 1073741824
Narrow klass base: 0x0000019400000000, Narrow klass shift: 0, Narrow klass range: 0x100000000

GC Precious Log:
 CPUs: 12 total, 12 available
 Memory: 7863M
 Large Page Support: Disabled
 NUMA Support: Disabled
 Compressed Oops: Enabled (32-bit)
 Heap Region Size: 1M
 Heap Min Capacity: 8M
 Heap Initial Capacity: 124M
 Heap Max Capacity: 1966M
 Pre-touch: Disabled
 Parallel Workers: 10
 Concurrent Workers: 3
 Concurrent Refinement Workers: 10
 Periodic GC: Disabled

Heap:
 garbage-first heap   total 134144K, used 48690K [0x0000000085200000, 0x0000000100000000)
  region size 1024K, 5 young (5120K), 5 survivors (5120K)
 Metaspace       used 30624K, committed 30976K, reserved 1114112K
  class space    used 3515K, committed 3648K, reserved 1048576K

Heap Regions: E=young(eden), S=young(survivor), O=old, HS=humongous(starts), HC=humongous(continues), CS=collection set, F=free, OA=open archive, CA=closed archive, TAMS=top-at-mark-start (previous, next)
|   0|0x0000000085200000, 0x0000000085300000, 0x0000000085300000|100%| O|  |TAMS 0x0000000085300000, 0x0000000085200000| Untracked 
|   1|0x0000000085300000, 0x0000000085400000, 0x0000000085400000|100%| O|  |TAMS 0x0000000085400000, 0x0000000085300000| Untracked 
|   2|0x0000000085400000, 0x0000000085500000, 0x0000000085500000|100%| O|  |TAMS 0x0000000085500000, 0x0000000085400000| Untracked 
|   3|0x0000000085500000, 0x0000000085600000, 0x0000000085600000|100%| O|  |TAMS 0x0000000085600000, 0x0000000085500000| Untracked 
|   4|0x0000000085600000, 0x0000000085600000, 0x0000000085700000|  0%| F|  |TAMS 0x0000000085600000, 0x0000000085600000| Untracked 
|   5|0x0000000085700000, 0x0000000085800000, 0x0000000085800000|100%|HS|  |TAMS 0x0000000085700000, 0x0000000085700000| Complete 
|   6|0x0000000085800000, 0x0000000085900000, 0x0000000085900000|100%| O|  |TAMS 0x0000000085800000, 0x0000000085800000| Untracked 
|   7|0x0000000085900000, 0x0000000085a00000, 0x0000000085a00000|100%| O|  |TAMS 0x0000000085900000, 0x0000000085900000| Untracked 
|   8|0x0000000085a00000, 0x0000000085b00000, 0x0000000085b00000|100%| O|  |TAMS 0x0000000085a00000, 0x0000000085a00000| Untracked 
|   9|0x0000000085b00000, 0x0000000085c00000, 0x0000000085c00000|100%| O|  |TAMS 0x0000000085b00000, 0x0000000085b00000| Untracked 
|  10|0x0000000085c00000, 0x0000000085d00000, 0x0000000085d00000|100%| O|  |TAMS 0x0000000085c00000, 0x0000000085c00000| Untracked 
|  11|0x0000000085d00000, 0x0000000085e00000, 0x0000000085e00000|100%| O|  |TAMS 0x0000000085d00000, 0x0000000085d00000| Untracked 
|  12|0x0000000085e00000, 0x0000000085f00000, 0x0000000085f00000|100%| O|  |TAMS 0x0000000085e00000, 0x0000000085e00000| Untracked 
|  13|0x0000000085f00000, 0x0000000086000000, 0x0000000086000000|100%| O|  |TAMS 0x0000000085f00000, 0x0000000085f00000| Untracked 
|  14|0x0000000086000000, 0x0000000086100000, 0x0000000086100000|100%| O|  |TAMS 0x0000000086000000, 0x0000000086000000| Untracked 
|  15|0x0000000086100000, 0x0000000086100000, 0x0000000086200000|  0%| F|  |TAMS 0x0000000086100000, 0x0000000086100000| Untracked 
|  16|0x0000000086200000, 0x0000000086300000, 0x0000000086300000|100%| O|  |TAMS 0x0000000086200000, 0x0000000086200000| Untracked 
|  17|0x0000000086300000, 0x0000000086400000, 0x0000000086400000|100%| O|  |TAMS 0x0000000086300000, 0x0000000086300000| Untracked 
|  18|0x0000000086400000, 0x0000000086500000, 0x0000000086500000|100%| O|  |TAMS 0x0000000086400000, 0x0000000086400000| Untracked 
|  19|0x0000000086500000, 0x0000000086600000, 0x0000000086600000|100%| O|  |TAMS 0x0000000086500000, 0x0000000086500000| Untracked 
|  20|0x0000000086600000, 0x00000000866b5200, 0x0000000086700000| 70%| O|  |TAMS 0x0000000086600000, 0x0000000086600000| Untracked 
|  21|0x0000000086700000, 0x0000000086800000, 0x0000000086800000|100%| O|  |TAMS 0x0000000086700000, 0x0000000086700000| Untracked 
|  22|0x0000000086800000, 0x0000000086900000, 0x0000000086900000|100%| O|  |TAMS 0x0000000086800000, 0x0000000086800000| Untracked 
|  23|0x0000000086900000, 0x0000000086a00000, 0x0000000086a00000|100%| O|  |TAMS 0x0000000086900000, 0x0000000086900000| Untracked 
|  24|0x0000000086a00000, 0x0000000086b00000, 0x0000000086b00000|100%| O|  |TAMS 0x0000000086b00000, 0x0000000086a00000| Untracked 
|  25|0x0000000086b00000, 0x0000000086c00000, 0x0000000086c00000|100%| O|  |TAMS 0x0000000086c00000, 0x0000000086b00000| Untracked 
|  26|0x0000000086c00000, 0x0000000086d00000, 0x0000000086d00000|100%| O|  |TAMS 0x0000000086d00000, 0x0000000086c00000| Untracked 
|  27|0x0000000086d00000, 0x0000000086e00000, 0x0000000086e00000|100%| O|  |TAMS 0x0000000086e00000, 0x0000000086d00000| Untracked 
|  28|0x0000000086e00000, 0x0000000086f00000, 0x0000000086f00000|100%| O|  |TAMS 0x0000000086f00000, 0x0000000086e00000| Untracked 
|  29|0x0000000086f00000, 0x0000000087000000, 0x0000000087000000|100%| O|  |TAMS 0x0000000087000000, 0x0000000086f00000| Untracked 
|  30|0x0000000087000000, 0x0000000087000000, 0x0000000087100000|  0%| F|  |TAMS 0x0000000087000000, 0x0000000087000000| Untracked 
|  31|0x0000000087100000, 0x0000000087200000, 0x0000000087200000|100%| O|  |TAMS 0x0000000087100000, 0x0000000087100000| Untracked 
|  32|0x0000000087200000, 0x0000000087300000, 0x0000000087300000|100%| O|  |TAMS 0x0000000087200000, 0x0000000087200000| Untracked 
|  33|0x0000000087300000, 0x0000000087400000, 0x0000000087400000|100%| O|  |TAMS 0x0000000087300000, 0x0000000087300000| Untracked 
|  34|0x0000000087400000, 0x0000000087500000, 0x0000000087500000|100%| O|  |TAMS 0x0000000087400000, 0x0000000087400000| Untracked 
|  35|0x0000000087500000, 0x0000000087600000, 0x0000000087600000|100%|HS|  |TAMS 0x0000000087500000, 0x0000000087500000| Complete 
|  36|0x0000000087600000, 0x0000000087700000, 0x0000000087700000|100%|HC|  |TAMS 0x0000000087600000, 0x0000000087600000| Complete 
|  37|0x0000000087700000, 0x0000000087700000, 0x0000000087800000|  0%| F|  |TAMS 0x0000000087700000, 0x0000000087700000| Untracked 
|  38|0x0000000087800000, 0x0000000087800000, 0x0000000087900000|  0%| F|  |TAMS 0x0000000087800000, 0x0000000087800000| Untracked 
|  39|0x0000000087900000, 0x0000000087900000, 0x0000000087a00000|  0%| F|  |TAMS 0x0000000087900000, 0x0000000087900000| Untracked 
|  40|0x0000000087a00000, 0x0000000087a00000, 0x0000000087b00000|  0%| F|  |TAMS 0x0000000087a00000, 0x0000000087a00000| Untracked 
|  41|0x0000000087b00000, 0x0000000087b00000, 0x0000000087c00000|  0%| F|  |TAMS 0x0000000087b00000, 0x0000000087b00000| Untracked 
|  42|0x0000000087c00000, 0x0000000087c00000, 0x0000000087d00000|  0%| F|  |TAMS 0x0000000087c00000, 0x0000000087c00000| Untracked 
|  43|0x0000000087d00000, 0x0000000087d00000, 0x0000000087e00000|  0%| F|  |TAMS 0x0000000087d00000, 0x0000000087d00000| Untracked 
|  44|0x0000000087e00000, 0x0000000087e00000, 0x0000000087f00000|  0%| F|  |TAMS 0x0000000087e00000, 0x0000000087e00000| Untracked 
|  45|0x0000000087f00000, 0x0000000088000000, 0x0000000088000000|100%|HS|  |TAMS 0x0000000088000000, 0x0000000087f00000| Complete 
|  46|0x0000000088000000, 0x0000000088100000, 0x0000000088100000|100%|HC|  |TAMS 0x0000000088100000, 0x0000000088000000| Complete 
|  47|0x0000000088100000, 0x0000000088100000, 0x0000000088200000|  0%| F|  |TAMS 0x0000000088100000, 0x0000000088100000| Untracked 
|  48|0x0000000088200000, 0x0000000088200000, 0x0000000088300000|  0%| F|  |TAMS 0x0000000088200000, 0x0000000088200000| Untracked 
|  49|0x0000000088300000, 0x0000000088300000, 0x0000000088400000|  0%| F|  |TAMS 0x0000000088300000, 0x0000000088300000| Untracked 
|  50|0x0000000088400000, 0x0000000088400000, 0x0000000088500000|  0%| F|  |TAMS 0x0000000088400000, 0x0000000088400000| Untracked 
|  51|0x0000000088500000, 0x0000000088500000, 0x0000000088600000|  0%| F|  |TAMS 0x0000000088500000, 0x0000000088500000| Untracked 
|  52|0x0000000088600000, 0x0000000088600000, 0x0000000088700000|  0%| F|  |TAMS 0x0000000088600000, 0x0000000088600000| Untracked 
|  53|0x0000000088700000, 0x0000000088700000, 0x0000000088800000|  0%| F|  |TAMS 0x0000000088700000, 0x0000000088700000| Untracked 
|  54|0x0000000088800000, 0x0000000088800000, 0x0000000088900000|  0%| F|  |TAMS 0x0000000088800000, 0x0000000088800000| Untracked 
|  55|0x0000000088900000, 0x0000000088900000, 0x0000000088a00000|  0%| F|  |TAMS 0x0000000088900000, 0x0000000088900000| Untracked 
|  56|0x0000000088a00000, 0x0000000088ad7660, 0x0000000088b00000| 84%| S|CS|TAMS 0x0000000088a00000, 0x0000000088a00000| Complete 
|  57|0x0000000088b00000, 0x0000000088c00000, 0x0000000088c00000|100%| S|CS|TAMS 0x0000000088b00000, 0x0000000088b00000| Complete 
|  58|0x0000000088c00000, 0x0000000088d00000, 0x0000000088d00000|100%| S|CS|TAMS 0x0000000088c00000, 0x0000000088c00000| Complete 
|  59|0x0000000088d00000, 0x0000000088d00000, 0x0000000088e00000|  0%| F|  |TAMS 0x0000000088d00000, 0x0000000088d00000| Untracked 
|  60|0x0000000088e00000, 0x0000000088e00000, 0x0000000088f00000|  0%| F|  |TAMS 0x0000000088e00000, 0x0000000088e00000| Untracked 
|  61|0x0000000088f00000, 0x0000000088f00000, 0x0000000089000000|  0%| F|  |TAMS 0x0000000088f00000, 0x0000000088f00000| Untracked 
|  62|0x0000000089000000, 0x0000000089100000, 0x0000000089100000|100%| S|CS|TAMS 0x0000000089000000, 0x0000000089000000| Complete 
|  63|0x0000000089100000, 0x0000000089200000, 0x0000000089200000|100%| S|CS|TAMS 0x0000000089100000, 0x0000000089100000| Complete 
|  64|0x0000000089200000, 0x0000000089200000, 0x0000000089300000|  0%| F|  |TAMS 0x0000000089200000, 0x0000000089200000| Untracked 
|  65|0x0000000089300000, 0x0000000089300000, 0x0000000089400000|  0%| F|  |TAMS 0x0000000089300000, 0x0000000089300000| Untracked 
|  66|0x0000000089400000, 0x0000000089400000, 0x0000000089500000|  0%| F|  |TAMS 0x0000000089400000, 0x0000000089400000| Untracked 
|  67|0x0000000089500000, 0x0000000089500000, 0x0000000089600000|  0%| F|  |TAMS 0x0000000089500000, 0x0000000089500000| Untracked 
|  68|0x0000000089600000, 0x0000000089600000, 0x0000000089700000|  0%| F|  |TAMS 0x0000000089600000, 0x0000000089600000| Untracked 
|  69|0x0000000089700000, 0x0000000089700000, 0x0000000089800000|  0%| F|  |TAMS 0x0000000089700000, 0x0000000089700000| Untracked 
|  70|0x0000000089800000, 0x0000000089800000, 0x0000000089900000|  0%| F|  |TAMS 0x0000000089800000, 0x0000000089800000| Untracked 
|  71|0x0000000089900000, 0x0000000089900000, 0x0000000089a00000|  0%| F|  |TAMS 0x0000000089900000, 0x0000000089900000| Untracked 
|  72|0x0000000089a00000, 0x0000000089a00000, 0x0000000089b00000|  0%| F|  |TAMS 0x0000000089a00000, 0x0000000089a00000| Untracked 
|  73|0x0000000089b00000, 0x0000000089b00000, 0x0000000089c00000|  0%| F|  |TAMS 0x0000000089b00000, 0x0000000089b00000| Untracked 
|  74|0x0000000089c00000, 0x0000000089c00000, 0x0000000089d00000|  0%| F|  |TAMS 0x0000000089c00000, 0x0000000089c00000| Untracked 
|  75|0x0000000089d00000, 0x0000000089d00000, 0x0000000089e00000|  0%| F|  |TAMS 0x0000000089d00000, 0x0000000089d00000| Untracked 
|  76|0x0000000089e00000, 0x0000000089e00000, 0x0000000089f00000|  0%| F|  |TAMS 0x0000000089e00000, 0x0000000089e00000| Untracked 
|  77|0x0000000089f00000, 0x0000000089f00000, 0x000000008a000000|  0%| F|  |TAMS 0x0000000089f00000, 0x0000000089f00000| Untracked 
|  78|0x000000008a000000, 0x000000008a000000, 0x000000008a100000|  0%| F|  |TAMS 0x000000008a000000, 0x000000008a000000| Untracked 
|  79|0x000000008a100000, 0x000000008a100000, 0x000000008a200000|  0%| F|  |TAMS 0x000000008a100000, 0x000000008a100000| Untracked 
|  80|0x000000008a200000, 0x000000008a200000, 0x000000008a300000|  0%| F|  |TAMS 0x000000008a200000, 0x000000008a200000| Untracked 
|  81|0x000000008a300000, 0x000000008a300000, 0x000000008a400000|  0%| F|  |TAMS 0x000000008a300000, 0x000000008a300000| Untracked 
|  82|0x000000008a400000, 0x000000008a400000, 0x000000008a500000|  0%| F|  |TAMS 0x000000008a400000, 0x000000008a400000| Untracked 
|  83|0x000000008a500000, 0x000000008a500000, 0x000000008a600000|  0%| F|  |TAMS 0x000000008a500000, 0x000000008a500000| Untracked 
|  84|0x000000008a600000, 0x000000008a600000, 0x000000008a700000|  0%| F|  |TAMS 0x000000008a600000, 0x000000008a600000| Untracked 
|  85|0x000000008a700000, 0x000000008a700000, 0x000000008a800000|  0%| F|  |TAMS 0x000000008a700000, 0x000000008a700000| Untracked 
|  86|0x000000008a800000, 0x000000008a800000, 0x000000008a900000|  0%| F|  |TAMS 0x000000008a800000, 0x000000008a800000| Untracked 
|  87|0x000000008a900000, 0x000000008a900000, 0x000000008aa00000|  0%| F|  |TAMS 0x000000008a900000, 0x000000008a900000| Untracked 
|  88|0x000000008aa00000, 0x000000008aa00000, 0x000000008ab00000|  0%| F|  |TAMS 0x000000008aa00000, 0x000000008aa00000| Untracked 
|  89|0x000000008ab00000, 0x000000008ab00000, 0x000000008ac00000|  0%| F|  |TAMS 0x000000008ab00000, 0x000000008ab00000| Untracked 
|  90|0x000000008ac00000, 0x000000008ac00000, 0x000000008ad00000|  0%| F|  |TAMS 0x000000008ac00000, 0x000000008ac00000| Untracked 
|  91|0x000000008ad00000, 0x000000008ad00000, 0x000000008ae00000|  0%| F|  |TAMS 0x000000008ad00000, 0x000000008ad00000| Untracked 
|  92|0x000000008ae00000, 0x000000008ae00000, 0x000000008af00000|  0%| F|  |TAMS 0x000000008ae00000, 0x000000008ae00000| Untracked 
|  93|0x000000008af00000, 0x000000008af00000, 0x000000008b000000|  0%| F|  |TAMS 0x000000008af00000, 0x000000008af00000| Untracked 
|  94|0x000000008b000000, 0x000000008b000000, 0x000000008b100000|  0%| F|  |TAMS 0x000000008b000000, 0x000000008b000000| Untracked 
|  95|0x000000008b100000, 0x000000008b100000, 0x000000008b200000|  0%| F|  |TAMS 0x000000008b100000, 0x000000008b100000| Untracked 
|  96|0x000000008b200000, 0x000000008b200000, 0x000000008b300000|  0%| F|  |TAMS 0x000000008b200000, 0x000000008b200000| Untracked 
|  97|0x000000008b300000, 0x000000008b300000, 0x000000008b400000|  0%| F|  |TAMS 0x000000008b300000, 0x000000008b300000| Untracked 
|  98|0x000000008b400000, 0x000000008b400000, 0x000000008b500000|  0%| F|  |TAMS 0x000000008b400000, 0x000000008b400000| Untracked 
|  99|0x000000008b500000, 0x000000008b500000, 0x000000008b600000|  0%| F|  |TAMS 0x000000008b500000, 0x000000008b500000| Untracked 
| 100|0x000000008b600000, 0x000000008b600000, 0x000000008b700000|  0%| F|  |TAMS 0x000000008b600000, 0x000000008b600000| Untracked 
| 101|0x000000008b700000, 0x000000008b700000, 0x000000008b800000|  0%| F|  |TAMS 0x000000008b700000, 0x000000008b700000| Untracked 
| 102|0x000000008b800000, 0x000000008b800000, 0x000000008b900000|  0%| F|  |TAMS 0x000000008b800000, 0x000000008b800000| Untracked 
| 103|0x000000008b900000, 0x000000008b900000, 0x000000008ba00000|  0%| F|  |TAMS 0x000000008b900000, 0x000000008b900000| Untracked 
| 104|0x000000008ba00000, 0x000000008ba00000, 0x000000008bb00000|  0%| F|  |TAMS 0x000000008ba00000, 0x000000008ba00000| Untracked 
| 105|0x000000008bb00000, 0x000000008bb00000, 0x000000008bc00000|  0%| F|  |TAMS 0x000000008bb00000, 0x000000008bb00000| Untracked 
| 106|0x000000008bc00000, 0x000000008bc00000, 0x000000008bd00000|  0%| F|  |TAMS 0x000000008bc00000, 0x000000008bc00000| Untracked 
| 107|0x000000008bd00000, 0x000000008bd00000, 0x000000008be00000|  0%| F|  |TAMS 0x000000008bd00000, 0x000000008bd00000| Untracked 
| 108|0x000000008be00000, 0x000000008be00000, 0x000000008bf00000|  0%| F|  |TAMS 0x000000008be00000, 0x000000008be00000| Untracked 
| 109|0x000000008bf00000, 0x000000008bf00000, 0x000000008c000000|  0%| F|  |TAMS 0x000000008bf00000, 0x000000008bf00000| Untracked 
| 110|0x000000008c000000, 0x000000008c000000, 0x000000008c100000|  0%| F|  |TAMS 0x000000008c000000, 0x000000008c000000| Untracked 
| 111|0x000000008c100000, 0x000000008c100000, 0x000000008c200000|  0%| F|  |TAMS 0x000000008c100000, 0x000000008c100000| Untracked 
| 112|0x000000008c200000, 0x000000008c200000, 0x000000008c300000|  0%| F|  |TAMS 0x000000008c200000, 0x000000008c200000| Untracked 
| 113|0x000000008c300000, 0x000000008c300000, 0x000000008c400000|  0%| F|  |TAMS 0x000000008c300000, 0x000000008c300000| Untracked 
| 114|0x000000008c400000, 0x000000008c400000, 0x000000008c500000|  0%| F|  |TAMS 0x000000008c400000, 0x000000008c400000| Untracked 
| 115|0x000000008c500000, 0x000000008c500000, 0x000000008c600000|  0%| F|  |TAMS 0x000000008c500000, 0x000000008c500000| Untracked 
| 116|0x000000008c600000, 0x000000008c600000, 0x000000008c700000|  0%| F|  |TAMS 0x000000008c600000, 0x000000008c600000| Untracked 
| 117|0x000000008c700000, 0x000000008c700000, 0x000000008c800000|  0%| F|  |TAMS 0x000000008c700000, 0x000000008c700000| Untracked 
| 118|0x000000008c800000, 0x000000008c800000, 0x000000008c900000|  0%| F|  |TAMS 0x000000008c800000, 0x000000008c800000| Untracked 
| 119|0x000000008c900000, 0x000000008c900000, 0x000000008ca00000|  0%| F|  |TAMS 0x000000008c900000, 0x000000008c900000| Untracked 
| 120|0x000000008ca00000, 0x000000008ca00000, 0x000000008cb00000|  0%| F|  |TAMS 0x000000008ca00000, 0x000000008ca00000| Untracked 
| 121|0x000000008cb00000, 0x000000008cb00000, 0x000000008cc00000|  0%| F|  |TAMS 0x000000008cb00000, 0x000000008cb00000| Untracked 
| 122|0x000000008cc00000, 0x000000008cc00000, 0x000000008cd00000|  0%| F|  |TAMS 0x000000008cc00000, 0x000000008cc00000| Untracked 
| 123|0x000000008cd00000, 0x000000008cd00000, 0x000000008ce00000|  0%| F|  |TAMS 0x000000008cd00000, 0x000000008cd00000| Untracked 
|1959|0x00000000ff900000, 0x00000000ffa00000, 0x00000000ffa00000|100%| O|  |TAMS 0x00000000ff900000, 0x00000000ff900000| Untracked 
|1960|0x00000000ffa00000, 0x00000000ffb00000, 0x00000000ffb00000|100%| O|  |TAMS 0x00000000ffa00000, 0x00000000ffa00000| Untracked 
|1961|0x00000000ffb00000, 0x00000000ffc00000, 0x00000000ffc00000|100%| O|  |TAMS 0x00000000ffb00000, 0x00000000ffb00000| Untracked 
|1962|0x00000000ffc00000, 0x00000000ffd00000, 0x00000000ffd00000|100%| O|  |TAMS 0x00000000ffc00000, 0x00000000ffc00000| Untracked 
|1963|0x00000000ffd00000, 0x00000000ffe00000, 0x00000000ffe00000|100%| O|  |TAMS 0x00000000ffd00000, 0x00000000ffd00000| Untracked 
|1964|0x00000000ffe00000, 0x00000000fff00000, 0x00000000fff00000|100%| O|  |TAMS 0x00000000ffe00000, 0x00000000ffe00000| Untracked 
|1965|0x00000000fff00000, 0x0000000100000000, 0x0000000100000000|100%| O|  |TAMS 0x00000000fff00000, 0x00000000fff00000| Untracked 

Card table byte_map: [0x00000194749f0000,0x0000019474dd0000] _byte_map_base: 0x00000194745c7000

Marking Bits (Prev, Next): (CMBitMap*) 0x000001945bb380a0, (CMBitMap*) 0x000001945bb38060
 Prev Bits: [0x0000019477070000, 0x0000019478f28000)
 Next Bits: [0x00000194751b0000, 0x0000019477068000)

Polling page: 0x000001945bba0000

Metaspace:

Usage:
  Non-class:     26.47 MB used.
      Class:      3.43 MB used.
       Both:     29.91 MB used.

Virtual space:
  Non-class space:       64.00 MB reserved,      26.69 MB ( 42%) committed,  1 nodes.
      Class space:        1.00 GB reserved,       3.56 MB ( <1%) committed,  1 nodes.
             Both:        1.06 GB reserved,      30.25 MB (  3%) committed. 

Chunk freelists:
   Non-Class:  4.67 MB
       Class:  12.39 MB
        Both:  17.06 MB

MaxMetaspaceSize: unlimited
CompressedClassSpaceSize: 1.00 GB
Initial GC threshold: 21.00 MB
Current GC threshold: 35.44 MB
CDS: on
MetaspaceReclaimPolicy: balanced
 - commit_granule_bytes: 65536.
 - commit_granule_words: 8192.
 - virtual_space_node_default_size: 8388608.
 - enlarge_chunks_in_place: 1.
 - new_chunks_are_fully_committed: 0.
 - uncommit_free_chunks: 1.
 - use_allocation_guard: 0.
 - handle_deallocations: 1.


Internal statistics:

num_allocs_failed_limit: 3.
num_arena_births: 228.
num_arena_deaths: 0.
num_vsnodes_births: 2.
num_vsnodes_deaths: 0.
num_space_committed: 484.
num_space_uncommitted: 0.
num_chunks_returned_to_freelist: 3.
num_chunks_taken_from_freelist: 1374.
num_chunk_merges: 3.
num_chunk_splits: 951.
num_chunks_enlarged: 740.
num_inconsistent_stats: 0.

CodeHeap 'non-profiled nmethods': size=120000Kb used=3839Kb max_used=3839Kb free=116160Kb
 bounds [0x000001946c460000, 0x000001946c820000, 0x0000019473990000]
CodeHeap 'profiled nmethods': size=120000Kb used=14411Kb max_used=14411Kb free=105588Kb
 bounds [0x0000019464990000, 0x00000194657b0000, 0x000001946bec0000]
CodeHeap 'non-nmethods': size=5760Kb used=1217Kb max_used=1311Kb free=4542Kb
 bounds [0x000001946bec0000, 0x000001946c130000, 0x000001946c460000]
 total_blobs=7327 nmethods=6807 adapters=432
 compilation: enabled
              stopped_count=0, restarted_count=0
 full_count=0

Compilation events (20 events):
Event: 7.851 Thread 0x000001947bc17aa0 7624       3       java.lang.invoke.ClassSpecializer$SpeciesData::fieldCount (10 bytes)
Event: 7.851 Thread 0x000001947bc17aa0 nmethod 7624 0x000001946579f390 code [0x000001946579f540, 0x000001946579f708]
Event: 7.855 Thread 0x000001947bc12c20 nmethod 7558% 0x000001946c813d90 code [0x000001946c814120, 0x000001946c8192b8]
Event: 7.859 Thread 0x00000194469432a0 nmethod 7615 0x000001946c81bc10 code [0x000001946c81bf00, 0x000001946c81d818]
Event: 7.861 Thread 0x000001947bc17aa0 7625       3       org.apache.maven.artifact.resolver.filter.CumulativeScopeArtifactFilter::include (6 bytes)
Event: 7.861 Thread 0x000001947bc17aa0 nmethod 7625 0x000001946579f810 code [0x000001946579f9a0, 0x000001946579fae8]
Event: 7.861 Thread 0x000001947bc17aa0 7626       3       org.apache.maven.artifact.resolver.filter.AbstractScopeArtifactFilter::include (97 bytes)
Event: 7.863 Thread 0x000001947bc17aa0 nmethod 7626 0x000001946579fb90 code [0x000001946579fdc0, 0x00000194657a0448]
Event: 7.863 Thread 0x00000194469432a0 7622       4       org.springframework.asm.ClassReader::readUtf (161 bytes)
Event: 7.864 Thread 0x000001947bc12c20 7620       4       org.springframework.asm.ClassReader::readUnsignedShort (26 bytes)
Event: 7.865 Thread 0x000001947bc12c20 nmethod 7620 0x000001946c81e890 code [0x000001946c81ea00, 0x000001946c81ead8]
Event: 7.869 Thread 0x000001947bc12c20 7627   !   4       java.util.jar.Attributes::read (494 bytes)
Event: 7.872 Thread 0x000001947bc17aa0 7629   !   3       java.util.zip.ZipFile$Source::<init> (167 bytes)
Event: 7.873 Thread 0x000001947bc17aa0 nmethod 7629 0x00000194657a0610 code [0x00000194657a0920, 0x00000194657a1b18]
Event: 7.878 Thread 0x00000194469432a0 nmethod 7622 0x000001946c81ec10 code [0x000001946c81edc0, 0x000001946c81f698]
Event: 7.878 Thread 0x00000194469432a0 7630       4       java.util.zip.ZipFile$Source::initCEN (591 bytes)
Event: 7.884 Thread 0x000001947bc17aa0 7631       3       java.io.RandomAccessFile$1::<init> (10 bytes)
Event: 7.884 Thread 0x000001947bc17aa0 nmethod 7631 0x00000194657a2210 code [0x00000194657a23a0, 0x00000194657a2578]
Event: 7.884 Thread 0x000001947bc17aa0 7632       3       java.io.RandomAccessFile$1::close (11 bytes)
Event: 7.885 Thread 0x000001947bc17aa0 nmethod 7632 0x00000194657a2610 code [0x00000194657a27e0, 0x00000194657a2cd8]

GC Heap History (20 events):
Event: 0.436 GC heap after
{Heap after GC invocations=1 (full 0):
 garbage-first heap   total 126976K, used 3472K [0x0000000085200000, 0x0000000100000000)
  region size 1024K, 3 young (3072K), 3 survivors (3072K)
 Metaspace       used 5213K, committed 5376K, reserved 1114112K
  class space    used 626K, committed 704K, reserved 1048576K
}
Event: 0.825 GC heap before
{Heap before GC invocations=1 (full 0):
 garbage-first heap   total 126976K, used 35216K [0x0000000085200000, 0x0000000100000000)
  region size 1024K, 34 young (34816K), 3 survivors (3072K)
 Metaspace       used 7668K, committed 7872K, reserved 1114112K
  class space    used 914K, committed 1024K, reserved 1048576K
}
Event: 0.829 GC heap after
{Heap after GC invocations=2 (full 0):
 garbage-first heap   total 126976K, used 4519K [0x0000000085200000, 0x0000000100000000)
  region size 1024K, 1 young (1024K), 1 survivors (1024K)
 Metaspace       used 7668K, committed 7872K, reserved 1114112K
  class space    used 914K, committed 1024K, reserved 1048576K
}
Event: 2.031 GC heap before
{Heap before GC invocations=2 (full 0):
 garbage-first heap   total 126976K, used 79271K [0x0000000085200000, 0x0000000100000000)
  region size 1024K, 74 young (75776K), 1 survivors (1024K)
 Metaspace       used 15273K, committed 15488K, reserved 1114112K
  class space    used 1857K, committed 1920K, reserved 1048576K
}
Event: 2.056 GC heap after
{Heap after GC invocations=3 (full 0):
 garbage-first heap   total 126976K, used 12375K [0x0000000085200000, 0x0000000100000000)
  region size 1024K, 9 young (9216K), 9 survivors (9216K)
 Metaspace       used 15273K, committed 15488K, reserved 1114112K
  class space    used 1857K, committed 1920K, reserved 1048576K
}
Event: 3.189 GC heap before
{Heap before GC invocations=3 (full 0):
 garbage-first heap   total 126976K, used 97367K [0x0000000085200000, 0x0000000100000000)
  region size 1024K, 73 young (74752K), 9 survivors (9216K)
 Metaspace       used 16813K, committed 17088K, reserved 1114112K
  class space    used 1989K, committed 2112K, reserved 1048576K
}
Event: 3.207 GC heap after
{Heap after GC invocations=4 (full 0):
 garbage-first heap   total 126976K, used 35265K [0x0000000085200000, 0x0000000100000000)
  region size 1024K, 4 young (4096K), 4 survivors (4096K)
 Metaspace       used 16813K, committed 17088K, reserved 1114112K
  class space    used 1989K, committed 2112K, reserved 1048576K
}
Event: 4.068 GC heap before
{Heap before GC invocations=4 (full 0):
 garbage-first heap   total 126976K, used 80321K [0x0000000085200000, 0x0000000100000000)
  region size 1024K, 33 young (33792K), 4 survivors (4096K)
 Metaspace       used 21261K, committed 21504K, reserved 1114112K
  class space    used 2549K, committed 2688K, reserved 1048576K
}
Event: 4.080 GC heap after
{Heap after GC invocations=5 (full 0):
 garbage-first heap   total 126976K, used 23489K [0x0000000085200000, 0x0000000100000000)
  region size 1024K, 8 young (8192K), 8 survivors (8192K)
 Metaspace       used 21261K, committed 21504K, reserved 1114112K
  class space    used 2549K, committed 2688K, reserved 1048576K
}
Event: 4.872 GC heap before
{Heap before GC invocations=6 (full 0):
 garbage-first heap   total 81920K, used 65473K [0x0000000085200000, 0x0000000100000000)
  region size 1024K, 48 young (49152K), 8 survivors (8192K)
 Metaspace       used 25287K, committed 25600K, reserved 1114112K
  class space    used 2974K, committed 3136K, reserved 1048576K
}
Event: 4.898 GC heap after
{Heap after GC invocations=7 (full 0):
 garbage-first heap   total 89088K, used 37545K [0x0000000085200000, 0x0000000100000000)
  region size 1024K, 6 young (6144K), 6 survivors (6144K)
 Metaspace       used 25287K, committed 25600K, reserved 1114112K
  class space    used 2974K, committed 3136K, reserved 1048576K
}
Event: 4.903 GC heap before
{Heap before GC invocations=7 (full 0):
 garbage-first heap   total 89088K, used 38569K [0x0000000085200000, 0x0000000100000000)
  region size 1024K, 7 young (7168K), 6 survivors (6144K)
 Metaspace       used 25290K, committed 25600K, reserved 1114112K
  class space    used 2974K, committed 3136K, reserved 1048576K
}
Event: 4.915 GC heap after
{Heap after GC invocations=8 (full 0):
 garbage-first heap   total 107520K, used 38912K [0x0000000085200000, 0x0000000100000000)
  region size 1024K, 1 young (1024K), 1 survivors (1024K)
 Metaspace       used 25290K, committed 25600K, reserved 1114112K
  class space    used 2974K, committed 3136K, reserved 1048576K
}
Event: 5.786 GC heap before
{Heap before GC invocations=8 (full 0):
 garbage-first heap   total 107520K, used 74752K [0x0000000085200000, 0x0000000100000000)
  region size 1024K, 36 young (36864K), 1 survivors (1024K)
 Metaspace       used 26838K, committed 27136K, reserved 1114112K
  class space    used 3106K, committed 3264K, reserved 1048576K
}
Event: 5.797 GC heap after
{Heap after GC invocations=9 (full 0):
 garbage-first heap   total 107520K, used 43626K [0x0000000085200000, 0x0000000100000000)
  region size 1024K, 5 young (5120K), 5 survivors (5120K)
 Metaspace       used 26838K, committed 27136K, reserved 1114112K
  class space    used 3106K, committed 3264K, reserved 1048576K
}
Event: 6.304 GC heap before
{Heap before GC invocations=9 (full 0):
 garbage-first heap   total 107520K, used 76394K [0x0000000085200000, 0x0000000100000000)
  region size 1024K, 38 young (38912K), 5 survivors (5120K)
 Metaspace       used 28066K, committed 28416K, reserved 1114112K
  class space    used 3230K, committed 3392K, reserved 1048576K
}
Event: 6.312 GC heap after
{Heap after GC invocations=10 (full 0):
 garbage-first heap   total 107520K, used 44756K [0x0000000085200000, 0x0000000100000000)
  region size 1024K, 1 young (1024K), 1 survivors (1024K)
 Metaspace       used 28066K, committed 28416K, reserved 1114112K
  class space    used 3230K, committed 3392K, reserved 1048576K
}
Event: 7.097 GC heap before
{Heap before GC invocations=10 (full 0):
 garbage-first heap   total 107520K, used 82644K [0x0000000085200000, 0x0000000100000000)
  region size 1024K, 36 young (36864K), 1 survivors (1024K)
 Metaspace       used 29893K, committed 30208K, reserved 1114112K
  class space    used 3444K, committed 3584K, reserved 1048576K
}
Event: 7.108 GC heap after
{Heap after GC invocations=11 (full 0):
 garbage-first heap   total 107520K, used 47394K [0x0000000085200000, 0x0000000100000000)
  region size 1024K, 3 young (3072K), 3 survivors (3072K)
 Metaspace       used 29893K, committed 30208K, reserved 1114112K
  class space    used 3444K, committed 3584K, reserved 1048576K
}
Event: 7.907 GC heap before
{Heap before GC invocations=11 (full 0):
 garbage-first heap   total 107520K, used 83234K [0x0000000085200000, 0x0000000100000000)
  region size 1024K, 37 young (37888K), 3 survivors (3072K)
 Metaspace       used 30624K, committed 30976K, reserved 1114112K
  class space    used 3515K, committed 3648K, reserved 1048576K
}

Deoptimization events (20 events):
Event: 7.787 Thread 0x000001945badac20 DEOPT PACKING pc=0x000001946c565bf0 sp=0x00000093de6fd590
Event: 7.787 Thread 0x000001945badac20 DEOPT UNPACKING pc=0x000001946bf123a3 sp=0x00000093de6fd578 mode 2
Event: 7.787 Thread 0x000001945badac20 Uncommon trap: trap_request=0xffffffde fr.pc=0x000001946c567b9c relative=0x000000000000007c
Event: 7.787 Thread 0x000001945badac20 Uncommon trap: reason=class_check action=maybe_recompile pc=0x000001946c567b9c method=com.google.inject.internal.MoreTypes.getRawType(Ljava/lang/reflect/Type;)Ljava/lang/Class; @ 13 c2
Event: 7.787 Thread 0x000001945badac20 DEOPT PACKING pc=0x000001946c567b9c sp=0x00000093de6fd5e0
Event: 7.787 Thread 0x000001945badac20 DEOPT UNPACKING pc=0x000001946bf123a3 sp=0x00000093de6fd570 mode 2
Event: 7.787 Thread 0x000001945badac20 Uncommon trap: trap_request=0xffffffde fr.pc=0x000001946c567b9c relative=0x000000000000007c
Event: 7.787 Thread 0x000001945badac20 Uncommon trap: reason=class_check action=maybe_recompile pc=0x000001946c567b9c method=com.google.inject.internal.MoreTypes.getRawType(Ljava/lang/reflect/Type;)Ljava/lang/Class; @ 13 c2
Event: 7.787 Thread 0x000001945badac20 DEOPT PACKING pc=0x000001946c567b9c sp=0x00000093de6fd5e0
Event: 7.787 Thread 0x000001945badac20 DEOPT UNPACKING pc=0x000001946bf123a3 sp=0x00000093de6fd570 mode 2
Event: 7.788 Thread 0x000001945badac20 Uncommon trap: trap_request=0xffffffde fr.pc=0x000001946c567b9c relative=0x000000000000007c
Event: 7.788 Thread 0x000001945badac20 Uncommon trap: reason=class_check action=maybe_recompile pc=0x000001946c567b9c method=com.google.inject.internal.MoreTypes.getRawType(Ljava/lang/reflect/Type;)Ljava/lang/Class; @ 13 c2
Event: 7.788 Thread 0x000001945badac20 DEOPT PACKING pc=0x000001946c567b9c sp=0x00000093de6fd5e0
Event: 7.788 Thread 0x000001945badac20 DEOPT UNPACKING pc=0x000001946bf123a3 sp=0x00000093de6fd570 mode 2
Event: 7.875 Thread 0x000001945badac20 DEOPT PACKING pc=0x000001946524d2a2 sp=0x00000093de6fd000
Event: 7.875 Thread 0x000001945badac20 DEOPT UNPACKING pc=0x000001946bf12b43 sp=0x00000093de6fc590 mode 0
Event: 7.888 Thread 0x000001945badac20 DEOPT PACKING pc=0x000001946524d2a2 sp=0x00000093de6fcfb0
Event: 7.888 Thread 0x000001945badac20 DEOPT UNPACKING pc=0x000001946bf12b43 sp=0x00000093de6fc530 mode 0
Event: 7.896 Thread 0x000001945badac20 DEOPT PACKING pc=0x000001946539193c sp=0x00000093de6fce30
Event: 7.896 Thread 0x000001945badac20 DEOPT UNPACKING pc=0x000001946bf12b43 sp=0x00000093de6fc3b0 mode 0

Classes unloaded (0 events):
No events

Classes redefined (0 events):
No events

Internal exceptions (20 events):
Event: 7.033 Thread 0x000001945badac20 Exception <a 'sun/nio/fs/WindowsException'{0x00000000893d8158}> (0x00000000893d8158) 
thrown [s\open\src\hotspot\share\prims\jni.cpp, line 516]
Event: 7.033 Thread 0x000001945badac20 Exception <a 'sun/nio/fs/WindowsException'{0x00000000893d85a0}> (0x00000000893d85a0) 
thrown [s\open\src\hotspot\share\prims\jni.cpp, line 516]
Event: 7.033 Thread 0x000001945badac20 Exception <a 'sun/nio/fs/WindowsException'{0x00000000893dab88}> (0x00000000893dab88) 
thrown [s\open\src\hotspot\share\prims\jni.cpp, line 516]
Event: 7.033 Thread 0x000001945badac20 Exception <a 'sun/nio/fs/WindowsException'{0x00000000893db058}> (0x00000000893db058) 
thrown [s\open\src\hotspot\share\prims\jni.cpp, line 516]
Event: 7.044 Thread 0x000001945badac20 Exception <a 'sun/nio/fs/WindowsException'{0x00000000891362e0}> (0x00000000891362e0) 
thrown [s\open\src\hotspot\share\prims\jni.cpp, line 516]
Event: 7.045 Thread 0x000001945badac20 Exception <a 'sun/nio/fs/WindowsException'{0x00000000891369c8}> (0x00000000891369c8) 
thrown [s\open\src\hotspot\share\prims\jni.cpp, line 516]
Event: 7.045 Thread 0x000001945badac20 Exception <a 'sun/nio/fs/WindowsException'{0x0000000089137350}> (0x0000000089137350) 
thrown [s\open\src\hotspot\share\prims\jni.cpp, line 516]
Event: 7.068 Thread 0x000001945badac20 Exception <a 'sun/nio/fs/WindowsException'{0x00000000890012f8}> (0x00000000890012f8) 
thrown [s\open\src\hotspot\share\prims\jni.cpp, line 516]
Event: 7.069 Thread 0x000001945badac20 Exception <a 'sun/nio/fs/WindowsException'{0x00000000890019f0}> (0x00000000890019f0) 
thrown [s\open\src\hotspot\share\prims\jni.cpp, line 516]
Event: 7.069 Thread 0x000001945badac20 Exception <a 'sun/nio/fs/WindowsException'{0x00000000890023d0}> (0x00000000890023d0) 
thrown [s\open\src\hotspot\share\prims\jni.cpp, line 516]
Event: 7.078 Thread 0x000001945badac20 Exception <a 'sun/nio/fs/WindowsException'{0x000000008904bfb0}> (0x000000008904bfb0) 
thrown [s\open\src\hotspot\share\prims\jni.cpp, line 516]
Event: 7.078 Thread 0x000001945badac20 Exception <a 'sun/nio/fs/WindowsException'{0x000000008904c6a8}> (0x000000008904c6a8) 
thrown [s\open\src\hotspot\share\prims\jni.cpp, line 516]
Event: 7.078 Thread 0x000001945badac20 Exception <a 'sun/nio/fs/WindowsException'{0x000000008904d088}> (0x000000008904d088) 
thrown [s\open\src\hotspot\share\prims\jni.cpp, line 516]
Event: 7.083 Thread 0x000001945badac20 Exception <a 'sun/nio/fs/WindowsException'{0x0000000089069d10}> (0x0000000089069d10) 
thrown [s\open\src\hotspot\share\prims\jni.cpp, line 516]
Event: 7.083 Thread 0x000001945badac20 Exception <a 'sun/nio/fs/WindowsException'{0x000000008906a400}> (0x000000008906a400) 
thrown [s\open\src\hotspot\share\prims\jni.cpp, line 516]
Event: 7.083 Thread 0x000001945badac20 Exception <a 'sun/nio/fs/WindowsException'{0x000000008906ad90}> (0x000000008906ad90) 
thrown [s\open\src\hotspot\share\prims\jni.cpp, line 516]
Event: 7.116 Thread 0x000001945badac20 Exception <a 'sun/nio/fs/WindowsException'{0x000000008cd67c80}> (0x000000008cd67c80) 
thrown [s\open\src\hotspot\share\prims\jni.cpp, line 516]
Event: 7.116 Thread 0x000001945badac20 Exception <a 'sun/nio/fs/WindowsException'{0x000000008cd68380}> (0x000000008cd68380) 
thrown [s\open\src\hotspot\share\prims\jni.cpp, line 516]
Event: 7.116 Thread 0x000001945badac20 Exception <a 'sun/nio/fs/WindowsException'{0x000000008cd68d68}> (0x000000008cd68d68) 
thrown [s\open\src\hotspot\share\prims\jni.cpp, line 516]
Event: 7.771 Thread 0x000001945badac20 Exception <a 'java/lang/NoClassDefFoundError'{0x00000000898edc28}: org/codehaus/plexus/util/io/CachingOutputStream> (0x00000000898edc28) 
thrown [s\open\src\hotspot\share\classfile\systemDictionary.cpp, line 245]

VM Operations (20 events):
Event: 6.708 Executing VM operation: HandshakeAllThreads done
Event: 6.800 Executing VM operation: ICBufferFull
Event: 6.800 Executing VM operation: ICBufferFull done
Event: 6.900 Executing VM operation: ICBufferFull
Event: 6.900 Executing VM operation: ICBufferFull done
Event: 6.981 Executing VM operation: ICBufferFull
Event: 6.982 Executing VM operation: ICBufferFull done
Event: 7.064 Executing VM operation: HandshakeAllThreads
Event: 7.065 Executing VM operation: HandshakeAllThreads done
Event: 7.090 Executing VM operation: ICBufferFull
Event: 7.090 Executing VM operation: ICBufferFull done
Event: 7.097 Executing VM operation: G1CollectForAllocation
Event: 7.109 Executing VM operation: G1CollectForAllocation done
Event: 7.328 Executing VM operation: HandshakeAllThreads
Event: 7.328 Executing VM operation: HandshakeAllThreads done
Event: 7.341 Executing VM operation: ICBufferFull
Event: 7.341 Executing VM operation: ICBufferFull done
Event: 7.767 Executing VM operation: HandshakeAllThreads
Event: 7.767 Executing VM operation: HandshakeAllThreads done
Event: 7.907 Executing VM operation: G1CollectForAllocation

Events (20 events):
Event: 7.331 Thread 0x000001947bc278e0 flushing nmethod 0x00000194649d6c90
Event: 7.331 Thread 0x000001947bc278e0 flushing nmethod 0x00000194649f0790
Event: 7.340 Thread 0x000001947bc278e0 flushing nmethod 0x0000019465445a90
Event: 7.340 Thread 0x000001947bc278e0 flushing nmethod 0x0000019465448710
Event: 7.746 loading class javax/management/InstanceNotFoundException
Event: 7.746 loading class javax/management/OperationsException
Event: 7.746 loading class javax/management/JMException
Event: 7.746 loading class javax/management/JMException done
Event: 7.747 loading class javax/management/OperationsException done
Event: 7.747 loading class javax/management/InstanceNotFoundException done
Event: 7.747 loading class javax/management/MBeanServerConnection
Event: 7.747 loading class javax/management/MBeanServerConnection done
Event: 7.757 loading class javax/management/ReflectionException
Event: 7.758 loading class javax/management/ReflectionException done
Event: 7.767 loading class java/util/jar/JarOutputStream
Event: 7.767 loading class java/util/zip/ZipOutputStream
Event: 7.767 loading class java/util/zip/ZipOutputStream done
Event: 7.767 loading class java/util/jar/JarOutputStream done
Event: 7.794 loading class java/io/FileFilter
Event: 7.794 loading class java/io/FileFilter done


Dynamic libraries:
0x00007ff75a990000 - 0x00007ff75a9a0000 	C:\Program Files\Java\jdk-17\bin\java.exe
0x00007fff58c20000 - 0x00007fff58e86000 	C:\WINDOWS\SYSTEM32\ntdll.dll
0x00007fff58850000 - 0x00007fff58919000 	C:\WINDOWS\System32\KERNEL32.DLL
0x00007fff56590000 - 0x00007fff5698a000 	C:\WINDOWS\System32\KERNELBASE.dll
0x00007fff56150000 - 0x00007fff5629c000 	C:\WINDOWS\System32\ucrtbase.dll
0x00007fff320d0000 - 0x00007fff320eb000 	C:\Program Files\Java\jdk-17\bin\VCRUNTIME140.dll
0x00007fff15fc0000 - 0x00007fff15fd9000 	C:\Program Files\Java\jdk-17\bin\jli.dll
0x00007fff581b0000 - 0x00007fff58266000 	C:\WINDOWS\System32\ADVAPI32.dll
0x00007fff56f30000 - 0x00007fff56fd9000 	C:\WINDOWS\System32\msvcrt.dll
0x00007fff583c0000 - 0x00007fff5846a000 	C:\WINDOWS\System32\sechost.dll
0x00007fff589f0000 - 0x00007fff58b08000 	C:\WINDOWS\System32\RPCRT4.dll
0x00007fff58500000 - 0x00007fff586c7000 	C:\WINDOWS\System32\USER32.dll
0x00007fff562a0000 - 0x00007fff562c7000 	C:\WINDOWS\System32\win32u.dll
0x00007fff2b150000 - 0x00007fff2b3e2000 	C:\WINDOWS\WinSxS\amd64_microsoft.windows.common-controls_6595b64144ccf1df_6.0.26100.8521_none_3e08b75ce33403b3\COMCTL32.dll
0x00007fff56f00000 - 0x00007fff56f2b000 	C:\WINDOWS\System32\GDI32.dll
0x00007fff56020000 - 0x00007fff5614b000 	C:\WINDOWS\System32\gdi32full.dll
0x00007fff564e0000 - 0x00007fff56583000 	C:\WINDOWS\System32\msvcp_win.dll
0x00007fff42b10000 - 0x00007fff42b1b000 	C:\WINDOWS\SYSTEM32\VERSION.dll
0x00007fff56ec0000 - 0x00007fff56ef2000 	C:\WINDOWS\System32\IMM32.DLL
0x00007fff50090000 - 0x00007fff5009c000 	C:\Program Files\Java\jdk-17\bin\vcruntime140_1.dll
0x00007ffeeea00000 - 0x00007ffeeea8e000 	C:\Program Files\Java\jdk-17\bin\msvcp140.dll
0x00007ffe50fb0000 - 0x00007ffe51b90000 	C:\Program Files\Java\jdk-17\bin\server\jvm.dll
0x00007fff58180000 - 0x00007fff58188000 	C:\WINDOWS\System32\PSAPI.DLL
0x00007ffee8ea0000 - 0x00007ffee8eaa000 	C:\WINDOWS\SYSTEM32\WSOCK32.dll
0x00007fff4dd30000 - 0x00007fff4dd66000 	C:\WINDOWS\SYSTEM32\WINMM.dll
0x00007fff58b50000 - 0x00007fff58bd0000 	C:\WINDOWS\System32\WS2_32.dll
0x00007fff54ba0000 - 0x00007fff54bbb000 	C:\WINDOWS\SYSTEM32\kernel.appcore.dll
0x00007fff32210000 - 0x00007fff3221a000 	C:\Program Files\Java\jdk-17\bin\jimage.dll
0x00007fff53540000 - 0x00007fff53782000 	C:\WINDOWS\SYSTEM32\DBGHELP.DLL
0x00007fff57c00000 - 0x00007fff57f83000 	C:\WINDOWS\System32\combase.dll
0x00007fff582e0000 - 0x00007fff583b9000 	C:\WINDOWS\System32\OLEAUT32.dll
0x00007fff29f40000 - 0x00007fff29f7b000 	C:\WINDOWS\SYSTEM32\dbgcore.DLL
0x00007fff55f70000 - 0x00007fff56018000 	C:\WINDOWS\System32\bcryptPrimitives.dll
0x00007fff115d0000 - 0x00007fff115f5000 	C:\Program Files\Java\jdk-17\bin\java.dll
0x00007ffec9f40000 - 0x00007ffeca017000 	C:\Program Files\Java\jdk-17\bin\jsvml.dll
0x00007fff57470000 - 0x00007fff57bf4000 	C:\WINDOWS\System32\SHELL32.dll
0x00007fff53a40000 - 0x00007fff542c0000 	C:\WINDOWS\SYSTEM32\windows.storage.dll
0x00007fff56dc0000 - 0x00007fff56eb6000 	C:\WINDOWS\System32\SHCORE.dll
0x00007fff58270000 - 0x00007fff582d7000 	C:\WINDOWS\System32\shlwapi.dll
0x00007fff55dd0000 - 0x00007fff55df9000 	C:\WINDOWS\SYSTEM32\profapi.dll
0x00007fff09690000 - 0x00007fff096a9000 	C:\Program Files\Java\jdk-17\bin\net.dll
0x00007fff4a710000 - 0x00007fff4a839000 	C:\WINDOWS\SYSTEM32\WINHTTP.dll
0x00007fff551b0000 - 0x00007fff5521c000 	C:\WINDOWS\system32\mswsock.dll
0x00007ffeecee0000 - 0x00007ffeecef6000 	C:\Program Files\Java\jdk-17\bin\nio.dll
0x00007ffeecec0000 - 0x00007ffeeced8000 	C:\Program Files\Java\jdk-17\bin\zip.dll
0x00007ffeec5f0000 - 0x00007ffeec614000 	C:\Users\devad\Downloads\apache-maven-3.9.16-bin (2)\apache-maven-3.9.16\lib\jansi-native\Windows\x86_64\jansi.dll
0x00007fff320c0000 - 0x00007fff320d0000 	C:\Program Files\Java\jdk-17\bin\verify.dll

dbghelp: loaded successfully - version: 4.0.5 - missing functions: none
symbol engine: initialized successfully - sym options: 0x614 - pdb path: .;C:\Program Files\Java\jdk-17\bin;C:\WINDOWS\SYSTEM32;C:\WINDOWS\WinSxS\amd64_microsoft.windows.common-controls_6595b64144ccf1df_6.0.26100.8521_none_3e08b75ce33403b3;C:\Program Files\Java\jdk-17\bin\server;C:\Users\devad\Downloads\apache-maven-3.9.16-bin (2)\apache-maven-3.9.16\lib\jansi-native\Windows\x86_64

VM Arguments:
jvm_args: --enable-native-access=ALL-UNNAMED -Dclassworlds.conf=C:\Users\devad\Downloads\apache-maven-3.9.16-bin (2)\apache-maven-3.9.16\bin\m2.conf -Dmaven.home=C:\Users\devad\Downloads\apache-maven-3.9.16-bin (2)\apache-maven-3.9.16 -Dlibrary.jansi.path=C:\Users\devad\Downloads\apache-maven-3.9.16-bin (2)\apache-maven-3.9.16\lib\jansi-native -Dmaven.multiModuleProjectDirectory=C:\Users\devad\AppData\Local\amypo\workspace\14008_9002_1_14326\backend 
java_command: org.codehaus.plexus.classworlds.launcher.Launcher spring-boot:run
java_class_path (initial): C:\Users\devad\Downloads\apache-maven-3.9.16-bin (2)\apache-maven-3.9.16\boot\plexus-classworlds-2.11.0.jar
Launcher Type: SUN_STANDARD

[Global flags]
     intx CICompilerCount                          = 4                                         {product} {ergonomic}
     uint ConcGCThreads                            = 3                                         {product} {ergonomic}
     uint G1ConcRefinementThreads                  = 10                                        {product} {ergonomic}
   size_t G1HeapRegionSize                         = 1048576                                   {product} {ergonomic}
    uintx GCDrainStackTargetSize                   = 64                                        {product} {ergonomic}
   size_t InitialHeapSize                          = 130023424                                 {product} {ergonomic}
   size_t MarkStackSize                            = 4194304                                   {product} {ergonomic}
   size_t MaxHeapSize                              = 2061500416                                {product} {ergonomic}
   size_t MaxNewSize                               = 1236271104                                {product} {ergonomic}
   size_t MinHeapDeltaBytes                        = 1048576                                   {product} {ergonomic}
   size_t MinHeapSize                              = 8388608                                   {product} {ergonomic}
    uintx NonNMethodCodeHeapSize                   = 5839372                                {pd product} {ergonomic}
    uintx NonProfiledCodeHeapSize                  = 122909434                              {pd product} {ergonomic}
    uintx ProfiledCodeHeapSize                     = 122909434                              {pd product} {ergonomic}
    uintx ReservedCodeCacheSize                    = 251658240                              {pd product} {ergonomic}
     bool SegmentedCodeCache                       = true                                      {product} {ergonomic}
   size_t SoftMaxHeapSize                          = 2061500416                             {manageable} {ergonomic}
     bool UseCompressedClassPointers               = true                           {product lp64_product} {ergonomic}
     bool UseCompressedOops                        = true                           {product lp64_product} {ergonomic}
     bool UseG1GC                                  = true                                      {product} {ergonomic}
     bool UseLargePagesIndividualAllocation        = false                                  {pd product} {ergonomic}

Logging:
Log output configuration:
 #0: stdout all=warning uptime,level,tags
 #1: stderr all=off uptime,level,tags

Environment Variables:
JAVA_HOME=C:\Program Files\Java\jdk-17
PATH=C:\Program Files\WindowsApps\Microsoft.PowerShell_7.6.3.0_x64__8wekyb3d8bbwe;C:\WINDOWS\System32;C:\WINDOWS;C:\WINDOWS\System32\Wbem;C:\WINDOWS\System32\WindowsPowerShell\v1.0;C:\WINDOWS\System32\OpenSSH;C:\Program Files\Common Files\Oracle\Java\javapath;C:\windows\system32;C:\windows;C:\windows\System32\Wbem;C:\windows\System32\WindowsPowerShell\v1.0\;C:\windows\System32\OpenSSH\;C:\Program Files\HP\HP One Agent;C:\WINDOWS\system32;C:\WINDOWS\System32\WindowsPowerShell\v1.0\;C:\WINDOWS\System32\OpenSSH\;C:\Program Files\Cloudflare\Cloudflare WARP\;C:\Program Files\Git\cmd;C:\Program Files\nodejs\;C:\Users\devad\Downloads\apache-maven-3.9.16-bin;C:\Users\devad\Downloads\apache-maven-3.9.16-bin (2);C:\Users\devad\AppData\Local\Programs\Python\Python311\;C:\Users\devad\AppData\Local\Programs\Python\Launcher\;C:\Users\devad\AppData\Local\Microsoft\WindowsApps;C:\Users\devad\AppData\Local\Programs\Microsoft VS Code\bin;C:\Users\devad\AppData\Roaming\npm;C:\Users\devad\Downloads\apache-maven-3.9.16-bin (2)\apache-maven-3.9.16\bin;C:\Users\devad\Downloads\apache-maven-3.9.16-bin (2)\apache-maven-3.9.16;C:\Program Files\nodejs;C:\Program Files\MySQL\MySQL Server 8.0;C:\Program Files\Git\bin;C:\Program Files\Java\jdk-17\bin;C:\Program Files\AmypoCoder;C:\Program Files\Google\Chrome\Application;C:\WINDOWS\System32;C:\WINDOWS;C:\WINDOWS\System32\Wbem;C:\WINDOWS\System32\WindowsPowerShell\v1.0;C:\WINDOWS\System32\OpenSSH;C:\Program Files\Common Files\Oracle\Java\javapath;C:\windows\system32;C:\windows;C:\windows\System32\Wbem;C:\windows\System32\WindowsPowerShell\v1.0\;C:\windows\System32\OpenSSH\;C:\Program Files\HP\HP One Agent;C:\WINDOWS\system32;C:\WINDOWS\System32\WindowsPowerShell\v1.0\;C:\WINDOWS\System32\OpenSSH\;C:\Program Files\Cloudflare\Cloudflare WARP\;C:\Program Files\Git\cmd;C:\Program Files\nodejs\;C:\Users\devad\Downloads\apache-maven-3.9.16-bin;C:\Users\devad\Downloads\apache-maven-3.9.16-bin (2);C:\Users\devad\AppData\Local\Programs\Python\Python311\;C:\Us
USERNAME=devad
LANG=en_US.UTF-8
OS=Windows_NT
PROCESSOR_IDENTIFIER=Intel64 Family 6 Model 154 Stepping 4, GenuineIntel



---------------  S Y S T E M  ---------------

OS:
 Windows 11 , 64 bit Build 26100 (10.0.26100.8521)
OS uptime: 0 days 18:16 hours
Hyper-V role detected

CPU: total 12 (initial active 12) (6 cores per cpu, 2 threads per core) family 6 model 154 stepping 4 microcode 0x432, cx8, cmov, fxsr, ht, mmx, 3dnowpref, sse, sse2, sse3, ssse3, sse4.1, sse4.2, popcnt, lzcnt, tsc, tscinvbit, avx, avx2, aes, erms, clmul, bmi1, bmi2, adx, sha, fma, vzeroupper, clflush, clflushopt, clwb, hv

Memory: 4k page, system-wide physical 7863M (635M free)
TotalPageFile size 19025M (AvailPageFile size 35M)
current process WorkingSet (physical memory assigned to process): 272M, peak: 280M
current process commit charge ("private bytes"): 334M, peak: 449M

vm_info: Java HotSpot(TM) 64-Bit Server VM (17.0.12+8-LTS-286) for windows-amd64 JRE (17.0.12+8-LTS-286), built on Jun  5 2024 06:46:59 by "mach5one" with MS VC++ 17.6 (VS2022)

END.
