#
# There is insufficient memory for the Java Runtime Environment to continue.
# Native memory allocation (malloc) failed to allocate 1330256 bytes for Chunk::new
# Possible reasons:
#   The system is out of physical RAM or swap space
#   The process is running with CompressedOops enabled, and the Java Heap may be blocking the growth of the native heap
# Possible solutions:
#   Reduce memory load on the system
#   Increase physical memory or swap space
#   Check if swap backing store is full
#   Decrease Java heap size (-Xmx/-Xms)
#   Decrease number of Java threads
#   Decrease Java thread stack sizes (-Xss)
#   Set larger code cache with -XX:ReservedCodeCacheSize=
#   JVM is running with Unscaled Compressed Oops mode in which the Java heap is
#     placed in the first 4GB address space. The Java Heap base address is the
#     maximum limit for the native heap growth. Please use -XX:HeapBaseMinAddress
#     to set the Java Heap base and to place the Java Heap above 4GB virtual address.
# This output file may be truncated or incomplete.
#
#  Out of Memory Error (arena.cpp:189), pid=1988, tid=14628
#
# JRE version: Java(TM) SE Runtime Environment (17.0.12+8) (build 17.0.12+8-LTS-286)
# Java VM: Java HotSpot(TM) 64-Bit Server VM (17.0.12+8-LTS-286, mixed mode, sharing, tiered, compressed oops, compressed class ptrs, g1 gc, windows-amd64)
# No core dump will be written. Minidumps are not enabled by default on client versions of Windows
#

---------------  S U M M A R Y ------------

Command Line: --enable-native-access=ALL-UNNAMED -Dclassworlds.conf=C:\Users\devad\Downloads\apache-maven-3.9.16-bin (2)\apache-maven-3.9.16\bin\m2.conf -Dmaven.home=C:\Users\devad\Downloads\apache-maven-3.9.16-bin (2)\apache-maven-3.9.16 -Dlibrary.jansi.path=C:\Users\devad\Downloads\apache-maven-3.9.16-bin (2)\apache-maven-3.9.16\lib\jansi-native -Dmaven.multiModuleProjectDirectory=C:\Users\devad\AppData\Local\amypo\workspace\14008_9002_1_14326\backend org.codehaus.plexus.classworlds.launcher.Launcher clean test

Host: 12th Gen Intel(R) Core(TM) i5-1235U, 12 cores, 7G,  Windows 11 , 64 bit Build 26100 (10.0.26100.8521)
Time: Wed Jul 29 11:39:41 2026 India Standard Time elapsed time: 5.531430 seconds (0d 0h 0m 5s)

---------------  T H R E A D  ---------------

Current thread (0x00000200d944fff0):  JavaThread "C2 CompilerThread0" daemon [_thread_in_native, id=14628, stack(0x00000020e2c00000,0x00000020e2d00000)]


Current CompileTask:
C2:   5532 2564       4       org.codehaus.plexus.util.xml.pull.MXParser::parseStartTag (1205 bytes)

Stack: [0x00000020e2c00000,0x00000020e2d00000]
Native frames: (J=compiled Java code, j=interpreted, Vv=VM code, C=native code)
V  [jvm.dll+0x67a04a]
V  [jvm.dll+0x7da4ed]
V  [jvm.dll+0x7dbe33]
V  [jvm.dll+0x7dc4a3]
V  [jvm.dll+0x24508f]
V  [jvm.dll+0xab773]
V  [jvm.dll+0xabd3c]
V  [jvm.dll+0x361b9f]
V  [jvm.dll+0x32c431]
V  [jvm.dll+0x32b8ca]
V  [jvm.dll+0x21683f]
V  [jvm.dll+0x215c6f]
V  [jvm.dll+0x1a2960]
V  [jvm.dll+0x22610b]
V  [jvm.dll+0x2242ab]
V  [jvm.dll+0x79075c]
V  [jvm.dll+0x78abea]
V  [jvm.dll+0x678f35]
C  [ucrtbase.dll+0x2cd30]
C  [KERNEL32.DLL+0x2e957]
C  [ntdll.dll+0x87c1c]


---------------  P R O C E S S  ---------------

Threads class SMR info:
_java_thread_list=0x000002011ff75130, length=15, elements={
0x00000200bb192960, 0x00000200d9436cb0, 0x00000200d9439680, 0x00000200d944d510,
0x00000200d944ded0, 0x00000200d944e890, 0x00000200d944f250, 0x00000200d944fff0,
0x00000200d945bad0, 0x00000200d945c4d0, 0x00000200d97b8f50, 0x00000200d97c7470,
0x000002011f8f6ec0, 0x000002011f8b4ec0, 0x000002011f958230
}

Java Threads: ( => current thread )
  0x00000200bb192960 JavaThread "main" [_thread_in_vm, id=27200, stack(0x00000020e1f00000,0x00000020e2000000)]
  0x00000200d9436cb0 JavaThread "Reference Handler" daemon [_thread_blocked, id=38300, stack(0x00000020e2600000,0x00000020e2700000)]
  0x00000200d9439680 JavaThread "Finalizer" daemon [_thread_blocked, id=12256, stack(0x00000020e2700000,0x00000020e2800000)]
  0x00000200d944d510 JavaThread "Signal Dispatcher" daemon [_thread_blocked, id=30700, stack(0x00000020e2800000,0x00000020e2900000)]
  0x00000200d944ded0 JavaThread "Attach Listener" daemon [_thread_blocked, id=28664, stack(0x00000020e2900000,0x00000020e2a00000)]
  0x00000200d944e890 JavaThread "Service Thread" daemon [_thread_blocked, id=30960, stack(0x00000020e2a00000,0x00000020e2b00000)]
  0x00000200d944f250 JavaThread "Monitor Deflation Thread" daemon [_thread_blocked, id=31516, stack(0x00000020e2b00000,0x00000020e2c00000)]
=>0x00000200d944fff0 JavaThread "C2 CompilerThread0" daemon [_thread_in_native, id=14628, stack(0x00000020e2c00000,0x00000020e2d00000)]
  0x00000200d945bad0 JavaThread "C1 CompilerThread0" daemon [_thread_blocked, id=30808, stack(0x00000020e2d00000,0x00000020e2e00000)]
  0x00000200d945c4d0 JavaThread "Sweeper thread" daemon [_thread_blocked, id=35312, stack(0x00000020e2e00000,0x00000020e2f00000)]
  0x00000200d97b8f50 JavaThread "Notification Thread" daemon [_thread_blocked, id=4808, stack(0x00000020e2f00000,0x00000020e3000000)]
  0x00000200d97c7470 JavaThread "Common-Cleaner" daemon [_thread_blocked, id=16684, stack(0x00000020e3100000,0x00000020e3200000)]
  0x000002011f8f6ec0 JavaThread "Thread-1" daemon [_thread_blocked, id=5868, stack(0x00000020e3900000,0x00000020e3a00000)]
  0x000002011f8b4ec0 JavaThread "C2 CompilerThread1" daemon [_thread_in_native, id=21564, stack(0x00000020e3800000,0x00000020e3900000)]
  0x000002011f958230 JavaThread "C2 CompilerThread2" daemon [_thread_in_native, id=13024, stack(0x00000020e3b00000,0x00000020e3c00000)]

Other Threads:
  0x00000200d94302f0 VMThread "VM Thread" [stack: 0x00000020e2500000,0x00000020e2600000] [id=6224]
  0x00000200bb20de10 WatcherThread [stack: 0x00000020e3000000,0x00000020e3100000] [id=20360]
  0x00000200bb1ee970 GCTaskThread "GC Thread#0" [stack: 0x00000020e2000000,0x00000020e2100000] [id=11428]
  0x000002011f5bb400 GCTaskThread "GC Thread#1" [stack: 0x00000020e3200000,0x00000020e3300000] [id=34284]
  0x000002011f58fa40 GCTaskThread "GC Thread#2" [stack: 0x00000020e3300000,0x00000020e3400000] [id=8796]
  0x000002011f8e9360 GCTaskThread "GC Thread#3" [stack: 0x00000020e3400000,0x00000020e3500000] [id=1656]
  0x000002011f63a270 GCTaskThread "GC Thread#4" [stack: 0x00000020e3500000,0x00000020e3600000] [id=5648]
  0x000002011f63a530 GCTaskThread "GC Thread#5" [stack: 0x00000020e3600000,0x00000020e3700000] [id=29328]
  0x000002011f817870 GCTaskThread "GC Thread#6" [stack: 0x00000020e3700000,0x00000020e3800000] [id=29468]
  0x000002011fcab410 GCTaskThread "GC Thread#7" [stack: 0x00000020e3a00000,0x00000020e3b00000] [id=24896]
  0x00000200bb200d90 ConcurrentGCThread "G1 Main Marker" [stack: 0x00000020e2100000,0x00000020e2200000] [id=36628]
  0x00000200bb2016a0 ConcurrentGCThread "G1 Conc#0" [stack: 0x00000020e2200000,0x00000020e2300000] [id=8208]
  0x00000200bb25e410 ConcurrentGCThread "G1 Refine#0" [stack: 0x00000020e2300000,0x00000020e2400000] [id=18192]
  0x00000200bb25ebe0 ConcurrentGCThread "G1 Service" [stack: 0x00000020e2400000,0x00000020e2500000] [id=10072]

Threads with active compile tasks:
C2 CompilerThread0     5628 2564       4       org.codehaus.plexus.util.xml.pull.MXParser::parseStartTag (1205 bytes)
C2 CompilerThread1     5628 2677       4       java.lang.StringBuilder::append (8 bytes)
C2 CompilerThread2     5628 2592       4       java.util.HashSet::add (20 bytes)

VM state: not at safepoint (normal execution)

VM Mutex/Monitor currently owned by a thread: None

Heap address: 0x0000000085200000, size: 1966 MB, Compressed Oops mode: 32-bit

CDS archive(s) mapped at: [0x00000200da000000-0x00000200dabd0000-0x00000200dabd0000), size 12386304, SharedBaseAddress: 0x00000200da000000, ArchiveRelocationMode: 1.
Compressed class space mapped at: 0x00000200db000000-0x000002011b000000, reserved size: 1073741824
Narrow klass base: 0x00000200da000000, Narrow klass shift: 0, Narrow klass range: 0x100000000

GC Precious Log:
 CPUs: 12 total, 12 available
 Memory: 7863M
 Large Page Support: Disabled
 NUMA Support: Disabled
 Compressed Oops: Enabled (32-bit)
 Heap Region Size: 1M
 Heap Min Capacity: 8M
 Heap Initial Capacity: 124M
 Heap Max Capacity: 1966M
 Pre-touch: Disabled
 Parallel Workers: 10
 Concurrent Workers: 3
 Concurrent Refinement Workers: 10
 Periodic GC: Disabled

Heap:
 garbage-first heap   total 126976K, used 47803K [0x0000000085200000, 0x0000000100000000)
  region size 1024K, 45 young (46080K), 2 survivors (2048K)
 Metaspace       used 14300K, committed 14464K, reserved 1114112K
  class space    used 1766K, committed 1856K, reserved 1048576K

Heap Regions: E=young(eden), S=young(survivor), O=old, HS=humongous(starts), HC=humongous(continues), CS=collection set, F=free, OA=open archive, CA=closed archive, TAMS=top-at-mark-start (previous, next)
|   0|0x0000000085200000, 0x0000000085300000, 0x0000000085300000|100%| O|  |TAMS 0x0000000085200000, 0x0000000085200000| Untracked 
|   1|0x0000000085300000, 0x0000000085400000, 0x0000000085400000|100%| O|  |TAMS 0x0000000085300000, 0x0000000085300000| Untracked 
|   2|0x0000000085400000, 0x0000000085500000, 0x0000000085500000|100%| O|  |TAMS 0x0000000085400000, 0x0000000085400000| Untracked 
|   3|0x0000000085500000, 0x000000008556a200, 0x0000000085600000| 41%| O|  |TAMS 0x0000000085500000, 0x0000000085500000| Untracked 
|   4|0x0000000085600000, 0x0000000085600000, 0x0000000085700000|  0%| F|  |TAMS 0x0000000085600000, 0x0000000085600000| Untracked 
|   5|0x0000000085700000, 0x0000000085700000, 0x0000000085800000|  0%| F|  |TAMS 0x0000000085700000, 0x0000000085700000| Untracked 
|   6|0x0000000085800000, 0x0000000085800000, 0x0000000085900000|  0%| F|  |TAMS 0x0000000085800000, 0x0000000085800000| Untracked 
|   7|0x0000000085900000, 0x0000000085900000, 0x0000000085a00000|  0%| F|  |TAMS 0x0000000085900000, 0x0000000085900000| Untracked 
|   8|0x0000000085a00000, 0x0000000085a00000, 0x0000000085b00000|  0%| F|  |TAMS 0x0000000085a00000, 0x0000000085a00000| Untracked 
|   9|0x0000000085b00000, 0x0000000085b00000, 0x0000000085c00000|  0%| F|  |TAMS 0x0000000085b00000, 0x0000000085b00000| Untracked 
|  10|0x0000000085c00000, 0x0000000085c00000, 0x0000000085d00000|  0%| F|  |TAMS 0x0000000085c00000, 0x0000000085c00000| Untracked 
|  11|0x0000000085d00000, 0x0000000085d00000, 0x0000000085e00000|  0%| F|  |TAMS 0x0000000085d00000, 0x0000000085d00000| Untracked 
|  12|0x0000000085e00000, 0x0000000085e00000, 0x0000000085f00000|  0%| F|  |TAMS 0x0000000085e00000, 0x0000000085e00000| Untracked 
|  13|0x0000000085f00000, 0x0000000085f00000, 0x0000000086000000|  0%| F|  |TAMS 0x0000000085f00000, 0x0000000085f00000| Untracked 
|  14|0x0000000086000000, 0x0000000086000000, 0x0000000086100000|  0%| F|  |TAMS 0x0000000086000000, 0x0000000086000000| Untracked 
|  15|0x0000000086100000, 0x0000000086100000, 0x0000000086200000|  0%| F|  |TAMS 0x0000000086100000, 0x0000000086100000| Untracked 
|  16|0x0000000086200000, 0x0000000086200000, 0x0000000086300000|  0%| F|  |TAMS 0x0000000086200000, 0x0000000086200000| Untracked 
|  17|0x0000000086300000, 0x0000000086300000, 0x0000000086400000|  0%| F|  |TAMS 0x0000000086300000, 0x0000000086300000| Untracked 
|  18|0x0000000086400000, 0x0000000086400000, 0x0000000086500000|  0%| F|  |TAMS 0x0000000086400000, 0x0000000086400000| Untracked 
|  19|0x0000000086500000, 0x0000000086500000, 0x0000000086600000|  0%| F|  |TAMS 0x0000000086500000, 0x0000000086500000| Untracked 
|  20|0x0000000086600000, 0x0000000086600000, 0x0000000086700000|  0%| F|  |TAMS 0x0000000086600000, 0x0000000086600000| Untracked 
|  21|0x0000000086700000, 0x0000000086700000, 0x0000000086800000|  0%| F|  |TAMS 0x0000000086700000, 0x0000000086700000| Untracked 
|  22|0x0000000086800000, 0x0000000086800000, 0x0000000086900000|  0%| F|  |TAMS 0x0000000086800000, 0x0000000086800000| Untracked 
|  23|0x0000000086900000, 0x0000000086900000, 0x0000000086a00000|  0%| F|  |TAMS 0x0000000086900000, 0x0000000086900000| Untracked 
|  24|0x0000000086a00000, 0x0000000086a00000, 0x0000000086b00000|  0%| F|  |TAMS 0x0000000086a00000, 0x0000000086a00000| Untracked 
|  25|0x0000000086b00000, 0x0000000086b00000, 0x0000000086c00000|  0%| F|  |TAMS 0x0000000086b00000, 0x0000000086b00000| Untracked 
|  26|0x0000000086c00000, 0x0000000086c00000, 0x0000000086d00000|  0%| F|  |TAMS 0x0000000086c00000, 0x0000000086c00000| Untracked 
|  27|0x0000000086d00000, 0x0000000086d00000, 0x0000000086e00000|  0%| F|  |TAMS 0x0000000086d00000, 0x0000000086d00000| Untracked 
|  28|0x0000000086e00000, 0x0000000086e00000, 0x0000000086f00000|  0%| F|  |TAMS 0x0000000086e00000, 0x0000000086e00000| Untracked 
|  29|0x0000000086f00000, 0x0000000086f00000, 0x0000000087000000|  0%| F|  |TAMS 0x0000000086f00000, 0x0000000086f00000| Untracked 
|  30|0x0000000087000000, 0x0000000087000000, 0x0000000087100000|  0%| F|  |TAMS 0x0000000087000000, 0x0000000087000000| Untracked 
|  31|0x0000000087100000, 0x0000000087100000, 0x0000000087200000|  0%| F|  |TAMS 0x0000000087100000, 0x0000000087100000| Untracked 
|  32|0x0000000087200000, 0x0000000087200000, 0x0000000087300000|  0%| F|  |TAMS 0x0000000087200000, 0x0000000087200000| Untracked 
|  33|0x0000000087300000, 0x0000000087300000, 0x0000000087400000|  0%| F|  |TAMS 0x0000000087300000, 0x0000000087300000| Untracked 
|  34|0x0000000087400000, 0x0000000087400000, 0x0000000087500000|  0%| F|  |TAMS 0x0000000087400000, 0x0000000087400000| Untracked 
|  35|0x0000000087500000, 0x0000000087500000, 0x0000000087600000|  0%| F|  |TAMS 0x0000000087500000, 0x0000000087500000| Untracked 
|  36|0x0000000087600000, 0x0000000087600000, 0x0000000087700000|  0%| F|  |TAMS 0x0000000087600000, 0x0000000087600000| Untracked 
|  37|0x0000000087700000, 0x0000000087700000, 0x0000000087800000|  0%| F|  |TAMS 0x0000000087700000, 0x0000000087700000| Untracked 
|  38|0x0000000087800000, 0x0000000087800000, 0x0000000087900000|  0%| F|  |TAMS 0x0000000087800000, 0x0000000087800000| Untracked 
|  39|0x0000000087900000, 0x0000000087900000, 0x0000000087a00000|  0%| F|  |TAMS 0x0000000087900000, 0x0000000087900000| Untracked 
|  40|0x0000000087a00000, 0x0000000087a00000, 0x0000000087b00000|  0%| F|  |TAMS 0x0000000087a00000, 0x0000000087a00000| Untracked 
|  41|0x0000000087b00000, 0x0000000087b00000, 0x0000000087c00000|  0%| F|  |TAMS 0x0000000087b00000, 0x0000000087b00000| Untracked 
|  42|0x0000000087c00000, 0x0000000087c00000, 0x0000000087d00000|  0%| F|  |TAMS 0x0000000087c00000, 0x0000000087c00000| Untracked 
|  43|0x0000000087d00000, 0x0000000087d00000, 0x0000000087e00000|  0%| F|  |TAMS 0x0000000087d00000, 0x0000000087d00000| Untracked 
|  44|0x0000000087e00000, 0x0000000087e00000, 0x0000000087f00000|  0%| F|  |TAMS 0x0000000087e00000, 0x0000000087e00000| Untracked 
|  45|0x0000000087f00000, 0x0000000087f00000, 0x0000000088000000|  0%| F|  |TAMS 0x0000000087f00000, 0x0000000087f00000| Untracked 
|  46|0x0000000088000000, 0x0000000088000000, 0x0000000088100000|  0%| F|  |TAMS 0x0000000088000000, 0x0000000088000000| Untracked 
|  47|0x0000000088100000, 0x0000000088100000, 0x0000000088200000|  0%| F|  |TAMS 0x0000000088100000, 0x0000000088100000| Untracked 
|  48|0x0000000088200000, 0x0000000088200000, 0x0000000088300000|  0%| F|  |TAMS 0x0000000088200000, 0x0000000088200000| Untracked 
|  49|0x0000000088300000, 0x0000000088300000, 0x0000000088400000|  0%| F|  |TAMS 0x0000000088300000, 0x0000000088300000| Untracked 
|  50|0x0000000088400000, 0x0000000088400000, 0x0000000088500000|  0%| F|  |TAMS 0x0000000088400000, 0x0000000088400000| Untracked 
|  51|0x0000000088500000, 0x0000000088500000, 0x0000000088600000|  0%| F|  |TAMS 0x0000000088500000, 0x0000000088500000| Untracked 
|  52|0x0000000088600000, 0x0000000088600000, 0x0000000088700000|  0%| F|  |TAMS 0x0000000088600000, 0x0000000088600000| Untracked 
|  53|0x0000000088700000, 0x0000000088700000, 0x0000000088800000|  0%| F|  |TAMS 0x0000000088700000, 0x0000000088700000| Untracked 
|  54|0x0000000088800000, 0x0000000088800000, 0x0000000088900000|  0%| F|  |TAMS 0x0000000088800000, 0x0000000088800000| Untracked 
|  55|0x0000000088900000, 0x0000000088900000, 0x0000000088a00000|  0%| F|  |TAMS 0x0000000088900000, 0x0000000088900000| Untracked 
|  56|0x0000000088a00000, 0x0000000088a00000, 0x0000000088b00000|  0%| F|  |TAMS 0x0000000088a00000, 0x0000000088a00000| Untracked 
|  57|0x0000000088b00000, 0x0000000088b00000, 0x0000000088c00000|  0%| F|  |TAMS 0x0000000088b00000, 0x0000000088b00000| Untracked 
|  58|0x0000000088c00000, 0x0000000088c00000, 0x0000000088d00000|  0%| F|  |TAMS 0x0000000088c00000, 0x0000000088c00000| Untracked 
|  59|0x0000000088d00000, 0x0000000088d00000, 0x0000000088e00000|  0%| F|  |TAMS 0x0000000088d00000, 0x0000000088d00000| Untracked 
|  60|0x0000000088e00000, 0x0000000088e00000, 0x0000000088f00000|  0%| F|  |TAMS 0x0000000088e00000, 0x0000000088e00000| Untracked 
|  61|0x0000000088f00000, 0x0000000088f00000, 0x0000000089000000|  0%| F|  |TAMS 0x0000000088f00000, 0x0000000088f00000| Untracked 
|  62|0x0000000089000000, 0x0000000089000000, 0x0000000089100000|  0%| F|  |TAMS 0x0000000089000000, 0x0000000089000000| Untracked 
|  63|0x0000000089100000, 0x0000000089100000, 0x0000000089200000|  0%| F|  |TAMS 0x0000000089100000, 0x0000000089100000| Untracked 
|  64|0x0000000089200000, 0x0000000089200000, 0x0000000089300000|  0%| F|  |TAMS 0x0000000089200000, 0x0000000089200000| Untracked 
|  65|0x0000000089300000, 0x0000000089300000, 0x0000000089400000|  0%| F|  |TAMS 0x0000000089300000, 0x0000000089300000| Untracked 
|  66|0x0000000089400000, 0x0000000089400000, 0x0000000089500000|  0%| F|  |TAMS 0x0000000089400000, 0x0000000089400000| Untracked 
|  67|0x0000000089500000, 0x0000000089500000, 0x0000000089600000|  0%| F|  |TAMS 0x0000000089500000, 0x0000000089500000| Untracked 
|  68|0x0000000089600000, 0x0000000089600000, 0x0000000089700000|  0%| F|  |TAMS 0x0000000089600000, 0x0000000089600000| Untracked 
|  69|0x0000000089700000, 0x0000000089700000, 0x0000000089800000|  0%| F|  |TAMS 0x0000000089700000, 0x0000000089700000| Untracked 
|  70|0x0000000089800000, 0x0000000089800000, 0x0000000089900000|  0%| F|  |TAMS 0x0000000089800000, 0x0000000089800000| Untracked 
|  71|0x0000000089900000, 0x0000000089900000, 0x0000000089a00000|  0%| F|  |TAMS 0x0000000089900000, 0x0000000089900000| Untracked 
|  72|0x0000000089a00000, 0x0000000089a00000, 0x0000000089b00000|  0%| F|  |TAMS 0x0000000089a00000, 0x0000000089a00000| Untracked 
|  73|0x0000000089b00000, 0x0000000089b00000, 0x0000000089c00000|  0%| F|  |TAMS 0x0000000089b00000, 0x0000000089b00000| Untracked 
|  74|0x0000000089c00000, 0x0000000089c00000, 0x0000000089d00000|  0%| F|  |TAMS 0x0000000089c00000, 0x0000000089c00000| Untracked 
|  75|0x0000000089d00000, 0x0000000089d00000, 0x0000000089e00000|  0%| F|  |TAMS 0x0000000089d00000, 0x0000000089d00000| Untracked 
|  76|0x0000000089e00000, 0x0000000089e00000, 0x0000000089f00000|  0%| F|  |TAMS 0x0000000089e00000, 0x0000000089e00000| Untracked 
|  77|0x0000000089f00000, 0x0000000089f00000, 0x000000008a000000|  0%| F|  |TAMS 0x0000000089f00000, 0x0000000089f00000| Untracked 
|  78|0x000000008a000000, 0x000000008a000000, 0x000000008a100000|  0%| F|  |TAMS 0x000000008a000000, 0x000000008a000000| Untracked 
|  79|0x000000008a100000, 0x000000008a184010, 0x000000008a200000| 51%| E|  |TAMS 0x000000008a100000, 0x000000008a100000| Complete 
|  80|0x000000008a200000, 0x000000008a300000, 0x000000008a300000|100%| E|CS|TAMS 0x000000008a200000, 0x000000008a200000| Complete 
|  81|0x000000008a300000, 0x000000008a400000, 0x000000008a400000|100%| E|CS|TAMS 0x000000008a300000, 0x000000008a300000| Complete 
|  82|0x000000008a400000, 0x000000008a500000, 0x000000008a500000|100%| E|CS|TAMS 0x000000008a400000, 0x000000008a400000| Complete 
|  83|0x000000008a500000, 0x000000008a600000, 0x000000008a600000|100%| E|CS|TAMS 0x000000008a500000, 0x000000008a500000| Complete 
|  84|0x000000008a600000, 0x000000008a700000, 0x000000008a700000|100%| E|CS|TAMS 0x000000008a600000, 0x000000008a600000| Complete 
|  85|0x000000008a700000, 0x000000008a800000, 0x000000008a800000|100%| E|CS|TAMS 0x000000008a700000, 0x000000008a700000| Complete 
|  86|0x000000008a800000, 0x000000008a900000, 0x000000008a900000|100%| E|CS|TAMS 0x000000008a800000, 0x000000008a800000| Complete 
|  87|0x000000008a900000, 0x000000008aa00000, 0x000000008aa00000|100%| E|CS|TAMS 0x000000008a900000, 0x000000008a900000| Complete 
|  88|0x000000008aa00000, 0x000000008aa44c10, 0x000000008ab00000| 26%| S|CS|TAMS 0x000000008aa00000, 0x000000008aa00000| Complete 
|  89|0x000000008ab00000, 0x000000008ac00000, 0x000000008ac00000|100%| S|CS|TAMS 0x000000008ab00000, 0x000000008ab00000| Complete 
|  90|0x000000008ac00000, 0x000000008ad00000, 0x000000008ad00000|100%| E|CS|TAMS 0x000000008ac00000, 0x000000008ac00000| Complete 
|  91|0x000000008ad00000, 0x000000008ae00000, 0x000000008ae00000|100%| E|CS|TAMS 0x000000008ad00000, 0x000000008ad00000| Complete 
|  92|0x000000008ae00000, 0x000000008af00000, 0x000000008af00000|100%| E|CS|TAMS 0x000000008ae00000, 0x000000008ae00000| Complete 
|  93|0x000000008af00000, 0x000000008b000000, 0x000000008b000000|100%| E|CS|TAMS 0x000000008af00000, 0x000000008af00000| Complete 
|  94|0x000000008b000000, 0x000000008b100000, 0x000000008b100000|100%| E|CS|TAMS 0x000000008b000000, 0x000000008b000000| Complete 
|  95|0x000000008b100000, 0x000000008b200000, 0x000000008b200000|100%| E|CS|TAMS 0x000000008b100000, 0x000000008b100000| Complete 
|  96|0x000000008b200000, 0x000000008b300000, 0x000000008b300000|100%| E|CS|TAMS 0x000000008b200000, 0x000000008b200000| Complete 
|  97|0x000000008b300000, 0x000000008b400000, 0x000000008b400000|100%| E|CS|TAMS 0x000000008b300000, 0x000000008b300000| Complete 
|  98|0x000000008b400000, 0x000000008b500000, 0x000000008b500000|100%| E|CS|TAMS 0x000000008b400000, 0x000000008b400000| Complete 
|  99|0x000000008b500000, 0x000000008b600000, 0x000000008b600000|100%| E|CS|TAMS 0x000000008b500000, 0x000000008b500000| Complete 
| 100|0x000000008b600000, 0x000000008b700000, 0x000000008b700000|100%| E|CS|TAMS 0x000000008b600000, 0x000000008b600000| Complete 
| 101|0x000000008b700000, 0x000000008b800000, 0x000000008b800000|100%| E|CS|TAMS 0x000000008b700000, 0x000000008b700000| Complete 
| 102|0x000000008b800000, 0x000000008b900000, 0x000000008b900000|100%| E|CS|TAMS 0x000000008b800000, 0x000000008b800000| Complete 
| 103|0x000000008b900000, 0x000000008ba00000, 0x000000008ba00000|100%| E|CS|TAMS 0x000000008b900000, 0x000000008b900000| Complete 
| 104|0x000000008ba00000, 0x000000008bb00000, 0x000000008bb00000|100%| E|CS|TAMS 0x000000008ba00000, 0x000000008ba00000| Complete 
| 105|0x000000008bb00000, 0x000000008bc00000, 0x000000008bc00000|100%| E|CS|TAMS 0x000000008bb00000, 0x000000008bb00000| Complete 
| 106|0x000000008bc00000, 0x000000008bd00000, 0x000000008bd00000|100%| E|CS|TAMS 0x000000008bc00000, 0x000000008bc00000| Complete 
| 107|0x000000008bd00000, 0x000000008be00000, 0x000000008be00000|100%| E|CS|TAMS 0x000000008bd00000, 0x000000008bd00000| Complete 
| 108|0x000000008be00000, 0x000000008bf00000, 0x000000008bf00000|100%| E|CS|TAMS 0x000000008be00000, 0x000000008be00000| Complete 
| 109|0x000000008bf00000, 0x000000008c000000, 0x000000008c000000|100%| E|CS|TAMS 0x000000008bf00000, 0x000000008bf00000| Complete 
| 110|0x000000008c000000, 0x000000008c100000, 0x000000008c100000|100%| E|CS|TAMS 0x000000008c000000, 0x000000008c000000| Complete 
| 111|0x000000008c100000, 0x000000008c200000, 0x000000008c200000|100%| E|CS|TAMS 0x000000008c100000, 0x000000008c100000| Complete 
| 112|0x000000008c200000, 0x000000008c300000, 0x000000008c300000|100%| E|CS|TAMS 0x000000008c200000, 0x000000008c200000| Complete 
| 113|0x000000008c300000, 0x000000008c400000, 0x000000008c400000|100%| E|CS|TAMS 0x000000008c300000, 0x000000008c300000| Complete 
| 114|0x000000008c400000, 0x000000008c500000, 0x000000008c500000|100%| E|CS|TAMS 0x000000008c400000, 0x000000008c400000| Complete 
| 115|0x000000008c500000, 0x000000008c600000, 0x000000008c600000|100%| E|CS|TAMS 0x000000008c500000, 0x000000008c500000| Complete 
| 116|0x000000008c600000, 0x000000008c700000, 0x000000008c700000|100%| E|CS|TAMS 0x000000008c600000, 0x000000008c600000| Complete 
| 117|0x000000008c700000, 0x000000008c800000, 0x000000008c800000|100%| E|CS|TAMS 0x000000008c700000, 0x000000008c700000| Complete 
| 118|0x000000008c800000, 0x000000008c900000, 0x000000008c900000|100%| E|CS|TAMS 0x000000008c800000, 0x000000008c800000| Complete 
| 119|0x000000008c900000, 0x000000008ca00000, 0x000000008ca00000|100%| E|CS|TAMS 0x000000008c900000, 0x000000008c900000| Complete 
| 120|0x000000008ca00000, 0x000000008cb00000, 0x000000008cb00000|100%| E|CS|TAMS 0x000000008ca00000, 0x000000008ca00000| Complete 
| 121|0x000000008cb00000, 0x000000008cc00000, 0x000000008cc00000|100%| E|CS|TAMS 0x000000008cb00000, 0x000000008cb00000| Complete 
| 122|0x000000008cc00000, 0x000000008cd00000, 0x000000008cd00000|100%| E|CS|TAMS 0x000000008cc00000, 0x000000008cc00000| Complete 
| 123|0x000000008cd00000, 0x000000008ce00000, 0x000000008ce00000|100%| E|CS|TAMS 0x000000008cd00000, 0x000000008cd00000| Complete 

Card table byte_map: [0x00000200d2380000,0x00000200d2760000] _byte_map_base: 0x00000200d1f57000

Marking Bits (Prev, Next): (CMBitMap*) 0x00000200bb1eee90, (CMBitMap*) 0x00000200bb1eeed0
 Prev Bits: [0x00000200d2b40000, 0x00000200d49f8000)
 Next Bits: [0x00000200d4a00000, 0x00000200d68b8000)

Polling page: 0x00000200b9080000

Metaspace:

Usage:
  Non-class:     12.24 MB used.
      Class:      1.72 MB used.
       Both:     13.97 MB used.

Virtual space:
  Non-class space:       64.00 MB reserved,      12.31 MB ( 19%) committed,  1 nodes.
      Class space:        1.00 GB reserved,       1.81 MB ( <1%) committed,  1 nodes.
             Both:        1.06 GB reserved,      14.12 MB (  1%) committed. 

Chunk freelists:
   Non-Class:  2.75 MB
       Class:  14.03 MB
        Both:  16.78 MB

MaxMetaspaceSize: unlimited
CompressedClassSpaceSize: 1.00 GB
Initial GC threshold: 21.00 MB
Current GC threshold: 21.00 MB
CDS: on
MetaspaceReclaimPolicy: balanced
 - commit_granule_bytes: 65536.
 - commit_granule_words: 8192.
 - virtual_space_node_default_size: 8388608.
 - enlarge_chunks_in_place: 1.
 - new_chunks_are_fully_committed: 0.
 - uncommit_free_chunks: 1.
 - use_allocation_guard: 0.
 - handle_deallocations: 1.


Internal statistics:

num_allocs_failed_limit: 0.
num_arena_births: 84.
num_arena_deaths: 0.
num_vsnodes_births: 2.
num_vsnodes_deaths: 0.
num_space_committed: 226.
num_space_uncommitted: 0.
num_chunks_returned_to_freelist: 0.
num_chunks_taken_from_freelist: 613.
num_chunk_merges: 0.
num_chunk_splits: 402.
num_chunks_enlarged: 312.
num_inconsistent_stats: 0.

CodeHeap 'non-profiled nmethods': size=120000Kb used=1197Kb max_used=1197Kb free=118803Kb
 bounds [0x00000200ca520000, 0x00000200ca790000, 0x00000200d1a50000]
CodeHeap 'profiled nmethods': size=120000Kb used=5597Kb max_used=5597Kb free=114402Kb
 bounds [0x00000200c2a50000, 0x00000200c2fd0000, 0x00000200c9f80000]
CodeHeap 'non-nmethods': size=5760Kb used=1172Kb max_used=1200Kb free=4587Kb
 bounds [0x00000200c9f80000, 0x00000200ca1f0000, 0x00000200ca520000]
 total_blobs=3151 nmethods=2691 adapters=372
 compilation: enabled
              stopped_count=0, restarted_count=0
 full_count=0

Compilation events (20 events):
Event: 4.500 Thread 0x00000200d945bad0 nmethod 2642 0x00000200c2fac790 code [0x00000200c2fac940, 0x00000200c2facb08]
Event: 4.500 Thread 0x00000200d945bad0 2634       1       org.apache.maven.model.Dependency::getClassifier (5 bytes)
Event: 4.501 Thread 0x00000200d945bad0 nmethod 2634 0x00000200ca63f490 code [0x00000200ca63f620, 0x00000200ca63f6f8]
Event: 4.501 Thread 0x00000200d945bad0 2635       1       org.apache.maven.model.Dependency::getType (5 bytes)
Event: 4.501 Thread 0x00000200d945bad0 nmethod 2635 0x00000200ca63f790 code [0x00000200ca63f920, 0x00000200ca63f9f8]
Event: 4.501 Thread 0x00000200d945bad0 2637       1       org.apache.maven.model.Dependency::getGroupId (5 bytes)
Event: 4.501 Thread 0x00000200d945bad0 nmethod 2637 0x00000200ca63fa90 code [0x00000200ca63fc20, 0x00000200ca63fcf8]
Event: 4.501 Thread 0x00000200d945bad0 2638       1       org.apache.maven.model.Dependency::getArtifactId (5 bytes)
Event: 4.502 Thread 0x00000200d945bad0 nmethod 2638 0x00000200ca63fd90 code [0x00000200ca63ff20, 0x00000200ca63fff8]
Event: 4.502 Thread 0x00000200d945bad0 2639       1       org.apache.maven.model.Dependency::getSystemPath (5 bytes)
Event: 4.502 Thread 0x00000200d945bad0 nmethod 2639 0x00000200ca640090 code [0x00000200ca640220, 0x00000200ca6402f8]
Event: 4.502 Thread 0x00000200d945bad0 2640       1       org.apache.maven.model.Dependency::getOptional (5 bytes)
Event: 4.503 Thread 0x00000200d945bad0 nmethod 2640 0x00000200ca640390 code [0x00000200ca640520, 0x00000200ca6405f8]
Event: 4.503 Thread 0x00000200d945bad0 2641  s    1       java.util.Vector::size (5 bytes)
Event: 4.503 Thread 0x00000200d945bad0 nmethod 2641 0x00000200ca640690 code [0x00000200ca640820, 0x00000200ca640998]
Event: 4.503 Thread 0x00000200d945bad0 2644       1       org.codehaus.plexus.interpolation.AbstractDelegatingValueSource::getDelegate (5 bytes)
Event: 4.503 Thread 0x00000200d945bad0 nmethod 2644 0x00000200ca640a10 code [0x00000200ca640ba0, 0x00000200ca640c78]
Event: 4.507 Thread 0x000002011f958230 nmethod 2621 0x00000200ca640d10 code [0x00000200ca640ec0, 0x00000200ca641558]
Event: 4.507 Thread 0x000002011f958230 2626       4       sun.util.locale.LocaleUtils::toLowerString (95 bytes)
Event: 5.517 Thread 0x00000200d945bad0 2646       3       sun.net.util.URLUtil::urlNoFragString (114 bytes)

GC Heap History (4 events):
Event: 2.227 GC heap before
{Heap before GC invocations=0 (full 0):
 garbage-first heap   total 126976K, used 23552K [0x0000000085200000, 0x0000000100000000)
  region size 1024K, 23 young (23552K), 0 survivors (0K)
 Metaspace       used 5222K, committed 5376K, reserved 1114112K
  class space    used 626K, committed 704K, reserved 1048576K
}
Event: 2.236 GC heap after
{Heap after GC invocations=1 (full 0):
 garbage-first heap   total 126976K, used 3476K [0x0000000085200000, 0x0000000100000000)
  region size 1024K, 3 young (3072K), 3 survivors (3072K)
 Metaspace       used 5222K, committed 5376K, reserved 1114112K
  class space    used 626K, committed 704K, reserved 1048576K
}
Event: 3.056 GC heap before
{Heap before GC invocations=1 (full 0):
 garbage-first heap   total 126976K, used 35220K [0x0000000085200000, 0x0000000100000000)
  region size 1024K, 34 young (34816K), 3 survivors (3072K)
 Metaspace       used 7779K, committed 8000K, reserved 1114112K
  class space    used 913K, committed 1024K, reserved 1048576K
}
Event: 3.061 GC heap after
{Heap after GC invocations=2 (full 0):
 garbage-first heap   total 126976K, used 4795K [0x0000000085200000, 0x0000000100000000)
  region size 1024K, 2 young (2048K), 2 survivors (2048K)
 Metaspace       used 7779K, committed 8000K, reserved 1114112K
  class space    used 913K, committed 1024K, reserved 1048576K
}

Deoptimization events (20 events):
Event: 4.474 Thread 0x00000200bb192960 Uncommon trap: trap_request=0xffffffde fr.pc=0x00000200ca63919c relative=0x000000000000133c
Event: 4.474 Thread 0x00000200bb192960 Uncommon trap: reason=class_check action=maybe_recompile pc=0x00000200ca63919c method=java.util.HashMap.putVal(ILjava/lang/Object;Ljava/lang/Object;ZZ)Ljava/lang/Object; @ 203 c2
Event: 4.474 Thread 0x00000200bb192960 DEOPT PACKING pc=0x00000200ca63919c sp=0x00000020e1ffda00
Event: 4.474 Thread 0x00000200bb192960 DEOPT UNPACKING pc=0x00000200c9fd23a3 sp=0x00000020e1ffd9c0 mode 2
Event: 4.474 Thread 0x00000200bb192960 Uncommon trap: trap_request=0xffffffde fr.pc=0x00000200ca63919c relative=0x000000000000133c
Event: 4.474 Thread 0x00000200bb192960 Uncommon trap: reason=class_check action=maybe_recompile pc=0x00000200ca63919c method=java.util.HashMap.putVal(ILjava/lang/Object;Ljava/lang/Object;ZZ)Ljava/lang/Object; @ 203 c2
Event: 4.474 Thread 0x00000200bb192960 DEOPT PACKING pc=0x00000200ca63919c sp=0x00000020e1ffda00
Event: 4.474 Thread 0x00000200bb192960 DEOPT UNPACKING pc=0x00000200c9fd23a3 sp=0x00000020e1ffd9c0 mode 2
Event: 4.474 Thread 0x00000200bb192960 Uncommon trap: trap_request=0xffffffde fr.pc=0x00000200ca63919c relative=0x000000000000133c
Event: 4.474 Thread 0x00000200bb192960 Uncommon trap: reason=class_check action=maybe_recompile pc=0x00000200ca63919c method=java.util.HashMap.putVal(ILjava/lang/Object;Ljava/lang/Object;ZZ)Ljava/lang/Object; @ 203 c2
Event: 4.474 Thread 0x00000200bb192960 DEOPT PACKING pc=0x00000200ca63919c sp=0x00000020e1ffda00
Event: 4.474 Thread 0x00000200bb192960 DEOPT UNPACKING pc=0x00000200c9fd23a3 sp=0x00000020e1ffd9c0 mode 2
Event: 4.496 Thread 0x00000200bb192960 Uncommon trap: trap_request=0xffffff45 fr.pc=0x00000200ca5ae164 relative=0x00000000000002c4
Event: 4.496 Thread 0x00000200bb192960 Uncommon trap: reason=unstable_if action=reinterpret pc=0x00000200ca5ae164 method=java.lang.String.indexOf([BBILjava/lang/String;I)I @ 21 c2
Event: 4.496 Thread 0x00000200bb192960 DEOPT PACKING pc=0x00000200ca5ae164 sp=0x00000020e1ffdc40
Event: 4.496 Thread 0x00000200bb192960 DEOPT UNPACKING pc=0x00000200c9fd23a3 sp=0x00000020e1ffdb50 mode 2
Event: 4.496 Thread 0x00000200bb192960 Uncommon trap: trap_request=0xffffff45 fr.pc=0x00000200ca5aba2c relative=0x000000000000028c
Event: 4.496 Thread 0x00000200bb192960 Uncommon trap: reason=unstable_if action=reinterpret pc=0x00000200ca5aba2c method=java.lang.String.indexOf([BBILjava/lang/String;I)I @ 21 c2
Event: 4.496 Thread 0x00000200bb192960 DEOPT PACKING pc=0x00000200ca5aba2c sp=0x00000020e1ffdb50
Event: 4.496 Thread 0x00000200bb192960 DEOPT UNPACKING pc=0x00000200c9fd23a3 sp=0x00000020e1ffdae0 mode 2

Classes unloaded (0 events):
No events

Classes redefined (0 events):
No events

Internal exceptions (20 events):
Event: 0.592 Thread 0x00000200bb192960 Exception <a 'java/lang/NoSuchMethodError'{0x000000008c7d26a8}: 'void java.lang.invoke.DirectMethodHandle$Holder.invokeStatic(java.lang.Object, java.lang.Object, java.lang.Object)'> (0x000000008c7d26a8) 
thrown [s\open\src\hotspot\share\interpreter\linkResolver.cpp, line 759]
Event: 0.794 Thread 0x00000200bb192960 Exception <a 'java/lang/NoSuchMethodError'{0x000000008c5eb328}: 'java.lang.Object java.lang.invoke.DirectMethodHandle$Holder.invokeSpecialIFC(java.lang.Object, java.lang.Object, java.lang.Object, java.lang.Object)'> (0x000000008c5eb328) 
thrown [s\open\src\hotspot\share\interpreter\linkResolver.cpp, line 759]
Event: 1.852 Thread 0x00000200bb192960 Exception <a 'java/lang/NoSuchMethodError'{0x000000008bdb8100}: 'void java.lang.invoke.DirectMethodHandle$Holder.invokeSpecial(java.lang.Object, java.lang.Object, java.lang.Object)'> (0x000000008bdb8100) 
thrown [s\open\src\hotspot\share\interpreter\linkResolver.cpp, line 759]
Event: 1.902 Thread 0x00000200bb192960 Exception <a 'java/lang/NoSuchMethodError'{0x000000008bb75760}: 'java.lang.Object java.lang.invoke.DirectMethodHandle$Holder.invokeInterface(java.lang.Object, java.lang.Object)'> (0x000000008bb75760) 
thrown [s\open\src\hotspot\share\interpreter\linkResolver.cpp, line 759]
Event: 1.923 Thread 0x00000200bb192960 Exception <a 'java/lang/NoSuchMethodError'{0x000000008ba54810}: 'java.lang.Object java.lang.invoke.Invokers$Holder.invokeExact_MT(java.lang.Object, java.lang.Object, java.lang.Object, java.lang.Object, java.lang.Object, java.lang.Object)'> (0x000000008ba54810) 
thrown [s\open\src\hotspot\share\interpreter\linkResolver.cpp, line 759]
Event: 1.924 Thread 0x00000200bb192960 Exception <a 'java/lang/NoSuchMethodError'{0x000000008ba65c50}: 'int java.lang.invoke.DirectMethodHandle$Holder.invokeSpecialIFC(java.lang.Object, java.lang.Object, java.lang.Object, java.lang.Object, java.lang.Object)'> (0x000000008ba65c50) 
thrown [s\open\src\hotspot\share\interpreter\linkResolver.cpp, line 759]
Event: 2.133 Thread 0x00000200bb192960 Exception <a 'java/lang/NoSuchMethodError'{0x000000008b89c468}: 'java.lang.Object java.lang.invoke.DirectMethodHandle$Holder.newInvokeSpecial(java.lang.Object, java.lang.Object, java.lang.Object, java.lang.Object, java.lang.Object)'> (0x000000008b89c468) 
thrown [s\open\src\hotspot\share\interpreter\linkResolver.cpp, line 759]
Event: 2.236 Thread 0x00000200bb192960 Exception <a 'java/lang/NoSuchMethodError'{0x000000008b628560}: 'int java.lang.invoke.DirectMethodHandle$Holder.invokeStaticInit(java.lang.Object, java.lang.Object)'> (0x000000008b628560) 
thrown [s\open\src\hotspot\share\interpreter\linkResolver.cpp, line 759]
Event: 2.245 Thread 0x00000200bb192960 Exception <a 'java/lang/NoClassDefFoundError'{0x000000008cd45bc8}: javax/enterprise/inject/Typed> (0x000000008cd45bc8) 
thrown [s\open\src\hotspot\share\classfile\systemDictionary.cpp, line 245]
Event: 3.496 Thread 0x00000200bb192960 Exception <a 'java/lang/NoSuchMethodError'{0x000000008bbd1b48}: 'void java.lang.invoke.DirectMethodHandle$Holder.invokeStaticInit(java.lang.Object, java.lang.Object, java.lang.Object)'> (0x000000008bbd1b48) 
thrown [s\open\src\hotspot\share\interpreter\linkResolver.cpp, line 759]
Event: 3.513 Thread 0x00000200bb192960 Implicit null exception at 0x00000200ca5dc92f to 0x00000200ca5dca8c
Event: 3.518 Thread 0x00000200bb192960 Exception <a 'java/lang/NoSuchMethodError'{0x000000008ba594b0}: 'java.lang.Object java.lang.invoke.Invokers$Holder.invokeExact_MT(java.lang.Object, int, java.lang.Object)'> (0x000000008ba594b0) 
thrown [s\open\src\hotspot\share\interpreter\linkResolver.cpp, line 759]
Event: 3.531 Thread 0x00000200bb192960 Exception <a 'java/lang/NoSuchMethodError'{0x000000008bad5b40}: 'int java.lang.invoke.DirectMethodHandle$Holder.invokeSpecial(java.lang.Object, java.lang.Object, java.lang.Object, java.lang.Object)'> (0x000000008bad5b40) 
thrown [s\open\src\hotspot\share\interpreter\linkResolver.cpp, line 759]
Event: 3.822 Thread 0x00000200bb192960 Exception <a 'java/lang/NoClassDefFoundError'{0x000000008b049ce8}: com/google/inject/servlet/ServletModuleTargetVisitor> (0x000000008b049ce8) 
thrown [s\open\src\hotspot\share\classfile\systemDictionary.cpp, line 245]
Event: 3.990 Thread 0x00000200bb192960 Exception <a 'java/lang/NoSuchMethodError'{0x000000008aebe7a8}: 'java.lang.Object java.lang.invoke.DirectMethodHandle$Holder.invokeStaticInit(java.lang.Object, int, int, int, int)'> (0x000000008aebe7a8) 
thrown [s\open\src\hotspot\share\interpreter\linkResolver.cpp, line 759]
Event: 4.390 Thread 0x00000200bb192960 Implicit null exception at 0x00000200ca552af2 to 0x00000200ca5530c4
Event: 4.390 Thread 0x00000200bb192960 Implicit null exception at 0x00000200ca54aef2 to 0x00000200ca54b4d4
Event: 4.445 Thread 0x00000200bb192960 Exception <a 'java/lang/NoSuchMethodError'{0x000000008a5098e8}: 'void java.lang.invoke.DirectMethodHandle$Holder.invokeSpecial(java.lang.Object, java.lang.Object, java.lang.Object, java.lang.Object, java.lang.Object)'> (0x000000008a5098e8) 
thrown [s\open\src\hotspot\share\interpreter\linkResolver.cpp, line 759]
Event: 4.448 Thread 0x00000200bb192960 Exception <a 'java/lang/NoSuchMethodError'{0x000000008a522a18}: 'void java.lang.invoke.DirectMethodHandle$Holder.invokeSpecial(java.lang.Object, java.lang.Object, java.lang.Object, java.lang.Object, java.lang.Object, java.lang.Object)'> (0x000000008a522a18) 
thrown [s\open\src\hotspot\share\interpreter\linkResolver.cpp, line 759]
Event: 4.465 Thread 0x00000200bb192960 Exception <a 'java/lang/NoSuchMethodError'{0x000000008a43e9e8}: 'java.lang.Object java.lang.invoke.DirectMethodHandle$Holder.invokeVirtual(java.lang.Object, java.lang.Object, java.lang.Object)'> (0x000000008a43e9e8) 
thrown [s\open\src\hotspot\share\interpreter\linkResolver.cpp, line 759]

VM Operations (20 events):
Event: 3.562 Executing VM operation: HandshakeAllThreads
Event: 3.562 Executing VM operation: HandshakeAllThreads done
Event: 3.609 Executing VM operation: ICBufferFull
Event: 3.609 Executing VM operation: ICBufferFull done
Event: 3.630 Executing VM operation: HandshakeAllThreads
Event: 3.630 Executing VM operation: HandshakeAllThreads done
Event: 3.791 Executing VM operation: HandshakeAllThreads
Event: 3.791 Executing VM operation: HandshakeAllThreads done
Event: 3.895 Executing VM operation: HandshakeAllThreads
Event: 3.895 Executing VM operation: HandshakeAllThreads done
Event: 3.937 Executing VM operation: HandshakeAllThreads
Event: 3.937 Executing VM operation: HandshakeAllThreads done
Event: 4.309 Executing VM operation: HandshakeAllThreads
Event: 4.309 Executing VM operation: HandshakeAllThreads done
Event: 4.311 Executing VM operation: HandshakeAllThreads
Event: 4.311 Executing VM operation: HandshakeAllThreads done
Event: 4.440 Executing VM operation: ICBufferFull
Event: 4.440 Executing VM operation: ICBufferFull done
Event: 5.446 Executing VM operation: Cleanup
Event: 5.447 Executing VM operation: Cleanup done

Events (20 events):
Event: 4.436 loading class java/nio/channels/spi/AbstractInterruptibleChannel$1
Event: 4.436 loading class sun/nio/ch/Interruptible
Event: 4.436 loading class sun/nio/ch/Interruptible done
Event: 4.436 loading class java/nio/channels/spi/AbstractInterruptibleChannel$1 done
Event: 4.437 loading class java/util/AbstractMap$2
Event: 4.437 loading class java/util/AbstractMap$2 done
Event: 4.437 loading class java/util/AbstractMap$2$1
Event: 4.437 loading class java/util/AbstractMap$2$1 done
Event: 4.465 loading class java/lang/invoke/MethodHandle$1
Event: 4.466 loading class java/lang/invoke/MethodHandle$1 done
Event: 4.482 Thread 0x000002011f8b4ec0 Thread added: 0x000002011f8b4ec0
Event: 4.487 loading class sun/util/resources/LocaleData$CommonResourceBundleProvider
Event: 4.487 loading class sun/util/resources/LocaleData$LocaleDataResourceBundleProvider
Event: 4.487 loading class java/util/spi/ResourceBundleProvider
Event: 4.488 loading class java/util/spi/ResourceBundleProvider done
Event: 4.488 loading class sun/util/resources/LocaleData$LocaleDataResourceBundleProvider done
Event: 4.488 loading class sun/util/resources/LocaleData$CommonResourceBundleProvider done
Event: 4.488 loading class sun/util/resources/Bundles$2
Event: 4.488 loading class sun/util/resources/Bundles$2 done
Event: 4.498 Thread 0x000002011f958230 Thread added: 0x000002011f958230


Dynamic libraries:
0x00007ff6b1000000 - 0x00007ff6b1010000 	C:\Program Files\Java\jdk-17\bin\java.exe
0x00007ffc5eea0000 - 0x00007ffc5f106000 	C:\WINDOWS\SYSTEM32\ntdll.dll
0x00007ffc5d400000 - 0x00007ffc5d4c9000 	C:\WINDOWS\System32\KERNEL32.DLL
0x00007ffc5c750000 - 0x00007ffc5cb4a000 	C:\WINDOWS\System32\KERNELBASE.dll
0x00007ffc5c130000 - 0x00007ffc5c27c000 	C:\WINDOWS\System32\ucrtbase.dll
0x00007ffc36220000 - 0x00007ffc3623b000 	C:\Program Files\Java\jdk-17\bin\VCRUNTIME140.dll
0x00007ffc360e0000 - 0x00007ffc360f9000 	C:\Program Files\Java\jdk-17\bin\jli.dll
0x00007ffc5db70000 - 0x00007ffc5dc26000 	C:\WINDOWS\System32\ADVAPI32.dll
0x00007ffc5d800000 - 0x00007ffc5d8a9000 	C:\WINDOWS\System32\msvcrt.dll
0x00007ffc5cc10000 - 0x00007ffc5ccba000 	C:\WINDOWS\System32\sechost.dll
0x00007ffc5d2e0000 - 0x00007ffc5d3f8000 	C:\WINDOWS\System32\RPCRT4.dll
0x00007ffc5d920000 - 0x00007ffc5dae7000 	C:\WINDOWS\System32\USER32.dll
0x00007ffc5c330000 - 0x00007ffc5c357000 	C:\WINDOWS\System32\win32u.dll
0x00007ffc36630000 - 0x00007ffc368c2000 	C:\WINDOWS\WinSxS\amd64_microsoft.windows.common-controls_6595b64144ccf1df_6.0.26100.8521_none_3e08b75ce33403b3\COMCTL32.dll
0x00007ffc5d230000 - 0x00007ffc5d25b000 	C:\WINDOWS\System32\GDI32.dll
0x00007ffc5c360000 - 0x00007ffc5c48b000 	C:\WINDOWS\System32\gdi32full.dll
0x00007ffc5c6a0000 - 0x00007ffc5c743000 	C:\WINDOWS\System32\msvcp_win.dll
0x00007ffc48d80000 - 0x00007ffc48d8b000 	C:\WINDOWS\SYSTEM32\VERSION.dll
0x00007ffc5e320000 - 0x00007ffc5e352000 	C:\WINDOWS\System32\IMM32.DLL
0x00007ffc4c1a0000 - 0x00007ffc4c1ac000 	C:\Program Files\Java\jdk-17\bin\vcruntime140_1.dll
0x00007ffc0cf70000 - 0x00007ffc0cffe000 	C:\Program Files\Java\jdk-17\bin\msvcp140.dll
0x00007ffb78720000 - 0x00007ffb79300000 	C:\Program Files\Java\jdk-17\bin\server\jvm.dll
0x00007ffc5e310000 - 0x00007ffc5e318000 	C:\WINDOWS\System32\PSAPI.DLL
0x00007ffc4be30000 - 0x00007ffc4be3a000 	C:\WINDOWS\SYSTEM32\WSOCK32.dll
0x00007ffc5d4d0000 - 0x00007ffc5d550000 	C:\WINDOWS\System32\WS2_32.dll
0x00007ffc53fb0000 - 0x00007ffc53fe6000 	C:\WINDOWS\SYSTEM32\WINMM.dll
0x00007ffc5aec0000 - 0x00007ffc5aedb000 	C:\WINDOWS\SYSTEM32\kernel.appcore.dll
0x00007ffc4aee0000 - 0x00007ffc4aeea000 	C:\Program Files\Java\jdk-17\bin\jimage.dll
0x00007ffc59800000 - 0x00007ffc59a42000 	C:\WINDOWS\SYSTEM32\DBGHELP.DLL
0x00007ffc5cea0000 - 0x00007ffc5d223000 	C:\WINDOWS\System32\combase.dll
0x00007ffc5d720000 - 0x00007ffc5d7f9000 	C:\WINDOWS\System32\OLEAUT32.dll
0x00007ffc353d0000 - 0x00007ffc3540b000 	C:\WINDOWS\SYSTEM32\dbgcore.DLL
0x00007ffc5c280000 - 0x00007ffc5c328000 	C:\WINDOWS\System32\bcryptPrimitives.dll
0x00007ffc1e550000 - 0x00007ffc1e575000 	C:\Program Files\Java\jdk-17\bin\java.dll
0x00007ffc0ce90000 - 0x00007ffc0cf67000 	C:\Program Files\Java\jdk-17\bin\jsvml.dll
0x00007ffc5e3f0000 - 0x00007ffc5eb74000 	C:\WINDOWS\System32\SHELL32.dll
0x00007ffc59cc0000 - 0x00007ffc5a540000 	C:\WINDOWS\SYSTEM32\windows.storage.dll
0x00007ffc5e150000 - 0x00007ffc5e246000 	C:\WINDOWS\System32\SHCORE.dll
0x00007ffc5daf0000 - 0x00007ffc5db57000 	C:\WINDOWS\System32\shlwapi.dll
0x00007ffc5c050000 - 0x00007ffc5c079000 	C:\WINDOWS\SYSTEM32\profapi.dll
0x00007ffc271a0000 - 0x00007ffc271b9000 	C:\Program Files\Java\jdk-17\bin\net.dll
0x00007ffc52f70000 - 0x00007ffc53099000 	C:\WINDOWS\SYSTEM32\WINHTTP.dll
0x00007ffc5b430000 - 0x00007ffc5b49c000 	C:\WINDOWS\system32\mswsock.dll
0x00007ffc200a0000 - 0x00007ffc200b6000 	C:\Program Files\Java\jdk-17\bin\nio.dll
0x00007ffc1e0c0000 - 0x00007ffc1e0d8000 	C:\Program Files\Java\jdk-17\bin\zip.dll
0x00007ffc1c180000 - 0x00007ffc1c1a4000 	C:\Users\devad\Downloads\apache-maven-3.9.16-bin (2)\apache-maven-3.9.16\lib\jansi-native\Windows\x86_64\jansi.dll
0x00007ffc38d40000 - 0x00007ffc38d50000 	C:\Program Files\Java\jdk-17\bin\verify.dll

dbghelp: loaded successfully - version: 4.0.5 - missing functions: none
symbol engine: initialized successfully - sym options: 0x614 - pdb path: .;C:\Program Files\Java\jdk-17\bin;C:\WINDOWS\SYSTEM32;C:\WINDOWS\WinSxS\amd64_microsoft.windows.common-controls_6595b64144ccf1df_6.0.26100.8521_none_3e08b75ce33403b3;C:\Program Files\Java\jdk-17\bin\server;C:\Users\devad\Downloads\apache-maven-3.9.16-bin (2)\apache-maven-3.9.16\lib\jansi-native\Windows\x86_64

VM Arguments:
jvm_args: --enable-native-access=ALL-UNNAMED -Dclassworlds.conf=C:\Users\devad\Downloads\apache-maven-3.9.16-bin (2)\apache-maven-3.9.16\bin\m2.conf -Dmaven.home=C:\Users\devad\Downloads\apache-maven-3.9.16-bin (2)\apache-maven-3.9.16 -Dlibrary.jansi.path=C:\Users\devad\Downloads\apache-maven-3.9.16-bin (2)\apache-maven-3.9.16\lib\jansi-native -Dmaven.multiModuleProjectDirectory=C:\Users\devad\AppData\Local\amypo\workspace\14008_9002_1_14326\backend 
java_command: org.codehaus.plexus.classworlds.launcher.Launcher clean test
java_class_path (initial): C:\Users\devad\Downloads\apache-maven-3.9.16-bin (2)\apache-maven-3.9.16\boot\plexus-classworlds-2.11.0.jar
Launcher Type: SUN_STANDARD

[Global flags]
     intx CICompilerCount                          = 4                                         {product} {ergonomic}
     uint ConcGCThreads                            = 3                                         {product} {ergonomic}
     uint G1ConcRefinementThreads                  = 10                                        {product} {ergonomic}
   size_t G1HeapRegionSize                         = 1048576                                   {product} {ergonomic}
    uintx GCDrainStackTargetSize                   = 64                                        {product} {ergonomic}
   size_t InitialHeapSize                          = 130023424                                 {product} {ergonomic}
   size_t MarkStackSize                            = 4194304                                   {product} {ergonomic}
   size_t MaxHeapSize                              = 2061500416                                {product} {ergonomic}
   size_t MaxNewSize                               = 1236271104                                {product} {ergonomic}
   size_t MinHeapDeltaBytes                        = 1048576                                   {product} {ergonomic}
   size_t MinHeapSize                              = 8388608                                   {product} {ergonomic}
    uintx NonNMethodCodeHeapSize                   = 5839372                                {pd product} {ergonomic}
    uintx NonProfiledCodeHeapSize                  = 122909434                              {pd product} {ergonomic}
    uintx ProfiledCodeHeapSize                     = 122909434                              {pd product} {ergonomic}
    uintx ReservedCodeCacheSize                    = 251658240                              {pd product} {ergonomic}
     bool SegmentedCodeCache                       = true                                      {product} {ergonomic}
   size_t SoftMaxHeapSize                          = 2061500416                             {manageable} {ergonomic}
     bool UseCompressedClassPointers               = true                           {product lp64_product} {ergonomic}
     bool UseCompressedOops                        = true                           {product lp64_product} {ergonomic}
     bool UseG1GC                                  = true                                      {product} {ergonomic}
     bool UseLargePagesIndividualAllocation        = false                                  {pd product} {ergonomic}

Logging:
Log output configuration:
 #0: stdout all=warning uptime,level,tags
 #1: stderr all=off uptime,level,tags

Environment Variables:
JAVA_HOME=C:\Program Files\Java\jdk-17
PATH=C:\WINDOWS\System32;C:\WINDOWS;C:\WINDOWS\System32\Wbem;C:\WINDOWS\System32\WindowsPowerShell\v1.0;C:\WINDOWS\System32\OpenSSH;C:\Program Files\Common Files\Oracle\Java\javapath;C:\windows\system32;C:\windows;C:\windows\System32\Wbem;C:\windows\System32\WindowsPowerShell\v1.0\;C:\windows\System32\OpenSSH\;C:\Program Files\HP\HP One Agent;C:\WINDOWS\system32;C:\WINDOWS\System32\WindowsPowerShell\v1.0\;C:\WINDOWS\System32\OpenSSH\;C:\Program Files\Cloudflare\Cloudflare WARP\;C:\Program Files\Git\cmd;C:\Program Files\nodejs\;C:\Users\devad\Downloads\apache-maven-3.9.16-bin;C:\Users\devad\Downloads\apache-maven-3.9.16-bin (2);C:\Users\devad\AppData\Local\Programs\Python\Python311\;C:\Users\devad\AppData\Local\Programs\Python\Launcher\;C:\Users\devad\AppData\Local\Microsoft\WindowsApps;C:\Users\devad\AppData\Local\Programs\Microsoft VS Code\bin;C:\Users\devad\AppData\Roaming\npm;C:\Users\devad\Downloads\apache-maven-3.9.16-bin (2)\apache-maven-3.9.16\bin;C:\Users\devad\Downloads\apache-maven-3.9.16-bin (2)\apache-maven-3.9.16;C:\Program Files\nodejs;C:\Program Files\MySQL\MySQL Server 8.0;C:\Program Files\Git\bin;C:\Program Files\Java\jdk-17\bin;C:\Program Files\AmypoCoder;C:\Program Files\Google\Chrome\Application
USERNAME=devad
OS=Windows_NT
PROCESSOR_IDENTIFIER=Intel64 Family 6 Model 154 Stepping 4, GenuineIntel



---------------  S Y S T E M  ---------------

OS:
 Windows 11 , 64 bit Build 26100 (10.0.26100.8521)
OS uptime: 2 days 20:40 hours
Hyper-V role detected

CPU: total 12 (initial active 12) (6 cores per cpu, 2 threads per core) family 6 model 154 stepping 4 microcode 0x432, cx8, cmov, fxsr, ht, mmx, 3dnowpref, sse, sse2, sse3, ssse3, sse4.1, sse4.2, popcnt, lzcnt, tsc, tscinvbit, avx, avx2, aes, erms, clmul, bmi1, bmi2, adx, sha, fma, vzeroupper, clflush, clflushopt, clwb, hv

Memory: 4k page, system-wide physical 7863M (769M free)
TotalPageFile size 16055M (AvailPageFile size 13M)
current process WorkingSet (physical memory assigned to process): 130M, peak: 131M
current process commit charge ("private bytes"): 254M, peak: 256M

vm_info: Java HotSpot(TM) 64-Bit Server VM (17.0.12+8-LTS-286) for windows-amd64 JRE (17.0.12+8-LTS-286), built on Jun  5 2024 06:46:59 by "mach5one" with MS VC++ 17.6 (VS2022)

END.
