#
# There is insufficient memory for the Java Runtime Environment to continue.
# Native memory allocation (malloc) failed to allocate 1206656 bytes for Chunk::new
# Possible reasons:
#   The system is out of physical RAM or swap space
#   The process is running with CompressedOops enabled, and the Java Heap may be blocking the growth of the native heap
# Possible solutions:
#   Reduce memory load on the system
#   Increase physical memory or swap space
#   Check if swap backing store is full
#   Decrease Java heap size (-Xmx/-Xms)
#   Decrease number of Java threads
#   Decrease Java thread stack sizes (-Xss)
#   Set larger code cache with -XX:ReservedCodeCacheSize=
#   JVM is running with Unscaled Compressed Oops mode in which the Java heap is
#     placed in the first 4GB address space. The Java Heap base address is the
#     maximum limit for the native heap growth. Please use -XX:HeapBaseMinAddress
#     to set the Java Heap base and to place the Java Heap above 4GB virtual address.
# This output file may be truncated or incomplete.
#
#  Out of Memory Error (arena.cpp:189), pid=22024, tid=12976
#
# JRE version: Java(TM) SE Runtime Environment (17.0.12+8) (build 17.0.12+8-LTS-286)
# Java VM: Java HotSpot(TM) 64-Bit Server VM (17.0.12+8-LTS-286, mixed mode, sharing, tiered, compressed oops, compressed class ptrs, g1 gc, windows-amd64)
# No core dump will be written. Minidumps are not enabled by default on client versions of Windows
#

---------------  S U M M A R Y ------------

Command Line: --enable-native-access=ALL-UNNAMED -Dclassworlds.conf=C:\Users\devad\Downloads\apache-maven-3.9.16-bin (2)\apache-maven-3.9.16\bin\m2.conf -Dmaven.home=C:\Users\devad\Downloads\apache-maven-3.9.16-bin (2)\apache-maven-3.9.16 -Dlibrary.jansi.path=C:\Users\devad\Downloads\apache-maven-3.9.16-bin (2)\apache-maven-3.9.16\lib\jansi-native -Dmaven.multiModuleProjectDirectory=C:\Users\devad\AppData\Local\amypo\workspace\14008_9002_1_14326\backend org.codehaus.plexus.classworlds.launcher.Launcher clean test

Host: 12th Gen Intel(R) Core(TM) i5-1235U, 12 cores, 7G,  Windows 11 , 64 bit Build 26100 (10.0.26100.8875)
Time: Sun Sep  6 16:19:43 2026 India Standard Time elapsed time: 12.794963 seconds (0d 0h 0m 12s)

---------------  T H R E A D  ---------------

Current thread (0x000001b53e6c7000):  JavaThread "C2 CompilerThread0" daemon [_thread_in_native, id=12976, stack(0x0000005b50600000,0x0000005b50700000)]


Current CompileTask:
C2:  12795 5954   !   4       com.sun.tools.javac.jvm.ClassReader::classSigToType (497 bytes)

Stack: [0x0000005b50600000,0x0000005b50700000]
Native frames: (J=compiled Java code, j=interpreted, Vv=VM code, C=native code)
V  [jvm.dll+0x67a04a]
V  [jvm.dll+0x7da4ed]
V  [jvm.dll+0x7dbe33]
V  [jvm.dll+0x7dc4a3]
V  [jvm.dll+0x24508f]
V  [jvm.dll+0xab773]
V  [jvm.dll+0xabd3c]
V  [jvm.dll+0x2aa52f]
V  [jvm.dll+0x581eb9]
V  [jvm.dll+0x21f422]
V  [jvm.dll+0x21f81f]
V  [jvm.dll+0x218aa0]
V  [jvm.dll+0x215b65]
V  [jvm.dll+0x1a2960]
V  [jvm.dll+0x22610b]
V  [jvm.dll+0x2242ab]
V  [jvm.dll+0x79075c]
V  [jvm.dll+0x78abea]
V  [jvm.dll+0x678f35]
C  [ucrtbase.dll+0x2cd30]
C  [KERNEL32.DLL+0x2e957]
C  [ntdll.dll+0xaad6c]


---------------  P R O C E S S  ---------------

Threads class SMR info:
_java_thread_list=0x000001b584b8d920, length=13, elements={
0x000001b51e5b6490, 0x000001b53e6ac1e0, 0x000001b53e6aebb0, 0x000001b53e6c4520,
0x000001b53e6c4ee0, 0x000001b53e6c58a0, 0x000001b53e6c6260, 0x000001b53e6c7000,
0x000001b53e6d19f0, 0x000001b53e705820, 0x000001b53e968f20, 0x000001b53e969430,
0x000001b53e969e50
}

Java Threads: ( => current thread )
  0x000001b51e5b6490 JavaThread "main" [_thread_in_native, id=20240, stack(0x0000005b4f900000,0x0000005b4fa00000)]
  0x000001b53e6ac1e0 JavaThread "Reference Handler" daemon [_thread_blocked, id=13844, stack(0x0000005b50000000,0x0000005b50100000)]
  0x000001b53e6aebb0 JavaThread "Finalizer" daemon [_thread_blocked, id=1996, stack(0x0000005b50100000,0x0000005b50200000)]
  0x000001b53e6c4520 JavaThread "Signal Dispatcher" daemon [_thread_blocked, id=21984, stack(0x0000005b50200000,0x0000005b50300000)]
  0x000001b53e6c4ee0 JavaThread "Attach Listener" daemon [_thread_blocked, id=22008, stack(0x0000005b50300000,0x0000005b50400000)]
  0x000001b53e6c58a0 JavaThread "Service Thread" daemon [_thread_blocked, id=22020, stack(0x0000005b50400000,0x0000005b50500000)]
  0x000001b53e6c6260 JavaThread "Monitor Deflation Thread" daemon [_thread_blocked, id=4424, stack(0x0000005b50500000,0x0000005b50600000)]
=>0x000001b53e6c7000 JavaThread "C2 CompilerThread0" daemon [_thread_in_native, id=12976, stack(0x0000005b50600000,0x0000005b50700000)]
  0x000001b53e6d19f0 JavaThread "C1 CompilerThread0" daemon [_thread_blocked, id=11188, stack(0x0000005b50700000,0x0000005b50800000)]
  0x000001b53e705820 JavaThread "Sweeper thread" daemon [_thread_blocked, id=21472, stack(0x0000005b50800000,0x0000005b50900000)]
  0x000001b53e968f20 JavaThread "Notification Thread" daemon [_thread_blocked, id=22068, stack(0x0000005b50900000,0x0000005b50a00000)]
  0x000001b53e969430 JavaThread "Common-Cleaner" daemon [_thread_blocked, id=10360, stack(0x0000005b50b00000,0x0000005b50c00000)]
  0x000001b53e969e50 JavaThread "Thread-1" daemon [_thread_blocked, id=21656, stack(0x0000005b51300000,0x0000005b51400000)]

Other Threads:
  0x000001b53e6a6830 VMThread "VM Thread" [stack: 0x0000005b4ff00000,0x0000005b50000000] [id=21976]
  0x000001b51e6446d0 WatcherThread [stack: 0x0000005b50a00000,0x0000005b50b00000] [id=13796]
  0x000001b51e610580 GCTaskThread "GC Thread#0" [stack: 0x0000005b4fa00000,0x0000005b4fb00000] [id=15052]
  0x000001b5846ee500 GCTaskThread "GC Thread#1" [stack: 0x0000005b50c00000,0x0000005b50d00000] [id=22272]
  0x000001b5846edf80 GCTaskThread "GC Thread#2" [stack: 0x0000005b50d00000,0x0000005b50e00000] [id=10188]
  0x000001b5846ee7c0 GCTaskThread "GC Thread#3" [stack: 0x0000005b50e00000,0x0000005b50f00000] [id=13248]
  0x000001b5846ef580 GCTaskThread "GC Thread#4" [stack: 0x0000005b50f00000,0x0000005b51000000] [id=3972]
  0x000001b5846eea80 GCTaskThread "GC Thread#5" [stack: 0x0000005b51000000,0x0000005b51100000] [id=13960]
  0x000001b5846ef2c0 GCTaskThread "GC Thread#6" [stack: 0x0000005b51100000,0x0000005b51200000] [id=21060]
  0x000001b5846ee240 GCTaskThread "GC Thread#7" [stack: 0x0000005b51200000,0x0000005b51300000] [id=12808]
  0x000001b5846eed40 GCTaskThread "GC Thread#8" [stack: 0x0000005b51400000,0x0000005b51500000] [id=20940]
  0x000001b5846ef000 GCTaskThread "GC Thread#9" [stack: 0x0000005b51500000,0x0000005b51600000] [id=2724]
  0x000001b51e621d70 ConcurrentGCThread "G1 Main Marker" [stack: 0x0000005b4fb00000,0x0000005b4fc00000] [id=15268]
  0x000001b51e624640 ConcurrentGCThread "G1 Conc#0" [stack: 0x0000005b4fc00000,0x0000005b4fd00000] [id=19860]
  0x000001b584f7c660 ConcurrentGCThread "G1 Conc#1" [stack: 0x0000005b51600000,0x0000005b51700000] [id=7148]
  0x000001b584f7e760 ConcurrentGCThread "G1 Conc#2" [stack: 0x0000005b51700000,0x0000005b51800000] [id=19868]
  0x000001b53e5570f0 ConcurrentGCThread "G1 Refine#0" [stack: 0x0000005b4fd00000,0x0000005b4fe00000] [id=6228]
  0x000001b5843db200 ConcurrentGCThread "G1 Refine#1" [stack: 0x0000005b51800000,0x0000005b51900000] [id=7708]
  0x000001b585dc5920 ConcurrentGCThread "G1 Refine#2" [stack: 0x0000005b51900000,0x0000005b51a00000] [id=18648]
  0x000001b53e5577d0 ConcurrentGCThread "G1 Service" [stack: 0x0000005b4fe00000,0x0000005b4ff00000] [id=9584]

Threads with active compile tasks:
C2 CompilerThread0    12827 5954   !   4       com.sun.tools.javac.jvm.ClassReader::classSigToType (497 bytes)
C1 CompilerThread0    12827 6183 %     3       lombok.launch.ClassFileMetaData::decodeString @ 15 (181 bytes)

VM state: not at safepoint (normal execution)

VM Mutex/Monitor currently owned by a thread: None

Heap address: 0x0000000085200000, size: 1966 MB, Compressed Oops mode: 32-bit

CDS archive(s) mapped at: [0x000001b53f000000-0x000001b53fbd0000-0x000001b53fbd0000), size 12386304, SharedBaseAddress: 0x000001b53f000000, ArchiveRelocationMode: 1.
Compressed class space mapped at: 0x000001b540000000-0x000001b580000000, reserved size: 1073741824
Narrow klass base: 0x000001b53f000000, Narrow klass shift: 0, Narrow klass range: 0x100000000

GC Precious Log:
 CPUs: 12 total, 12 available
 Memory: 7863M
 Large Page Support: Disabled
 NUMA Support: Disabled
 Compressed Oops: Enabled (32-bit)
 Heap Region Size: 1M
 Heap Min Capacity: 8M
 Heap Initial Capacity: 124M
 Heap Max Capacity: 1966M
 Pre-touch: Disabled
 Parallel Workers: 10
 Concurrent Workers: 3
 Concurrent Refinement Workers: 10
 Periodic GC: Disabled

Heap:
 garbage-first heap   total 92160K, used 65024K [0x0000000085200000, 0x0000000100000000)
  region size 1024K, 26 young (26624K), 1 survivors (1024K)
 Metaspace       used 26709K, committed 27008K, reserved 1114112K
  class space    used 3054K, committed 3200K, reserved 1048576K

Heap Regions: E=young(eden), S=young(survivor), O=old, HS=humongous(starts), HC=humongous(continues), CS=collection set, F=free, OA=open archive, CA=closed archive, TAMS=top-at-mark-start (previous, next)
|   0|0x0000000085200000, 0x0000000085300000, 0x0000000085300000|100%| O|  |TAMS 0x0000000085300000, 0x0000000085200000| Untracked 
|   1|0x0000000085300000, 0x0000000085400000, 0x0000000085400000|100%| O|  |TAMS 0x0000000085400000, 0x0000000085300000| Untracked 
|   2|0x0000000085400000, 0x0000000085500000, 0x0000000085500000|100%| O|  |TAMS 0x0000000085500000, 0x0000000085400000| Untracked 
|   3|0x0000000085500000, 0x0000000085600000, 0x0000000085600000|100%| O|  |TAMS 0x0000000085600000, 0x0000000085500000| Untracked 
|   4|0x0000000085600000, 0x0000000085700000, 0x0000000085700000|100%| O|  |TAMS 0x0000000085700000, 0x0000000085600000| Untracked 
|   5|0x0000000085700000, 0x0000000085800000, 0x0000000085800000|100%| O|  |TAMS 0x0000000085800000, 0x0000000085700000| Untracked 
|   6|0x0000000085800000, 0x0000000085900000, 0x0000000085900000|100%| O|  |TAMS 0x0000000085900000, 0x0000000085800000| Untracked 
|   7|0x0000000085900000, 0x0000000085a00000, 0x0000000085a00000|100%| O|  |TAMS 0x0000000085a00000, 0x0000000085900000| Untracked 
|   8|0x0000000085a00000, 0x0000000085b00000, 0x0000000085b00000|100%| O|  |TAMS 0x0000000085b00000, 0x0000000085a00000| Untracked 
|   9|0x0000000085b00000, 0x0000000085c00000, 0x0000000085c00000|100%| O|  |TAMS 0x0000000085c00000, 0x0000000085b00000| Untracked 
|  10|0x0000000085c00000, 0x0000000085d00000, 0x0000000085d00000|100%|HS|  |TAMS 0x0000000085c00000, 0x0000000085c00000| Complete 
|  11|0x0000000085d00000, 0x0000000085e00000, 0x0000000085e00000|100%| O|  |TAMS 0x0000000085d00000, 0x0000000085d00000| Untracked 
|  12|0x0000000085e00000, 0x0000000085f00000, 0x0000000085f00000|100%| O|  |TAMS 0x0000000085e00000, 0x0000000085e00000| Untracked 
|  13|0x0000000085f00000, 0x0000000086000000, 0x0000000086000000|100%|HS|  |TAMS 0x0000000086000000, 0x0000000085f00000| Complete 
|  14|0x0000000086000000, 0x0000000086100000, 0x0000000086100000|100%|HC|  |TAMS 0x0000000086100000, 0x0000000086000000| Complete 
|  15|0x0000000086100000, 0x0000000086200000, 0x0000000086200000|100%|HS|  |TAMS 0x0000000086100000, 0x0000000086100000| Complete 
|  16|0x0000000086200000, 0x0000000086300000, 0x0000000086300000|100%|HS|  |TAMS 0x0000000086200000, 0x0000000086200000| Complete 
|  17|0x0000000086300000, 0x0000000086400000, 0x0000000086400000|100%| O|  |TAMS 0x0000000086300000, 0x0000000086300000| Untracked 
|  18|0x0000000086400000, 0x0000000086500000, 0x0000000086500000|100%| O|  |TAMS 0x0000000086400000, 0x0000000086400000| Untracked 
|  19|0x0000000086500000, 0x0000000086600000, 0x0000000086600000|100%| O|  |TAMS 0x0000000086500000, 0x0000000086500000| Untracked 
|  20|0x0000000086600000, 0x0000000086700000, 0x0000000086700000|100%| O|  |TAMS 0x0000000086600000, 0x0000000086600000| Untracked 
|  21|0x0000000086700000, 0x0000000086800000, 0x0000000086800000|100%| O|  |TAMS 0x0000000086700000, 0x0000000086700000| Untracked 
|  22|0x0000000086800000, 0x0000000086900000, 0x0000000086900000|100%| O|  |TAMS 0x0000000086800000, 0x0000000086800000| Untracked 
|  23|0x0000000086900000, 0x0000000086a00000, 0x0000000086a00000|100%| O|  |TAMS 0x0000000086900000, 0x0000000086900000| Untracked 
|  24|0x0000000086a00000, 0x0000000086b00000, 0x0000000086b00000|100%| O|  |TAMS 0x0000000086a00000, 0x0000000086a00000| Untracked 
|  25|0x0000000086b00000, 0x0000000086c00000, 0x0000000086c00000|100%| O|  |TAMS 0x0000000086b00000, 0x0000000086b00000| Untracked 
|  26|0x0000000086c00000, 0x0000000086d00000, 0x0000000086d00000|100%| O|  |TAMS 0x0000000086c00000, 0x0000000086c00000| Untracked 
|  27|0x0000000086d00000, 0x0000000086d00000, 0x0000000086e00000|  0%| F|  |TAMS 0x0000000086d00000, 0x0000000086d00000| Untracked 
|  28|0x0000000086e00000, 0x0000000086e00000, 0x0000000086f00000|  0%| F|  |TAMS 0x0000000086e00000, 0x0000000086e00000| Untracked 
|  29|0x0000000086f00000, 0x0000000086f00000, 0x0000000087000000|  0%| F|  |TAMS 0x0000000086f00000, 0x0000000086f00000| Untracked 
|  30|0x0000000087000000, 0x0000000087000000, 0x0000000087100000|  0%| F|  |TAMS 0x0000000087000000, 0x0000000087000000| Untracked 
|  31|0x0000000087100000, 0x0000000087100000, 0x0000000087200000|  0%| F|  |TAMS 0x0000000087100000, 0x0000000087100000| Untracked 
|  32|0x0000000087200000, 0x0000000087200000, 0x0000000087300000|  0%| F|  |TAMS 0x0000000087200000, 0x0000000087200000| Untracked 
|  33|0x0000000087300000, 0x0000000087300000, 0x0000000087400000|  0%| F|  |TAMS 0x0000000087300000, 0x0000000087300000| Untracked 
|  34|0x0000000087400000, 0x0000000087500000, 0x0000000087500000|100%| O|  |TAMS 0x0000000087400000, 0x0000000087400000| Untracked 
|  35|0x0000000087500000, 0x0000000087600000, 0x0000000087600000|100%| O|  |TAMS 0x0000000087500000, 0x0000000087500000| Untracked 
|  36|0x0000000087600000, 0x0000000087700000, 0x0000000087700000|100%| O|  |TAMS 0x0000000087600000, 0x0000000087600000| Untracked 
|  37|0x0000000087700000, 0x0000000087800000, 0x0000000087800000|100%| O|  |TAMS 0x0000000087700000, 0x0000000087700000| Untracked 
|  38|0x0000000087800000, 0x0000000087900000, 0x0000000087900000|100%| O|  |TAMS 0x0000000087800000, 0x0000000087800000| Untracked 
|  39|0x0000000087900000, 0x0000000087980000, 0x0000000087a00000| 50%| O|  |TAMS 0x0000000087900000, 0x0000000087900000| Untracked 
|  40|0x0000000087a00000, 0x0000000087a00000, 0x0000000087b00000|  0%| F|  |TAMS 0x0000000087a00000, 0x0000000087a00000| Untracked 
|  41|0x0000000087b00000, 0x0000000087b00000, 0x0000000087c00000|  0%| F|  |TAMS 0x0000000087b00000, 0x0000000087b00000| Untracked 
|  42|0x0000000087c00000, 0x0000000087c00000, 0x0000000087d00000|  0%| F|  |TAMS 0x0000000087c00000, 0x0000000087c00000| Untracked 
|  43|0x0000000087d00000, 0x0000000087d00000, 0x0000000087e00000|  0%| F|  |TAMS 0x0000000087d00000, 0x0000000087d00000| Untracked 
|  44|0x0000000087e00000, 0x0000000087e00000, 0x0000000087f00000|  0%| F|  |TAMS 0x0000000087e00000, 0x0000000087e00000| Untracked 
|  45|0x0000000087f00000, 0x0000000087f00000, 0x0000000088000000|  0%| F|  |TAMS 0x0000000087f00000, 0x0000000087f00000| Untracked 
|  46|0x0000000088000000, 0x0000000088000000, 0x0000000088100000|  0%| F|  |TAMS 0x0000000088000000, 0x0000000088000000| Untracked 
|  47|0x0000000088100000, 0x0000000088100000, 0x0000000088200000|  0%| F|  |TAMS 0x0000000088100000, 0x0000000088100000| Untracked 
|  48|0x0000000088200000, 0x0000000088200000, 0x0000000088300000|  0%| F|  |TAMS 0x0000000088200000, 0x0000000088200000| Untracked 
|  49|0x0000000088300000, 0x0000000088300000, 0x0000000088400000|  0%| F|  |TAMS 0x0000000088300000, 0x0000000088300000| Untracked 
|  50|0x0000000088400000, 0x0000000088400000, 0x0000000088500000|  0%| F|  |TAMS 0x0000000088400000, 0x0000000088400000| Untracked 
|  51|0x0000000088500000, 0x0000000088500000, 0x0000000088600000|  0%| F|  |TAMS 0x0000000088500000, 0x0000000088500000| Untracked 
|  52|0x0000000088600000, 0x0000000088600000, 0x0000000088700000|  0%| F|  |TAMS 0x0000000088600000, 0x0000000088600000| Untracked 
|  53|0x0000000088700000, 0x0000000088700000, 0x0000000088800000|  0%| F|  |TAMS 0x0000000088700000, 0x0000000088700000| Untracked 
|  54|0x0000000088800000, 0x0000000088800000, 0x0000000088900000|  0%| F|  |TAMS 0x0000000088800000, 0x0000000088800000| Untracked 
|  55|0x0000000088900000, 0x0000000088900000, 0x0000000088a00000|  0%| F|  |TAMS 0x0000000088900000, 0x0000000088900000| Untracked 
|  56|0x0000000088a00000, 0x0000000088a00000, 0x0000000088b00000|  0%| F|  |TAMS 0x0000000088a00000, 0x0000000088a00000| Untracked 
|  57|0x0000000088b00000, 0x0000000088b00000, 0x0000000088c00000|  0%| F|  |TAMS 0x0000000088b00000, 0x0000000088b00000| Untracked 
|  58|0x0000000088c00000, 0x0000000088d00000, 0x0000000088d00000|100%| E|  |TAMS 0x0000000088c00000, 0x0000000088c00000| Complete 
|  59|0x0000000088d00000, 0x0000000088e00000, 0x0000000088e00000|100%| E|CS|TAMS 0x0000000088d00000, 0x0000000088d00000| Complete 
|  60|0x0000000088e00000, 0x0000000088f00000, 0x0000000088f00000|100%| E|CS|TAMS 0x0000000088e00000, 0x0000000088e00000| Complete 
|  61|0x0000000088f00000, 0x0000000089000000, 0x0000000089000000|100%| E|CS|TAMS 0x0000000088f00000, 0x0000000088f00000| Complete 
|  62|0x0000000089000000, 0x0000000089100000, 0x0000000089100000|100%| E|CS|TAMS 0x0000000089000000, 0x0000000089000000| Complete 
|  63|0x0000000089100000, 0x0000000089200000, 0x0000000089200000|100%| E|CS|TAMS 0x0000000089100000, 0x0000000089100000| Complete 
|  64|0x0000000089200000, 0x0000000089300000, 0x0000000089300000|100%| E|CS|TAMS 0x0000000089200000, 0x0000000089200000| Complete 
|  65|0x0000000089300000, 0x0000000089400000, 0x0000000089400000|100%| E|CS|TAMS 0x0000000089300000, 0x0000000089300000| Complete 
|  66|0x0000000089400000, 0x0000000089500000, 0x0000000089500000|100%| E|CS|TAMS 0x0000000089400000, 0x0000000089400000| Complete 
|  67|0x0000000089500000, 0x0000000089600000, 0x0000000089600000|100%| E|CS|TAMS 0x0000000089500000, 0x0000000089500000| Complete 
|  68|0x0000000089600000, 0x0000000089700000, 0x0000000089700000|100%| E|CS|TAMS 0x0000000089600000, 0x0000000089600000| Complete 
|  69|0x0000000089700000, 0x0000000089800000, 0x0000000089800000|100%| E|CS|TAMS 0x0000000089700000, 0x0000000089700000| Complete 
|  70|0x0000000089800000, 0x0000000089900000, 0x0000000089900000|100%| E|CS|TAMS 0x0000000089800000, 0x0000000089800000| Complete 
|  71|0x0000000089900000, 0x0000000089a00000, 0x0000000089a00000|100%| E|CS|TAMS 0x0000000089900000, 0x0000000089900000| Complete 
|  72|0x0000000089a00000, 0x0000000089b00000, 0x0000000089b00000|100%| E|CS|TAMS 0x0000000089a00000, 0x0000000089a00000| Complete 
|  73|0x0000000089b00000, 0x0000000089c00000, 0x0000000089c00000|100%| E|CS|TAMS 0x0000000089b00000, 0x0000000089b00000| Complete 
|  82|0x000000008a400000, 0x000000008a500000, 0x000000008a500000|100%| E|CS|TAMS 0x000000008a400000, 0x000000008a400000| Complete 
|  83|0x000000008a500000, 0x000000008a600000, 0x000000008a600000|100%| E|CS|TAMS 0x000000008a500000, 0x000000008a500000| Complete 
|  84|0x000000008a600000, 0x000000008a700000, 0x000000008a700000|100%| E|CS|TAMS 0x000000008a600000, 0x000000008a600000| Complete 
|  85|0x000000008a700000, 0x000000008a800000, 0x000000008a800000|100%| E|CS|TAMS 0x000000008a700000, 0x000000008a700000| Complete 
|  86|0x000000008a800000, 0x000000008a900000, 0x000000008a900000|100%| E|CS|TAMS 0x000000008a800000, 0x000000008a800000| Complete 
|  87|0x000000008a900000, 0x000000008aa00000, 0x000000008aa00000|100%| E|CS|TAMS 0x000000008a900000, 0x000000008a900000| Complete 
|  88|0x000000008aa00000, 0x000000008ab00000, 0x000000008ab00000|100%| E|CS|TAMS 0x000000008aa00000, 0x000000008aa00000| Complete 
|  89|0x000000008ab00000, 0x000000008ac00000, 0x000000008ac00000|100%| E|CS|TAMS 0x000000008ab00000, 0x000000008ab00000| Complete 
|  90|0x000000008ac00000, 0x000000008ad00000, 0x000000008ad00000|100%| S|CS|TAMS 0x000000008ac00000, 0x000000008ac00000| Complete 
| 123|0x000000008cd00000, 0x000000008ce00000, 0x000000008ce00000|100%| E|CS|TAMS 0x000000008cd00000, 0x000000008cd00000| Complete 
|1960|0x00000000ffa00000, 0x00000000ffb00000, 0x00000000ffb00000|100%| O|  |TAMS 0x00000000ffa00000, 0x00000000ffa00000| Untracked 
|1961|0x00000000ffb00000, 0x00000000ffc00000, 0x00000000ffc00000|100%| O|  |TAMS 0x00000000ffb00000, 0x00000000ffb00000| Untracked 
|1962|0x00000000ffc00000, 0x00000000ffd00000, 0x00000000ffd00000|100%| O|  |TAMS 0x00000000ffc00000, 0x00000000ffc00000| Untracked 
|1963|0x00000000ffd00000, 0x00000000ffe00000, 0x00000000ffe00000|100%| O|  |TAMS 0x00000000ffd00000, 0x00000000ffd00000| Untracked 
|1964|0x00000000ffe00000, 0x00000000fff00000, 0x00000000fff00000|100%| O|  |TAMS 0x00000000ffe00000, 0x00000000ffe00000| Untracked 
|1965|0x00000000fff00000, 0x0000000100000000, 0x0000000100000000|100%| O|  |TAMS 0x00000000fff00000, 0x00000000fff00000| Untracked 

Card table byte_map: [0x000001b5374c0000,0x000001b5378a0000] _byte_map_base: 0x000001b537097000

Marking Bits (Prev, Next): (CMBitMap*) 0x000001b51e610be0, (CMBitMap*) 0x000001b51e610ba0
 Prev Bits: [0x000001b539b40000, 0x000001b53b9f8000)
 Next Bits: [0x000001b537c80000, 0x000001b539b38000)

Polling page: 0x000001b51e2e0000

Metaspace:

Usage:
  Non-class:     23.11 MB used.
      Class:      2.98 MB used.
       Both:     26.09 MB used.

Virtual space:
  Non-class space:       64.00 MB reserved,      23.25 MB ( 36%) committed,  1 nodes.
      Class space:        1.00 GB reserved,       3.12 MB ( <1%) committed,  1 nodes.
             Both:        1.06 GB reserved,      26.38 MB (  2%) committed. 

Chunk freelists:
   Non-Class:  7.82 MB
       Class:  12.82 MB
        Both:  20.64 MB

MaxMetaspaceSize: unlimited
CompressedClassSpaceSize: 1.00 GB
Initial GC threshold: 21.00 MB
Current GC threshold: 35.44 MB
CDS: on
MetaspaceReclaimPolicy: balanced
 - commit_granule_bytes: 65536.
 - commit_granule_words: 8192.
 - virtual_space_node_default_size: 8388608.
 - enlarge_chunks_in_place: 1.
 - new_chunks_are_fully_committed: 0.
 - uncommit_free_chunks: 1.
 - use_allocation_guard: 0.
 - handle_deallocations: 1.


Internal statistics:

num_allocs_failed_limit: 3.
num_arena_births: 182.
num_arena_deaths: 0.
num_vsnodes_births: 2.
num_vsnodes_deaths: 0.
num_space_committed: 422.
num_space_uncommitted: 0.
num_chunks_returned_to_freelist: 3.
num_chunks_taken_from_freelist: 1181.
num_chunk_merges: 3.
num_chunk_splits: 816.
num_chunks_enlarged: 625.
num_inconsistent_stats: 0.

CodeHeap 'non-profiled nmethods': size=120000Kb used=2195Kb max_used=2637Kb free=117804Kb
 bounds [0x000001b52ef30000, 0x000001b52f1d0000, 0x000001b536460000]
CodeHeap 'profiled nmethods': size=120000Kb used=11308Kb max_used=13761Kb free=108691Kb
 bounds [0x000001b527460000, 0x000001b5281e0000, 0x000001b52e990000]
CodeHeap 'non-nmethods': size=5760Kb used=1201Kb max_used=1248Kb free=4558Kb
 bounds [0x000001b52e990000, 0x000001b52ec00000, 0x000001b52ef30000]
 total_blobs=5732 nmethods=5233 adapters=411
 compilation: enabled
              stopped_count=0, restarted_count=0
 full_count=0

Compilation events (20 events):
Event: 11.775 Thread 0x000001b53e6d19f0 nmethod 6130 0x000001b52759e890 code [0x000001b52759ea20, 0x000001b52759eb48]
Event: 11.775 Thread 0x000001b53e6d19f0 6131       2       com.sun.tools.javac.code.Scope$ScopeImpl::getSymbols (9 bytes)
Event: 11.776 Thread 0x000001b53e6d19f0 nmethod 6131 0x000001b527572c90 code [0x000001b527572e40, 0x000001b5275730c8]
Event: 11.776 Thread 0x000001b53e6d19f0 6133       2       com.sun.tools.javac.jvm.ClassReader::readCompoundAnnotation (117 bytes)
Event: 11.778 Thread 0x000001b53e6d19f0 nmethod 6133 0x000001b5276a3810 code [0x000001b5276a3a40, 0x000001b5276a4308]
Event: 11.778 Thread 0x000001b53e6d19f0 6137       3       com.sun.tools.javac.jvm.ClassReader::setParameters (334 bytes)
Event: 11.782 Thread 0x000001b53e6d19f0 nmethod 6137 0x000001b5277ae910 code [0x000001b5277aede0, 0x000001b5277b1e08]
Event: 11.782 Thread 0x000001b53e6d19f0 6144       3       com.sun.tools.javac.code.Scope$ScopeImpl$1::update (72 bytes)
Event: 11.783 Thread 0x000001b53e6d19f0 nmethod 6144 0x000001b5275a7210 code [0x000001b5275a73e0, 0x000001b5275a7778]
Event: 11.783 Thread 0x000001b53e6d19f0 6145       3       com.sun.tools.javac.code.Scope$ScopeImpl$1::skipToNextMatchingEntry (48 bytes)
Event: 11.783 Thread 0x000001b53e6d19f0 nmethod 6145 0x000001b5276d0810 code [0x000001b5276d09c0, 0x000001b5276d0d28]
Event: 11.783 Thread 0x000001b53e6d19f0 6143       3       com.sun.tools.javac.tree.TreeInfo$DeclScanner::scan (17 bytes)
Event: 11.783 Thread 0x000001b53e6d19f0 nmethod 6143 0x000001b5274ded90 code [0x000001b5274def40, 0x000001b5274df188]
Event: 11.783 Thread 0x000001b53e6d19f0 6148       3       com.sun.tools.javac.code.Scope$ScopeImpl$1::next (5 bytes)
Event: 11.784 Thread 0x000001b53e6d19f0 nmethod 6148 0x000001b5279f0810 code [0x000001b5279f09e0, 0x000001b5279f0cc8]
Event: 11.784 Thread 0x000001b53e6d19f0 6150       3       com.sun.tools.javac.code.Scope$ScopeImpl$1::doNext (43 bytes)
Event: 11.784 Thread 0x000001b53e6d19f0 nmethod 6150 0x000001b527537d10 code [0x000001b527537ec0, 0x000001b527538108]
Event: 11.784 Thread 0x000001b53e6d19f0 6134   !   3       com.sun.tools.javac.jvm.ClassReader::readMethod (485 bytes)
Event: 12.789 Thread 0x000001b53e6d19f0 nmethod 6134 0x000001b52753f390 code [0x000001b52753f9a0, 0x000001b527543a68]
Event: 12.789 Thread 0x000001b53e6d19f0 6152       3       com.sun.tools.javac.code.Type$MethodType::isErroneous (33 bytes)

GC Heap History (14 events):
Event: 1.306 GC heap before
{Heap before GC invocations=0 (full 0):
 garbage-first heap   total 126976K, used 22528K [0x0000000085200000, 0x0000000100000000)
  region size 1024K, 23 young (23552K), 0 survivors (0K)
 Metaspace       used 5205K, committed 5376K, reserved 1114112K
  class space    used 625K, committed 704K, reserved 1048576K
}
Event: 1.317 GC heap after
{Heap after GC invocations=1 (full 0):
 garbage-first heap   total 126976K, used 3476K [0x0000000085200000, 0x0000000100000000)
  region size 1024K, 3 young (3072K), 3 survivors (3072K)
 Metaspace       used 5205K, committed 5376K, reserved 1114112K
  class space    used 625K, committed 704K, reserved 1048576K
}
Event: 2.306 GC heap before
{Heap before GC invocations=1 (full 0):
 garbage-first heap   total 126976K, used 34196K [0x0000000085200000, 0x0000000100000000)
  region size 1024K, 33 young (33792K), 3 survivors (3072K)
 Metaspace       used 7564K, committed 7744K, reserved 1114112K
  class space    used 900K, committed 1024K, reserved 1048576K
}
Event: 2.316 GC heap after
{Heap after GC invocations=2 (full 0):
 garbage-first heap   total 126976K, used 4736K [0x0000000085200000, 0x0000000100000000)
  region size 1024K, 2 young (2048K), 2 survivors (2048K)
 Metaspace       used 7564K, committed 7744K, reserved 1114112K
  class space    used 900K, committed 1024K, reserved 1048576K
}
Event: 6.030 GC heap before
{Heap before GC invocations=2 (full 0):
 garbage-first heap   total 126976K, used 77440K [0x0000000085200000, 0x0000000100000000)
  region size 1024K, 74 young (75776K), 2 survivors (2048K)
 Metaspace       used 15228K, committed 15424K, reserved 1114112K
  class space    used 1841K, committed 1920K, reserved 1048576K
}
Event: 6.051 GC heap after
{Heap after GC invocations=3 (full 0):
 garbage-first heap   total 126976K, used 11766K [0x0000000085200000, 0x0000000100000000)
  region size 1024K, 9 young (9216K), 9 survivors (9216K)
 Metaspace       used 15228K, committed 15424K, reserved 1114112K
  class space    used 1841K, committed 1920K, reserved 1048576K
}
Event: 8.349 GC heap before
{Heap before GC invocations=3 (full 0):
 garbage-first heap   total 126976K, used 78326K [0x0000000085200000, 0x0000000100000000)
  region size 1024K, 74 young (75776K), 9 survivors (9216K)
 Metaspace       used 16523K, committed 16832K, reserved 1114112K
  class space    used 1942K, committed 2112K, reserved 1048576K
}
Event: 8.380 GC heap after
{Heap after GC invocations=4 (full 0):
 garbage-first heap   total 126976K, used 15116K [0x0000000085200000, 0x0000000100000000)
  region size 1024K, 4 young (4096K), 4 survivors (4096K)
 Metaspace       used 16523K, committed 16832K, reserved 1114112K
  class space    used 1942K, committed 2112K, reserved 1048576K
}
Event: 9.856 GC heap before
{Heap before GC invocations=4 (full 0):
 garbage-first heap   total 126976K, used 51980K [0x0000000085200000, 0x0000000100000000)
  region size 1024K, 37 young (37888K), 4 survivors (4096K)
 Metaspace       used 21253K, committed 21504K, reserved 1114112K
  class space    used 2501K, committed 2624K, reserved 1048576K
}
Event: 9.873 GC heap after
{Heap after GC invocations=5 (full 0):
 garbage-first heap   total 126976K, used 23500K [0x0000000085200000, 0x0000000100000000)
  region size 1024K, 9 young (9216K), 9 survivors (9216K)
 Metaspace       used 21253K, committed 21504K, reserved 1114112K
  class space    used 2501K, committed 2624K, reserved 1048576K
}
Event: 10.975 GC heap before
{Heap before GC invocations=6 (full 0):
 garbage-first heap   total 86016K, used 67532K [0x0000000085200000, 0x0000000100000000)
  region size 1024K, 50 young (51200K), 9 survivors (9216K)
 Metaspace       used 25584K, committed 25920K, reserved 1114112K
  class space    used 2977K, committed 3136K, reserved 1048576K
}
Event: 11.018 GC heap after
{Heap after GC invocations=7 (full 0):
 garbage-first heap   total 92160K, used 37786K [0x0000000085200000, 0x0000000100000000)
  region size 1024K, 7 young (7168K), 7 survivors (7168K)
 Metaspace       used 25584K, committed 25920K, reserved 1114112K
  class space    used 2977K, committed 3136K, reserved 1048576K
}
Event: 11.034 GC heap before
{Heap before GC invocations=7 (full 0):
 garbage-first heap   total 92160K, used 38810K [0x0000000085200000, 0x0000000100000000)
  region size 1024K, 8 young (8192K), 7 survivors (7168K)
 Metaspace       used 25607K, committed 25984K, reserved 1114112K
  class space    used 2982K, committed 3136K, reserved 1048576K
}
Event: 11.048 GC heap after
{Heap after GC invocations=8 (full 0):
 garbage-first heap   total 92160K, used 39424K [0x0000000085200000, 0x0000000100000000)
  region size 1024K, 1 young (1024K), 1 survivors (1024K)
 Metaspace       used 25607K, committed 25984K, reserved 1114112K
  class space    used 2982K, committed 3136K, reserved 1048576K
}

Deoptimization events (20 events):
Event: 10.800 Thread 0x000001b51e5b6490 Uncommon trap: trap_request=0xffffff45 fr.pc=0x000001b52f18b46c relative=0x00000000000001cc
Event: 10.800 Thread 0x000001b51e5b6490 Uncommon trap: reason=unstable_if action=reinterpret pc=0x000001b52f18b46c method=javax.lang.model.SourceVersion.isIdentifier(Ljava/lang/CharSequence;)Z @ 26 c2
Event: 10.800 Thread 0x000001b51e5b6490 DEOPT PACKING pc=0x000001b52f18b46c sp=0x0000005b4f9fc620
Event: 10.800 Thread 0x000001b51e5b6490 DEOPT UNPACKING pc=0x000001b52e9e23a3 sp=0x0000005b4f9fc5a0 mode 2
Event: 11.080 Thread 0x000001b51e5b6490 Uncommon trap: trap_request=0xffffff45 fr.pc=0x000001b52f184de0 relative=0x0000000000000060
Event: 11.080 Thread 0x000001b51e5b6490 Uncommon trap: reason=unstable_if action=reinterpret pc=0x000001b52f184de0 method=com.sun.tools.javac.jvm.PoolReader.sizeof(I)I @ 1 c2
Event: 11.080 Thread 0x000001b51e5b6490 DEOPT PACKING pc=0x000001b52f184de0 sp=0x0000005b4f9fc950
Event: 11.080 Thread 0x000001b51e5b6490 DEOPT UNPACKING pc=0x000001b52e9e23a3 sp=0x0000005b4f9fc8e0 mode 2
Event: 11.390 Thread 0x000001b51e5b6490 DEOPT PACKING pc=0x000001b52808ac75 sp=0x0000005b4f9fbd50
Event: 11.390 Thread 0x000001b51e5b6490 DEOPT UNPACKING pc=0x000001b52e9e2b43 sp=0x0000005b4f9fb250 mode 0
Event: 11.440 Thread 0x000001b51e5b6490 Uncommon trap: trap_request=0xffffff45 fr.pc=0x000001b52f1b8450 relative=0x0000000000000130
Event: 11.440 Thread 0x000001b51e5b6490 Uncommon trap: reason=unstable_if action=reinterpret pc=0x000001b52f1b8450 method=com.sun.tools.javac.code.Scope$ScopeImpl.getIndex(Lcom/sun/tools/javac/util/Name;)I @ 65 c2
Event: 11.440 Thread 0x000001b51e5b6490 DEOPT PACKING pc=0x000001b52f1b8450 sp=0x0000005b4f9fbe20
Event: 11.440 Thread 0x000001b51e5b6490 DEOPT UNPACKING pc=0x000001b52e9e23a3 sp=0x0000005b4f9fbd98 mode 2
Event: 11.483 Thread 0x000001b51e5b6490 DEOPT PACKING pc=0x000001b527ef9abc sp=0x0000005b4f9fc570
Event: 11.483 Thread 0x000001b51e5b6490 DEOPT UNPACKING pc=0x000001b52e9e2b43 sp=0x0000005b4f9fbaf0 mode 0
Event: 11.717 Thread 0x000001b51e5b6490 Uncommon trap: trap_request=0xffffff45 fr.pc=0x000001b52f181668 relative=0x0000000000000268
Event: 11.717 Thread 0x000001b51e5b6490 Uncommon trap: reason=unstable_if action=reinterpret pc=0x000001b52f181668 method=com.sun.tools.javac.util.Convert.utf2chars([BI[CII)I @ 37 c2
Event: 11.717 Thread 0x000001b51e5b6490 DEOPT PACKING pc=0x000001b52f181668 sp=0x0000005b4f9fbd10
Event: 11.717 Thread 0x000001b51e5b6490 DEOPT UNPACKING pc=0x000001b52e9e23a3 sp=0x0000005b4f9fbc70 mode 2

Classes unloaded (0 events):
No events

Classes redefined (0 events):
No events

Internal exceptions (20 events):
Event: 11.633 Thread 0x000001b51e5b6490 Exception <a 'sun/nio/fs/WindowsException'{0x00000000890c7218}> (0x00000000890c7218) 
thrown [s\open\src\hotspot\share\prims\jni.cpp, line 516]
Event: 11.633 Thread 0x000001b51e5b6490 Exception <a 'sun/nio/fs/WindowsException'{0x00000000890c7608}> (0x00000000890c7608) 
thrown [s\open\src\hotspot\share\prims\jni.cpp, line 516]
Event: 11.633 Thread 0x000001b51e5b6490 Exception <a 'sun/nio/fs/WindowsException'{0x00000000890c90f0}> (0x00000000890c90f0) 
thrown [s\open\src\hotspot\share\prims\jni.cpp, line 516]
Event: 11.633 Thread 0x000001b51e5b6490 Exception <a 'sun/nio/fs/WindowsException'{0x00000000890c9570}> (0x00000000890c9570) 
thrown [s\open\src\hotspot\share\prims\jni.cpp, line 516]
Event: 11.689 Thread 0x000001b51e5b6490 Exception <a 'sun/nio/fs/WindowsException'{0x0000000088fbc880}> (0x0000000088fbc880) 
thrown [s\open\src\hotspot\share\prims\jni.cpp, line 516]
Event: 11.689 Thread 0x000001b51e5b6490 Exception <a 'sun/nio/fs/WindowsException'{0x0000000088fbcc90}> (0x0000000088fbcc90) 
thrown [s\open\src\hotspot\share\prims\jni.cpp, line 516]
Event: 11.690 Thread 0x000001b51e5b6490 Exception <a 'sun/nio/fs/WindowsException'{0x0000000088fc9b20}> (0x0000000088fc9b20) 
thrown [s\open\src\hotspot\share\prims\jni.cpp, line 516]
Event: 11.690 Thread 0x000001b51e5b6490 Exception <a 'sun/nio/fs/WindowsException'{0x0000000088fc9ee0}> (0x0000000088fc9ee0) 
thrown [s\open\src\hotspot\share\prims\jni.cpp, line 516]
Event: 11.691 Thread 0x000001b51e5b6490 Exception <a 'sun/nio/fs/WindowsException'{0x0000000088ff1f10}> (0x0000000088ff1f10) 
thrown [s\open\src\hotspot\share\prims\jni.cpp, line 516]
Event: 11.691 Thread 0x000001b51e5b6490 Exception <a 'sun/nio/fs/WindowsException'{0x0000000088ff2320}> (0x0000000088ff2320) 
thrown [s\open\src\hotspot\share\prims\jni.cpp, line 516]
Event: 11.691 Thread 0x000001b51e5b6490 Exception <a 'sun/nio/fs/WindowsException'{0x0000000088ff3630}> (0x0000000088ff3630) 
thrown [s\open\src\hotspot\share\prims\jni.cpp, line 516]
Event: 11.691 Thread 0x000001b51e5b6490 Exception <a 'sun/nio/fs/WindowsException'{0x0000000088ff3ac8}> (0x0000000088ff3ac8) 
thrown [s\open\src\hotspot\share\prims\jni.cpp, line 516]
Event: 11.699 Thread 0x000001b51e5b6490 Exception <a 'sun/nio/fs/WindowsException'{0x0000000088e084b8}> (0x0000000088e084b8) 
thrown [s\open\src\hotspot\share\prims\jni.cpp, line 516]
Event: 11.699 Thread 0x000001b51e5b6490 Exception <a 'sun/nio/fs/WindowsException'{0x0000000088e088d8}> (0x0000000088e088d8) 
thrown [s\open\src\hotspot\share\prims\jni.cpp, line 516]
Event: 11.699 Thread 0x000001b51e5b6490 Exception <a 'sun/nio/fs/WindowsException'{0x0000000088e0ba18}> (0x0000000088e0ba18) 
thrown [s\open\src\hotspot\share\prims\jni.cpp, line 516]
Event: 11.700 Thread 0x000001b51e5b6490 Exception <a 'sun/nio/fs/WindowsException'{0x0000000088e0bdf8}> (0x0000000088e0bdf8) 
thrown [s\open\src\hotspot\share\prims\jni.cpp, line 516]
Event: 11.700 Thread 0x000001b51e5b6490 Exception <a 'sun/nio/fs/WindowsException'{0x0000000088e12f10}> (0x0000000088e12f10) 
thrown [s\open\src\hotspot\share\prims\jni.cpp, line 516]
Event: 11.700 Thread 0x000001b51e5b6490 Exception <a 'sun/nio/fs/WindowsException'{0x0000000088e13330}> (0x0000000088e13330) 
thrown [s\open\src\hotspot\share\prims\jni.cpp, line 516]
Event: 11.700 Thread 0x000001b51e5b6490 Exception <a 'sun/nio/fs/WindowsException'{0x0000000088e14650}> (0x0000000088e14650) 
thrown [s\open\src\hotspot\share\prims\jni.cpp, line 516]
Event: 11.700 Thread 0x000001b51e5b6490 Exception <a 'sun/nio/fs/WindowsException'{0x0000000088e14b00}> (0x0000000088e14b00) 
thrown [s\open\src\hotspot\share\prims\jni.cpp, line 516]

VM Operations (20 events):
Event: 10.974 Executing VM operation: G1CollectForAllocation
Event: 11.018 Executing VM operation: G1CollectForAllocation done
Event: 11.034 Executing VM operation: G1CollectForAllocation
Event: 11.048 Executing VM operation: G1CollectForAllocation done
Event: 11.063 Executing VM operation: HandshakeAllThreads
Event: 11.063 Executing VM operation: HandshakeAllThreads done
Event: 11.371 Executing VM operation: ICBufferFull
Event: 11.371 Executing VM operation: ICBufferFull done
Event: 11.651 Executing VM operation: ICBufferFull
Event: 11.651 Executing VM operation: ICBufferFull done
Event: 11.722 Executing VM operation: HandshakeAllThreads
Event: 11.722 Executing VM operation: HandshakeAllThreads done
Event: 11.756 Executing VM operation: HandshakeAllThreads
Event: 11.756 Executing VM operation: HandshakeAllThreads done
Event: 11.756 Executing VM operation: HandshakeAllThreads
Event: 11.756 Executing VM operation: HandshakeAllThreads done
Event: 11.782 Executing VM operation: HandshakeAllThreads
Event: 11.782 Executing VM operation: HandshakeAllThreads done
Event: 12.788 Executing VM operation: Cleanup
Event: 12.789 Executing VM operation: Cleanup done

Events (20 events):
Event: 11.787 Thread 0x000001b53e705820 flushing nmethod 0x000001b527828910
Event: 11.787 Thread 0x000001b53e705820 flushing nmethod 0x000001b52783cb90
Event: 11.787 Thread 0x000001b53e705820 flushing nmethod 0x000001b527877210
Event: 11.787 Thread 0x000001b53e705820 flushing nmethod 0x000001b527899190
Event: 11.787 Thread 0x000001b53e705820 flushing nmethod 0x000001b52789ff90
Event: 11.787 Thread 0x000001b53e705820 flushing nmethod 0x000001b5278a6090
Event: 11.787 Thread 0x000001b53e705820 flushing nmethod 0x000001b5278ebf10
Event: 11.787 Thread 0x000001b53e705820 flushing nmethod 0x000001b5278f6410
Event: 11.787 Thread 0x000001b53e705820 flushing nmethod 0x000001b5278f6b90
Event: 11.787 Thread 0x000001b53e705820 flushing nmethod 0x000001b5278fe410
Event: 11.787 Thread 0x000001b53e705820 flushing nmethod 0x000001b527908f10
Event: 11.787 Thread 0x000001b53e705820 flushing nmethod 0x000001b52790e510
Event: 11.787 Thread 0x000001b53e705820 flushing nmethod 0x000001b527910f10
Event: 11.787 Thread 0x000001b53e705820 flushing nmethod 0x000001b527912010
Event: 11.787 Thread 0x000001b53e705820 flushing nmethod 0x000001b52791ac10
Event: 11.787 Thread 0x000001b53e705820 flushing nmethod 0x000001b52793e610
Event: 11.787 Thread 0x000001b53e705820 flushing nmethod 0x000001b52793ed90
Event: 12.789 Thread 0x000001b53e705820 flushing nmethod 0x000001b527957510
Event: 12.789 Thread 0x000001b53e705820 flushing nmethod 0x000001b52795ae10
Event: 12.789 Thread 0x000001b53e705820 flushing nmethod 0x000001b527963390


Dynamic libraries:
0x00007ff7868a0000 - 0x00007ff7868b0000 	C:\Program Files\Java\jdk-17\bin\java.exe
0x00007ffdda7e0000 - 0x00007ffddaa46000 	C:\WINDOWS\SYSTEM32\ntdll.dll
0x00007ffdd9d80000 - 0x00007ffdd9e49000 	C:\WINDOWS\System32\KERNEL32.DLL
0x00007ffdd8100000 - 0x00007ffdd84fe000 	C:\WINDOWS\System32\KERNELBASE.dll
0x00007ffdd7c30000 - 0x00007ffdd7d7c000 	C:\WINDOWS\System32\ucrtbase.dll
0x00007ffdc4390000 - 0x00007ffdc43ab000 	C:\Program Files\Java\jdk-17\bin\VCRUNTIME140.dll
0x00007ffd9c180000 - 0x00007ffd9c199000 	C:\Program Files\Java\jdk-17\bin\jli.dll
0x00007ffdd9810000 - 0x00007ffdd98c7000 	C:\WINDOWS\System32\ADVAPI32.dll
0x00007ffdda650000 - 0x00007ffdda6f9000 	C:\WINDOWS\System32\msvcrt.dll
0x00007ffdd9340000 - 0x00007ffdd93ea000 	C:\WINDOWS\System32\sechost.dll
0x00007ffdd91f0000 - 0x00007ffdd9308000 	C:\WINDOWS\System32\RPCRT4.dll
0x00007ffdda060000 - 0x00007ffdda227000 	C:\WINDOWS\System32\USER32.dll
0x00007ffdd7d90000 - 0x00007ffdd7db7000 	C:\WINDOWS\System32\win32u.dll
0x00007ffdd9ef0000 - 0x00007ffdd9f1b000 	C:\WINDOWS\System32\GDI32.dll
0x00007ffdb2d80000 - 0x00007ffdb3012000 	C:\WINDOWS\WinSxS\amd64_microsoft.windows.common-controls_6595b64144ccf1df_6.0.26100.8875_none_3e0d5d42e32fe9dd\COMCTL32.dll
0x00007ffdd7e80000 - 0x00007ffdd7faa000 	C:\WINDOWS\System32\gdi32full.dll
0x00007ffdd7a00000 - 0x00007ffdd7aa3000 	C:\WINDOWS\System32\msvcp_win.dll
0x00007ffdc4260000 - 0x00007ffdc426b000 	C:\WINDOWS\SYSTEM32\VERSION.dll
0x00007ffdd9f20000 - 0x00007ffdd9f52000 	C:\WINDOWS\System32\IMM32.DLL
0x00007ffd82200000 - 0x00007ffd8220c000 	C:\Program Files\Java\jdk-17\bin\vcruntime140_1.dll
0x00007ffd7af60000 - 0x00007ffd7afee000 	C:\Program Files\Java\jdk-17\bin\msvcp140.dll
0x00007ffd1cdc0000 - 0x00007ffd1d9a0000 	C:\Program Files\Java\jdk-17\bin\server\jvm.dll
0x00007ffdd9e50000 - 0x00007ffdd9e58000 	C:\WINDOWS\System32\PSAPI.DLL
0x00007ffdcf710000 - 0x00007ffdcf746000 	C:\WINDOWS\SYSTEM32\WINMM.dll
0x00007ffd821f0000 - 0x00007ffd821fa000 	C:\WINDOWS\SYSTEM32\WSOCK32.dll
0x00007ffdda700000 - 0x00007ffdda780000 	C:\WINDOWS\System32\WS2_32.dll
0x00007ffdd6640000 - 0x00007ffdd665b000 	C:\WINDOWS\SYSTEM32\kernel.appcore.dll
0x00007ffd821e0000 - 0x00007ffd821ea000 	C:\Program Files\Java\jdk-17\bin\jimage.dll
0x00007ffdd5130000 - 0x00007ffdd5372000 	C:\WINDOWS\SYSTEM32\DBGHELP.DLL
0x00007ffdd85e0000 - 0x00007ffdd8963000 	C:\WINDOWS\System32\combase.dll
0x00007ffdd9110000 - 0x00007ffdd91e9000 	C:\WINDOWS\System32\OLEAUT32.dll
0x00007ffdb20b0000 - 0x00007ffdb20eb000 	C:\WINDOWS\SYSTEM32\dbgcore.DLL
0x00007ffdd7fb0000 - 0x00007ffdd805c000 	C:\WINDOWS\System32\bcryptPrimitives.dll
0x00007ffd7af30000 - 0x00007ffd7af55000 	C:\Program Files\Java\jdk-17\bin\java.dll
0x00007ffd27700000 - 0x00007ffd277d7000 	C:\Program Files\Java\jdk-17\bin\jsvml.dll
0x00007ffdd8970000 - 0x00007ffdd9102000 	C:\WINDOWS\System32\SHELL32.dll
0x00007ffdd5470000 - 0x00007ffdd5d02000 	C:\WINDOWS\SYSTEM32\windows.storage.dll
0x00007ffdd9590000 - 0x00007ffdd9687000 	C:\WINDOWS\System32\SHCORE.dll
0x00007ffdd9f60000 - 0x00007ffdd9fc7000 	C:\WINDOWS\System32\shlwapi.dll
0x00007ffdd7920000 - 0x00007ffdd7949000 	C:\WINDOWS\SYSTEM32\profapi.dll
0x00007ffd7ad00000 - 0x00007ffd7ad19000 	C:\Program Files\Java\jdk-17\bin\net.dll
0x00007ffdcc140000 - 0x00007ffdcc267000 	C:\WINDOWS\SYSTEM32\WINHTTP.dll
0x00007ffdd6c90000 - 0x00007ffdd6cfc000 	C:\WINDOWS\system32\mswsock.dll
0x00007ffd7a570000 - 0x00007ffd7a586000 	C:\Program Files\Java\jdk-17\bin\nio.dll
0x00007ffd7a550000 - 0x00007ffd7a568000 	C:\Program Files\Java\jdk-17\bin\zip.dll
0x00007ffd6fbd0000 - 0x00007ffd6fbf4000 	C:\Users\devad\Downloads\apache-maven-3.9.16-bin (2)\apache-maven-3.9.16\lib\jansi-native\Windows\x86_64\jansi.dll
0x00007ffd7af20000 - 0x00007ffd7af30000 	C:\Program Files\Java\jdk-17\bin\verify.dll

dbghelp: loaded successfully - version: 4.0.5 - missing functions: none
symbol engine: initialized successfully - sym options: 0x614 - pdb path: .;C:\Program Files\Java\jdk-17\bin;C:\WINDOWS\SYSTEM32;C:\WINDOWS\WinSxS\amd64_microsoft.windows.common-controls_6595b64144ccf1df_6.0.26100.8875_none_3e0d5d42e32fe9dd;C:\Program Files\Java\jdk-17\bin\server;C:\Users\devad\Downloads\apache-maven-3.9.16-bin (2)\apache-maven-3.9.16\lib\jansi-native\Windows\x86_64

VM Arguments:
jvm_args: --enable-native-access=ALL-UNNAMED -Dclassworlds.conf=C:\Users\devad\Downloads\apache-maven-3.9.16-bin (2)\apache-maven-3.9.16\bin\m2.conf -Dmaven.home=C:\Users\devad\Downloads\apache-maven-3.9.16-bin (2)\apache-maven-3.9.16 -Dlibrary.jansi.path=C:\Users\devad\Downloads\apache-maven-3.9.16-bin (2)\apache-maven-3.9.16\lib\jansi-native -Dmaven.multiModuleProjectDirectory=C:\Users\devad\AppData\Local\amypo\workspace\14008_9002_1_14326\backend 
java_command: org.codehaus.plexus.classworlds.launcher.Launcher clean test
java_class_path (initial): C:\Users\devad\Downloads\apache-maven-3.9.16-bin (2)\apache-maven-3.9.16\boot\plexus-classworlds-2.11.0.jar
Launcher Type: SUN_STANDARD

[Global flags]
     intx CICompilerCount                          = 4                                         {product} {ergonomic}
     uint ConcGCThreads                            = 3                                         {product} {ergonomic}
     uint G1ConcRefinementThreads                  = 10                                        {product} {ergonomic}
   size_t G1HeapRegionSize                         = 1048576                                   {product} {ergonomic}
    uintx GCDrainStackTargetSize                   = 64                                        {product} {ergonomic}
   size_t InitialHeapSize                          = 130023424                                 {product} {ergonomic}
   size_t MarkStackSize                            = 4194304                                   {product} {ergonomic}
   size_t MaxHeapSize                              = 2061500416                                {product} {ergonomic}
   size_t MaxNewSize                               = 1236271104                                {product} {ergonomic}
   size_t MinHeapDeltaBytes                        = 1048576                                   {product} {ergonomic}
   size_t MinHeapSize                              = 8388608                                   {product} {ergonomic}
    uintx NonNMethodCodeHeapSize                   = 5839372                                {pd product} {ergonomic}
    uintx NonProfiledCodeHeapSize                  = 122909434                              {pd product} {ergonomic}
    uintx ProfiledCodeHeapSize                     = 122909434                              {pd product} {ergonomic}
    uintx ReservedCodeCacheSize                    = 251658240                              {pd product} {ergonomic}
     bool SegmentedCodeCache                       = true                                      {product} {ergonomic}
   size_t SoftMaxHeapSize                          = 2061500416                             {manageable} {ergonomic}
     bool UseCompressedClassPointers               = true                           {product lp64_product} {ergonomic}
     bool UseCompressedOops                        = true                           {product lp64_product} {ergonomic}
     bool UseG1GC                                  = true                                      {product} {ergonomic}
     bool UseLargePagesIndividualAllocation        = false                                  {pd product} {ergonomic}

Logging:
Log output configuration:
 #0: stdout all=warning uptime,level,tags
 #1: stderr all=off uptime,level,tags

Environment Variables:
JAVA_HOME=C:\Program Files\Java\jdk-17
PATH=C:\WINDOWS\System32;C:\WINDOWS;C:\WINDOWS\System32\Wbem;C:\WINDOWS\System32\WindowsPowerShell\v1.0;C:\WINDOWS\System32\OpenSSH;C:\Program Files\Common Files\Oracle\Java\javapath;C:\windows\system32;C:\windows;C:\windows\System32\Wbem;C:\windows\System32\WindowsPowerShell\v1.0\;C:\windows\System32\OpenSSH\;C:\WINDOWS\system32;C:\WINDOWS\System32\WindowsPowerShell\v1.0\;C:\WINDOWS\System32\OpenSSH\;C:\Program Files\Cloudflare\Cloudflare WARP\;C:\Program Files\Git\cmd;C:\Program Files\nodejs\;C:\Users\devad\Downloads\apache-maven-3.9.16-bin;C:\Users\devad\Downloads\apache-maven-3.9.16-bin (2);C:\Users\devad\AppData\Local\Programs\Python\Python311\;C:\Users\devad\AppData\Local\Programs\Python\Launcher\;C:\Users\devad\AppData\Local\Microsoft\WindowsApps;C:\Users\devad\AppData\Local\Programs\Microsoft VS Code\bin;C:\Users\devad\AppData\Roaming\npm;C:\Users\devad\Downloads\apache-maven-3.9.16-bin (2)\apache-maven-3.9.16\bin;C:\Users\devad\Downloads\apache-maven-3.9.16-bin (2)\apache-maven-3.9.16;C:\Program Files\nodejs;C:\Program Files\MySQL\MySQL Server 8.0;C:\Users\devad\AppData\Local\Programs\DockerDesktop\resources\bin;C:\Program Files\Git\bin;C:\Program Files\Java\jdk-17\bin;C:\Program Files\AmypoCoder;C:\Program Files\Google\Chrome\Application
USERNAME=devad
OS=Windows_NT
PROCESSOR_IDENTIFIER=Intel64 Family 6 Model 154 Stepping 4, GenuineIntel



---------------  S Y S T E M  ---------------

OS:
 Windows 11 , 64 bit Build 26100 (10.0.26100.8875)
OS uptime: 0 days 0:08 hours
Hyper-V role detected

CPU: total 12 (initial active 12) (6 cores per cpu, 2 threads per core) family 6 model 154 stepping 4 microcode 0x432, cx8, cmov, fxsr, ht, mmx, 3dnowpref, sse, sse2, sse3, ssse3, sse4.1, sse4.2, popcnt, lzcnt, tsc, tscinvbit, avx, avx2, aes, erms, clmul, bmi1, bmi2, adx, sha, fma, vzeroupper, clflush, clflushopt, clwb, hv

Memory: 4k page, system-wide physical 7863M (139M free)
TotalPageFile size 16055M (AvailPageFile size 2M)
current process WorkingSet (physical memory assigned to process): 221M, peak: 221M
current process commit charge ("private bytes"): 258M, peak: 272M

vm_info: Java HotSpot(TM) 64-Bit Server VM (17.0.12+8-LTS-286) for windows-amd64 JRE (17.0.12+8-LTS-286), built on Jun  5 2024 06:46:59 by "mach5one" with MS VC++ 17.6 (VS2022)

END.
