#
# There is insufficient memory for the Java Runtime Environment to continue.
# Native memory allocation (mmap) failed to map 121634816 bytes for G1 virtual space
# Possible reasons:
#   The system is out of physical RAM or swap space
#   The process is running with CompressedOops enabled, and the Java Heap may be blocking the growth of the native heap
# Possible solutions:
#   Reduce memory load on the system
#   Increase physical memory or swap space
#   Check if swap backing store is full
#   Decrease Java heap size (-Xmx/-Xms)
#   Decrease number of Java threads
#   Decrease Java thread stack sizes (-Xss)
#   Set larger code cache with -XX:ReservedCodeCacheSize=
#   JVM is running with Unscaled Compressed Oops mode in which the Java heap is
#     placed in the first 4GB address space. The Java Heap base address is the
#     maximum limit for the native heap growth. Please use -XX:HeapBaseMinAddress
#     to set the Java Heap base and to place the Java Heap above 4GB virtual address.
# This output file may be truncated or incomplete.
#
#  Out of Memory Error (os_windows.cpp:3548), pid=24640, tid=3864
#
# JRE version: Java(TM) SE Runtime Environment (17.0.12+8) (build 17.0.12+8-LTS-286)
# Java VM: Java HotSpot(TM) 64-Bit Server VM (17.0.12+8-LTS-286, mixed mode, sharing, tiered, compressed oops, compressed class ptrs, g1 gc, windows-amd64)
# No core dump will be written. Minidumps are not enabled by default on client versions of Windows
#

---------------  S U M M A R Y ------------

Command Line: --enable-native-access=ALL-UNNAMED -Dclassworlds.conf=C:\Users\devad\Downloads\apache-maven-3.9.16-bin (2)\apache-maven-3.9.16\bin\m2.conf -Dmaven.home=C:\Users\devad\Downloads\apache-maven-3.9.16-bin (2)\apache-maven-3.9.16 -Dlibrary.jansi.path=C:\Users\devad\Downloads\apache-maven-3.9.16-bin (2)\apache-maven-3.9.16\lib\jansi-native -Dmaven.multiModuleProjectDirectory=C:\Users\devad\AppData\Local\amypo\workspace\14008_9002_1_14326\backend org.codehaus.plexus.classworlds.launcher.Launcher clean test

Host: 12th Gen Intel(R) Core(TM) i5-1235U, 12 cores, 7G,  Windows 11 , 64 bit Build 26100 (10.0.26100.8875)
Time: Wed Sep  9 23:32:37 2026 India Standard Time elapsed time: 11.530789 seconds (0d 0h 0m 11s)

---------------  T H R E A D  ---------------

Current thread (0x000001d87f0bfdf0):  VMThread "VM Thread" [stack: 0x0000005cbdb00000,0x0000005cbdc00000] [id=3864]

Stack: [0x0000005cbdb00000,0x0000005cbdc00000]
Native frames: (J=compiled Java code, j=interpreted, Vv=VM code, C=native code)
V  [jvm.dll+0x67a04a]
V  [jvm.dll+0x7da4ed]
V  [jvm.dll+0x7dbe33]
V  [jvm.dll+0x7dc4a3]
V  [jvm.dll+0x24508f]
V  [jvm.dll+0x677089]
V  [jvm.dll+0x66bd32]
V  [jvm.dll+0x301fa6]
V  [jvm.dll+0x309546]
V  [jvm.dll+0x359d2e]
V  [jvm.dll+0x359f5f]
V  [jvm.dll+0x2d9078]
V  [jvm.dll+0x2d74ad]
V  [jvm.dll+0x2d6afc]
V  [jvm.dll+0x31a981]
V  [jvm.dll+0x7e0d9b]
V  [jvm.dll+0x7e1ad4]
V  [jvm.dll+0x7e1fed]
V  [jvm.dll+0x7e23c4]
V  [jvm.dll+0x7e2490]
V  [jvm.dll+0x78abea]
V  [jvm.dll+0x678f35]
C  [ucrtbase.dll+0x2cd30]
C  [KERNEL32.DLL+0x2e957]
C  [ntdll.dll+0xaad6c]

VM_Operation (0x0000005cbd5fbc08): G1TryInitiateConcMark, mode: safepoint, requested by thread 0x000001d85efe6290


---------------  P R O C E S S  ---------------

Threads class SMR info:
_java_thread_list=0x000001d8457ad300, length=13, elements={
0x000001d85efe6290, 0x000001d87f0c5ab0, 0x000001d87f0c6bf0, 0x000001d87f0df910,
0x000001d87f0e1ef0, 0x000001d87f0e3030, 0x000001d87f0e3600, 0x000001d87f0ea900,
0x000001d87f0eafc0, 0x000001d87f0f1170, 0x000001d87f332870, 0x000001d87f331430,
0x000001d87f3337a0
}

Java Threads: ( => current thread )
  0x000001d85efe6290 JavaThread "main" [_thread_blocked, id=2956, stack(0x0000005cbd500000,0x0000005cbd600000)]
  0x000001d87f0c5ab0 JavaThread "Reference Handler" daemon [_thread_blocked, id=13264, stack(0x0000005cbdc00000,0x0000005cbdd00000)]
  0x000001d87f0c6bf0 JavaThread "Finalizer" daemon [_thread_blocked, id=28020, stack(0x0000005cbdd00000,0x0000005cbde00000)]
  0x000001d87f0df910 JavaThread "Signal Dispatcher" daemon [_thread_blocked, id=27744, stack(0x0000005cbde00000,0x0000005cbdf00000)]
  0x000001d87f0e1ef0 JavaThread "Attach Listener" daemon [_thread_blocked, id=27788, stack(0x0000005cbdf00000,0x0000005cbe000000)]
  0x000001d87f0e3030 JavaThread "Service Thread" daemon [_thread_blocked, id=27040, stack(0x0000005cbe000000,0x0000005cbe100000)]
  0x000001d87f0e3600 JavaThread "Monitor Deflation Thread" daemon [_thread_blocked, id=13412, stack(0x0000005cbe100000,0x0000005cbe200000)]
  0x000001d87f0ea900 JavaThread "C2 CompilerThread0" daemon [_thread_blocked, id=1068, stack(0x0000005cbe200000,0x0000005cbe300000)]
  0x000001d87f0eafc0 JavaThread "C1 CompilerThread0" daemon [_thread_blocked, id=27000, stack(0x0000005cbe300000,0x0000005cbe400000)]
  0x000001d87f0f1170 JavaThread "Sweeper thread" daemon [_thread_blocked, id=16636, stack(0x0000005cbe400000,0x0000005cbe500000)]
  0x000001d87f332870 JavaThread "Notification Thread" daemon [_thread_blocked, id=9844, stack(0x0000005cbe500000,0x0000005cbe600000)]
  0x000001d87f331430 JavaThread "Common-Cleaner" daemon [_thread_blocked, id=25216, stack(0x0000005cbe700000,0x0000005cbe800000)]
  0x000001d87f3337a0 JavaThread "Thread-1" daemon [_thread_blocked, id=11300, stack(0x0000005cbef00000,0x0000005cbf000000)]

Other Threads:
=>0x000001d87f0bfdf0 VMThread "VM Thread" [stack: 0x0000005cbdb00000,0x0000005cbdc00000] [id=3864]
  0x000001d87f344400 WatcherThread [stack: 0x0000005cbe600000,0x0000005cbe700000] [id=7836]
  0x000001d85f03e180 GCTaskThread "GC Thread#0" [stack: 0x0000005cbd600000,0x0000005cbd700000] [id=11700]
  0x000001d87f3599d0 GCTaskThread "GC Thread#1" [stack: 0x0000005cbe800000,0x0000005cbe900000] [id=10192]
  0x000001d87f358c10 GCTaskThread "GC Thread#2" [stack: 0x0000005cbe900000,0x0000005cbea00000] [id=1660]
  0x000001d87f359190 GCTaskThread "GC Thread#3" [stack: 0x0000005cbea00000,0x0000005cbeb00000] [id=18280]
  0x000001d87f359710 GCTaskThread "GC Thread#4" [stack: 0x0000005cbeb00000,0x0000005cbec00000] [id=25572]
  0x000001d87f358ed0 GCTaskThread "GC Thread#5" [stack: 0x0000005cbec00000,0x0000005cbed00000] [id=23584]
  0x000001d87f358690 GCTaskThread "GC Thread#6" [stack: 0x0000005cbed00000,0x0000005cbee00000] [id=20312]
  0x000001d87f359450 GCTaskThread "GC Thread#7" [stack: 0x0000005cbee00000,0x0000005cbef00000] [id=27332]
  0x000001d87f358950 GCTaskThread "GC Thread#8" [stack: 0x0000005cbf000000,0x0000005cbf100000] [id=13096]
  0x000001d8455d55c0 GCTaskThread "GC Thread#9" [stack: 0x0000005cbf100000,0x0000005cbf200000] [id=25000]
  0x000001d85f0505a0 ConcurrentGCThread "G1 Main Marker" [stack: 0x0000005cbd700000,0x0000005cbd800000] [id=13832]
  0x000001d85f052020 ConcurrentGCThread "G1 Conc#0" [stack: 0x0000005cbd800000,0x0000005cbd900000] [id=9556]
  0x000001d8455d5880 ConcurrentGCThread "G1 Conc#1" [stack: 0x0000005cbf200000,0x0000005cbf300000] [id=18732]
  0x000001d8455d6900 ConcurrentGCThread "G1 Conc#2" [stack: 0x0000005cbf300000,0x0000005cbf400000] [id=16024]
  0x000001d85f0aec00 ConcurrentGCThread "G1 Refine#0" [stack: 0x0000005cbd900000,0x0000005cbda00000] [id=2156]
  0x000001d87f4eb2d0 ConcurrentGCThread "G1 Refine#1" [stack: 0x0000005cbf400000,0x0000005cbf500000] [id=23292]
  0x000001d87f589300 ConcurrentGCThread "G1 Refine#2" [stack: 0x0000005cbf500000,0x0000005cbf600000] [id=2944]
  0x000001d87ef6c350 ConcurrentGCThread "G1 Service" [stack: 0x0000005cbda00000,0x0000005cbdb00000] [id=14296]

Threads with active compile tasks:
C2 CompilerThread0    11584 8198       4       java.util.HashSet::add (20 bytes)

VM state: at safepoint (normal execution)

VM Mutex/Monitor currently owned by a thread:  ([mutex/lock_event])
[0x000001d85efe2460] Threads_lock - owner thread: 0x000001d87f0bfdf0
[0x000001d85efe2e80] Heap_lock - owner thread: 0x000001d85efe6290

Heap address: 0x0000000085200000, size: 1966 MB, Compressed Oops mode: 32-bit

CDS archive(s) mapped at: [0x000001d800000000-0x000001d800bd0000-0x000001d800bd0000), size 12386304, SharedBaseAddress: 0x000001d800000000, ArchiveRelocationMode: 1.
Compressed class space mapped at: 0x000001d801000000-0x000001d841000000, reserved size: 1073741824
Narrow klass base: 0x000001d800000000, Narrow klass shift: 0, Narrow klass range: 0x100000000

GC Precious Log:
 CPUs: 12 total, 12 available
 Memory: 7863M
 Large Page Support: Disabled
 NUMA Support: Disabled
 Compressed Oops: Enabled (32-bit)
 Heap Region Size: 1M
 Heap Min Capacity: 8M
 Heap Initial Capacity: 124M
 Heap Max Capacity: 1966M
 Pre-touch: Disabled
 Parallel Workers: 10
 Concurrent Workers: 3
 Concurrent Refinement Workers: 10
 Periodic GC: Disabled

Heap:
 garbage-first heap   total 133120K, used 60997K [0x0000000085200000, 0x0000000100000000)
  region size 1024K, 5 young (5120K), 5 survivors (5120K)
 Metaspace       used 30645K, committed 30976K, reserved 1114112K
  class space    used 3464K, committed 3648K, reserved 1048576K

Heap Regions: E=young(eden), S=young(survivor), O=old, HS=humongous(starts), HC=humongous(continues), CS=collection set, F=free, OA=open archive, CA=closed archive, TAMS=top-at-mark-start (previous, next)
|   0|0x0000000085200000, 0x0000000085300000, 0x0000000085300000|100%| O|  |TAMS 0x0000000085300000, 0x0000000085300000| Untracked 
|   1|0x0000000085300000, 0x0000000085400000, 0x0000000085400000|100%| O|  |TAMS 0x0000000085400000, 0x0000000085400000| Untracked 
|   2|0x0000000085400000, 0x0000000085500000, 0x0000000085500000|100%| O|  |TAMS 0x0000000085500000, 0x0000000085500000| Untracked 
|   3|0x0000000085500000, 0x0000000085600000, 0x0000000085600000|100%| O|  |TAMS 0x0000000085600000, 0x0000000085600000| Untracked 
|   4|0x0000000085600000, 0x0000000085700000, 0x0000000085700000|100%| O|  |TAMS 0x0000000085700000, 0x0000000085700000| Untracked 
|   5|0x0000000085700000, 0x0000000085800000, 0x0000000085800000|100%| O|  |TAMS 0x0000000085800000, 0x0000000085800000| Untracked 
|   6|0x0000000085800000, 0x0000000085900000, 0x0000000085900000|100%| O|  |TAMS 0x0000000085900000, 0x0000000085900000| Untracked 
|   7|0x0000000085900000, 0x0000000085a00000, 0x0000000085a00000|100%| O|  |TAMS 0x0000000085a00000, 0x0000000085a00000| Untracked 
|   8|0x0000000085a00000, 0x0000000085b00000, 0x0000000085b00000|100%| O|  |TAMS 0x0000000085b00000, 0x0000000085b00000| Untracked 
|   9|0x0000000085b00000, 0x0000000085c00000, 0x0000000085c00000|100%| O|  |TAMS 0x0000000085c00000, 0x0000000085c00000| Untracked 
|  10|0x0000000085c00000, 0x0000000085c00000, 0x0000000085d00000|  0%| F|  |TAMS 0x0000000085c00000, 0x0000000085c00000| Untracked 
|  11|0x0000000085d00000, 0x0000000085e00000, 0x0000000085e00000|100%| O|  |TAMS 0x0000000085d00000, 0x0000000085e00000| Untracked 
|  12|0x0000000085e00000, 0x0000000085f00000, 0x0000000085f00000|100%| O|  |TAMS 0x0000000085e00000, 0x0000000085f00000| Untracked 
|  13|0x0000000085f00000, 0x0000000086000000, 0x0000000086000000|100%|HS|  |TAMS 0x0000000086000000, 0x0000000086000000| Complete 
|  14|0x0000000086000000, 0x0000000086100000, 0x0000000086100000|100%|HC|  |TAMS 0x0000000086100000, 0x0000000086100000| Complete 
|  15|0x0000000086100000, 0x0000000086100000, 0x0000000086200000|  0%| F|  |TAMS 0x0000000086100000, 0x0000000086100000| Untracked 
|  16|0x0000000086200000, 0x0000000086300000, 0x0000000086300000|100%|HS|  |TAMS 0x0000000086200000, 0x0000000086300000| Complete 
|  17|0x0000000086300000, 0x0000000086400000, 0x0000000086400000|100%| O|  |TAMS 0x0000000086300000, 0x0000000086400000| Untracked 
|  18|0x0000000086400000, 0x0000000086500000, 0x0000000086500000|100%| O|  |TAMS 0x0000000086400000, 0x0000000086500000| Untracked 
|  19|0x0000000086500000, 0x0000000086600000, 0x0000000086600000|100%| O|  |TAMS 0x0000000086500000, 0x0000000086600000| Untracked 
|  20|0x0000000086600000, 0x0000000086700000, 0x0000000086700000|100%| O|  |TAMS 0x0000000086600000, 0x0000000086700000| Untracked 
|  21|0x0000000086700000, 0x0000000086800000, 0x0000000086800000|100%| O|  |TAMS 0x0000000086700000, 0x0000000086800000| Untracked 
|  22|0x0000000086800000, 0x0000000086900000, 0x0000000086900000|100%| O|  |TAMS 0x0000000086800000, 0x0000000086900000| Untracked 
|  23|0x0000000086900000, 0x0000000086a00000, 0x0000000086a00000|100%| O|  |TAMS 0x0000000086900000, 0x0000000086a00000| Untracked 
|  24|0x0000000086a00000, 0x0000000086b00000, 0x0000000086b00000|100%| O|  |TAMS 0x0000000086a00000, 0x0000000086b00000| Untracked 
|  25|0x0000000086b00000, 0x0000000086c00000, 0x0000000086c00000|100%| O|  |TAMS 0x0000000086b00000, 0x0000000086c00000| Untracked 
|  26|0x0000000086c00000, 0x0000000086d00000, 0x0000000086d00000|100%| O|  |TAMS 0x0000000086c00000, 0x0000000086d00000| Untracked 
|  27|0x0000000086d00000, 0x0000000086e00000, 0x0000000086e00000|100%| O|  |TAMS 0x0000000086d00000, 0x0000000086e00000| Untracked 
|  28|0x0000000086e00000, 0x0000000086f00000, 0x0000000086f00000|100%| O|  |TAMS 0x0000000086e00000, 0x0000000086f00000| Untracked 
|  29|0x0000000086f00000, 0x0000000087000000, 0x0000000087000000|100%| O|  |TAMS 0x0000000086f00000, 0x0000000087000000| Untracked 
|  30|0x0000000087000000, 0x0000000087100000, 0x0000000087100000|100%| O|  |TAMS 0x0000000087000000, 0x00000000870f6800| Untracked 
|  31|0x0000000087100000, 0x0000000087200000, 0x0000000087200000|100%|HS|  |TAMS 0x0000000087100000, 0x0000000087200000| Complete 
|  32|0x0000000087200000, 0x0000000087300000, 0x0000000087300000|100%|HC|  |TAMS 0x0000000087200000, 0x0000000087300000| Complete 
|  33|0x0000000087300000, 0x0000000087400000, 0x0000000087400000|100%|HS|  |TAMS 0x0000000087300000, 0x0000000087400000| Complete 
|  34|0x0000000087400000, 0x0000000087500000, 0x0000000087500000|100%| O|  |TAMS 0x0000000087400000, 0x0000000087500000| Untracked 
|  35|0x0000000087500000, 0x0000000087600000, 0x0000000087600000|100%| O|  |TAMS 0x0000000087500000, 0x0000000087600000| Untracked 
|  36|0x0000000087600000, 0x0000000087700000, 0x0000000087700000|100%| O|  |TAMS 0x0000000087600000, 0x0000000087700000| Untracked 
|  37|0x0000000087700000, 0x0000000087800000, 0x0000000087800000|100%| O|  |TAMS 0x0000000087700000, 0x0000000087800000| Untracked 
|  38|0x0000000087800000, 0x0000000087900000, 0x0000000087900000|100%| O|  |TAMS 0x0000000087800000, 0x0000000087900000| Untracked 
|  39|0x0000000087900000, 0x0000000087a00000, 0x0000000087a00000|100%| O|  |TAMS 0x0000000087900000, 0x0000000087a00000| Untracked 
|  40|0x0000000087a00000, 0x0000000087b00000, 0x0000000087b00000|100%|HS|  |TAMS 0x0000000087a00000, 0x0000000087b00000| Complete 
|  41|0x0000000087b00000, 0x0000000087c00000, 0x0000000087c00000|100%|HC|  |TAMS 0x0000000087b00000, 0x0000000087c00000| Complete 
|  42|0x0000000087c00000, 0x0000000087d00000, 0x0000000087d00000|100%| O|  |TAMS 0x0000000087c00000, 0x0000000087c00000| Untracked 
|  43|0x0000000087d00000, 0x0000000087e00000, 0x0000000087e00000|100%| O|  |TAMS 0x0000000087d00000, 0x0000000087d00000| Untracked 
|  44|0x0000000087e00000, 0x0000000087f00000, 0x0000000087f00000|100%| O|  |TAMS 0x0000000087e00000, 0x0000000087e00000| Untracked 
|  45|0x0000000087f00000, 0x0000000088000000, 0x0000000088000000|100%| O|  |TAMS 0x0000000087f00000, 0x0000000087f00000| Untracked 
|  46|0x0000000088000000, 0x0000000088100000, 0x0000000088100000|100%| O|  |TAMS 0x0000000088000000, 0x0000000088000000| Untracked 
|  47|0x0000000088100000, 0x0000000088200000, 0x0000000088200000|100%| O|  |TAMS 0x0000000088100000, 0x0000000088100000| Untracked 
|  48|0x0000000088200000, 0x0000000088300000, 0x0000000088300000|100%| O|  |TAMS 0x0000000088200000, 0x0000000088200000| Untracked 
|  49|0x0000000088300000, 0x0000000088400000, 0x0000000088400000|100%| O|  |TAMS 0x0000000088300000, 0x0000000088300000| Untracked 
|  50|0x0000000088400000, 0x0000000088491600, 0x0000000088500000| 56%| O|  |TAMS 0x0000000088400000, 0x0000000088400000| Untracked 
|  51|0x0000000088500000, 0x0000000088500000, 0x0000000088600000|  0%| F|  |TAMS 0x0000000088500000, 0x0000000088500000| Untracked 
|  52|0x0000000088600000, 0x0000000088600000, 0x0000000088700000|  0%| F|  |TAMS 0x0000000088600000, 0x0000000088600000| Untracked 
|  53|0x0000000088700000, 0x0000000088700000, 0x0000000088800000|  0%| F|  |TAMS 0x0000000088700000, 0x0000000088700000| Untracked 
|  54|0x0000000088800000, 0x0000000088800000, 0x0000000088900000|  0%| F|  |TAMS 0x0000000088800000, 0x0000000088800000| Untracked 
|  55|0x0000000088900000, 0x0000000088900000, 0x0000000088a00000|  0%| F|  |TAMS 0x0000000088900000, 0x0000000088900000| Untracked 
|  56|0x0000000088a00000, 0x0000000088a00000, 0x0000000088b00000|  0%| F|  |TAMS 0x0000000088a00000, 0x0000000088a00000| Untracked 
|  57|0x0000000088b00000, 0x0000000088b00000, 0x0000000088c00000|  0%| F|  |TAMS 0x0000000088b00000, 0x0000000088b00000| Untracked 
|  58|0x0000000088c00000, 0x0000000088c00000, 0x0000000088d00000|  0%| F|  |TAMS 0x0000000088c00000, 0x0000000088c00000| Untracked 
|  59|0x0000000088d00000, 0x0000000088d00000, 0x0000000088e00000|  0%| F|  |TAMS 0x0000000088d00000, 0x0000000088d00000| Untracked 
|  60|0x0000000088e00000, 0x0000000088f00000, 0x0000000088f00000|100%| S|CS|TAMS 0x0000000088e00000, 0x0000000088e00000| Complete 
|  61|0x0000000088f00000, 0x0000000088f00000, 0x0000000089000000|  0%| F|  |TAMS 0x0000000088f00000, 0x0000000088f00000| Untracked 
|  62|0x0000000089000000, 0x0000000089000000, 0x0000000089100000|  0%| F|  |TAMS 0x0000000089000000, 0x0000000089000000| Untracked 
|  63|0x0000000089100000, 0x0000000089100000, 0x0000000089200000|  0%| F|  |TAMS 0x0000000089100000, 0x0000000089100000| Untracked 
|  64|0x0000000089200000, 0x0000000089300000, 0x0000000089300000|100%| S|CS|TAMS 0x0000000089200000, 0x0000000089200000| Complete 
|  65|0x0000000089300000, 0x0000000089400000, 0x0000000089400000|100%| S|CS|TAMS 0x0000000089300000, 0x0000000089300000| Complete 
|  66|0x0000000089400000, 0x0000000089500000, 0x0000000089500000|100%| S|CS|TAMS 0x0000000089400000, 0x0000000089400000| Complete 
|  67|0x0000000089500000, 0x0000000089600000, 0x0000000089600000|100%| S|CS|TAMS 0x0000000089500000, 0x0000000089500000| Complete 
|  68|0x0000000089600000, 0x0000000089600000, 0x0000000089700000|  0%| F|  |TAMS 0x0000000089600000, 0x0000000089600000| Untracked 
|  69|0x0000000089700000, 0x0000000089700000, 0x0000000089800000|  0%| F|  |TAMS 0x0000000089700000, 0x0000000089700000| Untracked 
|  70|0x0000000089800000, 0x0000000089800000, 0x0000000089900000|  0%| F|  |TAMS 0x0000000089800000, 0x0000000089800000| Untracked 
|  71|0x0000000089900000, 0x0000000089900000, 0x0000000089a00000|  0%| F|  |TAMS 0x0000000089900000, 0x0000000089900000| Untracked 
|  72|0x0000000089a00000, 0x0000000089a00000, 0x0000000089b00000|  0%| F|  |TAMS 0x0000000089a00000, 0x0000000089a00000| Untracked 
|  73|0x0000000089b00000, 0x0000000089b00000, 0x0000000089c00000|  0%| F|  |TAMS 0x0000000089b00000, 0x0000000089b00000| Untracked 
|  74|0x0000000089c00000, 0x0000000089c00000, 0x0000000089d00000|  0%| F|  |TAMS 0x0000000089c00000, 0x0000000089c00000| Untracked 
|  75|0x0000000089d00000, 0x0000000089d00000, 0x0000000089e00000|  0%| F|  |TAMS 0x0000000089d00000, 0x0000000089d00000| Untracked 
|  76|0x0000000089e00000, 0x0000000089e00000, 0x0000000089f00000|  0%| F|  |TAMS 0x0000000089e00000, 0x0000000089e00000| Untracked 
|  77|0x0000000089f00000, 0x0000000089f00000, 0x000000008a000000|  0%| F|  |TAMS 0x0000000089f00000, 0x0000000089f00000| Untracked 
|  78|0x000000008a000000, 0x000000008a000000, 0x000000008a100000|  0%| F|  |TAMS 0x000000008a000000, 0x000000008a000000| Untracked 
|  79|0x000000008a100000, 0x000000008a100000, 0x000000008a200000|  0%| F|  |TAMS 0x000000008a100000, 0x000000008a100000| Untracked 
|  80|0x000000008a200000, 0x000000008a200000, 0x000000008a300000|  0%| F|  |TAMS 0x000000008a200000, 0x000000008a200000| Untracked 
|  81|0x000000008a300000, 0x000000008a300000, 0x000000008a400000|  0%| F|  |TAMS 0x000000008a300000, 0x000000008a300000| Untracked 
|  82|0x000000008a400000, 0x000000008a400000, 0x000000008a500000|  0%| F|  |TAMS 0x000000008a400000, 0x000000008a400000| Untracked 
|  83|0x000000008a500000, 0x000000008a500000, 0x000000008a600000|  0%| F|  |TAMS 0x000000008a500000, 0x000000008a500000| Untracked 
|  84|0x000000008a600000, 0x000000008a600000, 0x000000008a700000|  0%| F|  |TAMS 0x000000008a600000, 0x000000008a600000| Untracked 
|  85|0x000000008a700000, 0x000000008a700000, 0x000000008a800000|  0%| F|  |TAMS 0x000000008a700000, 0x000000008a700000| Untracked 
|  86|0x000000008a800000, 0x000000008a800000, 0x000000008a900000|  0%| F|  |TAMS 0x000000008a800000, 0x000000008a800000| Untracked 
|  87|0x000000008a900000, 0x000000008a900000, 0x000000008aa00000|  0%| F|  |TAMS 0x000000008a900000, 0x000000008a900000| Untracked 
|  88|0x000000008aa00000, 0x000000008aa00000, 0x000000008ab00000|  0%| F|  |TAMS 0x000000008aa00000, 0x000000008aa00000| Untracked 
|  89|0x000000008ab00000, 0x000000008ab00000, 0x000000008ac00000|  0%| F|  |TAMS 0x000000008ab00000, 0x000000008ab00000| Untracked 
|  90|0x000000008ac00000, 0x000000008ac00000, 0x000000008ad00000|  0%| F|  |TAMS 0x000000008ac00000, 0x000000008ac00000| Untracked 
|  91|0x000000008ad00000, 0x000000008ad00000, 0x000000008ae00000|  0%| F|  |TAMS 0x000000008ad00000, 0x000000008ad00000| Untracked 
|  92|0x000000008ae00000, 0x000000008ae00000, 0x000000008af00000|  0%| F|  |TAMS 0x000000008ae00000, 0x000000008ae00000| Untracked 
|  93|0x000000008af00000, 0x000000008af00000, 0x000000008b000000|  0%| F|  |TAMS 0x000000008af00000, 0x000000008af00000| Untracked 
|  94|0x000000008b000000, 0x000000008b000000, 0x000000008b100000|  0%| F|  |TAMS 0x000000008b000000, 0x000000008b000000| Untracked 
|  95|0x000000008b100000, 0x000000008b100000, 0x000000008b200000|  0%| F|  |TAMS 0x000000008b100000, 0x000000008b100000| Untracked 
|  96|0x000000008b200000, 0x000000008b200000, 0x000000008b300000|  0%| F|  |TAMS 0x000000008b200000, 0x000000008b200000| Untracked 
|  97|0x000000008b300000, 0x000000008b300000, 0x000000008b400000|  0%| F|  |TAMS 0x000000008b300000, 0x000000008b300000| Untracked 
|  98|0x000000008b400000, 0x000000008b400000, 0x000000008b500000|  0%| F|  |TAMS 0x000000008b400000, 0x000000008b400000| Untracked 
|  99|0x000000008b500000, 0x000000008b500000, 0x000000008b600000|  0%| F|  |TAMS 0x000000008b500000, 0x000000008b500000| Untracked 
| 100|0x000000008b600000, 0x000000008b600000, 0x000000008b700000|  0%| F|  |TAMS 0x000000008b600000, 0x000000008b600000| Untracked 
| 101|0x000000008b700000, 0x000000008b700000, 0x000000008b800000|  0%| F|  |TAMS 0x000000008b700000, 0x000000008b700000| Untracked 
| 102|0x000000008b800000, 0x000000008b800000, 0x000000008b900000|  0%| F|  |TAMS 0x000000008b800000, 0x000000008b800000| Untracked 
| 103|0x000000008b900000, 0x000000008b900000, 0x000000008ba00000|  0%| F|  |TAMS 0x000000008b900000, 0x000000008b900000| Untracked 
| 104|0x000000008ba00000, 0x000000008ba00000, 0x000000008bb00000|  0%| F|  |TAMS 0x000000008ba00000, 0x000000008ba00000| Untracked 
| 105|0x000000008bb00000, 0x000000008bb00000, 0x000000008bc00000|  0%| F|  |TAMS 0x000000008bb00000, 0x000000008bb00000| Untracked 
| 106|0x000000008bc00000, 0x000000008bc00000, 0x000000008bd00000|  0%| F|  |TAMS 0x000000008bc00000, 0x000000008bc00000| Untracked 
| 107|0x000000008bd00000, 0x000000008bd00000, 0x000000008be00000|  0%| F|  |TAMS 0x000000008bd00000, 0x000000008bd00000| Untracked 
| 108|0x000000008be00000, 0x000000008be00000, 0x000000008bf00000|  0%| F|  |TAMS 0x000000008be00000, 0x000000008be00000| Untracked 
| 109|0x000000008bf00000, 0x000000008bf00000, 0x000000008c000000|  0%| F|  |TAMS 0x000000008bf00000, 0x000000008bf00000| Untracked 
| 110|0x000000008c000000, 0x000000008c000000, 0x000000008c100000|  0%| F|  |TAMS 0x000000008c000000, 0x000000008c000000| Untracked 
| 111|0x000000008c100000, 0x000000008c100000, 0x000000008c200000|  0%| F|  |TAMS 0x000000008c100000, 0x000000008c100000| Untracked 
| 112|0x000000008c200000, 0x000000008c200000, 0x000000008c300000|  0%| F|  |TAMS 0x000000008c200000, 0x000000008c200000| Untracked 
| 113|0x000000008c300000, 0x000000008c300000, 0x000000008c400000|  0%| F|  |TAMS 0x000000008c300000, 0x000000008c300000| Untracked 
| 114|0x000000008c400000, 0x000000008c400000, 0x000000008c500000|  0%| F|  |TAMS 0x000000008c400000, 0x000000008c400000| Untracked 
| 115|0x000000008c500000, 0x000000008c500000, 0x000000008c600000|  0%| F|  |TAMS 0x000000008c500000, 0x000000008c500000| Untracked 
| 116|0x000000008c600000, 0x000000008c600000, 0x000000008c700000|  0%| F|  |TAMS 0x000000008c600000, 0x000000008c600000| Untracked 
| 117|0x000000008c700000, 0x000000008c700000, 0x000000008c800000|  0%| F|  |TAMS 0x000000008c700000, 0x000000008c700000| Untracked 
| 118|0x000000008c800000, 0x000000008c800000, 0x000000008c900000|  0%| F|  |TAMS 0x000000008c800000, 0x000000008c800000| Untracked 
| 119|0x000000008c900000, 0x000000008c900000, 0x000000008ca00000|  0%| F|  |TAMS 0x000000008c900000, 0x000000008c900000| Untracked 
| 120|0x000000008ca00000, 0x000000008ca00000, 0x000000008cb00000|  0%| F|  |TAMS 0x000000008ca00000, 0x000000008ca00000| Untracked 
| 121|0x000000008cb00000, 0x000000008cb00000, 0x000000008cc00000|  0%| F|  |TAMS 0x000000008cb00000, 0x000000008cb00000| Untracked 
| 122|0x000000008cc00000, 0x000000008cc00000, 0x000000008cd00000|  0%| F|  |TAMS 0x000000008cc00000, 0x000000008cc00000| Untracked 
| 123|0x000000008cd00000, 0x000000008cd00000, 0x000000008ce00000|  0%| F|  |TAMS 0x000000008cd00000, 0x000000008cd00000| Untracked 
|1960|0x00000000ffa00000, 0x00000000ffb00000, 0x00000000ffb00000|100%| O|  |TAMS 0x00000000ffa00000, 0x00000000ffb00000| Untracked 
|1961|0x00000000ffb00000, 0x00000000ffc00000, 0x00000000ffc00000|100%| O|  |TAMS 0x00000000ffb00000, 0x00000000ffc00000| Untracked 
|1962|0x00000000ffc00000, 0x00000000ffd00000, 0x00000000ffd00000|100%| O|  |TAMS 0x00000000ffc00000, 0x00000000ffd00000| Untracked 
|1963|0x00000000ffd00000, 0x00000000ffe00000, 0x00000000ffe00000|100%| O|  |TAMS 0x00000000ffd00000, 0x00000000ffe00000| Untracked 
|1964|0x00000000ffe00000, 0x00000000fff00000, 0x00000000fff00000|100%| O|  |TAMS 0x00000000ffe00000, 0x00000000fff00000| Untracked 
|1965|0x00000000fff00000, 0x0000000100000000, 0x0000000100000000|100%| O|  |TAMS 0x00000000fff00000, 0x0000000100000000| Untracked 

Card table byte_map: [0x000001d877ed0000,0x000001d8782b0000] _byte_map_base: 0x000001d877aa7000

Marking Bits (Prev, Next): (CMBitMap*) 0x000001d85f0406f0, (CMBitMap*) 0x000001d85f0406b0
 Prev Bits: [0x000001d87a550000, 0x000001d87c408000)
 Next Bits: [0x000001d878690000, 0x000001d87a548000)

Polling page: 0x000001d85ed60000

Metaspace:

Usage:
  Non-class:     26.54 MB used.
      Class:      3.38 MB used.
       Both:     29.93 MB used.

Virtual space:
  Non-class space:       64.00 MB reserved,      26.69 MB ( 42%) committed,  1 nodes.
      Class space:        1.00 GB reserved,       3.56 MB ( <1%) committed,  1 nodes.
             Both:        1.06 GB reserved,      30.25 MB (  3%) committed. 

Chunk freelists:
   Non-Class:  5.19 MB
       Class:  12.43 MB
        Both:  17.62 MB

MaxMetaspaceSize: unlimited
CompressedClassSpaceSize: 1.00 GB
Initial GC threshold: 21.00 MB
Current GC threshold: 35.31 MB
CDS: on
MetaspaceReclaimPolicy: balanced
 - commit_granule_bytes: 65536.
 - commit_granule_words: 8192.
 - virtual_space_node_default_size: 8388608.
 - enlarge_chunks_in_place: 1.
 - new_chunks_are_fully_committed: 0.
 - uncommit_free_chunks: 1.
 - use_allocation_guard: 0.
 - handle_deallocations: 1.


Internal statistics:

num_allocs_failed_limit: 3.
num_arena_births: 222.
num_arena_deaths: 0.
num_vsnodes_births: 2.
num_vsnodes_deaths: 0.
num_space_committed: 484.
num_space_uncommitted: 0.
num_chunks_returned_to_freelist: 3.
num_chunks_taken_from_freelist: 1372.
num_chunk_merges: 3.
num_chunk_splits: 947.
num_chunks_enlarged: 730.
num_inconsistent_stats: 0.

CodeHeap 'non-profiled nmethods': size=120000Kb used=2807Kb max_used=2807Kb free=117192Kb
 bounds [0x000001d86f940000, 0x000001d86fc00000, 0x000001d876e70000]
CodeHeap 'profiled nmethods': size=120000Kb used=15893Kb max_used=15893Kb free=104106Kb
 bounds [0x000001d867e70000, 0x000001d868e00000, 0x000001d86f3a0000]
CodeHeap 'non-nmethods': size=5760Kb used=1215Kb max_used=1269Kb free=4544Kb
 bounds [0x000001d86f3a0000, 0x000001d86f610000, 0x000001d86f940000]
 total_blobs=7890 nmethods=7375 adapters=427
 compilation: enabled
              stopped_count=0, restarted_count=0
 full_count=0

Compilation events (20 events):
Event: 10.252 Thread 0x000001d87f0ea900 nmethod 8143% 0x000001d86fbf6d10 code [0x000001d86fbf7020, 0x000001d86fbfa540]
Event: 10.254 Thread 0x000001d87f0ea900 8197       4       java.util.HashMap::resize (356 bytes)
Event: 10.255 Thread 0x000001d87f0eafc0 8210   !   2       jdk.nio.zipfs.ZipFileSystem::newInputStream (76 bytes)
Event: 10.256 Thread 0x000001d87f0eafc0 nmethod 8210 0x000001d868df1790 code [0x000001d868df1a00, 0x000001d868df20b8]
Event: 10.256 Thread 0x000001d87f0eafc0 8211       2       jdk.nio.zipfs.ZipFileSystem::getEntry (62 bytes)
Event: 10.257 Thread 0x000001d87f0eafc0 nmethod 8211 0x000001d868df2810 code [0x000001d868df2a00, 0x000001d868df2dc8]
Event: 10.257 Thread 0x000001d87f0eafc0 8212       2       jdk.nio.zipfs.ZipFileSystem::getInputStream (186 bytes)
Event: 10.258 Thread 0x000001d87f0eafc0 nmethod 8212 0x000001d868df2f90 code [0x000001d868df3200, 0x000001d868df3b18]
Event: 10.262 Thread 0x000001d87f0eafc0 8213  s    2       com.sun.tools.javac.file.FSInfo::getJarFSProvider (64 bytes)
Event: 10.263 Thread 0x000001d87f0eafc0 nmethod 8213 0x000001d868df3f10 code [0x000001d868df4120, 0x000001d868df45b8]
Event: 10.275 Thread 0x000001d87f0ea900 nmethod 8197 0x000001d86fbfc610 code [0x000001d86fbfc7e0, 0x000001d86fbfd428]
Event: 10.275 Thread 0x000001d87f0ea900 8201       4       java.util.LinkedHashMap::valuesToArray (38 bytes)
Event: 10.282 Thread 0x000001d87f0ea900 nmethod 8201 0x000001d86fbfd790 code [0x000001d86fbfd920, 0x000001d86fbfdd18]
Event: 10.282 Thread 0x000001d87f0ea900 8198       4       java.util.HashSet::add (20 bytes)
Event: 10.286 Thread 0x000001d87f0eafc0 8215       2       sun.nio.fs.WindowsPath::equals (28 bytes)
Event: 10.287 Thread 0x000001d87f0eafc0 nmethod 8215 0x000001d868df4790 code [0x000001d868df4940, 0x000001d868df4b28]
Event: 10.319 Thread 0x000001d87f0eafc0 8217       2       sun.nio.ch.IOStatus::normalize (12 bytes)
Event: 10.319 Thread 0x000001d87f0eafc0 nmethod 8217 0x000001d868df4c10 code [0x000001d868df4da0, 0x000001d868df4ed8]
Event: 10.324 Thread 0x000001d87f0eafc0 8218   !   2       java.nio.file.Files::isAccessible (14 bytes)
Event: 10.325 Thread 0x000001d87f0eafc0 nmethod 8218 0x000001d868df4f90 code [0x000001d868df5140, 0x000001d868df5308]

GC Heap History (20 events):
Event: 0.739 GC heap after
{Heap after GC invocations=1 (full 0):
 garbage-first heap   total 126976K, used 3444K [0x0000000085200000, 0x0000000100000000)
  region size 1024K, 3 young (3072K), 3 survivors (3072K)
 Metaspace       used 5198K, committed 5376K, reserved 1114112K
  class space    used 624K, committed 704K, reserved 1048576K
}
Event: 1.544 GC heap before
{Heap before GC invocations=1 (full 0):
 garbage-first heap   total 126976K, used 35188K [0x0000000085200000, 0x0000000100000000)
  region size 1024K, 34 young (34816K), 3 survivors (3072K)
 Metaspace       used 7901K, committed 8064K, reserved 1114112K
  class space    used 930K, committed 1024K, reserved 1048576K
}
Event: 1.550 GC heap after
{Heap after GC invocations=2 (full 0):
 garbage-first heap   total 126976K, used 4501K [0x0000000085200000, 0x0000000100000000)
  region size 1024K, 1 young (1024K), 1 survivors (1024K)
 Metaspace       used 7901K, committed 8064K, reserved 1114112K
  class space    used 930K, committed 1024K, reserved 1048576K
}
Event: 3.022 GC heap before
{Heap before GC invocations=2 (full 0):
 garbage-first heap   total 126976K, used 79253K [0x0000000085200000, 0x0000000100000000)
  region size 1024K, 74 young (75776K), 1 survivors (1024K)
 Metaspace       used 15229K, committed 15424K, reserved 1114112K
  class space    used 1841K, committed 1920K, reserved 1048576K
}
Event: 3.040 GC heap after
{Heap after GC invocations=3 (full 0):
 garbage-first heap   total 126976K, used 11945K [0x0000000085200000, 0x0000000100000000)
  region size 1024K, 9 young (9216K), 9 survivors (9216K)
 Metaspace       used 15229K, committed 15424K, reserved 1114112K
  class space    used 1841K, committed 1920K, reserved 1048576K
}
Event: 4.782 GC heap before
{Heap before GC invocations=3 (full 0):
 garbage-first heap   total 126976K, used 78505K [0x0000000085200000, 0x0000000100000000)
  region size 1024K, 74 young (75776K), 9 survivors (9216K)
 Metaspace       used 16641K, committed 16960K, reserved 1114112K
  class space    used 1958K, committed 2112K, reserved 1048576K
}
Event: 4.802 GC heap after
{Heap after GC invocations=4 (full 0):
 garbage-first heap   total 126976K, used 14743K [0x0000000085200000, 0x0000000100000000)
  region size 1024K, 4 young (4096K), 4 survivors (4096K)
 Metaspace       used 16641K, committed 16960K, reserved 1114112K
  class space    used 1958K, committed 2112K, reserved 1048576K
}
Event: 5.850 GC heap before
{Heap before GC invocations=4 (full 0):
 garbage-first heap   total 126976K, used 48535K [0x0000000085200000, 0x0000000100000000)
  region size 1024K, 35 young (35840K), 4 survivors (4096K)
 Metaspace       used 21239K, committed 21504K, reserved 1114112K
  class space    used 2507K, committed 2624K, reserved 1048576K
}
Event: 5.863 GC heap after
{Heap after GC invocations=5 (full 0):
 garbage-first heap   total 126976K, used 23858K [0x0000000085200000, 0x0000000100000000)
  region size 1024K, 9 young (9216K), 9 survivors (9216K)
 Metaspace       used 21239K, committed 21504K, reserved 1114112K
  class space    used 2507K, committed 2624K, reserved 1048576K
}
Event: 6.562 GC heap before
{Heap before GC invocations=6 (full 0):
 garbage-first heap   total 86016K, used 66866K [0x0000000085200000, 0x0000000100000000)
  region size 1024K, 50 young (51200K), 9 survivors (9216K)
 Metaspace       used 25574K, committed 25856K, reserved 1114112K
  class space    used 2978K, committed 3136K, reserved 1048576K
}
Event: 6.589 GC heap after
{Heap after GC invocations=7 (full 0):
 garbage-first heap   total 92160K, used 38088K [0x0000000085200000, 0x0000000100000000)
  region size 1024K, 7 young (7168K), 7 survivors (7168K)
 Metaspace       used 25574K, committed 25856K, reserved 1114112K
  class space    used 2978K, committed 3136K, reserved 1048576K
}
Event: 6.595 GC heap before
{Heap before GC invocations=7 (full 0):
 garbage-first heap   total 92160K, used 39112K [0x0000000085200000, 0x0000000100000000)
  region size 1024K, 8 young (8192K), 7 survivors (7168K)
 Metaspace       used 25580K, committed 25856K, reserved 1114112K
  class space    used 2978K, committed 3136K, reserved 1048576K
}
Event: 6.605 GC heap after
{Heap after GC invocations=8 (full 0):
 garbage-first heap   total 110592K, used 39424K [0x0000000085200000, 0x0000000100000000)
  region size 1024K, 1 young (1024K), 1 survivors (1024K)
 Metaspace       used 25580K, committed 25856K, reserved 1114112K
  class space    used 2978K, committed 3136K, reserved 1048576K
}
Event: 7.739 GC heap before
{Heap before GC invocations=8 (full 0):
 garbage-first heap   total 110592K, used 76288K [0x0000000085200000, 0x0000000100000000)
  region size 1024K, 37 young (37888K), 1 survivors (1024K)
 Metaspace       used 27207K, committed 27520K, reserved 1114112K
  class space    used 3111K, committed 3264K, reserved 1048576K
}
Event: 7.751 GC heap after
{Heap after GC invocations=9 (full 0):
 garbage-first heap   total 110592K, used 44054K [0x0000000085200000, 0x0000000100000000)
  region size 1024K, 5 young (5120K), 5 survivors (5120K)
 Metaspace       used 27207K, committed 27520K, reserved 1114112K
  class space    used 3111K, committed 3264K, reserved 1048576K
}
Event: 8.368 GC heap before
{Heap before GC invocations=9 (full 0):
 garbage-first heap   total 110592K, used 78870K [0x0000000085200000, 0x0000000100000000)
  region size 1024K, 40 young (40960K), 5 survivors (5120K)
 Metaspace       used 28367K, committed 28736K, reserved 1114112K
  class space    used 3236K, committed 3392K, reserved 1048576K
}
Event: 8.378 GC heap after
{Heap after GC invocations=10 (full 0):
 garbage-first heap   total 110592K, used 45018K [0x0000000085200000, 0x0000000100000000)
  region size 1024K, 1 young (1024K), 1 survivors (1024K)
 Metaspace       used 28367K, committed 28736K, reserved 1114112K
  class space    used 3236K, committed 3392K, reserved 1048576K
}
Event: 9.481 GC heap before
{Heap before GC invocations=10 (full 0):
 garbage-first heap   total 110592K, used 82906K [0x0000000085200000, 0x0000000100000000)
  region size 1024K, 38 young (38912K), 1 survivors (1024K)
 Metaspace       used 30226K, committed 30528K, reserved 1114112K
  class space    used 3445K, committed 3584K, reserved 1048576K
}
Event: 9.493 GC heap after
{Heap after GC invocations=11 (full 0):
 garbage-first heap   total 110592K, used 46352K [0x0000000085200000, 0x0000000100000000)
  region size 1024K, 3 young (3072K), 3 survivors (3072K)
 Metaspace       used 30226K, committed 30528K, reserved 1114112K
  class space    used 3445K, committed 3584K, reserved 1048576K
}
Event: 10.333 GC heap before
{Heap before GC invocations=11 (full 0):
 garbage-first heap   total 110592K, used 85264K [0x0000000085200000, 0x0000000100000000)
  region size 1024K, 37 young (37888K), 3 survivors (3072K)
 Metaspace       used 30645K, committed 30976K, reserved 1114112K
  class space    used 3464K, committed 3648K, reserved 1048576K
}

Deoptimization events (20 events):
Event: 10.164 Thread 0x000001d85efe6290 Uncommon trap: trap_request=0xffffffbe fr.pc=0x000001d86fbb67bc relative=0x000000000000019c
Event: 10.164 Thread 0x000001d85efe6290 Uncommon trap: reason=profile_predicate action=maybe_recompile pc=0x000001d86fbb67bc method=java.util.LinkedHashMap.valuesToArray([Ljava/lang/Object;)[Ljava/lang/Object; @ 12 c2
Event: 10.164 Thread 0x000001d85efe6290 DEOPT PACKING pc=0x000001d86fbb67bc sp=0x0000005cbd5fc310
Event: 10.164 Thread 0x000001d85efe6290 DEOPT UNPACKING pc=0x000001d86f3f23a3 sp=0x0000005cbd5fc2c8 mode 2
Event: 10.290 Thread 0x000001d85efe6290 Uncommon trap: trap_request=0xffffffd6 fr.pc=0x000001d86fbfdc88 relative=0x0000000000000368
Event: 10.290 Thread 0x000001d85efe6290 Uncommon trap: reason=array_check action=maybe_recompile pc=0x000001d86fbfdc88 method=java.util.LinkedHashMap.valuesToArray([Ljava/lang/Object;)[Ljava/lang/Object; @ 25 c2
Event: 10.290 Thread 0x000001d85efe6290 DEOPT PACKING pc=0x000001d86fbfdc88 sp=0x0000005cbd5fc310
Event: 10.290 Thread 0x000001d85efe6290 DEOPT UNPACKING pc=0x000001d86f3f23a3 sp=0x0000005cbd5fc2b8 mode 2
Event: 10.293 Thread 0x000001d85efe6290 Uncommon trap: trap_request=0xffffffd6 fr.pc=0x000001d86fbfdc88 relative=0x0000000000000368
Event: 10.293 Thread 0x000001d85efe6290 Uncommon trap: reason=array_check action=maybe_recompile pc=0x000001d86fbfdc88 method=java.util.LinkedHashMap.valuesToArray([Ljava/lang/Object;)[Ljava/lang/Object; @ 25 c2
Event: 10.293 Thread 0x000001d85efe6290 DEOPT PACKING pc=0x000001d86fbfdc88 sp=0x0000005cbd5fc310
Event: 10.293 Thread 0x000001d85efe6290 DEOPT UNPACKING pc=0x000001d86f3f23a3 sp=0x0000005cbd5fc2b8 mode 2
Event: 10.296 Thread 0x000001d85efe6290 Uncommon trap: trap_request=0xffffffd6 fr.pc=0x000001d86fbfdc88 relative=0x0000000000000368
Event: 10.296 Thread 0x000001d85efe6290 Uncommon trap: reason=array_check action=maybe_recompile pc=0x000001d86fbfdc88 method=java.util.LinkedHashMap.valuesToArray([Ljava/lang/Object;)[Ljava/lang/Object; @ 25 c2
Event: 10.296 Thread 0x000001d85efe6290 DEOPT PACKING pc=0x000001d86fbfdc88 sp=0x0000005cbd5fc310
Event: 10.296 Thread 0x000001d85efe6290 DEOPT UNPACKING pc=0x000001d86f3f23a3 sp=0x0000005cbd5fc2b8 mode 2
Event: 10.299 Thread 0x000001d85efe6290 Uncommon trap: trap_request=0xffffffd6 fr.pc=0x000001d86fbfdc88 relative=0x0000000000000368
Event: 10.299 Thread 0x000001d85efe6290 Uncommon trap: reason=array_check action=maybe_recompile pc=0x000001d86fbfdc88 method=java.util.LinkedHashMap.valuesToArray([Ljava/lang/Object;)[Ljava/lang/Object; @ 25 c2
Event: 10.299 Thread 0x000001d85efe6290 DEOPT PACKING pc=0x000001d86fbfdc88 sp=0x0000005cbd5fc310
Event: 10.299 Thread 0x000001d85efe6290 DEOPT UNPACKING pc=0x000001d86f3f23a3 sp=0x0000005cbd5fc2b8 mode 2

Classes unloaded (0 events):
No events

Classes redefined (0 events):
No events

Internal exceptions (20 events):
Event: 9.698 Thread 0x000001d85efe6290 Exception <a 'sun/nio/fs/WindowsException'{0x000000008b12fdc0}> (0x000000008b12fdc0) 
thrown [s\open\src\hotspot\share\prims\jni.cpp, line 516]
Event: 9.711 Thread 0x000001d85efe6290 Exception <a 'sun/nio/fs/WindowsException'{0x000000008b179aa0}> (0x000000008b179aa0) 
thrown [s\open\src\hotspot\share\prims\jni.cpp, line 516]
Event: 9.711 Thread 0x000001d85efe6290 Exception <a 'sun/nio/fs/WindowsException'{0x000000008b17a198}> (0x000000008b17a198) 
thrown [s\open\src\hotspot\share\prims\jni.cpp, line 516]
Event: 9.711 Thread 0x000001d85efe6290 Exception <a 'sun/nio/fs/WindowsException'{0x000000008b17ab78}> (0x000000008b17ab78) 
thrown [s\open\src\hotspot\share\prims\jni.cpp, line 516]
Event: 9.716 Thread 0x000001d85efe6290 Exception <a 'sun/nio/fs/WindowsException'{0x000000008b198c90}> (0x000000008b198c90) 
thrown [s\open\src\hotspot\share\prims\jni.cpp, line 516]
Event: 9.716 Thread 0x000001d85efe6290 Exception <a 'sun/nio/fs/WindowsException'{0x000000008b199380}> (0x000000008b199380) 
thrown [s\open\src\hotspot\share\prims\jni.cpp, line 516]
Event: 9.716 Thread 0x000001d85efe6290 Exception <a 'sun/nio/fs/WindowsException'{0x000000008b199d10}> (0x000000008b199d10) 
thrown [s\open\src\hotspot\share\prims\jni.cpp, line 516]
Event: 9.743 Thread 0x000001d85efe6290 Exception <a 'sun/nio/fs/WindowsException'{0x000000008b090368}> (0x000000008b090368) 
thrown [s\open\src\hotspot\share\prims\jni.cpp, line 516]
Event: 9.743 Thread 0x000001d85efe6290 Exception <a 'sun/nio/fs/WindowsException'{0x000000008b090a68}> (0x000000008b090a68) 
thrown [s\open\src\hotspot\share\prims\jni.cpp, line 516]
Event: 9.743 Thread 0x000001d85efe6290 Exception <a 'sun/nio/fs/WindowsException'{0x000000008b091450}> (0x000000008b091450) 
thrown [s\open\src\hotspot\share\prims\jni.cpp, line 516]
Event: 10.049 Thread 0x000001d85efe6290 Exception <a 'sun/nio/fs/WindowsException'{0x000000008a685cb0}> (0x000000008a685cb0) 
thrown [s\open\src\hotspot\share\prims\jni.cpp, line 516]
Event: 10.049 Thread 0x000001d85efe6290 Exception <a 'sun/nio/fs/WindowsException'{0x000000008a686028}> (0x000000008a686028) 
thrown [s\open\src\hotspot\share\prims\jni.cpp, line 516]
Event: 10.052 Thread 0x000001d85efe6290 Exception <a 'sun/nio/fs/WindowsException'{0x000000008a6e81a8}> (0x000000008a6e81a8) 
thrown [s\open\src\hotspot\share\prims\jni.cpp, line 516]
Event: 10.052 Thread 0x000001d85efe6290 Exception <a 'sun/nio/fs/WindowsException'{0x000000008a6e83d8}> (0x000000008a6e83d8) 
thrown [s\open\src\hotspot\share\prims\jni.cpp, line 516]
Event: 10.132 Thread 0x000001d85efe6290 Exception <a 'sun/nio/fs/WindowsException'{0x000000008a0eec70}> (0x000000008a0eec70) 
thrown [s\open\src\hotspot\share\prims\jni.cpp, line 516]
Event: 10.132 Thread 0x000001d85efe6290 Exception <a 'sun/nio/fs/WindowsException'{0x000000008a0ef000}> (0x000000008a0ef000) 
thrown [s\open\src\hotspot\share\prims\jni.cpp, line 516]
Event: 10.132 Thread 0x000001d85efe6290 Exception <a 'sun/nio/fs/WindowsException'{0x000000008a0f01b8}> (0x000000008a0f01b8) 
thrown [s\open\src\hotspot\share\prims\jni.cpp, line 516]
Event: 10.132 Thread 0x000001d85efe6290 Exception <a 'sun/nio/fs/WindowsException'{0x000000008a0f0618}> (0x000000008a0f0618) 
thrown [s\open\src\hotspot\share\prims\jni.cpp, line 516]
Event: 10.132 Thread 0x000001d85efe6290 Exception <a 'sun/nio/fs/WindowsException'{0x000000008a0f1868}> (0x000000008a0f1868) 
thrown [s\open\src\hotspot\share\prims\jni.cpp, line 516]
Event: 10.132 Thread 0x000001d85efe6290 Exception <a 'sun/nio/fs/WindowsException'{0x000000008a0f1c28}> (0x000000008a0f1c28) 
thrown [s\open\src\hotspot\share\prims\jni.cpp, line 516]

VM Operations (20 events):
Event: 9.045 Executing VM operation: HandshakeAllThreads done
Event: 9.052 Executing VM operation: HandshakeAllThreads
Event: 9.052 Executing VM operation: HandshakeAllThreads done
Event: 9.160 Executing VM operation: ICBufferFull
Event: 9.160 Executing VM operation: ICBufferFull done
Event: 9.340 Executing VM operation: ICBufferFull
Event: 9.340 Executing VM operation: ICBufferFull done
Event: 9.446 Executing VM operation: ICBufferFull
Event: 9.446 Executing VM operation: ICBufferFull done
Event: 9.481 Executing VM operation: G1CollectForAllocation
Event: 9.493 Executing VM operation: G1CollectForAllocation done
Event: 9.693 Executing VM operation: HandshakeAllThreads
Event: 9.693 Executing VM operation: HandshakeAllThreads done
Event: 9.703 Executing VM operation: ICBufferFull
Event: 9.703 Executing VM operation: ICBufferFull done
Event: 9.927 Executing VM operation: HandshakeAllThreads
Event: 9.927 Executing VM operation: HandshakeAllThreads done
Event: 9.939 Executing VM operation: ICBufferFull
Event: 9.940 Executing VM operation: ICBufferFull done
Event: 10.333 Executing VM operation: G1TryInitiateConcMark

Events (20 events):
Event: 9.312 loading class java/util/stream/Nodes$IntFixedNodeBuilder
Event: 9.313 loading class java/util/stream/Node$Builder$OfInt
Event: 9.313 loading class java/util/stream/Node$Builder$OfInt done
Event: 9.313 loading class java/util/stream/Nodes$IntArrayNode
Event: 9.313 loading class java/util/stream/Nodes$IntArrayNode done
Event: 9.313 loading class java/util/stream/Nodes$IntFixedNodeBuilder done
Event: 9.313 loading class java/util/stream/ReferencePipeline$4$1
Event: 9.314 loading class java/util/stream/ReferencePipeline$4$1 done
Event: 9.666 loading class java/util/stream/ReduceOps$2
Event: 9.666 loading class java/util/stream/ReduceOps$2 done
Event: 9.666 loading class java/util/stream/ReduceOps$2ReducingSink
Event: 9.667 loading class java/util/stream/ReduceOps$2ReducingSink done
Event: 9.747 loading class java/util/EnumMap$Values
Event: 9.748 loading class java/util/EnumMap$Values done
Event: 9.748 loading class java/util/EnumMap$ValueIterator
Event: 9.748 loading class java/util/EnumMap$ValueIterator done
Event: 9.751 loading class java/util/WeakHashMap$KeyIterator
Event: 9.752 loading class java/util/WeakHashMap$KeyIterator done
Event: 9.936 Thread 0x000001d87f0f1170 flushing nmethod 0x000001d86888fb10
Event: 9.936 Thread 0x000001d87f0f1170 flushing nmethod 0x000001d8688a6190


Dynamic libraries:
0x00007ff6ad0c0000 - 0x00007ff6ad0d0000 	C:\Program Files\Java\jdk-17\bin\java.exe
0x00007fffa7bc0000 - 0x00007fffa7e26000 	C:\WINDOWS\SYSTEM32\ntdll.dll
0x00007fffa6570000 - 0x00007fffa6639000 	C:\WINDOWS\System32\KERNEL32.DLL
0x00007fffa4ff0000 - 0x00007fffa53ee000 	C:\WINDOWS\System32\KERNELBASE.dll
0x00007fffa5760000 - 0x00007fffa58ac000 	C:\WINDOWS\System32\ucrtbase.dll
0x00007fff93d20000 - 0x00007fff93d3b000 	C:\Program Files\Java\jdk-17\bin\VCRUNTIME140.dll
0x00007fff948d0000 - 0x00007fff948e9000 	C:\Program Files\Java\jdk-17\bin\jli.dll
0x00007fffa64b0000 - 0x00007fffa6567000 	C:\WINDOWS\System32\ADVAPI32.dll
0x00007fffa6dc0000 - 0x00007fffa6e69000 	C:\WINDOWS\System32\msvcrt.dll
0x00007fffa7580000 - 0x00007fffa762a000 	C:\WINDOWS\System32\sechost.dll
0x00007fffa7630000 - 0x00007fffa7748000 	C:\WINDOWS\System32\RPCRT4.dll
0x00007fffa78f0000 - 0x00007fffa7ab7000 	C:\WINDOWS\System32\USER32.dll
0x00007fffa58c0000 - 0x00007fffa58e7000 	C:\WINDOWS\System32\win32u.dll
0x00007fffa6d90000 - 0x00007fffa6dbb000 	C:\WINDOWS\System32\GDI32.dll
0x00007fff7ef50000 - 0x00007fff7f1e2000 	C:\WINDOWS\WinSxS\amd64_microsoft.windows.common-controls_6595b64144ccf1df_6.0.26100.8875_none_3e0d5d42e32fe9dd\COMCTL32.dll
0x00007fffa5570000 - 0x00007fffa569a000 	C:\WINDOWS\System32\gdi32full.dll
0x00007fffa5400000 - 0x00007fffa54a3000 	C:\WINDOWS\System32\msvcp_win.dll
0x00007fff917a0000 - 0x00007fff917ab000 	C:\WINDOWS\SYSTEM32\VERSION.dll
0x00007fffa6f60000 - 0x00007fffa6f92000 	C:\WINDOWS\System32\IMM32.DLL
0x00007fff94a00000 - 0x00007fff94a0c000 	C:\Program Files\Java\jdk-17\bin\vcruntime140_1.dll
0x00007fff61290000 - 0x00007fff6131e000 	C:\Program Files\Java\jdk-17\bin\msvcp140.dll
0x00007fff22540000 - 0x00007fff23120000 	C:\Program Files\Java\jdk-17\bin\server\jvm.dll
0x00007fffa6fa0000 - 0x00007fffa6fa8000 	C:\WINDOWS\System32\PSAPI.DLL
0x00007fff93ce0000 - 0x00007fff93cea000 	C:\WINDOWS\SYSTEM32\WSOCK32.dll
0x00007fff9caf0000 - 0x00007fff9cb26000 	C:\WINDOWS\SYSTEM32\WINMM.dll
0x00007fffa7310000 - 0x00007fffa7390000 	C:\WINDOWS\System32\WS2_32.dll
0x00007fffa3ac0000 - 0x00007fffa3adb000 	C:\WINDOWS\SYSTEM32\kernel.appcore.dll
0x00007fff93cd0000 - 0x00007fff93cda000 	C:\Program Files\Java\jdk-17\bin\jimage.dll
0x00007fffa2330000 - 0x00007fffa2572000 	C:\WINDOWS\SYSTEM32\DBGHELP.DLL
0x00007fffa58f0000 - 0x00007fffa5c73000 	C:\WINDOWS\System32\combase.dll
0x00007fffa6e80000 - 0x00007fffa6f59000 	C:\WINDOWS\System32\OLEAUT32.dll
0x00007fff7ec20000 - 0x00007fff7ec5b000 	C:\WINDOWS\SYSTEM32\dbgcore.DLL
0x00007fffa54b0000 - 0x00007fffa555c000 	C:\WINDOWS\System32\bcryptPrimitives.dll
0x00007fff82530000 - 0x00007fff82555000 	C:\Program Files\Java\jdk-17\bin\java.dll
0x00007fff48500000 - 0x00007fff485d7000 	C:\Program Files\Java\jdk-17\bin\jsvml.dll
0x00007fffa5c80000 - 0x00007fffa6412000 	C:\WINDOWS\System32\SHELL32.dll
0x00007fffa2850000 - 0x00007fffa30e2000 	C:\WINDOWS\SYSTEM32\windows.storage.dll
0x00007fffa7120000 - 0x00007fffa7217000 	C:\WINDOWS\System32\SHCORE.dll
0x00007fffa72a0000 - 0x00007fffa7307000 	C:\WINDOWS\System32\shlwapi.dll
0x00007fffa4d00000 - 0x00007fffa4d29000 	C:\WINDOWS\SYSTEM32\profapi.dll
0x00007fff92b10000 - 0x00007fff92b29000 	C:\Program Files\Java\jdk-17\bin\net.dll
0x00007fff998e0000 - 0x00007fff99a07000 	C:\WINDOWS\SYSTEM32\WINHTTP.dll
0x00007fffa4070000 - 0x00007fffa40dc000 	C:\WINDOWS\system32\mswsock.dll
0x00007fff822f0000 - 0x00007fff82306000 	C:\Program Files\Java\jdk-17\bin\nio.dll
0x00007fff822d0000 - 0x00007fff822e8000 	C:\Program Files\Java\jdk-17\bin\zip.dll
0x00007fff82270000 - 0x00007fff82294000 	C:\Users\devad\Downloads\apache-maven-3.9.16-bin (2)\apache-maven-3.9.16\lib\jansi-native\Windows\x86_64\jansi.dll
0x00007fff84e40000 - 0x00007fff84e50000 	C:\Program Files\Java\jdk-17\bin\verify.dll

dbghelp: loaded successfully - version: 4.0.5 - missing functions: none
symbol engine: initialized successfully - sym options: 0x614 - pdb path: .;C:\Program Files\Java\jdk-17\bin;C:\WINDOWS\SYSTEM32;C:\WINDOWS\WinSxS\amd64_microsoft.windows.common-controls_6595b64144ccf1df_6.0.26100.8875_none_3e0d5d42e32fe9dd;C:\Program Files\Java\jdk-17\bin\server;C:\Users\devad\Downloads\apache-maven-3.9.16-bin (2)\apache-maven-3.9.16\lib\jansi-native\Windows\x86_64

VM Arguments:
jvm_args: --enable-native-access=ALL-UNNAMED -Dclassworlds.conf=C:\Users\devad\Downloads\apache-maven-3.9.16-bin (2)\apache-maven-3.9.16\bin\m2.conf -Dmaven.home=C:\Users\devad\Downloads\apache-maven-3.9.16-bin (2)\apache-maven-3.9.16 -Dlibrary.jansi.path=C:\Users\devad\Downloads\apache-maven-3.9.16-bin (2)\apache-maven-3.9.16\lib\jansi-native -Dmaven.multiModuleProjectDirectory=C:\Users\devad\AppData\Local\amypo\workspace\14008_9002_1_14326\backend 
java_command: org.codehaus.plexus.classworlds.launcher.Launcher clean test
java_class_path (initial): C:\Users\devad\Downloads\apache-maven-3.9.16-bin (2)\apache-maven-3.9.16\boot\plexus-classworlds-2.11.0.jar
Launcher Type: SUN_STANDARD

[Global flags]
     intx CICompilerCount                          = 4                                         {product} {ergonomic}
     uint ConcGCThreads                            = 3                                         {product} {ergonomic}
     uint G1ConcRefinementThreads                  = 10                                        {product} {ergonomic}
   size_t G1HeapRegionSize                         = 1048576                                   {product} {ergonomic}
    uintx GCDrainStackTargetSize                   = 64                                        {product} {ergonomic}
   size_t InitialHeapSize                          = 130023424                                 {product} {ergonomic}
   size_t MarkStackSize                            = 4194304                                   {product} {ergonomic}
   size_t MaxHeapSize                              = 2061500416                                {product} {ergonomic}
   size_t MaxNewSize                               = 1236271104                                {product} {ergonomic}
   size_t MinHeapDeltaBytes                        = 1048576                                   {product} {ergonomic}
   size_t MinHeapSize                              = 8388608                                   {product} {ergonomic}
    uintx NonNMethodCodeHeapSize                   = 5839372                                {pd product} {ergonomic}
    uintx NonProfiledCodeHeapSize                  = 122909434                              {pd product} {ergonomic}
    uintx ProfiledCodeHeapSize                     = 122909434                              {pd product} {ergonomic}
    uintx ReservedCodeCacheSize                    = 251658240                              {pd product} {ergonomic}
     bool SegmentedCodeCache                       = true                                      {product} {ergonomic}
   size_t SoftMaxHeapSize                          = 2061500416                             {manageable} {ergonomic}
     bool UseCompressedClassPointers               = true                           {product lp64_product} {ergonomic}
     bool UseCompressedOops                        = true                           {product lp64_product} {ergonomic}
     bool UseG1GC                                  = true                                      {product} {ergonomic}
     bool UseLargePagesIndividualAllocation        = false                                  {pd product} {ergonomic}

Logging:
Log output configuration:
 #0: stdout all=warning uptime,level,tags
 #1: stderr all=off uptime,level,tags

Environment Variables:
JAVA_HOME=C:\Program Files\Java\jdk-17
PATH=C:\WINDOWS\System32;C:\WINDOWS;C:\WINDOWS\System32\Wbem;C:\WINDOWS\System32\WindowsPowerShell\v1.0;C:\WINDOWS\System32\OpenSSH;C:\Program Files\Common Files\Oracle\Java\javapath;C:\windows\system32;C:\windows;C:\windows\System32\Wbem;C:\windows\System32\WindowsPowerShell\v1.0\;C:\windows\System32\OpenSSH\;C:\WINDOWS\system32;C:\WINDOWS\System32\WindowsPowerShell\v1.0\;C:\WINDOWS\System32\OpenSSH\;C:\Program Files\Cloudflare\Cloudflare WARP\;C:\Program Files\Git\cmd;C:\Program Files\nodejs\;C:\Users\devad\Downloads\apache-maven-3.9.16-bin;C:\Users\devad\Downloads\apache-maven-3.9.16-bin (2);C:\Users\devad\AppData\Local\Programs\Python\Python311\;C:\Users\devad\AppData\Local\Programs\Python\Launcher\;C:\Users\devad\AppData\Local\Microsoft\WindowsApps;C:\Users\devad\AppData\Local\Programs\Microsoft VS Code\bin;C:\Users\devad\AppData\Roaming\npm;C:\Users\devad\Downloads\apache-maven-3.9.16-bin (2)\apache-maven-3.9.16\bin;C:\Users\devad\Downloads\apache-maven-3.9.16-bin (2)\apache-maven-3.9.16;C:\Program Files\nodejs;C:\Program Files\MySQL\MySQL Server 8.0;C:\Users\devad\AppData\Local\Programs\DockerDesktop\resources\bin;E:\Antigravity IDE\bin;C:\Program Files\Git\bin;C:\Program Files\Java\jdk-17\bin;C:\Program Files\AmypoCoder;C:\Program Files\Google\Chrome\Application
USERNAME=devad
OS=Windows_NT
PROCESSOR_IDENTIFIER=Intel64 Family 6 Model 154 Stepping 4, GenuineIntel



---------------  S Y S T E M  ---------------

OS:
 Windows 11 , 64 bit Build 26100 (10.0.26100.8875)
OS uptime: 2 days 2:20 hours
Hyper-V role detected

CPU: total 12 (initial active 12) (6 cores per cpu, 2 threads per core) family 6 model 154 stepping 4 microcode 0x432, cx8, cmov, fxsr, ht, mmx, 3dnowpref, sse, sse2, sse3, ssse3, sse4.1, sse4.2, popcnt, lzcnt, tsc, tscinvbit, avx, avx2, aes, erms, clmul, bmi1, bmi2, adx, sha, fma, vzeroupper, clflush, clflushopt, clwb, hv

Memory: 4k page, system-wide physical 7863M (421M free)
TotalPageFile size 16055M (AvailPageFile size 23M)
current process WorkingSet (physical memory assigned to process): 234M, peak: 248M
current process commit charge ("private bytes"): 294M, peak: 410M

vm_info: Java HotSpot(TM) 64-Bit Server VM (17.0.12+8-LTS-286) for windows-amd64 JRE (17.0.12+8-LTS-286), built on Jun  5 2024 06:46:59 by "mach5one" with MS VC++ 17.6 (VS2022)

END.
