#
# There is insufficient memory for the Java Runtime Environment to continue.
# Native memory allocation (mmap) failed to map 109051904 bytes for G1 virtual space
# Possible reasons:
#   The system is out of physical RAM or swap space
#   The process is running with CompressedOops enabled, and the Java Heap may be blocking the growth of the native heap
# Possible solutions:
#   Reduce memory load on the system
#   Increase physical memory or swap space
#   Check if swap backing store is full
#   Decrease Java heap size (-Xmx/-Xms)
#   Decrease number of Java threads
#   Decrease Java thread stack sizes (-Xss)
#   Set larger code cache with -XX:ReservedCodeCacheSize=
#   JVM is running with Unscaled Compressed Oops mode in which the Java heap is
#     placed in the first 4GB address space. The Java Heap base address is the
#     maximum limit for the native heap growth. Please use -XX:HeapBaseMinAddress
#     to set the Java Heap base and to place the Java Heap above 4GB virtual address.
# This output file may be truncated or incomplete.
#
#  Out of Memory Error (os_windows.cpp:3548), pid=22660, tid=5192
#
# JRE version: Java(TM) SE Runtime Environment (17.0.12+8) (build 17.0.12+8-LTS-286)
# Java VM: Java HotSpot(TM) 64-Bit Server VM (17.0.12+8-LTS-286, mixed mode, sharing, tiered, compressed oops, compressed class ptrs, g1 gc, windows-amd64)
# No core dump will be written. Minidumps are not enabled by default on client versions of Windows
#

---------------  S U M M A R Y ------------

Command Line: --enable-native-access=ALL-UNNAMED -Dclassworlds.conf=C:\Users\devad\Downloads\apache-maven-3.9.16-bin (2)\apache-maven-3.9.16\bin\m2.conf -Dmaven.home=C:\Users\devad\Downloads\apache-maven-3.9.16-bin (2)\apache-maven-3.9.16 -Dlibrary.jansi.path=C:\Users\devad\Downloads\apache-maven-3.9.16-bin (2)\apache-maven-3.9.16\lib\jansi-native -Dmaven.multiModuleProjectDirectory=C:\Users\devad\AppData\Local\amypo\workspace\14008_9002_1_14326\backend org.codehaus.plexus.classworlds.launcher.Launcher clean install

Host: 12th Gen Intel(R) Core(TM) i5-1235U, 12 cores, 7G,  Windows 11 , 64 bit Build 26100 (10.0.26100.8521)
Time: Sun Jul 26 14:52:45 2026 India Standard Time elapsed time: 11.595711 seconds (0d 0h 0m 11s)

---------------  T H R E A D  ---------------

Current thread (0x000002c21d394db0):  VMThread "VM Thread" [stack: 0x000000d455000000,0x000000d455100000] [id=5192]

Stack: [0x000000d455000000,0x000000d455100000]
Native frames: (J=compiled Java code, j=interpreted, Vv=VM code, C=native code)
V  [jvm.dll+0x67a04a]
V  [jvm.dll+0x7da4ed]
V  [jvm.dll+0x7dbe33]
V  [jvm.dll+0x7dc4a3]
V  [jvm.dll+0x24508f]
V  [jvm.dll+0x677089]
V  [jvm.dll+0x66bd32]
V  [jvm.dll+0x301fa6]
V  [jvm.dll+0x309546]
V  [jvm.dll+0x359d2e]
V  [jvm.dll+0x359f5f]
V  [jvm.dll+0x2d9078]
V  [jvm.dll+0x2d74ad]
V  [jvm.dll+0x2d6afc]
V  [jvm.dll+0x31a981]
V  [jvm.dll+0x7e0d9b]
V  [jvm.dll+0x7e1ad4]
V  [jvm.dll+0x7e1fed]
V  [jvm.dll+0x7e23c4]
V  [jvm.dll+0x7e2490]
V  [jvm.dll+0x78abea]
V  [jvm.dll+0x678f35]
C  [ucrtbase.dll+0x2cd30]
C  [KERNEL32.DLL+0x2e957]
C  [ntdll.dll+0x87c1c]

VM_Operation (0x000000d454afcd28): G1TryInitiateConcMark, mode: safepoint, requested by thread 0x000002c27effdb00


---------------  P R O C E S S  ---------------

Threads class SMR info:
_java_thread_list=0x000002c265fa08d0, length=15, elements={
0x000002c27effdb00, 0x000002c21d398660, 0x000002c21d398f30, 0x000002c21d3b2660,
0x000002c21d3b2f30, 0x000002c21d3b3800, 0x000002c21d3b40d0, 0x000002c21d3b8d90,
0x000002c21d3ba3e0, 0x000002c21d3cb5f0, 0x000002c21d665bd0, 0x000002c21d6716b0,
0x000002c21d894b20, 0x000002c2637f4e70, 0x000002c2659b6780
}

Java Threads: ( => current thread )
  0x000002c27effdb00 JavaThread "main" [_thread_blocked, id=30420, stack(0x000000d454a00000,0x000000d454b00000)]
  0x000002c21d398660 JavaThread "Reference Handler" daemon [_thread_blocked, id=8308, stack(0x000000d455100000,0x000000d455200000)]
  0x000002c21d398f30 JavaThread "Finalizer" daemon [_thread_blocked, id=5988, stack(0x000000d455200000,0x000000d455300000)]
  0x000002c21d3b2660 JavaThread "Signal Dispatcher" daemon [_thread_blocked, id=13620, stack(0x000000d455300000,0x000000d455400000)]
  0x000002c21d3b2f30 JavaThread "Attach Listener" daemon [_thread_blocked, id=29508, stack(0x000000d455400000,0x000000d455500000)]
  0x000002c21d3b3800 JavaThread "Service Thread" daemon [_thread_blocked, id=29496, stack(0x000000d455500000,0x000000d455600000)]
  0x000002c21d3b40d0 JavaThread "Monitor Deflation Thread" daemon [_thread_blocked, id=8716, stack(0x000000d455600000,0x000000d455700000)]
  0x000002c21d3b8d90 JavaThread "C2 CompilerThread0" daemon [_thread_blocked, id=2940, stack(0x000000d455700000,0x000000d455800000)]
  0x000002c21d3ba3e0 JavaThread "C1 CompilerThread0" daemon [_thread_blocked, id=3868, stack(0x000000d455800000,0x000000d455900000)]
  0x000002c21d3cb5f0 JavaThread "Sweeper thread" daemon [_thread_blocked, id=24516, stack(0x000000d455900000,0x000000d455a00000)]
  0x000002c21d665bd0 JavaThread "Notification Thread" daemon [_thread_blocked, id=16848, stack(0x000000d455a00000,0x000000d455b00000)]
  0x000002c21d6716b0 JavaThread "Common-Cleaner" daemon [_thread_blocked, id=21372, stack(0x000000d455c00000,0x000000d455d00000)]
  0x000002c21d894b20 JavaThread "C2 CompilerThread1" daemon [_thread_in_native, id=8232, stack(0x000000d455d00000,0x000000d455e00000)]
  0x000002c2637f4e70 JavaThread "Thread-1" daemon [_thread_blocked, id=21024, stack(0x000000d456600000,0x000000d456700000)]
  0x000002c2659b6780 JavaThread "C2 CompilerThread2" daemon [_thread_blocked, id=14788, stack(0x000000d456400000,0x000000d456500000)]

Other Threads:
=>0x000002c21d394db0 VMThread "VM Thread" [stack: 0x000000d455000000,0x000000d455100000] [id=5192]
  0x000002c27f0b67d0 WatcherThread [stack: 0x000000d455b00000,0x000000d455c00000] [id=22204]
  0x000002c27f056930 GCTaskThread "GC Thread#0" [stack: 0x000000d454b00000,0x000000d454c00000] [id=9852]
  0x000002c21d710610 GCTaskThread "GC Thread#1" [stack: 0x000000d455e00000,0x000000d455f00000] [id=8268]
  0x000002c263ad31a0 GCTaskThread "GC Thread#2" [stack: 0x000000d455f00000,0x000000d456000000] [id=10492]
  0x000002c2638ab980 GCTaskThread "GC Thread#3" [stack: 0x000000d456000000,0x000000d456100000] [id=23144]
  0x000002c2638a8510 GCTaskThread "GC Thread#4" [stack: 0x000000d456100000,0x000000d456200000] [id=15108]
  0x000002c2638a87d0 GCTaskThread "GC Thread#5" [stack: 0x000000d456200000,0x000000d456300000] [id=22388]
  0x000002c26370ba90 GCTaskThread "GC Thread#6" [stack: 0x000000d456300000,0x000000d456400000] [id=15316]
  0x000002c26364d7e0 GCTaskThread "GC Thread#7" [stack: 0x000000d456500000,0x000000d456600000] [id=18896]
  0x000002c264203940 GCTaskThread "GC Thread#8" [stack: 0x000000d456700000,0x000000d456800000] [id=31640]
  0x000002c264836ab0 GCTaskThread "GC Thread#9" [stack: 0x000000d456800000,0x000000d456900000] [id=3260]
  0x000002c27f066c50 ConcurrentGCThread "G1 Main Marker" [stack: 0x000000d454c00000,0x000000d454d00000] [id=27440]
  0x000002c27f067470 ConcurrentGCThread "G1 Conc#0" [stack: 0x000000d454d00000,0x000000d454e00000] [id=17592]
  0x000002c264c21ee0 ConcurrentGCThread "G1 Conc#1" [stack: 0x000000d456900000,0x000000d456a00000] [id=5656]
  0x000002c264314800 ConcurrentGCThread "G1 Conc#2" [stack: 0x000000d456a00000,0x000000d456b00000] [id=25716]
  0x000002c21d232730 ConcurrentGCThread "G1 Refine#0" [stack: 0x000000d454e00000,0x000000d454f00000] [id=19484]
  0x000002c264835790 ConcurrentGCThread "G1 Refine#1" [stack: 0x000000d456b00000,0x000000d456c00000] [id=2348]
  0x000002c263fb5630 ConcurrentGCThread "G1 Refine#2" [stack: 0x000000d456c00000,0x000000d456d00000] [id=21972]
  0x000002c21d233e20 ConcurrentGCThread "G1 Service" [stack: 0x000000d454f00000,0x000000d455000000] [id=19940]

Threads with active compile tasks:
C2 CompilerThread0    11650 8206   !   4       org.apache.maven.model.ModelBase::clone (397 bytes)
C2 CompilerThread1    11650 8259   !   4       com.google.inject.spi.InjectionPoint::getInjectionPoints (489 bytes)
C2 CompilerThread2    11650 8264       4       java.util.zip.ZipFile$Source::initCEN (591 bytes)

VM state: at safepoint (normal execution)

VM Mutex/Monitor currently owned by a thread:  ([mutex/lock_event])
[0x000002c27cc26810] Threads_lock - owner thread: 0x000002c21d394db0
[0x000002c27effae70] Heap_lock - owner thread: 0x000002c27effdb00

Heap address: 0x0000000085200000, size: 1966 MB, Compressed Oops mode: 32-bit

CDS archive(s) mapped at: [0x000002c21e000000-0x000002c21ebd0000-0x000002c21ebd0000), size 12386304, SharedBaseAddress: 0x000002c21e000000, ArchiveRelocationMode: 1.
Compressed class space mapped at: 0x000002c21f000000-0x000002c25f000000, reserved size: 1073741824
Narrow klass base: 0x000002c21e000000, Narrow klass shift: 0, Narrow klass range: 0x100000000

GC Precious Log:
 CPUs: 12 total, 12 available
 Memory: 7863M
 Large Page Support: Disabled
 NUMA Support: Disabled
 Compressed Oops: Enabled (32-bit)
 Heap Region Size: 1M
 Heap Min Capacity: 8M
 Heap Initial Capacity: 124M
 Heap Max Capacity: 1966M
 Pre-touch: Disabled
 Parallel Workers: 10
 Concurrent Workers: 3
 Concurrent Refinement Workers: 10
 Periodic GC: Disabled

Heap:
 garbage-first heap   total 133120K, used 60504K [0x0000000085200000, 0x0000000100000000)
  region size 1024K, 1 young (1024K), 1 survivors (1024K)
 Metaspace       used 34129K, committed 34560K, reserved 1114112K
  class space    used 3923K, committed 4096K, reserved 1048576K

Heap Regions: E=young(eden), S=young(survivor), O=old, HS=humongous(starts), HC=humongous(continues), CS=collection set, F=free, OA=open archive, CA=closed archive, TAMS=top-at-mark-start (previous, next)
|   0|0x0000000085200000, 0x0000000085300000, 0x0000000085300000|100%| O|  |TAMS 0x0000000085300000, 0x0000000085300000| Untracked 
|   1|0x0000000085300000, 0x0000000085400000, 0x0000000085400000|100%| O|  |TAMS 0x0000000085400000, 0x0000000085400000| Untracked 
|   2|0x0000000085400000, 0x0000000085500000, 0x0000000085500000|100%| O|  |TAMS 0x0000000085500000, 0x0000000085500000| Untracked 
|   3|0x0000000085500000, 0x0000000085600000, 0x0000000085600000|100%| O|  |TAMS 0x0000000085600000, 0x0000000085600000| Untracked 
|   4|0x0000000085600000, 0x0000000085700000, 0x0000000085700000|100%| O|  |TAMS 0x0000000085700000, 0x0000000085700000| Untracked 
|   5|0x0000000085700000, 0x0000000085800000, 0x0000000085800000|100%| O|  |TAMS 0x0000000085800000, 0x0000000085800000| Untracked 
|   6|0x0000000085800000, 0x0000000085900000, 0x0000000085900000|100%| O|  |TAMS 0x0000000085900000, 0x0000000085900000| Untracked 
|   7|0x0000000085900000, 0x0000000085a00000, 0x0000000085a00000|100%| O|  |TAMS 0x0000000085a00000, 0x0000000085a00000| Untracked 
|   8|0x0000000085a00000, 0x0000000085b00000, 0x0000000085b00000|100%| O|  |TAMS 0x0000000085b00000, 0x0000000085b00000| Untracked 
|   9|0x0000000085b00000, 0x0000000085c00000, 0x0000000085c00000|100%| O|  |TAMS 0x0000000085c00000, 0x0000000085c00000| Untracked 
|  10|0x0000000085c00000, 0x0000000085d00000, 0x0000000085d00000|100%| O|  |TAMS 0x0000000085d00000, 0x0000000085d00000| Untracked 
|  11|0x0000000085d00000, 0x0000000085e00000, 0x0000000085e00000|100%|HS|  |TAMS 0x0000000085e00000, 0x0000000085e00000| Complete 
|  12|0x0000000085e00000, 0x0000000085f00000, 0x0000000085f00000|100%| O|  |TAMS 0x0000000085f00000, 0x0000000085f00000| Untracked 
|  13|0x0000000085f00000, 0x0000000085f00000, 0x0000000086000000|  0%| F|  |TAMS 0x0000000085f00000, 0x0000000085f00000| Untracked 
|  14|0x0000000086000000, 0x0000000086100000, 0x0000000086100000|100%|HS|  |TAMS 0x0000000086100000, 0x0000000086100000| Complete 
|  15|0x0000000086100000, 0x0000000086200000, 0x0000000086200000|100%|HC|  |TAMS 0x0000000086200000, 0x0000000086200000| Complete 
|  16|0x0000000086200000, 0x0000000086300000, 0x0000000086300000|100%|HS|  |TAMS 0x0000000086300000, 0x0000000086300000| Complete 
|  17|0x0000000086300000, 0x0000000086300000, 0x0000000086400000|  0%| F|  |TAMS 0x0000000086300000, 0x0000000086300000| Untracked 
|  18|0x0000000086400000, 0x0000000086500000, 0x0000000086500000|100%| O|  |TAMS 0x0000000086500000, 0x0000000086500000| Untracked 
|  19|0x0000000086500000, 0x0000000086500000, 0x0000000086600000|  0%| F|  |TAMS 0x0000000086500000, 0x0000000086500000| Untracked 
|  20|0x0000000086600000, 0x0000000086600000, 0x0000000086700000|  0%| F|  |TAMS 0x0000000086600000, 0x0000000086600000| Untracked 
|  21|0x0000000086700000, 0x0000000086800000, 0x0000000086800000|100%| O|  |TAMS 0x0000000086800000, 0x0000000086800000| Untracked 
|  22|0x0000000086800000, 0x0000000086900000, 0x0000000086900000|100%| O|  |TAMS 0x0000000086900000, 0x0000000086900000| Untracked 
|  23|0x0000000086900000, 0x0000000086a00000, 0x0000000086a00000|100%| O|  |TAMS 0x0000000086a00000, 0x0000000086a00000| Untracked 
|  24|0x0000000086a00000, 0x0000000086b00000, 0x0000000086b00000|100%| O|  |TAMS 0x0000000086b00000, 0x0000000086b00000| Untracked 
|  25|0x0000000086b00000, 0x0000000086c00000, 0x0000000086c00000|100%| O|  |TAMS 0x0000000086c00000, 0x0000000086c00000| Untracked 
|  26|0x0000000086c00000, 0x0000000086d00000, 0x0000000086d00000|100%| O|  |TAMS 0x0000000086d00000, 0x0000000086d00000| Untracked 
|  27|0x0000000086d00000, 0x0000000086e00000, 0x0000000086e00000|100%| O|  |TAMS 0x0000000086e00000, 0x0000000086e00000| Untracked 
|  28|0x0000000086e00000, 0x0000000086f00000, 0x0000000086f00000|100%| O|  |TAMS 0x0000000086f00000, 0x0000000086f00000| Untracked 
|  29|0x0000000086f00000, 0x0000000087000000, 0x0000000087000000|100%| O|  |TAMS 0x0000000087000000, 0x0000000087000000| Untracked 
|  30|0x0000000087000000, 0x0000000087100000, 0x0000000087100000|100%| O|  |TAMS 0x0000000087100000, 0x0000000087100000| Untracked 
|  31|0x0000000087100000, 0x0000000087200000, 0x0000000087200000|100%| O|  |TAMS 0x0000000087200000, 0x0000000087200000| Untracked 
|  32|0x0000000087200000, 0x0000000087300000, 0x0000000087300000|100%| O|  |TAMS 0x000000008722ee00, 0x0000000087300000| Untracked 
|  33|0x0000000087300000, 0x0000000087400000, 0x0000000087400000|100%|HS|  |TAMS 0x0000000087400000, 0x0000000087400000| Complete 
|  34|0x0000000087400000, 0x0000000087500000, 0x0000000087500000|100%|HC|  |TAMS 0x0000000087500000, 0x0000000087500000| Complete 
|  35|0x0000000087500000, 0x0000000087500000, 0x0000000087600000|  0%| F|  |TAMS 0x0000000087500000, 0x0000000087500000| Untracked 
|  36|0x0000000087600000, 0x0000000087600000, 0x0000000087700000|  0%| F|  |TAMS 0x0000000087600000, 0x0000000087600000| Untracked 
|  37|0x0000000087700000, 0x0000000087700000, 0x0000000087800000|  0%| F|  |TAMS 0x0000000087700000, 0x0000000087700000| Untracked 
|  38|0x0000000087800000, 0x0000000087900000, 0x0000000087900000|100%| O|  |TAMS 0x0000000087900000, 0x0000000087900000| Untracked 
|  39|0x0000000087900000, 0x0000000087a00000, 0x0000000087a00000|100%| O|  |TAMS 0x0000000087a00000, 0x0000000087a00000| Untracked 
|  40|0x0000000087a00000, 0x0000000087b00000, 0x0000000087b00000|100%|HS|  |TAMS 0x0000000087b00000, 0x0000000087b00000| Complete 
|  41|0x0000000087b00000, 0x0000000087c00000, 0x0000000087c00000|100%|HS|  |TAMS 0x0000000087c00000, 0x0000000087c00000| Complete 
|  42|0x0000000087c00000, 0x0000000087d00000, 0x0000000087d00000|100%|HS|  |TAMS 0x0000000087d00000, 0x0000000087d00000| Complete 
|  43|0x0000000087d00000, 0x0000000087e00000, 0x0000000087e00000|100%|HS|  |TAMS 0x0000000087e00000, 0x0000000087e00000| Complete 
|  44|0x0000000087e00000, 0x0000000087f00000, 0x0000000087f00000|100%|HS|  |TAMS 0x0000000087f00000, 0x0000000087f00000| Complete 
|  45|0x0000000087f00000, 0x0000000088000000, 0x0000000088000000|100%|HS|  |TAMS 0x0000000088000000, 0x0000000088000000| Complete 
|  46|0x0000000088000000, 0x0000000088100000, 0x0000000088100000|100%|HS|  |TAMS 0x0000000088100000, 0x0000000088100000| Complete 
|  47|0x0000000088100000, 0x0000000088200000, 0x0000000088200000|100%|HS|  |TAMS 0x0000000088200000, 0x0000000088200000| Complete 
|  48|0x0000000088200000, 0x0000000088300000, 0x0000000088300000|100%|HS|  |TAMS 0x0000000088300000, 0x0000000088300000| Complete 
|  49|0x0000000088300000, 0x0000000088400000, 0x0000000088400000|100%|HS|  |TAMS 0x0000000088400000, 0x0000000088400000| Complete 
|  50|0x0000000088400000, 0x0000000088500000, 0x0000000088500000|100%|HS|  |TAMS 0x0000000088500000, 0x0000000088500000| Complete 
|  51|0x0000000088500000, 0x0000000088600000, 0x0000000088600000|100%|HS|  |TAMS 0x0000000088600000, 0x0000000088600000| Complete 
|  52|0x0000000088600000, 0x0000000088700000, 0x0000000088700000|100%| O|  |TAMS 0x0000000088600000, 0x0000000088700000| Untracked 
|  53|0x0000000088700000, 0x0000000088800000, 0x0000000088800000|100%| O|  |TAMS 0x0000000088700000, 0x0000000088800000| Untracked 
|  54|0x0000000088800000, 0x0000000088900000, 0x0000000088900000|100%| O|  |TAMS 0x0000000088800000, 0x0000000088900000| Untracked 
|  55|0x0000000088900000, 0x0000000088a00000, 0x0000000088a00000|100%| O|  |TAMS 0x0000000088900000, 0x0000000088a00000| Untracked 
|  56|0x0000000088a00000, 0x0000000088b00000, 0x0000000088b00000|100%| O|  |TAMS 0x0000000088a00000, 0x0000000088b00000| Untracked 
|  57|0x0000000088b00000, 0x0000000088c00000, 0x0000000088c00000|100%|HS|  |TAMS 0x0000000088b00000, 0x0000000088c00000| Complete 
|  58|0x0000000088c00000, 0x0000000088d00000, 0x0000000088d00000|100%|HS|  |TAMS 0x0000000088c00000, 0x0000000088d00000| Complete 
|  59|0x0000000088d00000, 0x0000000088e00000, 0x0000000088e00000|100%| O|  |TAMS 0x0000000088d00000, 0x0000000088e00000| Untracked 
|  60|0x0000000088e00000, 0x0000000088f00000, 0x0000000088f00000|100%| O|  |TAMS 0x0000000088e00000, 0x0000000088f00000| Untracked 
|  61|0x0000000088f00000, 0x0000000089000000, 0x0000000089000000|100%| O|  |TAMS 0x0000000088f00000, 0x0000000089000000| Untracked 
|  62|0x0000000089000000, 0x000000008900ba00, 0x0000000089100000|  4%| O|  |TAMS 0x0000000089000000, 0x000000008900ba00| Untracked 
|  63|0x0000000089100000, 0x0000000089100000, 0x0000000089200000|  0%| F|  |TAMS 0x0000000089100000, 0x0000000089100000| Untracked 
|  64|0x0000000089200000, 0x0000000089200000, 0x0000000089300000|  0%| F|  |TAMS 0x0000000089200000, 0x0000000089200000| Untracked 
|  65|0x0000000089300000, 0x0000000089300000, 0x0000000089400000|  0%| F|  |TAMS 0x0000000089300000, 0x0000000089300000| Untracked 
|  66|0x0000000089400000, 0x0000000089400000, 0x0000000089500000|  0%| F|  |TAMS 0x0000000089400000, 0x0000000089400000| Untracked 
|  67|0x0000000089500000, 0x0000000089500000, 0x0000000089600000|  0%| F|  |TAMS 0x0000000089500000, 0x0000000089500000| Untracked 
|  68|0x0000000089600000, 0x0000000089600000, 0x0000000089700000|  0%| F|  |TAMS 0x0000000089600000, 0x0000000089600000| Untracked 
|  69|0x0000000089700000, 0x0000000089700000, 0x0000000089800000|  0%| F|  |TAMS 0x0000000089700000, 0x0000000089700000| Untracked 
|  70|0x0000000089800000, 0x0000000089800000, 0x0000000089900000|  0%| F|  |TAMS 0x0000000089800000, 0x0000000089800000| Untracked 
|  71|0x0000000089900000, 0x0000000089900000, 0x0000000089a00000|  0%| F|  |TAMS 0x0000000089900000, 0x0000000089900000| Untracked 
|  72|0x0000000089a00000, 0x0000000089a00000, 0x0000000089b00000|  0%| F|  |TAMS 0x0000000089a00000, 0x0000000089a00000| Untracked 
|  73|0x0000000089b00000, 0x0000000089b00000, 0x0000000089c00000|  0%| F|  |TAMS 0x0000000089b00000, 0x0000000089b00000| Untracked 
|  74|0x0000000089c00000, 0x0000000089c00000, 0x0000000089d00000|  0%| F|  |TAMS 0x0000000089c00000, 0x0000000089c00000| Untracked 
|  75|0x0000000089d00000, 0x0000000089d00000, 0x0000000089e00000|  0%| F|  |TAMS 0x0000000089d00000, 0x0000000089d00000| Untracked 
|  76|0x0000000089e00000, 0x0000000089e00000, 0x0000000089f00000|  0%| F|  |TAMS 0x0000000089e00000, 0x0000000089e00000| Untracked 
|  77|0x0000000089f00000, 0x0000000089f00000, 0x000000008a000000|  0%| F|  |TAMS 0x0000000089f00000, 0x0000000089f00000| Untracked 
|  78|0x000000008a000000, 0x000000008a000000, 0x000000008a100000|  0%| F|  |TAMS 0x000000008a000000, 0x000000008a000000| Untracked 
|  79|0x000000008a100000, 0x000000008a100000, 0x000000008a200000|  0%| F|  |TAMS 0x000000008a100000, 0x000000008a100000| Untracked 
|  80|0x000000008a200000, 0x000000008a200000, 0x000000008a300000|  0%| F|  |TAMS 0x000000008a200000, 0x000000008a200000| Untracked 
|  81|0x000000008a300000, 0x000000008a300000, 0x000000008a400000|  0%| F|  |TAMS 0x000000008a300000, 0x000000008a300000| Untracked 
|  82|0x000000008a400000, 0x000000008a400000, 0x000000008a500000|  0%| F|  |TAMS 0x000000008a400000, 0x000000008a400000| Untracked 
|  83|0x000000008a500000, 0x000000008a500000, 0x000000008a600000|  0%| F|  |TAMS 0x000000008a500000, 0x000000008a500000| Untracked 
|  84|0x000000008a600000, 0x000000008a600000, 0x000000008a700000|  0%| F|  |TAMS 0x000000008a600000, 0x000000008a600000| Untracked 
|  85|0x000000008a700000, 0x000000008a700000, 0x000000008a800000|  0%| F|  |TAMS 0x000000008a700000, 0x000000008a700000| Untracked 
|  86|0x000000008a800000, 0x000000008a800000, 0x000000008a900000|  0%| F|  |TAMS 0x000000008a800000, 0x000000008a800000| Untracked 
|  87|0x000000008a900000, 0x000000008a900000, 0x000000008aa00000|  0%| F|  |TAMS 0x000000008a900000, 0x000000008a900000| Untracked 
|  88|0x000000008aa00000, 0x000000008aa00000, 0x000000008ab00000|  0%| F|  |TAMS 0x000000008aa00000, 0x000000008aa00000| Untracked 
|  89|0x000000008ab00000, 0x000000008ab00000, 0x000000008ac00000|  0%| F|  |TAMS 0x000000008ab00000, 0x000000008ab00000| Untracked 
|  90|0x000000008ac00000, 0x000000008ac00000, 0x000000008ad00000|  0%| F|  |TAMS 0x000000008ac00000, 0x000000008ac00000| Untracked 
|  91|0x000000008ad00000, 0x000000008ad00000, 0x000000008ae00000|  0%| F|  |TAMS 0x000000008ad00000, 0x000000008ad00000| Untracked 
|  92|0x000000008ae00000, 0x000000008ae00000, 0x000000008af00000|  0%| F|  |TAMS 0x000000008ae00000, 0x000000008ae00000| Untracked 
|  93|0x000000008af00000, 0x000000008af00000, 0x000000008b000000|  0%| F|  |TAMS 0x000000008af00000, 0x000000008af00000| Untracked 
|  94|0x000000008b000000, 0x000000008b000000, 0x000000008b100000|  0%| F|  |TAMS 0x000000008b000000, 0x000000008b000000| Untracked 
|  95|0x000000008b100000, 0x000000008b100000, 0x000000008b200000|  0%| F|  |TAMS 0x000000008b100000, 0x000000008b100000| Untracked 
|  96|0x000000008b200000, 0x000000008b200000, 0x000000008b300000|  0%| F|  |TAMS 0x000000008b200000, 0x000000008b200000| Untracked 
|  97|0x000000008b300000, 0x000000008b300000, 0x000000008b400000|  0%| F|  |TAMS 0x000000008b300000, 0x000000008b300000| Untracked 
|  98|0x000000008b400000, 0x000000008b400000, 0x000000008b500000|  0%| F|  |TAMS 0x000000008b400000, 0x000000008b400000| Untracked 
|  99|0x000000008b500000, 0x000000008b500000, 0x000000008b600000|  0%| F|  |TAMS 0x000000008b500000, 0x000000008b500000| Untracked 
| 100|0x000000008b600000, 0x000000008b600000, 0x000000008b700000|  0%| F|  |TAMS 0x000000008b600000, 0x000000008b600000| Untracked 
| 101|0x000000008b700000, 0x000000008b700000, 0x000000008b800000|  0%| F|  |TAMS 0x000000008b700000, 0x000000008b700000| Untracked 
| 102|0x000000008b800000, 0x000000008b800000, 0x000000008b900000|  0%| F|  |TAMS 0x000000008b800000, 0x000000008b800000| Untracked 
| 103|0x000000008b900000, 0x000000008b900000, 0x000000008ba00000|  0%| F|  |TAMS 0x000000008b900000, 0x000000008b900000| Untracked 
| 104|0x000000008ba00000, 0x000000008ba00000, 0x000000008bb00000|  0%| F|  |TAMS 0x000000008ba00000, 0x000000008ba00000| Untracked 
| 105|0x000000008bb00000, 0x000000008bb00000, 0x000000008bc00000|  0%| F|  |TAMS 0x000000008bb00000, 0x000000008bb00000| Untracked 
| 106|0x000000008bc00000, 0x000000008bc00000, 0x000000008bd00000|  0%| F|  |TAMS 0x000000008bc00000, 0x000000008bc00000| Untracked 
| 107|0x000000008bd00000, 0x000000008bd00000, 0x000000008be00000|  0%| F|  |TAMS 0x000000008bd00000, 0x000000008bd00000| Untracked 
| 108|0x000000008be00000, 0x000000008be00000, 0x000000008bf00000|  0%| F|  |TAMS 0x000000008be00000, 0x000000008be00000| Untracked 
| 109|0x000000008bf00000, 0x000000008bf0a870, 0x000000008c000000|  4%| S|CS|TAMS 0x000000008bf00000, 0x000000008bf00000| Complete 
| 110|0x000000008c000000, 0x000000008c000000, 0x000000008c100000|  0%| F|  |TAMS 0x000000008c000000, 0x000000008c000000| Untracked 
| 111|0x000000008c100000, 0x000000008c100000, 0x000000008c200000|  0%| F|  |TAMS 0x000000008c100000, 0x000000008c100000| Untracked 
| 112|0x000000008c200000, 0x000000008c200000, 0x000000008c300000|  0%| F|  |TAMS 0x000000008c200000, 0x000000008c200000| Untracked 
| 113|0x000000008c300000, 0x000000008c300000, 0x000000008c400000|  0%| F|  |TAMS 0x000000008c300000, 0x000000008c300000| Untracked 
| 114|0x000000008c400000, 0x000000008c400000, 0x000000008c500000|  0%| F|  |TAMS 0x000000008c400000, 0x000000008c400000| Untracked 
| 115|0x000000008c500000, 0x000000008c500000, 0x000000008c600000|  0%| F|  |TAMS 0x000000008c500000, 0x000000008c500000| Untracked 
| 116|0x000000008c600000, 0x000000008c600000, 0x000000008c700000|  0%| F|  |TAMS 0x000000008c600000, 0x000000008c600000| Untracked 
| 117|0x000000008c700000, 0x000000008c700000, 0x000000008c800000|  0%| F|  |TAMS 0x000000008c700000, 0x000000008c700000| Untracked 
| 118|0x000000008c800000, 0x000000008c800000, 0x000000008c900000|  0%| F|  |TAMS 0x000000008c800000, 0x000000008c800000| Untracked 
| 119|0x000000008c900000, 0x000000008c900000, 0x000000008ca00000|  0%| F|  |TAMS 0x000000008c900000, 0x000000008c900000| Untracked 
| 120|0x000000008ca00000, 0x000000008ca00000, 0x000000008cb00000|  0%| F|  |TAMS 0x000000008ca00000, 0x000000008ca00000| Untracked 
| 121|0x000000008cb00000, 0x000000008cb00000, 0x000000008cc00000|  0%| F|  |TAMS 0x000000008cb00000, 0x000000008cb00000| Untracked 
| 122|0x000000008cc00000, 0x000000008cc00000, 0x000000008cd00000|  0%| F|  |TAMS 0x000000008cc00000, 0x000000008cc00000| Untracked 
| 123|0x000000008cd00000, 0x000000008cd00000, 0x000000008ce00000|  0%| F|  |TAMS 0x000000008cd00000, 0x000000008cd00000| Untracked 
|1960|0x00000000ffa00000, 0x00000000ffb00000, 0x00000000ffb00000|100%| O|  |TAMS 0x00000000ffb00000, 0x00000000ffb00000| Untracked 
|1961|0x00000000ffb00000, 0x00000000ffc00000, 0x00000000ffc00000|100%| O|  |TAMS 0x00000000ffc00000, 0x00000000ffc00000| Untracked 
|1962|0x00000000ffc00000, 0x00000000ffd00000, 0x00000000ffd00000|100%| O|  |TAMS 0x00000000ffd00000, 0x00000000ffd00000| Untracked 
|1963|0x00000000ffd00000, 0x00000000ffe00000, 0x00000000ffe00000|100%| O|  |TAMS 0x00000000ffe00000, 0x00000000ffe00000| Untracked 
|1964|0x00000000ffe00000, 0x00000000ffe00000, 0x00000000fff00000|  0%| F|  |TAMS 0x00000000ffe00000, 0x00000000ffe00000| Untracked 
|1965|0x00000000fff00000, 0x00000000fff00000, 0x0000000100000000|  0%| F|  |TAMS 0x00000000fff00000, 0x00000000fff00000| Untracked 

Card table byte_map: [0x000002c27f9f0000,0x000002c27fdd0000] _byte_map_base: 0x000002c27f5c7000

Marking Bits (Prev, Next): (CMBitMap*) 0x000002c27f056d60, (CMBitMap*) 0x000002c27f056da0
 Prev Bits: [0x000002c216bd0000, 0x000002c218a88000)
 Next Bits: [0x000002c218a90000, 0x000002c21a948000)

Polling page: 0x000002c27cf10000

Metaspace:

Usage:
  Non-class:     29.50 MB used.
      Class:      3.83 MB used.
       Both:     33.33 MB used.

Virtual space:
  Non-class space:       64.00 MB reserved,      29.75 MB ( 46%) committed,  1 nodes.
      Class space:        1.00 GB reserved,       4.00 MB ( <1%) committed,  1 nodes.
             Both:        1.06 GB reserved,      33.75 MB (  3%) committed. 

Chunk freelists:
   Non-Class:  1.91 MB
       Class:  12.03 MB
        Both:  13.94 MB

MaxMetaspaceSize: unlimited
CompressedClassSpaceSize: 1.00 GB
Initial GC threshold: 21.00 MB
Current GC threshold: 55.00 MB
CDS: on
MetaspaceReclaimPolicy: balanced
 - commit_granule_bytes: 65536.
 - commit_granule_words: 8192.
 - virtual_space_node_default_size: 8388608.
 - enlarge_chunks_in_place: 1.
 - new_chunks_are_fully_committed: 0.
 - uncommit_free_chunks: 1.
 - use_allocation_guard: 0.
 - handle_deallocations: 1.


Internal statistics:

num_allocs_failed_limit: 3.
num_arena_births: 272.
num_arena_deaths: 0.
num_vsnodes_births: 2.
num_vsnodes_deaths: 0.
num_space_committed: 540.
num_space_uncommitted: 0.
num_chunks_returned_to_freelist: 3.
num_chunks_taken_from_freelist: 1556.
num_chunk_merges: 3.
num_chunk_splits: 1082.
num_chunks_enlarged: 836.
num_inconsistent_stats: 0.

CodeHeap 'non-profiled nmethods': size=120000Kb used=4745Kb max_used=4745Kb free=115254Kb
 bounds [0x000002c20f2c0000, 0x000002c20f770000, 0x000002c2167f0000]
CodeHeap 'profiled nmethods': size=120000Kb used=16894Kb max_used=16894Kb free=103105Kb
 bounds [0x000002c2077f0000, 0x000002c208870000, 0x000002c20ed20000]
CodeHeap 'non-nmethods': size=5760Kb used=1243Kb max_used=1307Kb free=4516Kb
 bounds [0x000002c20ed20000, 0x000002c20ef90000, 0x000002c20f2c0000]
 total_blobs=8093 nmethods=7541 adapters=464
 compilation: enabled
              stopped_count=0, restarted_count=0
 full_count=0

Compilation events (20 events):
Event: 11.494 Thread 0x000002c21d3ba3e0 8328       3       java.lang.invoke.ConstantCallSite::<init> (17 bytes)
Event: 11.494 Thread 0x000002c21d3ba3e0 nmethod 8328 0x000002c208867f90 code [0x000002c208868180, 0x000002c208868708]
Event: 11.494 Thread 0x000002c21d3ba3e0 8329       3       java.lang.invoke.CallSite::<init> (23 bytes)
Event: 11.495 Thread 0x000002c21d3ba3e0 nmethod 8329 0x000002c208868910 code [0x000002c208868ae0, 0x000002c208868fe8]
Event: 11.495 Thread 0x000002c21d3ba3e0 8330       3       java.lang.invoke.MethodHandleNatives$CallSiteContext::make (19 bytes)
Event: 11.496 Thread 0x000002c21d3ba3e0 nmethod 8330 0x000002c208869210 code [0x000002c2088693c0, 0x000002c208869668]
Event: 11.496 Thread 0x000002c21d3ba3e0 8331       3       java.lang.invoke.MethodHandleNatives$CallSiteContext::<init> (5 bytes)
Event: 11.496 Thread 0x000002c21d3ba3e0 nmethod 8331 0x000002c208869790 code [0x000002c208869920, 0x000002c208869a78]
Event: 11.496 Thread 0x000002c21d3ba3e0 8332       3       jdk.internal.misc.Unsafe::storeStoreFence (5 bytes)
Event: 11.496 Thread 0x000002c21d3ba3e0 nmethod 8332 0x000002c208869b10 code [0x000002c208869ca0, 0x000002c208869db8]
Event: 11.516 Thread 0x000002c21d3ba3e0 8335       3       java.util.zip.ZipUtils::ENDOFF (7 bytes)
Event: 11.516 Thread 0x000002c21d3ba3e0 nmethod 8335 0x000002c208869e90 code [0x000002c20886a040, 0x000002c20886a318]
Event: 11.517 Thread 0x000002c21d3ba3e0 8336       3       java.util.zip.ZipUtils::ENDCOM (7 bytes)
Event: 11.518 Thread 0x000002c21d3ba3e0 nmethod 8336 0x000002c20886a490 code [0x000002c20886a620, 0x000002c20886a7d8]
Event: 11.522 Thread 0x000002c21d3ba3e0 8337       3       java.util.jar.Manifest::<init> (38 bytes)
Event: 11.523 Thread 0x000002c21d3ba3e0 nmethod 8337 0x000002c20886a910 code [0x000002c20886ab40, 0x000002c20886b338]
Event: 11.563 Thread 0x000002c21d3ba3e0 8338       3       java.util.jar.Manifest::read (415 bytes)
Event: 11.568 Thread 0x000002c21d3ba3e0 nmethod 8338 0x000002c20886b610 code [0x000002c20886bb20, 0x000002c20886e398]
Event: 11.568 Thread 0x000002c21d3ba3e0 8339       3       java.util.zip.ZipFile$Source::close (50 bytes)
Event: 11.569 Thread 0x000002c21d3ba3e0 nmethod 8339 0x000002c20886f390 code [0x000002c20886f540, 0x000002c20886f808]

GC Heap History (20 events):
Event: 4.959 GC heap after
{Heap after GC invocations=5 (full 0):
 garbage-first heap   total 126976K, used 24031K [0x0000000085200000, 0x0000000100000000)
  region size 1024K, 9 young (9216K), 9 survivors (9216K)
 Metaspace       used 21220K, committed 21504K, reserved 1114112K
  class space    used 2500K, committed 2624K, reserved 1048576K
}
Event: 5.780 GC heap before
{Heap before GC invocations=6 (full 0):
 garbage-first heap   total 89088K, used 69087K [0x0000000085200000, 0x0000000100000000)
  region size 1024K, 52 young (53248K), 9 survivors (9216K)
 Metaspace       used 25686K, committed 25984K, reserved 1114112K
  class space    used 3001K, committed 3136K, reserved 1048576K
}
Event: 5.819 GC heap after
{Heap after GC invocations=7 (full 0):
 garbage-first heap   total 95232K, used 38519K [0x0000000085200000, 0x0000000100000000)
  region size 1024K, 7 young (7168K), 7 survivors (7168K)
 Metaspace       used 25686K, committed 25984K, reserved 1114112K
  class space    used 3001K, committed 3136K, reserved 1048576K
}
Event: 5.849 GC heap before
{Heap before GC invocations=7 (full 0):
 garbage-first heap   total 95232K, used 39543K [0x0000000085200000, 0x0000000100000000)
  region size 1024K, 8 young (8192K), 7 survivors (7168K)
 Metaspace       used 25730K, committed 26112K, reserved 1114112K
  class space    used 3003K, committed 3136K, reserved 1048576K
}
Event: 5.859 GC heap after
{Heap after GC invocations=8 (full 0):
 garbage-first heap   total 114688K, used 39936K [0x0000000085200000, 0x0000000100000000)
  region size 1024K, 1 young (1024K), 1 survivors (1024K)
 Metaspace       used 25730K, committed 26112K, reserved 1114112K
  class space    used 3003K, committed 3136K, reserved 1048576K
}
Event: 7.031 GC heap before
{Heap before GC invocations=8 (full 0):
 garbage-first heap   total 114688K, used 79872K [0x0000000085200000, 0x0000000100000000)
  region size 1024K, 40 young (40960K), 1 survivors (1024K)
 Metaspace       used 27340K, committed 27712K, reserved 1114112K
  class space    used 3158K, committed 3328K, reserved 1048576K
}
Event: 7.041 GC heap after
{Heap after GC invocations=9 (full 0):
 garbage-first heap   total 114688K, used 44395K [0x0000000085200000, 0x0000000100000000)
  region size 1024K, 5 young (5120K), 5 survivors (5120K)
 Metaspace       used 27340K, committed 27712K, reserved 1114112K
  class space    used 3158K, committed 3328K, reserved 1048576K
}
Event: 7.482 GC heap before
{Heap before GC invocations=9 (full 0):
 garbage-first heap   total 114688K, used 82283K [0x0000000085200000, 0x0000000100000000)
  region size 1024K, 42 young (43008K), 5 survivors (5120K)
 Metaspace       used 28390K, committed 28736K, reserved 1114112K
  class space    used 3242K, committed 3392K, reserved 1048576K
}
Event: 7.491 GC heap after
{Heap after GC invocations=10 (full 0):
 garbage-first heap   total 114688K, used 45243K [0x0000000085200000, 0x0000000100000000)
  region size 1024K, 1 young (1024K), 1 survivors (1024K)
 Metaspace       used 28390K, committed 28736K, reserved 1114112K
  class space    used 3242K, committed 3392K, reserved 1048576K
}
Event: 9.114 GC heap before
{Heap before GC invocations=10 (full 0):
 garbage-first heap   total 114688K, used 87227K [0x0000000085200000, 0x0000000100000000)
  region size 1024K, 40 young (40960K), 1 survivors (1024K)
 Metaspace       used 30249K, committed 30592K, reserved 1114112K
  class space    used 3463K, committed 3584K, reserved 1048576K
}
Event: 9.127 GC heap after
{Heap after GC invocations=11 (full 0):
 garbage-first heap   total 114688K, used 47111K [0x0000000085200000, 0x0000000100000000)
  region size 1024K, 3 young (3072K), 3 survivors (3072K)
 Metaspace       used 30249K, committed 30592K, reserved 1114112K
  class space    used 3463K, committed 3584K, reserved 1048576K
}
Event: 10.527 GC heap before
{Heap before GC invocations=11 (full 0):
 garbage-first heap   total 114688K, used 92167K [0x0000000085200000, 0x0000000100000000)
  region size 1024K, 42 young (43008K), 3 survivors (3072K)
 Metaspace       used 33240K, committed 33600K, reserved 1114112K
  class space    used 3833K, committed 3968K, reserved 1048576K
}
Event: 10.532 GC heap after
{Heap after GC invocations=12 (full 0):
 garbage-first heap   total 114688K, used 56114K [0x0000000085200000, 0x0000000100000000)
  region size 1024K, 6 young (6144K), 6 survivors (6144K)
 Metaspace       used 33240K, committed 33600K, reserved 1114112K
  class space    used 3833K, committed 3968K, reserved 1048576K
}
Event: 10.536 GC heap before
{Heap before GC invocations=12 (full 0):
 garbage-first heap   total 114688K, used 66354K [0x0000000085200000, 0x0000000100000000)
  region size 1024K, 10 young (10240K), 6 survivors (6144K)
 Metaspace       used 33242K, committed 33600K, reserved 1114112K
  class space    used 3833K, committed 3968K, reserved 1048576K
}
Event: 10.541 GC heap after
{Heap after GC invocations=13 (full 0):
 garbage-first heap   total 114688K, used 64858K [0x0000000085200000, 0x0000000100000000)
  region size 1024K, 1 young (1024K), 1 survivors (1024K)
 Metaspace       used 33242K, committed 33600K, reserved 1114112K
  class space    used 3833K, committed 3968K, reserved 1048576K
}
Event: 11.485 GC heap before
{Heap before GC invocations=14 (full 0):
 garbage-first heap   total 119808K, used 94554K [0x0000000085200000, 0x0000000100000000)
  region size 1024K, 29 young (29696K), 1 survivors (1024K)
 Metaspace       used 34129K, committed 34560K, reserved 1114112K
  class space    used 3923K, committed 4096K, reserved 1048576K
}
Event: 11.488 GC heap after
{Heap after GC invocations=15 (full 0):
 garbage-first heap   total 119808K, used 68398K [0x0000000085200000, 0x0000000100000000)
  region size 1024K, 3 young (3072K), 3 survivors (3072K)
 Metaspace       used 34129K, committed 34560K, reserved 1114112K
  class space    used 3923K, committed 4096K, reserved 1048576K
}
Event: 11.534 GC heap before
{Heap before GC invocations=15 (full 0):
 garbage-first heap   total 119808K, used 70446K [0x0000000085200000, 0x0000000100000000)
  region size 1024K, 5 young (5120K), 3 survivors (3072K)
 Metaspace       used 34129K, committed 34560K, reserved 1114112K
  class space    used 3923K, committed 4096K, reserved 1048576K
}
Event: 11.539 GC heap after
{Heap after GC invocations=16 (full 0):
 garbage-first heap   total 119808K, used 60638K [0x0000000085200000, 0x0000000100000000)
  region size 1024K, 1 young (1024K), 1 survivors (1024K)
 Metaspace       used 34129K, committed 34560K, reserved 1114112K
  class space    used 3923K, committed 4096K, reserved 1048576K
}
Event: 11.586 GC heap before
{Heap before GC invocations=16 (full 0):
 garbage-first heap   total 119808K, used 61662K [0x0000000085200000, 0x0000000100000000)
  region size 1024K, 4 young (4096K), 1 survivors (1024K)
 Metaspace       used 34129K, committed 34560K, reserved 1114112K
  class space    used 3923K, committed 4096K, reserved 1048576K
}

Deoptimization events (20 events):
Event: 11.100 Thread 0x000002c27effdb00 Uncommon trap: trap_request=0xffffff6e fr.pc=0x000002c20f73a3b0 relative=0x00000000000061f0
Event: 11.100 Thread 0x000002c27effdb00 Uncommon trap: reason=loop_limit_check action=maybe_recompile pc=0x000002c20f73a3b0 method=com.google.inject.spi.InjectionPoint.getInjectionPoints(Lcom/google/inject/TypeLiteral;ZLcom/google/inject/internal/Errors;)Ljava/util/Set; @ 34 c2
Event: 11.100 Thread 0x000002c27effdb00 DEOPT PACKING pc=0x000002c20f73a3b0 sp=0x000000d454afd000
Event: 11.100 Thread 0x000002c27effdb00 DEOPT UNPACKING pc=0x000002c20ed723a3 sp=0x000000d454afcfe0 mode 2
Event: 11.157 Thread 0x000002c27effdb00 DEOPT PACKING pc=0x000002c20813b822 sp=0x000000d454afc860
Event: 11.157 Thread 0x000002c27effdb00 DEOPT UNPACKING pc=0x000002c20ed72b43 sp=0x000000d454afbdf0 mode 0
Event: 11.221 Thread 0x000002c27effdb00 DEOPT PACKING pc=0x000002c20813b822 sp=0x000000d454afc6c0
Event: 11.221 Thread 0x000002c27effdb00 DEOPT UNPACKING pc=0x000002c20ed72b43 sp=0x000000d454afbc40 mode 0
Event: 11.231 Thread 0x000002c27effdb00 Uncommon trap: trap_request=0xffffff45 fr.pc=0x000002c20f333868 relative=0x0000000000000148
Event: 11.231 Thread 0x000002c27effdb00 Uncommon trap: reason=unstable_if action=reinterpret pc=0x000002c20f333868 method=java.io.Reader.read()I @ 12 c2
Event: 11.231 Thread 0x000002c27effdb00 DEOPT PACKING pc=0x000002c20f333868 sp=0x000000d454afcc00
Event: 11.231 Thread 0x000002c27effdb00 DEOPT UNPACKING pc=0x000002c20ed723a3 sp=0x000000d454afcb90 mode 2
Event: 11.259 Thread 0x000002c27effdb00 DEOPT PACKING pc=0x000002c20813b822 sp=0x000000d454afbf40
Event: 11.259 Thread 0x000002c27effdb00 DEOPT UNPACKING pc=0x000002c20ed72b43 sp=0x000000d454afb4c0 mode 0
Event: 11.490 Thread 0x000002c27effdb00 DEOPT PACKING pc=0x000002c20813b822 sp=0x000000d454afd5c0
Event: 11.490 Thread 0x000002c27effdb00 DEOPT UNPACKING pc=0x000002c20ed72b43 sp=0x000000d454afcb40 mode 0
Event: 11.534 Thread 0x000002c27effdb00 DEOPT PACKING pc=0x000002c20813b822 sp=0x000000d454afd5c0
Event: 11.534 Thread 0x000002c27effdb00 DEOPT UNPACKING pc=0x000002c20ed72b43 sp=0x000000d454afcb40 mode 0
Event: 11.582 Thread 0x000002c27effdb00 DEOPT PACKING pc=0x000002c20813b822 sp=0x000000d454afd5c0
Event: 11.582 Thread 0x000002c27effdb00 DEOPT UNPACKING pc=0x000002c20ed72b43 sp=0x000000d454afcb40 mode 0

Classes unloaded (0 events):
No events

Classes redefined (0 events):
No events

Internal exceptions (20 events):
Event: 8.567 Thread 0x000002c27effdb00 Exception <a 'sun/nio/fs/WindowsException'{0x000000008a54e260}> (0x000000008a54e260) 
thrown [s\open\src\hotspot\share\prims\jni.cpp, line 516]
Event: 8.567 Thread 0x000002c27effdb00 Exception <a 'sun/nio/fs/WindowsException'{0x000000008a54e948}> (0x000000008a54e948) 
thrown [s\open\src\hotspot\share\prims\jni.cpp, line 516]
Event: 8.567 Thread 0x000002c27effdb00 Exception <a 'sun/nio/fs/WindowsException'{0x000000008a54f2d0}> (0x000000008a54f2d0) 
thrown [s\open\src\hotspot\share\prims\jni.cpp, line 516]
Event: 8.597 Thread 0x000002c27effdb00 Exception <a 'sun/nio/fs/WindowsException'{0x000000008a417478}> (0x000000008a417478) 
thrown [s\open\src\hotspot\share\prims\jni.cpp, line 516]
Event: 8.597 Thread 0x000002c27effdb00 Exception <a 'sun/nio/fs/WindowsException'{0x000000008a417b70}> (0x000000008a417b70) 
thrown [s\open\src\hotspot\share\prims\jni.cpp, line 516]
Event: 8.597 Thread 0x000002c27effdb00 Exception <a 'sun/nio/fs/WindowsException'{0x000000008a418550}> (0x000000008a418550) 
thrown [s\open\src\hotspot\share\prims\jni.cpp, line 516]
Event: 8.608 Thread 0x000002c27effdb00 Exception <a 'sun/nio/fs/WindowsException'{0x000000008a4613e8}> (0x000000008a4613e8) 
thrown [s\open\src\hotspot\share\prims\jni.cpp, line 516]
Event: 8.608 Thread 0x000002c27effdb00 Exception <a 'sun/nio/fs/WindowsException'{0x000000008a461ae0}> (0x000000008a461ae0) 
thrown [s\open\src\hotspot\share\prims\jni.cpp, line 516]
Event: 8.608 Thread 0x000002c27effdb00 Exception <a 'sun/nio/fs/WindowsException'{0x000000008a4624c0}> (0x000000008a4624c0) 
thrown [s\open\src\hotspot\share\prims\jni.cpp, line 516]
Event: 8.614 Thread 0x000002c27effdb00 Exception <a 'sun/nio/fs/WindowsException'{0x000000008a47f148}> (0x000000008a47f148) 
thrown [s\open\src\hotspot\share\prims\jni.cpp, line 516]
Event: 8.614 Thread 0x000002c27effdb00 Exception <a 'sun/nio/fs/WindowsException'{0x000000008a47f838}> (0x000000008a47f838) 
thrown [s\open\src\hotspot\share\prims\jni.cpp, line 516]
Event: 8.614 Thread 0x000002c27effdb00 Exception <a 'sun/nio/fs/WindowsException'{0x000000008a4801c8}> (0x000000008a4801c8) 
thrown [s\open\src\hotspot\share\prims\jni.cpp, line 516]
Event: 8.661 Thread 0x000002c27effdb00 Exception <a 'sun/nio/fs/WindowsException'{0x000000008a37d0e8}> (0x000000008a37d0e8) 
thrown [s\open\src\hotspot\share\prims\jni.cpp, line 516]
Event: 8.661 Thread 0x000002c27effdb00 Exception <a 'sun/nio/fs/WindowsException'{0x000000008a37d7e8}> (0x000000008a37d7e8) 
thrown [s\open\src\hotspot\share\prims\jni.cpp, line 516]
Event: 8.662 Thread 0x000002c27effdb00 Exception <a 'sun/nio/fs/WindowsException'{0x000000008a37e1d0}> (0x000000008a37e1d0) 
thrown [s\open\src\hotspot\share\prims\jni.cpp, line 516]
Event: 9.564 Thread 0x000002c2648dded0 Exception <a 'java/lang/NoSuchMethodError'{0x000000008aeb9740}: 'java.lang.Object java.lang.invoke.DirectMethodHandle$Holder.invokeStatic(java.lang.Object, java.lang.Object, long, java.lang.Object)'> (0x000000008aeb9740) 
thrown [s\open\src\hotspot\share\interpreter\linkResolver.cpp, line 759]
Event: 9.565 Thread 0x000002c2648dded0 Exception <a 'java/lang/NoSuchMethodError'{0x000000008aebcf18}: 'java.lang.Object java.lang.invoke.DirectMethodHandle$Holder.invokeStaticInit(java.lang.Object, java.lang.Object, long, java.lang.Object)'> (0x000000008aebcf18) 
thrown [s\open\src\hotspot\share\interpreter\linkResolver.cpp, line 759]
Event: 9.566 Thread 0x000002c2648dded0 Exception <a 'java/lang/NoSuchMethodError'{0x000000008aec3528}: 'java.lang.Object java.lang.invoke.DirectMethodHandle$Holder.newInvokeSpecial(java.lang.Object, java.lang.Object, long)'> (0x000000008aec3528) 
thrown [s\open\src\hotspot\share\interpreter\linkResolver.cpp, line 759]
Event: 9.567 Thread 0x000002c2648dded0 Exception <a 'java/lang/NoSuchMethodError'{0x000000008aec7098}: 'java.lang.Object java.lang.invoke.Invokers$Holder.linkToTargetMethod(java.lang.Object, long, java.lang.Object)'> (0x000000008aec7098) 
thrown [s\open\src\hotspot\share\interpreter\linkResolver.cpp, line 759]
Event: 11.402 Thread 0x000002c27effdb00 Exception <a 'java/lang/NoClassDefFoundError'{0x000000008a57d958}: org/codehaus/plexus/util/io/CachingOutputStream> (0x000000008a57d958) 
thrown [s\open\src\hotspot\share\classfile\systemDictionary.cpp, line 245]

VM Operations (20 events):
Event: 10.532 Executing VM operation: G1TryInitiateConcMark done
Event: 10.535 Executing VM operation: HandshakeAllThreads
Event: 10.535 Executing VM operation: HandshakeAllThreads done
Event: 10.535 Executing VM operation: G1TryInitiateConcMark
Event: 10.541 Executing VM operation: G1TryInitiateConcMark done
Event: 10.571 Executing VM operation: G1Concurrent
Event: 10.587 Executing VM operation: G1Concurrent done
Event: 10.587 Executing VM operation: HandshakeAllThreads
Event: 10.587 Executing VM operation: HandshakeAllThreads done
Event: 10.588 Executing VM operation: HandshakeAllThreads
Event: 10.589 Executing VM operation: HandshakeAllThreads done
Event: 10.607 Executing VM operation: G1Concurrent
Event: 10.607 Executing VM operation: G1Concurrent done
Event: 11.393 Executing VM operation: HandshakeAllThreads
Event: 11.393 Executing VM operation: HandshakeAllThreads done
Event: 11.484 Executing VM operation: G1CollectForAllocation
Event: 11.488 Executing VM operation: G1CollectForAllocation done
Event: 11.534 Executing VM operation: G1CollectForAllocation
Event: 11.539 Executing VM operation: G1CollectForAllocation done
Event: 11.585 Executing VM operation: G1TryInitiateConcMark

Events (20 events):
Event: 10.599 Thread 0x000002c2648dded0 Thread exited: 0x000002c2648dded0
Event: 10.599 Thread 0x000002c2648dcfa0 Thread exited: 0x000002c2648dcfa0
Event: 10.600 Thread 0x000002c2648dc580 Thread exited: 0x000002c2648dc580
Event: 10.600 Thread 0x000002c2675486d0 Thread exited: 0x000002c2675486d0
Event: 10.600 Thread 0x000002c26754b970 Thread exited: 0x000002c26754b970
Event: 10.600 Thread 0x000002c2648dca90 Thread exited: 0x000002c2648dca90
Event: 10.600 Thread 0x000002c2648dc070 Thread exited: 0x000002c2648dc070
Event: 11.102 Thread 0x000002c2659b6780 Thread added: 0x000002c2659b6780
Event: 11.364 loading class javax/management/ReflectionException
Event: 11.365 loading class javax/management/JMException
Event: 11.366 loading class javax/management/JMException done
Event: 11.366 loading class javax/management/ReflectionException done
Event: 11.366 loading class javax/management/MBeanServerConnection
Event: 11.367 loading class javax/management/MBeanServerConnection done
Event: 11.380 loading class javax/management/InstanceNotFoundException
Event: 11.381 loading class javax/management/OperationsException
Event: 11.381 loading class javax/management/OperationsException done
Event: 11.381 loading class javax/management/InstanceNotFoundException done
Event: 11.394 loading class java/util/jar/JarOutputStream
Event: 11.395 loading class java/util/jar/JarOutputStream done


Dynamic libraries:
0x00007ff75a990000 - 0x00007ff75a9a0000 	C:\Program Files\Java\jdk-17\bin\java.exe
0x00007fff58c20000 - 0x00007fff58e86000 	C:\WINDOWS\SYSTEM32\ntdll.dll
0x00007fff58850000 - 0x00007fff58919000 	C:\WINDOWS\System32\KERNEL32.DLL
0x00007fff56590000 - 0x00007fff5698a000 	C:\WINDOWS\System32\KERNELBASE.dll
0x00007fff56150000 - 0x00007fff5629c000 	C:\WINDOWS\System32\ucrtbase.dll
0x00007fff320d0000 - 0x00007fff320e9000 	C:\Program Files\Java\jdk-17\bin\jli.dll
0x00007fff15fc0000 - 0x00007fff15fdb000 	C:\Program Files\Java\jdk-17\bin\VCRUNTIME140.dll
0x00007fff581b0000 - 0x00007fff58266000 	C:\WINDOWS\System32\ADVAPI32.dll
0x00007fff56f30000 - 0x00007fff56fd9000 	C:\WINDOWS\System32\msvcrt.dll
0x00007fff583c0000 - 0x00007fff5846a000 	C:\WINDOWS\System32\sechost.dll
0x00007fff589f0000 - 0x00007fff58b08000 	C:\WINDOWS\System32\RPCRT4.dll
0x00007fff58500000 - 0x00007fff586c7000 	C:\WINDOWS\System32\USER32.dll
0x00007fff562a0000 - 0x00007fff562c7000 	C:\WINDOWS\System32\win32u.dll
0x00007fff56f00000 - 0x00007fff56f2b000 	C:\WINDOWS\System32\GDI32.dll
0x00007fff2b150000 - 0x00007fff2b3e2000 	C:\WINDOWS\WinSxS\amd64_microsoft.windows.common-controls_6595b64144ccf1df_6.0.26100.8521_none_3e08b75ce33403b3\COMCTL32.dll
0x00007fff56020000 - 0x00007fff5614b000 	C:\WINDOWS\System32\gdi32full.dll
0x00007fff564e0000 - 0x00007fff56583000 	C:\WINDOWS\System32\msvcp_win.dll
0x00007fff42b10000 - 0x00007fff42b1b000 	C:\WINDOWS\SYSTEM32\VERSION.dll
0x00007fff56ec0000 - 0x00007fff56ef2000 	C:\WINDOWS\System32\IMM32.DLL
0x00007fff50090000 - 0x00007fff5009c000 	C:\Program Files\Java\jdk-17\bin\vcruntime140_1.dll
0x00007ffeeea00000 - 0x00007ffeeea8e000 	C:\Program Files\Java\jdk-17\bin\msvcp140.dll
0x00007ffe50fb0000 - 0x00007ffe51b90000 	C:\Program Files\Java\jdk-17\bin\server\jvm.dll
0x00007fff58180000 - 0x00007fff58188000 	C:\WINDOWS\System32\PSAPI.DLL
0x00007ffee8ea0000 - 0x00007ffee8eaa000 	C:\WINDOWS\SYSTEM32\WSOCK32.dll
0x00007fff58b50000 - 0x00007fff58bd0000 	C:\WINDOWS\System32\WS2_32.dll
0x00007fff4dd30000 - 0x00007fff4dd66000 	C:\WINDOWS\SYSTEM32\WINMM.dll
0x00007fff54ba0000 - 0x00007fff54bbb000 	C:\WINDOWS\SYSTEM32\kernel.appcore.dll
0x00007fff32210000 - 0x00007fff3221a000 	C:\Program Files\Java\jdk-17\bin\jimage.dll
0x00007fff53540000 - 0x00007fff53782000 	C:\WINDOWS\SYSTEM32\DBGHELP.DLL
0x00007fff57c00000 - 0x00007fff57f83000 	C:\WINDOWS\System32\combase.dll
0x00007fff582e0000 - 0x00007fff583b9000 	C:\WINDOWS\System32\OLEAUT32.dll
0x00007fff29f40000 - 0x00007fff29f7b000 	C:\WINDOWS\SYSTEM32\dbgcore.DLL
0x00007fff55f70000 - 0x00007fff56018000 	C:\WINDOWS\System32\bcryptPrimitives.dll
0x00007fff115d0000 - 0x00007fff115f5000 	C:\Program Files\Java\jdk-17\bin\java.dll
0x00007ffeaae10000 - 0x00007ffeaaee7000 	C:\Program Files\Java\jdk-17\bin\jsvml.dll
0x00007fff57470000 - 0x00007fff57bf4000 	C:\WINDOWS\System32\SHELL32.dll
0x00007fff53a40000 - 0x00007fff542c0000 	C:\WINDOWS\SYSTEM32\windows.storage.dll
0x00007fff56dc0000 - 0x00007fff56eb6000 	C:\WINDOWS\System32\SHCORE.dll
0x00007fff58270000 - 0x00007fff582d7000 	C:\WINDOWS\System32\shlwapi.dll
0x00007fff55dd0000 - 0x00007fff55df9000 	C:\WINDOWS\SYSTEM32\profapi.dll
0x00007fff09690000 - 0x00007fff096a9000 	C:\Program Files\Java\jdk-17\bin\net.dll
0x00007fff4a710000 - 0x00007fff4a839000 	C:\WINDOWS\SYSTEM32\WINHTTP.dll
0x00007fff551b0000 - 0x00007fff5521c000 	C:\WINDOWS\system32\mswsock.dll
0x00007ffeecee0000 - 0x00007ffeecef6000 	C:\Program Files\Java\jdk-17\bin\nio.dll
0x00007ffeecec0000 - 0x00007ffeeced8000 	C:\Program Files\Java\jdk-17\bin\zip.dll
0x00007ffeec5f0000 - 0x00007ffeec614000 	C:\Users\devad\Downloads\apache-maven-3.9.16-bin (2)\apache-maven-3.9.16\lib\jansi-native\Windows\x86_64\jansi.dll
0x00007fff320c0000 - 0x00007fff320d0000 	C:\Program Files\Java\jdk-17\bin\verify.dll

dbghelp: loaded successfully - version: 4.0.5 - missing functions: none
symbol engine: initialized successfully - sym options: 0x614 - pdb path: .;C:\Program Files\Java\jdk-17\bin;C:\WINDOWS\SYSTEM32;C:\WINDOWS\WinSxS\amd64_microsoft.windows.common-controls_6595b64144ccf1df_6.0.26100.8521_none_3e08b75ce33403b3;C:\Program Files\Java\jdk-17\bin\server;C:\Users\devad\Downloads\apache-maven-3.9.16-bin (2)\apache-maven-3.9.16\lib\jansi-native\Windows\x86_64

VM Arguments:
jvm_args: --enable-native-access=ALL-UNNAMED -Dclassworlds.conf=C:\Users\devad\Downloads\apache-maven-3.9.16-bin (2)\apache-maven-3.9.16\bin\m2.conf -Dmaven.home=C:\Users\devad\Downloads\apache-maven-3.9.16-bin (2)\apache-maven-3.9.16 -Dlibrary.jansi.path=C:\Users\devad\Downloads\apache-maven-3.9.16-bin (2)\apache-maven-3.9.16\lib\jansi-native -Dmaven.multiModuleProjectDirectory=C:\Users\devad\AppData\Local\amypo\workspace\14008_9002_1_14326\backend 
java_command: org.codehaus.plexus.classworlds.launcher.Launcher clean install
java_class_path (initial): C:\Users\devad\Downloads\apache-maven-3.9.16-bin (2)\apache-maven-3.9.16\boot\plexus-classworlds-2.11.0.jar
Launcher Type: SUN_STANDARD

[Global flags]
     intx CICompilerCount                          = 4                                         {product} {ergonomic}
     uint ConcGCThreads                            = 3                                         {product} {ergonomic}
     uint G1ConcRefinementThreads                  = 10                                        {product} {ergonomic}
   size_t G1HeapRegionSize                         = 1048576                                   {product} {ergonomic}
    uintx GCDrainStackTargetSize                   = 64                                        {product} {ergonomic}
   size_t InitialHeapSize                          = 130023424                                 {product} {ergonomic}
   size_t MarkStackSize                            = 4194304                                   {product} {ergonomic}
   size_t MaxHeapSize                              = 2061500416                                {product} {ergonomic}
   size_t MaxNewSize                               = 1236271104                                {product} {ergonomic}
   size_t MinHeapDeltaBytes                        = 1048576                                   {product} {ergonomic}
   size_t MinHeapSize                              = 8388608                                   {product} {ergonomic}
    uintx NonNMethodCodeHeapSize                   = 5839372                                {pd product} {ergonomic}
    uintx NonProfiledCodeHeapSize                  = 122909434                              {pd product} {ergonomic}
    uintx ProfiledCodeHeapSize                     = 122909434                              {pd product} {ergonomic}
    uintx ReservedCodeCacheSize                    = 251658240                              {pd product} {ergonomic}
     bool SegmentedCodeCache                       = true                                      {product} {ergonomic}
   size_t SoftMaxHeapSize                          = 2061500416                             {manageable} {ergonomic}
     bool UseCompressedClassPointers               = true                           {product lp64_product} {ergonomic}
     bool UseCompressedOops                        = true                           {product lp64_product} {ergonomic}
     bool UseG1GC                                  = true                                      {product} {ergonomic}
     bool UseLargePagesIndividualAllocation        = false                                  {pd product} {ergonomic}

Logging:
Log output configuration:
 #0: stdout all=warning uptime,level,tags
 #1: stderr all=off uptime,level,tags

Environment Variables:
JAVA_HOME=C:\Program Files\Java\jdk-17
PATH=C:\Program Files\WindowsApps\Microsoft.PowerShell_7.6.3.0_x64__8wekyb3d8bbwe;C:\WINDOWS\System32;C:\WINDOWS;C:\WINDOWS\System32\Wbem;C:\WINDOWS\System32\WindowsPowerShell\v1.0;C:\WINDOWS\System32\OpenSSH;C:\Program Files\Common Files\Oracle\Java\javapath;C:\windows\system32;C:\windows;C:\windows\System32\Wbem;C:\windows\System32\WindowsPowerShell\v1.0\;C:\windows\System32\OpenSSH\;C:\Program Files\HP\HP One Agent;C:\WINDOWS\system32;C:\WINDOWS\System32\WindowsPowerShell\v1.0\;C:\WINDOWS\System32\OpenSSH\;C:\Program Files\Cloudflare\Cloudflare WARP\;C:\Program Files\Git\cmd;C:\Program Files\nodejs\;C:\Users\devad\Downloads\apache-maven-3.9.16-bin;C:\Users\devad\Downloads\apache-maven-3.9.16-bin (2);C:\Users\devad\AppData\Local\Programs\Python\Python311\;C:\Users\devad\AppData\Local\Programs\Python\Launcher\;C:\Users\devad\AppData\Local\Microsoft\WindowsApps;C:\Users\devad\AppData\Local\Programs\Microsoft VS Code\bin;C:\Users\devad\AppData\Roaming\npm;C:\Users\devad\Downloads\apache-maven-3.9.16-bin (2)\apache-maven-3.9.16\bin;C:\Users\devad\Downloads\apache-maven-3.9.16-bin (2)\apache-maven-3.9.16;C:\Program Files\nodejs;C:\Program Files\MySQL\MySQL Server 8.0;C:\Program Files\Git\bin;C:\Program Files\Java\jdk-17\bin;C:\Program Files\AmypoCoder;C:\Program Files\Google\Chrome\Application;C:\WINDOWS\System32;C:\WINDOWS;C:\WINDOWS\System32\Wbem;C:\WINDOWS\System32\WindowsPowerShell\v1.0;C:\WINDOWS\System32\OpenSSH;C:\Program Files\Common Files\Oracle\Java\javapath;C:\windows\system32;C:\windows;C:\windows\System32\Wbem;C:\windows\System32\WindowsPowerShell\v1.0\;C:\windows\System32\OpenSSH\;C:\Program Files\HP\HP One Agent;C:\WINDOWS\system32;C:\WINDOWS\System32\WindowsPowerShell\v1.0\;C:\WINDOWS\System32\OpenSSH\;C:\Program Files\Cloudflare\Cloudflare WARP\;C:\Program Files\Git\cmd;C:\Program Files\nodejs\;C:\Users\devad\Downloads\apache-maven-3.9.16-bin;C:\Users\devad\Downloads\apache-maven-3.9.16-bin (2);C:\Users\devad\AppData\Local\Programs\Python\Python311\;C:\Us
USERNAME=devad
LANG=en_US.UTF-8
OS=Windows_NT
PROCESSOR_IDENTIFIER=Intel64 Family 6 Model 154 Stepping 4, GenuineIntel



---------------  S Y S T E M  ---------------

OS:
 Windows 11 , 64 bit Build 26100 (10.0.26100.8521)
OS uptime: 0 days 18:15 hours
Hyper-V role detected

CPU: total 12 (initial active 12) (6 cores per cpu, 2 threads per core) family 6 model 154 stepping 4 microcode 0x432, cx8, cmov, fxsr, ht, mmx, 3dnowpref, sse, sse2, sse3, ssse3, sse4.1, sse4.2, popcnt, lzcnt, tsc, tscinvbit, avx, avx2, aes, erms, clmul, bmi1, bmi2, adx, sha, fma, vzeroupper, clflush, clflushopt, clwb, hv

Memory: 4k page, system-wide physical 7863M (884M free)
TotalPageFile size 19025M (AvailPageFile size 111M)
current process WorkingSet (physical memory assigned to process): 299M, peak: 301M
current process commit charge ("private bytes"): 346M, peak: 453M

vm_info: Java HotSpot(TM) 64-Bit Server VM (17.0.12+8-LTS-286) for windows-amd64 JRE (17.0.12+8-LTS-286), built on Jun  5 2024 06:46:59 by "mach5one" with MS VC++ 17.6 (VS2022)

END.
