#
# There is insufficient memory for the Java Runtime Environment to continue.
# Native memory allocation (mmap) failed to map 52428800 bytes for G1 virtual space
# Possible reasons:
#   The system is out of physical RAM or swap space
#   The process is running with CompressedOops enabled, and the Java Heap may be blocking the growth of the native heap
# Possible solutions:
#   Reduce memory load on the system
#   Increase physical memory or swap space
#   Check if swap backing store is full
#   Decrease Java heap size (-Xmx/-Xms)
#   Decrease number of Java threads
#   Decrease Java thread stack sizes (-Xss)
#   Set larger code cache with -XX:ReservedCodeCacheSize=
#   JVM is running with Unscaled Compressed Oops mode in which the Java heap is
#     placed in the first 4GB address space. The Java Heap base address is the
#     maximum limit for the native heap growth. Please use -XX:HeapBaseMinAddress
#     to set the Java Heap base and to place the Java Heap above 4GB virtual address.
# This output file may be truncated or incomplete.
#
#  Out of Memory Error (os_windows.cpp:3548), pid=14904, tid=14172
#
# JRE version: Java(TM) SE Runtime Environment (17.0.12+8) (build 17.0.12+8-LTS-286)
# Java VM: Java HotSpot(TM) 64-Bit Server VM (17.0.12+8-LTS-286, mixed mode, emulated-client, sharing, tiered, compressed oops, compressed class ptrs, g1 gc, windows-amd64)
# No core dump will be written. Minidumps are not enabled by default on client versions of Windows
#

---------------  S U M M A R Y ------------

Command Line: -XX:TieredStopAtLevel=1 com.example.demo.DemoApplication

Host: 12th Gen Intel(R) Core(TM) i5-1235U, 12 cores, 7G,  Windows 11 , 64 bit Build 26100 (10.0.26100.8875)
Time: Fri Sep  4 22:46:16 2026 India Standard Time elapsed time: 7.610617 seconds (0d 0h 0m 7s)

---------------  T H R E A D  ---------------

Current thread (0x000001e0ffbe2f20):  VMThread "VM Thread" [stack: 0x0000004cdc900000,0x0000004cdca00000] [id=14172]

Stack: [0x0000004cdc900000,0x0000004cdca00000]
Native frames: (J=compiled Java code, j=interpreted, Vv=VM code, C=native code)
V  [jvm.dll+0x67a04a]
V  [jvm.dll+0x7da4ed]
V  [jvm.dll+0x7dbe33]
V  [jvm.dll+0x7dc4a3]
V  [jvm.dll+0x24508f]
V  [jvm.dll+0x677089]
V  [jvm.dll+0x66bd32]
V  [jvm.dll+0x301fa6]
V  [jvm.dll+0x309546]
V  [jvm.dll+0x359d2e]
V  [jvm.dll+0x359f5f]
V  [jvm.dll+0x2d9078]
V  [jvm.dll+0x2d74ad]
V  [jvm.dll+0x2d6afc]
V  [jvm.dll+0x31a65b]
V  [jvm.dll+0x7e0d9b]
V  [jvm.dll+0x7e1ad4]
V  [jvm.dll+0x7e1fed]
V  [jvm.dll+0x7e23c4]
V  [jvm.dll+0x7e2490]
V  [jvm.dll+0x78abea]
V  [jvm.dll+0x678f35]
C  [ucrtbase.dll+0x2cd30]
C  [KERNEL32.DLL+0x2e957]
C  [ntdll.dll+0xaad6c]

VM_Operation (0x0000004cdc3fca00): G1CollectForAllocation, mode: safepoint, requested by thread 0x000001e0ebc84fa0


---------------  P R O C E S S  ---------------

Threads class SMR info:
_java_thread_list=0x000001e0c6446730, length=19, elements={
0x000001e0ebc84fa0, 0x000001e0ffbe8440, 0x000001e0ffbe8e00, 0x000001e0ffc02d90,
0x000001e0ffc03750, 0x000001e0ffc04c80, 0x000001e0ffc05640, 0x000001e0ffc08c60,
0x000001e0ffc12680, 0x000001e0c50eb270, 0x000001e0c50ee790, 0x000001e0c510a270,
0x000001e0c5113b70, 0x000001e0c6443130, 0x000001e0c6443610, 0x000001e0c6443af0,
0x000001e0c6550810, 0x000001e0c6550300, 0x000001e0c654df90
}

Java Threads: ( => current thread )
  0x000001e0ebc84fa0 JavaThread "main" [_thread_blocked, id=16416, stack(0x0000004cdc300000,0x0000004cdc400000)]
  0x000001e0ffbe8440 JavaThread "Reference Handler" daemon [_thread_blocked, id=17084, stack(0x0000004cdca00000,0x0000004cdcb00000)]
  0x000001e0ffbe8e00 JavaThread "Finalizer" daemon [_thread_blocked, id=7228, stack(0x0000004cdcb00000,0x0000004cdcc00000)]
  0x000001e0ffc02d90 JavaThread "Signal Dispatcher" daemon [_thread_blocked, id=8268, stack(0x0000004cdcc00000,0x0000004cdcd00000)]
  0x000001e0ffc03750 JavaThread "Attach Listener" daemon [_thread_blocked, id=2496, stack(0x0000004cdcd00000,0x0000004cdce00000)]
  0x000001e0ffc04c80 JavaThread "Service Thread" daemon [_thread_blocked, id=25532, stack(0x0000004cdce00000,0x0000004cdcf00000)]
  0x000001e0ffc05640 JavaThread "Monitor Deflation Thread" daemon [_thread_blocked, id=14404, stack(0x0000004cdcf00000,0x0000004cdd000000)]
  0x000001e0ffc08c60 JavaThread "C1 CompilerThread0" daemon [_thread_blocked, id=25984, stack(0x0000004cdd000000,0x0000004cdd100000)]
  0x000001e0ffc12680 JavaThread "Sweeper thread" daemon [_thread_blocked, id=21688, stack(0x0000004cdd100000,0x0000004cdd200000)]
  0x000001e0c50eb270 JavaThread "C1 CompilerThread1" daemon [_thread_blocked, id=21540, stack(0x0000004cdd200000,0x0000004cdd300000)]
  0x000001e0c50ee790 JavaThread "C1 CompilerThread2" daemon [_thread_blocked, id=14348, stack(0x0000004cdd300000,0x0000004cdd400000)]
  0x000001e0c510a270 JavaThread "Notification Thread" daemon [_thread_blocked, id=20516, stack(0x0000004cdd400000,0x0000004cdd500000)]
  0x000001e0c5113b70 JavaThread "Common-Cleaner" daemon [_thread_blocked, id=10864, stack(0x0000004cdd600000,0x0000004cdd700000)]
  0x000001e0c6443130 JavaThread "Catalina-utility-1" [_thread_blocked, id=6056, stack(0x0000004cde200000,0x0000004cde300000)]
  0x000001e0c6443610 JavaThread "Catalina-utility-2" [_thread_blocked, id=17732, stack(0x0000004cde300000,0x0000004cde400000)]
  0x000001e0c6443af0 JavaThread "container-0" [_thread_blocked, id=25836, stack(0x0000004cde400000,0x0000004cde500000)]
  0x000001e0c6550810 JavaThread "mysql-cj-abandoned-connection-cleanup" daemon [_thread_blocked, id=20656, stack(0x0000004cde500000,0x0000004cde600000)]
  0x000001e0c6550300 JavaThread "HikariPool-1 housekeeper" daemon [_thread_blocked, id=18620, stack(0x0000004cde700000,0x0000004cde800000)]
  0x000001e0c654df90 JavaThread "HikariPool-1 connection adder" daemon [_thread_blocked, id=21364, stack(0x0000004cde800000,0x0000004cde900000)]

Other Threads:
=>0x000001e0ffbe2f20 VMThread "VM Thread" [stack: 0x0000004cdc900000,0x0000004cdca00000] [id=14172]
  0x000001e0ebcfc310 WatcherThread [stack: 0x0000004cdd500000,0x0000004cdd600000] [id=11680]
  0x000001e0ebcdfa30 GCTaskThread "GC Thread#0" [stack: 0x0000004cdc400000,0x0000004cdc500000] [id=8600]
  0x000001e0c58f80b0 GCTaskThread "GC Thread#1" [stack: 0x0000004cdd700000,0x0000004cdd800000] [id=13856]
  0x000001e0c58f3500 GCTaskThread "GC Thread#2" [stack: 0x0000004cdd800000,0x0000004cdd900000] [id=16104]
  0x000001e0c591dba0 GCTaskThread "GC Thread#3" [stack: 0x0000004cdd900000,0x0000004cdda00000] [id=21868]
  0x000001e0c591de60 GCTaskThread "GC Thread#4" [stack: 0x0000004cdda00000,0x0000004cddb00000] [id=20076]
  0x000001e0c5b73f20 GCTaskThread "GC Thread#5" [stack: 0x0000004cddc00000,0x0000004cddd00000] [id=5148]
  0x000001e0c5b90020 GCTaskThread "GC Thread#6" [stack: 0x0000004cddd00000,0x0000004cdde00000] [id=25300]
  0x000001e0c5b902e0 GCTaskThread "GC Thread#7" [stack: 0x0000004cdde00000,0x0000004cddf00000] [id=14816]
  0x000001e0c617b560 GCTaskThread "GC Thread#8" [stack: 0x0000004cddb00000,0x0000004cddc00000] [id=21912]
  0x000001e0c617bc30 GCTaskThread "GC Thread#9" [stack: 0x0000004cddf00000,0x0000004cde000000] [id=5436]
  0x000001e0ebcf1e50 ConcurrentGCThread "G1 Main Marker" [stack: 0x0000004cdc500000,0x0000004cdc600000] [id=6828]
  0x000001e0ebcf3770 ConcurrentGCThread "G1 Conc#0" [stack: 0x0000004cdc600000,0x0000004cdc700000] [id=8676]
  0x000001e0c61769e0 ConcurrentGCThread "G1 Conc#1" [stack: 0x0000004cde000000,0x0000004cde100000] [id=3436]
  0x000001e0c61be050 ConcurrentGCThread "G1 Conc#2" [stack: 0x0000004cde100000,0x0000004cde200000] [id=23460]
  0x000001e0ebd3e810 ConcurrentGCThread "G1 Refine#0" [stack: 0x0000004cdc700000,0x0000004cdc800000] [id=16220]
  0x000001e0ffa8f220 ConcurrentGCThread "G1 Service" [stack: 0x0000004cdc800000,0x0000004cdc900000] [id=16824]

Threads with active compile tasks:
C1 CompilerThread2     7677 4526       1       com.sun.crypto.provider.GaloisCounterMode$GCMDecrypt::doFinal (512 bytes)

VM state: at safepoint (normal execution)

VM Mutex/Monitor currently owned by a thread:  ([mutex/lock_event])
[0x000001e0ebc75850] Threads_lock - owner thread: 0x000001e0ffbe2f20
[0x000001e0ebc82c30] Heap_lock - owner thread: 0x000001e0ebc84fa0

Heap address: 0x0000000085200000, size: 1966 MB, Compressed Oops mode: 32-bit

CDS archive(s) mapped at: [0x000001e080000000-0x000001e080bd0000-0x000001e080bd0000), size 12386304, SharedBaseAddress: 0x000001e080000000, ArchiveRelocationMode: 1.
Compressed class space mapped at: 0x000001e081000000-0x000001e0c1000000, reserved size: 1073741824
Narrow klass base: 0x000001e080000000, Narrow klass shift: 0, Narrow klass range: 0x100000000

GC Precious Log:
 CPUs: 12 total, 12 available
 Memory: 7863M
 Large Page Support: Disabled
 NUMA Support: Disabled
 Compressed Oops: Enabled (32-bit)
 Heap Region Size: 1M
 Heap Min Capacity: 8M
 Heap Initial Capacity: 124M
 Heap Max Capacity: 1966M
 Pre-touch: Disabled
 Parallel Workers: 10
 Concurrent Workers: 3
 Concurrent Refinement Workers: 10
 Periodic GC: Disabled

Heap:
 garbage-first heap   total 58368K, used 23549K [0x0000000085200000, 0x0000000100000000)
  region size 1024K, 4 young (4096K), 4 survivors (4096K)
 Metaspace       used 44484K, committed 44928K, reserved 1114112K
  class space    used 6248K, committed 6464K, reserved 1048576K

Heap Regions: E=young(eden), S=young(survivor), O=old, HS=humongous(starts), HC=humongous(continues), CS=collection set, F=free, OA=open archive, CA=closed archive, TAMS=top-at-mark-start (previous, next)
|   0|0x0000000085200000, 0x0000000085300000, 0x0000000085300000|100%|HS|  |TAMS 0x0000000085300000, 0x0000000085200000| Complete 
|   1|0x0000000085300000, 0x0000000085400000, 0x0000000085400000|100%| O|  |TAMS 0x0000000085400000, 0x0000000085300000| Untracked 
|   2|0x0000000085400000, 0x0000000085500000, 0x0000000085500000|100%| O|  |TAMS 0x0000000085500000, 0x0000000085400000| Untracked 
|   3|0x0000000085500000, 0x0000000085600000, 0x0000000085600000|100%| O|  |TAMS 0x0000000085600000, 0x0000000085500000| Untracked 
|   4|0x0000000085600000, 0x0000000085700000, 0x0000000085700000|100%| O|  |TAMS 0x0000000085700000, 0x0000000085600000| Untracked 
|   5|0x0000000085700000, 0x0000000085800000, 0x0000000085800000|100%| O|  |TAMS 0x0000000085800000, 0x0000000085700000| Untracked 
|   6|0x0000000085800000, 0x0000000085900000, 0x0000000085900000|100%| O|  |TAMS 0x0000000085900000, 0x0000000085800000| Untracked 
|   7|0x0000000085900000, 0x0000000085a00000, 0x0000000085a00000|100%| O|  |TAMS 0x0000000085a00000, 0x0000000085900000| Untracked 
|   8|0x0000000085a00000, 0x0000000085b00000, 0x0000000085b00000|100%| O|  |TAMS 0x0000000085b00000, 0x0000000085a00000| Untracked 
|   9|0x0000000085b00000, 0x0000000085c00000, 0x0000000085c00000|100%| O|  |TAMS 0x0000000085c00000, 0x0000000085b00000| Untracked 
|  10|0x0000000085c00000, 0x0000000085d00000, 0x0000000085d00000|100%| O|  |TAMS 0x0000000085d00000, 0x0000000085c00000| Untracked 
|  11|0x0000000085d00000, 0x0000000085e00000, 0x0000000085e00000|100%| O|  |TAMS 0x0000000085e00000, 0x0000000085d00000| Untracked 
|  12|0x0000000085e00000, 0x0000000085f00000, 0x0000000085f00000|100%| O|  |TAMS 0x0000000085f00000, 0x0000000085e00000| Untracked 
|  13|0x0000000085f00000, 0x0000000086000000, 0x0000000086000000|100%| O|  |TAMS 0x0000000086000000, 0x0000000085f00000| Untracked 
|  14|0x0000000086000000, 0x00000000860ff600, 0x0000000086100000| 99%| O|  |TAMS 0x0000000086000000, 0x0000000086000000| Untracked 
|  15|0x0000000086100000, 0x0000000086200000, 0x0000000086200000|100%| O|  |TAMS 0x0000000086200000, 0x0000000086100000| Untracked 
|  16|0x0000000086200000, 0x0000000086300000, 0x0000000086300000|100%| O|  |TAMS 0x0000000086300000, 0x0000000086200000| Untracked 
|  17|0x0000000086300000, 0x0000000086400000, 0x0000000086400000|100%| O|  |TAMS 0x0000000086400000, 0x0000000086300000| Untracked 
|  18|0x0000000086400000, 0x0000000086500000, 0x0000000086500000|100%| O|  |TAMS 0x0000000086442800, 0x0000000086400000| Untracked 
|  19|0x0000000086500000, 0x0000000086500000, 0x0000000086600000|  0%| F|  |TAMS 0x0000000086500000, 0x0000000086500000| Untracked 
|  20|0x0000000086600000, 0x0000000086600000, 0x0000000086700000|  0%| F|  |TAMS 0x0000000086600000, 0x0000000086600000| Untracked 
|  21|0x0000000086700000, 0x0000000086700000, 0x0000000086800000|  0%| F|  |TAMS 0x0000000086700000, 0x0000000086700000| Untracked 
|  22|0x0000000086800000, 0x0000000086800000, 0x0000000086900000|  0%| F|  |TAMS 0x0000000086800000, 0x0000000086800000| Untracked 
|  23|0x0000000086900000, 0x0000000086900000, 0x0000000086a00000|  0%| F|  |TAMS 0x0000000086900000, 0x0000000086900000| Untracked 
|  24|0x0000000086a00000, 0x0000000086a00000, 0x0000000086b00000|  0%| F|  |TAMS 0x0000000086a00000, 0x0000000086a00000| Untracked 
|  25|0x0000000086b00000, 0x0000000086b00000, 0x0000000086c00000|  0%| F|  |TAMS 0x0000000086b00000, 0x0000000086b00000| Untracked 
|  26|0x0000000086c00000, 0x0000000086c00000, 0x0000000086d00000|  0%| F|  |TAMS 0x0000000086c00000, 0x0000000086c00000| Untracked 
|  27|0x0000000086d00000, 0x0000000086e00000, 0x0000000086e00000|100%| S|CS|TAMS 0x0000000086d00000, 0x0000000086d00000| Complete 
|  28|0x0000000086e00000, 0x0000000086f00000, 0x0000000086f00000|100%| S|CS|TAMS 0x0000000086e00000, 0x0000000086e00000| Complete 
|  29|0x0000000086f00000, 0x0000000087000000, 0x0000000087000000|100%| S|CS|TAMS 0x0000000086f00000, 0x0000000086f00000| Complete 
|  30|0x0000000087000000, 0x0000000087100000, 0x0000000087100000|100%| S|CS|TAMS 0x0000000087000000, 0x0000000087000000| Complete 
|  31|0x0000000087100000, 0x0000000087100000, 0x0000000087200000|  0%| F|  |TAMS 0x0000000087100000, 0x0000000087100000| Untracked 
|  32|0x0000000087200000, 0x0000000087200000, 0x0000000087300000|  0%| F|  |TAMS 0x0000000087200000, 0x0000000087200000| Untracked 
|  33|0x0000000087300000, 0x0000000087300000, 0x0000000087400000|  0%| F|  |TAMS 0x0000000087300000, 0x0000000087300000| Untracked 
|  34|0x0000000087400000, 0x0000000087400000, 0x0000000087500000|  0%| F|  |TAMS 0x0000000087400000, 0x0000000087400000| Untracked 
|  35|0x0000000087500000, 0x0000000087500000, 0x0000000087600000|  0%| F|  |TAMS 0x0000000087500000, 0x0000000087500000| Untracked 
|  36|0x0000000087600000, 0x0000000087600000, 0x0000000087700000|  0%| F|  |TAMS 0x0000000087600000, 0x0000000087600000| Untracked 
|  37|0x0000000087700000, 0x0000000087700000, 0x0000000087800000|  0%| F|  |TAMS 0x0000000087700000, 0x0000000087700000| Untracked 
|  38|0x0000000087800000, 0x0000000087800000, 0x0000000087900000|  0%| F|  |TAMS 0x0000000087800000, 0x0000000087800000| Untracked 
|  39|0x0000000087900000, 0x0000000087900000, 0x0000000087a00000|  0%| F|  |TAMS 0x0000000087900000, 0x0000000087900000| Untracked 
|  40|0x0000000087a00000, 0x0000000087a00000, 0x0000000087b00000|  0%| F|  |TAMS 0x0000000087a00000, 0x0000000087a00000| Untracked 
|  41|0x0000000087b00000, 0x0000000087b00000, 0x0000000087c00000|  0%| F|  |TAMS 0x0000000087b00000, 0x0000000087b00000| Untracked 
|  42|0x0000000087c00000, 0x0000000087c00000, 0x0000000087d00000|  0%| F|  |TAMS 0x0000000087c00000, 0x0000000087c00000| Untracked 
|  43|0x0000000087d00000, 0x0000000087d00000, 0x0000000087e00000|  0%| F|  |TAMS 0x0000000087d00000, 0x0000000087d00000| Untracked 
|  44|0x0000000087e00000, 0x0000000087e00000, 0x0000000087f00000|  0%| F|  |TAMS 0x0000000087e00000, 0x0000000087e00000| Untracked 
|  45|0x0000000087f00000, 0x0000000087f00000, 0x0000000088000000|  0%| F|  |TAMS 0x0000000087f00000, 0x0000000087f00000| Untracked 
|  46|0x0000000088000000, 0x0000000088000000, 0x0000000088100000|  0%| F|  |TAMS 0x0000000088000000, 0x0000000088000000| Untracked 
|  47|0x0000000088100000, 0x0000000088100000, 0x0000000088200000|  0%| F|  |TAMS 0x0000000088100000, 0x0000000088100000| Untracked 
|  48|0x0000000088200000, 0x0000000088200000, 0x0000000088300000|  0%| F|  |TAMS 0x0000000088200000, 0x0000000088200000| Untracked 
|  49|0x0000000088300000, 0x0000000088300000, 0x0000000088400000|  0%| F|  |TAMS 0x0000000088300000, 0x0000000088300000| Untracked 
|  50|0x0000000088400000, 0x0000000088400000, 0x0000000088500000|  0%| F|  |TAMS 0x0000000088400000, 0x0000000088400000| Untracked 
|  51|0x0000000088500000, 0x0000000088500000, 0x0000000088600000|  0%| F|  |TAMS 0x0000000088500000, 0x0000000088500000| Untracked 
|  52|0x0000000088600000, 0x0000000088600000, 0x0000000088700000|  0%| F|  |TAMS 0x0000000088600000, 0x0000000088600000| Untracked 
|  53|0x0000000088700000, 0x0000000088700000, 0x0000000088800000|  0%| F|  |TAMS 0x0000000088700000, 0x0000000088700000| Untracked 
|  54|0x0000000088800000, 0x0000000088800000, 0x0000000088900000|  0%| F|  |TAMS 0x0000000088800000, 0x0000000088800000| Untracked 
| 118|0x000000008c800000, 0x000000008c800000, 0x000000008c900000|  0%| F|  |TAMS 0x000000008c800000, 0x000000008c800000| Untracked 
| 123|0x000000008cd00000, 0x000000008cd00000, 0x000000008ce00000|  0%| F|  |TAMS 0x000000008cd00000, 0x000000008cd00000| Untracked 

Card table byte_map: [0x000001e0f89e0000,0x000001e0f8dc0000] _byte_map_base: 0x000001e0f85b7000

Marking Bits (Prev, Next): (CMBitMap*) 0x000001e0ebce1f60, (CMBitMap*) 0x000001e0ebce1fa0
 Prev Bits: [0x000001e0f91a0000, 0x000001e0fb058000)
 Next Bits: [0x000001e0fb060000, 0x000001e0fcf18000)

Polling page: 0x000001e0eb9d0000

Metaspace:

Usage:
  Non-class:     37.34 MB used.
      Class:      6.10 MB used.
       Both:     43.44 MB used.

Virtual space:
  Non-class space:       64.00 MB reserved,      37.56 MB ( 59%) committed,  1 nodes.
      Class space:        1.00 GB reserved,       6.31 MB ( <1%) committed,  1 nodes.
             Both:        1.06 GB reserved,      43.88 MB (  4%) committed. 

Chunk freelists:
   Non-Class:  10.19 MB
       Class:  9.69 MB
        Both:  19.88 MB

MaxMetaspaceSize: unlimited
CompressedClassSpaceSize: 1.00 GB
Initial GC threshold: 21.00 MB
Current GC threshold: 58.69 MB
CDS: on
MetaspaceReclaimPolicy: balanced
 - commit_granule_bytes: 65536.
 - commit_granule_words: 8192.
 - virtual_space_node_default_size: 8388608.
 - enlarge_chunks_in_place: 1.
 - new_chunks_are_fully_committed: 0.
 - uncommit_free_chunks: 1.
 - use_allocation_guard: 0.
 - handle_deallocations: 1.


Internal statistics:

num_allocs_failed_limit: 6.
num_arena_births: 576.
num_arena_deaths: 0.
num_vsnodes_births: 2.
num_vsnodes_deaths: 0.
num_space_committed: 702.
num_space_uncommitted: 0.
num_chunks_returned_to_freelist: 6.
num_chunks_taken_from_freelist: 2130.
num_chunk_merges: 6.
num_chunk_splits: 1526.
num_chunks_enlarged: 1167.
num_inconsistent_stats: 0.

CodeCache: size=49152Kb used=9481Kb max_used=9481Kb free=39670Kb
 bounds [0x000001e0f4af0000, 0x000001e0f5440000, 0x000001e0f7af0000]
 total_blobs=5103 nmethods=4525 adapters=503
 compilation: enabled
              stopped_count=0, restarted_count=0
 full_count=0

Compilation events (20 events):
Event: 6.219 Thread 0x000001e0ffc08c60 4517   !   1       java.security.MessageDigest$Delegate::of (84 bytes)
Event: 6.219 Thread 0x000001e0c50eb270 nmethod 4516 0x000001e0f542c790 code [0x000001e0f542c920, 0x000001e0f542cb38]
Event: 6.219 Thread 0x000001e0c50eb270 4518       1       sun.security.ssl.Record::putBytes8 (43 bytes)
Event: 6.220 Thread 0x000001e0c50eb270 nmethod 4518 0x000001e0f542cc10 code [0x000001e0f542ce20, 0x000001e0f542d308]
Event: 6.220 Thread 0x000001e0ffc08c60 nmethod 4517 0x000001e0f542d590 code [0x000001e0f542d780, 0x000001e0f542ddb8]
Event: 6.220 Thread 0x000001e0c50ee790 4519       1       java.util.Formatter$FixedString::index (3 bytes)
Event: 6.220 Thread 0x000001e0c50ee790 nmethod 4519 0x000001e0f542e010 code [0x000001e0f542e1a0, 0x000001e0f542e278]
Event: 6.222 Thread 0x000001e0c50eb270 4520   !   1       java.lang.String::encodeWithEncoder (307 bytes)
Event: 6.224 Thread 0x000001e0c50ee790 4521       1       com.mysql.cj.protocol.a.PacketSplitter::getPacketLen (5 bytes)
Event: 6.225 Thread 0x000001e0c50ee790 nmethod 4521 0x000001e0f542e310 code [0x000001e0f542e4a0, 0x000001e0f542e578]
Event: 6.226 Thread 0x000001e0c50eb270 nmethod 4520 0x000001e0f542e610 code [0x000001e0f542e920, 0x000001e0f542fc88]
Event: 6.227 Thread 0x000001e0c50eb270 4522   !   1       com.mysql.cj.protocol.a.NativeProtocol::readMessage (85 bytes)
Event: 6.228 Thread 0x000001e0c50ee790 4523       1       java.nio.charset.CharsetDecoder::<init> (10 bytes)
Event: 6.228 Thread 0x000001e0ffc08c60 4524       1       java.nio.charset.CharsetDecoder::<init> (100 bytes)
Event: 6.228 Thread 0x000001e0c50ee790 nmethod 4523 0x000001e0f5430890 code [0x000001e0f5430a20, 0x000001e0f5430b08]
Event: 6.228 Thread 0x000001e0c50ee790 4525       1       java.nio.charset.CharsetDecoder::replaceWith (68 bytes)
Event: 6.228 Thread 0x000001e0ffc08c60 nmethod 4524 0x000001e0f5430b90 code [0x000001e0f5430d80, 0x000001e0f5431218]
Event: 6.229 Thread 0x000001e0c50ee790 nmethod 4525 0x000001e0f5431390 code [0x000001e0f5431560, 0x000001e0f54318d8]
Event: 6.229 Thread 0x000001e0c50ee790 4526       1       com.sun.crypto.provider.GaloisCounterMode$GCMDecrypt::doFinal (512 bytes)
Event: 6.229 Thread 0x000001e0c50eb270 nmethod 4522 0x000001e0f5431a90 code [0x000001e0f5431c80, 0x000001e0f5432068]

GC Heap History (19 events):
Event: 0.649 GC heap before
{Heap before GC invocations=0 (full 0):
 garbage-first heap   total 126976K, used 24576K [0x0000000085200000, 0x0000000100000000)
  region size 1024K, 23 young (23552K), 0 survivors (0K)
 Metaspace       used 5219K, committed 5376K, reserved 1114112K
  class space    used 705K, committed 768K, reserved 1048576K
}
Event: 0.660 GC heap after
{Heap after GC invocations=1 (full 0):
 garbage-first heap   total 126976K, used 7168K [0x0000000085200000, 0x0000000100000000)
  region size 1024K, 3 young (3072K), 3 survivors (3072K)
 Metaspace       used 5219K, committed 5376K, reserved 1114112K
  class space    used 705K, committed 768K, reserved 1048576K
}
Event: 1.112 GC heap before
{Heap before GC invocations=1 (full 0):
 garbage-first heap   total 126976K, used 34816K [0x0000000085200000, 0x0000000100000000)
  region size 1024K, 30 young (30720K), 3 survivors (3072K)
 Metaspace       used 10517K, committed 10816K, reserved 1114112K
  class space    used 1572K, committed 1728K, reserved 1048576K
}
Event: 1.116 GC heap after
{Heap after GC invocations=2 (full 0):
 garbage-first heap   total 126976K, used 9227K [0x0000000085200000, 0x0000000100000000)
  region size 1024K, 2 young (2048K), 2 survivors (2048K)
 Metaspace       used 10517K, committed 10816K, reserved 1114112K
  class space    used 1572K, committed 1728K, reserved 1048576K
}
Event: 1.861 GC heap before
{Heap before GC invocations=2 (full 0):
 garbage-first heap   total 126976K, used 77835K [0x0000000085200000, 0x0000000100000000)
  region size 1024K, 70 young (71680K), 2 survivors (2048K)
 Metaspace       used 20816K, committed 21120K, reserved 1114112K
  class space    used 2889K, committed 3008K, reserved 1048576K
}
Event: 1.870 GC heap after
{Heap after GC invocations=3 (full 0):
 garbage-first heap   total 126976K, used 14830K [0x0000000085200000, 0x0000000100000000)
  region size 1024K, 8 young (8192K), 8 survivors (8192K)
 Metaspace       used 20816K, committed 21120K, reserved 1114112K
  class space    used 2889K, committed 3008K, reserved 1048576K
}
Event: 1.917 GC heap before
{Heap before GC invocations=3 (full 0):
 garbage-first heap   total 126976K, used 18926K [0x0000000085200000, 0x0000000100000000)
  region size 1024K, 13 young (13312K), 8 survivors (8192K)
 Metaspace       used 21261K, committed 21504K, reserved 1114112K
  class space    used 2945K, committed 3072K, reserved 1048576K
}
Event: 1.927 GC heap after
{Heap after GC invocations=4 (full 0):
 garbage-first heap   total 126976K, used 15639K [0x0000000085200000, 0x0000000100000000)
  region size 1024K, 1 young (1024K), 1 survivors (1024K)
 Metaspace       used 21261K, committed 21504K, reserved 1114112K
  class space    used 2945K, committed 3072K, reserved 1048576K
}
Event: 2.442 GC heap before
{Heap before GC invocations=5 (full 0):
 garbage-first heap   total 58368K, used 48407K [0x0000000085200000, 0x0000000100000000)
  region size 1024K, 34 young (34816K), 1 survivors (1024K)
 Metaspace       used 25845K, committed 26176K, reserved 1114112K
  class space    used 3673K, committed 3840K, reserved 1048576K
}
Event: 2.447 GC heap after
{Heap after GC invocations=6 (full 0):
 garbage-first heap   total 58368K, used 17687K [0x0000000085200000, 0x0000000100000000)
  region size 1024K, 3 young (3072K), 3 survivors (3072K)
 Metaspace       used 25845K, committed 26176K, reserved 1114112K
  class space    used 3673K, committed 3840K, reserved 1048576K
}
Event: 2.459 GC heap before
{Heap before GC invocations=6 (full 0):
 garbage-first heap   total 58368K, used 18711K [0x0000000085200000, 0x0000000100000000)
  region size 1024K, 4 young (4096K), 3 survivors (3072K)
 Metaspace       used 25895K, committed 26240K, reserved 1114112K
  class space    used 3683K, committed 3840K, reserved 1048576K
}
Event: 2.463 GC heap after
{Heap after GC invocations=7 (full 0):
 garbage-first heap   total 58368K, used 18198K [0x0000000085200000, 0x0000000100000000)
  region size 1024K, 1 young (1024K), 1 survivors (1024K)
 Metaspace       used 25895K, committed 26240K, reserved 1114112K
  class space    used 3683K, committed 3840K, reserved 1048576K
}
Event: 2.932 GC heap before
{Heap before GC invocations=7 (full 0):
 garbage-first heap   total 58368K, used 41750K [0x0000000085200000, 0x0000000100000000)
  region size 1024K, 24 young (24576K), 1 survivors (1024K)
 Metaspace       used 29698K, committed 30144K, reserved 1114112K
  class space    used 4211K, committed 4416K, reserved 1048576K
}
Event: 2.936 GC heap after
{Heap after GC invocations=8 (full 0):
 garbage-first heap   total 58368K, used 19552K [0x0000000085200000, 0x0000000100000000)
  region size 1024K, 2 young (2048K), 2 survivors (2048K)
 Metaspace       used 29698K, committed 30144K, reserved 1114112K
  class space    used 4211K, committed 4416K, reserved 1048576K
}
Event: 3.868 GC heap before
{Heap before GC invocations=8 (full 0):
 garbage-first heap   total 58368K, used 42080K [0x0000000085200000, 0x0000000100000000)
  region size 1024K, 25 young (25600K), 2 survivors (2048K)
 Metaspace       used 33726K, committed 34176K, reserved 1114112K
  class space    used 4805K, committed 4992K, reserved 1048576K
}
Event: 3.875 GC heap after
{Heap after GC invocations=9 (full 0):
 garbage-first heap   total 58368K, used 20527K [0x0000000085200000, 0x0000000100000000)
  region size 1024K, 3 young (3072K), 3 survivors (3072K)
 Metaspace       used 33726K, committed 34176K, reserved 1114112K
  class space    used 4805K, committed 4992K, reserved 1048576K
}
Event: 4.440 GC heap before
{Heap before GC invocations=9 (full 0):
 garbage-first heap   total 58368K, used 28719K [0x0000000085200000, 0x0000000100000000)
  region size 1024K, 12 young (12288K), 3 survivors (3072K)
 Metaspace       used 35546K, committed 35968K, reserved 1114112K
  class space    used 5119K, committed 5312K, reserved 1048576K
}
Event: 4.445 GC heap after
{Heap after GC invocations=10 (full 0):
 garbage-first heap   total 58368K, used 21009K [0x0000000085200000, 0x0000000100000000)
  region size 1024K, 2 young (2048K), 2 survivors (2048K)
 Metaspace       used 35546K, committed 35968K, reserved 1114112K
  class space    used 5119K, committed 5312K, reserved 1048576K
}
Event: 6.230 GC heap before
{Heap before GC invocations=11 (full 0):
 garbage-first heap   total 58368K, used 45585K [0x0000000085200000, 0x0000000100000000)
  region size 1024K, 26 young (26624K), 2 survivors (2048K)
 Metaspace       used 44484K, committed 44928K, reserved 1114112K
  class space    used 6248K, committed 6464K, reserved 1048576K
}

Deoptimization events (4 events):
Event: 5.654 Thread 0x000001e0ebc84fa0 DEOPT PACKING pc=0x000001e0f4f84d81 sp=0x0000004cdc3fd6b0
Event: 5.654 Thread 0x000001e0ebc84fa0 DEOPT UNPACKING pc=0x000001e0f4b42b43 sp=0x0000004cdc3fcb40 mode 3
Event: 5.654 Thread 0x000001e0c6550300 DEOPT PACKING pc=0x000001e0f4f6dd17 sp=0x0000004cde7feff0
Event: 5.654 Thread 0x000001e0c6550300 DEOPT UNPACKING pc=0x000001e0f4b42b43 sp=0x0000004cde7fe448 mode 3

Classes unloaded (0 events):
No events

Classes redefined (0 events):
No events

Internal exceptions (20 events):
Event: 2.474 Thread 0x000001e0ebc84fa0 Exception <a 'java/lang/IncompatibleClassChangeError'{0x000000008880d5f8}: Found class java.lang.Object, but interface was expected> (0x000000008880d5f8) 
thrown [s\open\src\hotspot\share\interpreter\linkResolver.cpp, line 826]
Event: 2.474 Thread 0x000001e0ebc84fa0 Exception <a 'java/lang/NoSuchMethodError'{0x000000008881e130}: 'int java.lang.invoke.DirectMethodHandle$Holder.invokeSpecialIFC(java.lang.Object, java.lang.Object, java.lang.Object)'> (0x000000008881e130) 
thrown [s\open\src\hotspot\share\interpreter\linkResolver.cpp, line 759]
Event: 2.474 Thread 0x000001e0ebc84fa0 Exception <a 'java/lang/NoSuchMethodError'{0x000000008882c588}: 'void java.lang.invoke.DirectMethodHandle$Holder.invokeStatic(java.lang.Object, int, java.lang.Object)'> (0x000000008882c588) 
thrown [s\open\src\hotspot\share\interpreter\linkResolver.cpp, line 759]
Event: 2.477 Thread 0x000001e0ebc84fa0 Exception <a 'java/lang/NoSuchMethodError'{0x00000000888685c8}: 'void java.lang.invoke.DirectMethodHandle$Holder.invokeVirtual(java.lang.Object, java.lang.Object, int)'> (0x00000000888685c8) 
thrown [s\open\src\hotspot\share\interpreter\linkResolver.cpp, line 759]
Event: 2.477 Thread 0x000001e0ebc84fa0 Exception <a 'java/lang/NoSuchMethodError'{0x000000008886e880}: 'void java.lang.invoke.DirectMethodHandle$Holder.invokeStatic(java.lang.Object, java.lang.Object, java.lang.Object, int, java.lang.Object)'> (0x000000008886e880) 
thrown [s\open\src\hotspot\share\interpreter\linkResolver.cpp, line 759]
Event: 2.477 Thread 0x000001e0ebc84fa0 Exception <a 'java/lang/NoSuchMethodError'{0x0000000088875d88}: 'java.lang.Object java.lang.invoke.DirectMethodHandle$Holder.newInvokeSpecial(java.lang.Object, java.lang.Object, java.lang.Object, int)'> (0x0000000088875d88) 
thrown [s\open\src\hotspot\share\interpreter\linkResolver.cpp, line 759]
Event: 2.477 Thread 0x000001e0ebc84fa0 Exception <a 'java/lang/NoSuchMethodError'{0x000000008887a070}: 'java.lang.Object java.lang.invoke.DirectMethodHandle$Holder.invokeSpecial(java.lang.Object, java.lang.Object, java.lang.Object, java.lang.Object, int)'> (0x000000008887a070) 
thrown [s\open\src\hotspot\share\interpreter\linkResolver.cpp, line 759]
Event: 2.477 Thread 0x000001e0ebc84fa0 Exception <a 'java/lang/NoSuchMethodError'{0x000000008887dc38}: 'java.lang.Object java.lang.invoke.Invokers$Holder.linkToTargetMethod(java.lang.Object, java.lang.Object, int, java.lang.Object)'> (0x000000008887dc38) 
thrown [s\open\src\hotspot\share\interpreter\linkResolver.cpp, line 759]
Event: 2.531 Thread 0x000001e0ebc84fa0 Exception <a 'java/lang/NoSuchMethodError'{0x0000000088238f88}: 'java.lang.Object java.lang.invoke.DirectMethodHandle$Holder.invokeStaticInit(java.lang.Object, int, int, int, int)'> (0x0000000088238f88) 
thrown [s\open\src\hotspot\share\interpreter\linkResolver.cpp, line 759]
Event: 2.612 Thread 0x000001e0ebc84fa0 Exception <a 'java/lang/NoSuchMethodError'{0x000000008829d330}: 'java.lang.Object java.lang.invoke.DirectMethodHandle$Holder.invokeStaticInit(java.lang.Object, java.lang.Object, int, int, int, int)'> (0x000000008829d330) 
thrown [s\open\src\hotspot\share\interpreter\linkResolver.cpp, line 759]
Event: 2.736 Thread 0x000001e0ebc84fa0 Exception <a 'java/lang/NoSuchMethodError'{0x0000000087d9f960}: 'java.lang.Object java.lang.invoke.DirectMethodHandle$Holder.invokeSpecial(java.lang.Object, java.lang.Object, long, java.lang.Object, java.lang.Object, java.lang.Object, java.lang.Object, java.lang.Object, java.lang.Object)'> (0x0000000087d9f960) 
thrown [s\open\src\hotspot\share\interpreter\linkResolver.cpp, line 759]
Event: 2.736 Thread 0x000001e0ebc84fa0 Exception <a 'java/lang/NoSuchMethodError'{0x0000000087da4488}: 'java.lang.Object java.lang.invoke.DelegatingMethodHandle$Holder.reinvoke_L(java.lang.Object, long, java.lang.Object, java.lang.Object, java.lang.Object, java.lang.Object, java.lang.Object, java.lang.Object)'> (0x0000000087da4488) 
thrown [s\open\src\hotspot\share\interpreter\linkResolver.cpp, line 759]
Event: 2.798 Thread 0x000001e0ebc84fa0 Exception <a 'java/io/FileNotFoundException'{0x0000000087b133b8}> (0x0000000087b133b8) 
thrown [s\open\src\hotspot\share\prims\jni.cpp, line 516]
Event: 2.822 Thread 0x000001e0ebc84fa0 Exception <a 'java/lang/NoSuchMethodError'{0x0000000087aea248}: 'int java.lang.invoke.DirectMethodHandle$Holder.invokeInterface(java.lang.Object, java.lang.Object, java.lang.Object, java.lang.Object)'> (0x0000000087aea248) 
thrown [s\open\src\hotspot\share\interpreter\linkResolver.cpp, line 759]
Event: 2.876 Thread 0x000001e0ebc84fa0 Exception <a 'java/lang/NoSuchMethodError'{0x0000000087696288}: 'long java.lang.invoke.DirectMethodHandle$Holder.invokeVirtual(java.lang.Object, java.lang.Object)'> (0x0000000087696288) 
thrown [s\open\src\hotspot\share\interpreter\linkResolver.cpp, line 759]
Event: 3.047 Thread 0x000001e0ebc84fa0 Exception <a 'sun/nio/fs/WindowsException'{0x00000000885e5768}> (0x00000000885e5768) 
thrown [s\open\src\hotspot\share\prims\jni.cpp, line 516]
Event: 4.477 Thread 0x000001e0ebc84fa0 Exception <a 'java/lang/NoSuchMethodError'{0x000000008cd3ed18}: 'int java.lang.invoke.DirectMethodHandle$Holder.invokeStatic(java.lang.Object)'> (0x000000008cd3ed18) 
thrown [s\open\src\hotspot\share\interpreter\linkResolver.cpp, line 759]
Event: 4.937 Thread 0x000001e0ebc84fa0 Exception <a 'sun/nio/fs/WindowsException'{0x00000000882bd668}> (0x00000000882bd668) 
thrown [s\open\src\hotspot\share\prims\jni.cpp, line 516]
Event: 4.971 Thread 0x000001e0ebc84fa0 Exception <a 'java/lang/NoSuchMethodError'{0x00000000882e0778}: 'int java.lang.invoke.DirectMethodHandle$Holder.invokeStaticInit(java.lang.Object, java.lang.Object, java.lang.Object, java.lang.Object)'> (0x00000000882e0778) 
thrown [s\open\src\hotspot\share\interpreter\linkResolver.cpp, line 759]
Event: 5.993 Thread 0x000001e0ebc84fa0 Exception <a 'java/lang/NoSuchMethodError'{0x00000000877f27a0}: 'java.lang.Object java.lang.invoke.DirectMethodHandle$Holder.invokeStaticInit(java.lang.Object, java.lang.Object, java.lang.Object, java.lang.Object)'> (0x00000000877f27a0) 
thrown [s\open\src\hotspot\share\interpreter\linkResolver.cpp, line 759]

VM Operations (20 events):
Event: 2.961 Executing VM operation: HandshakeAllThreads done
Event: 3.867 Executing VM operation: G1CollectForAllocation
Event: 3.877 Executing VM operation: G1CollectForAllocation done
Event: 4.440 Executing VM operation: CollectForMetadataAllocation
Event: 4.445 Executing VM operation: CollectForMetadataAllocation done
Event: 4.462 Executing VM operation: G1Concurrent
Event: 4.467 Executing VM operation: G1Concurrent done
Event: 4.476 Executing VM operation: G1Concurrent
Event: 4.476 Executing VM operation: G1Concurrent done
Event: 4.825 Executing VM operation: HandshakeAllThreads
Event: 4.825 Executing VM operation: HandshakeAllThreads done
Event: 4.826 Executing VM operation: HandshakeAllThreads
Event: 4.827 Executing VM operation: HandshakeAllThreads done
Event: 4.941 Executing VM operation: HandshakeAllThreads
Event: 4.941 Executing VM operation: HandshakeAllThreads done
Event: 4.956 Executing VM operation: HandshakeAllThreads
Event: 4.956 Executing VM operation: HandshakeAllThreads done
Event: 5.391 Executing VM operation: HandshakeAllThreads
Event: 5.391 Executing VM operation: HandshakeAllThreads done
Event: 6.230 Executing VM operation: G1CollectForAllocation

Events (20 events):
Event: 5.647 Thread 0x000001e0c6550300 Thread added: 0x000001e0c6550300
Event: 5.649 loading class java/util/concurrent/ThreadPoolExecutor$CallerRunsPolicy
Event: 5.650 loading class java/util/concurrent/ThreadPoolExecutor$CallerRunsPolicy done
Event: 5.651 loading class java/util/concurrent/atomic/AtomicReferenceFieldUpdater
Event: 5.652 loading class java/util/concurrent/atomic/AtomicReferenceFieldUpdater done
Event: 5.652 loading class java/util/concurrent/atomic/AtomicReferenceFieldUpdater$AtomicReferenceFieldUpdaterImpl
Event: 5.653 loading class java/util/concurrent/atomic/AtomicReferenceFieldUpdater$AtomicReferenceFieldUpdaterImpl done
Event: 5.653 loading class java/util/concurrent/atomic/AtomicReferenceFieldUpdater$AtomicReferenceFieldUpdaterImpl$1
Event: 5.653 loading class java/util/concurrent/atomic/AtomicReferenceFieldUpdater$AtomicReferenceFieldUpdaterImpl$1 done
Event: 5.681 loading class java/util/TimerTask
Event: 5.682 loading class java/util/TimerTask done
Event: 5.758 Thread 0x000001e0c654df90 Thread added: 0x000001e0c654df90
Event: 5.923 loading class java/util/regex/Pattern$1MatcherIterator
Event: 5.924 loading class java/util/regex/Pattern$1MatcherIterator done
Event: 5.988 loading class java/lang/StringIndexOutOfBoundsException
Event: 5.989 loading class java/lang/StringIndexOutOfBoundsException done
Event: 5.989 loading class java/io/CharArrayWriter
Event: 5.990 loading class java/io/CharArrayWriter done
Event: 6.014 loading class jdk/internal/reflect/UnsafeQualifiedStaticIntegerFieldAccessorImpl
Event: 6.015 loading class jdk/internal/reflect/UnsafeQualifiedStaticIntegerFieldAccessorImpl done


Dynamic libraries:
0x00007ff6cc380000 - 0x00007ff6cc390000 	C:\Program Files\Java\jdk-17\bin\java.exe
0x00007ffbc99a0000 - 0x00007ffbc9c06000 	C:\WINDOWS\SYSTEM32\ntdll.dll
0x00007ffbc8660000 - 0x00007ffbc8729000 	C:\WINDOWS\System32\KERNEL32.DLL
0x00007ffbc7210000 - 0x00007ffbc760e000 	C:\WINDOWS\System32\KERNELBASE.dll
0x00007ffbc6d70000 - 0x00007ffbc6ebc000 	C:\WINDOWS\System32\ucrtbase.dll
0x00007ffb97130000 - 0x00007ffb97149000 	C:\Program Files\Java\jdk-17\bin\jli.dll
0x00007ffb97150000 - 0x00007ffb9716b000 	C:\Program Files\Java\jdk-17\bin\VCRUNTIME140.dll
0x00007ffbc7c20000 - 0x00007ffbc7cd7000 	C:\WINDOWS\System32\ADVAPI32.dll
0x00007ffbc82a0000 - 0x00007ffbc8349000 	C:\WINDOWS\System32\msvcrt.dll
0x00007ffbc7750000 - 0x00007ffbc77fa000 	C:\WINDOWS\System32\sechost.dll
0x00007ffbc8350000 - 0x00007ffbc8468000 	C:\WINDOWS\System32\RPCRT4.dll
0x00007ffbc8840000 - 0x00007ffbc8a07000 	C:\WINDOWS\System32\USER32.dll
0x00007ffbc6bc0000 - 0x00007ffbc6be7000 	C:\WINDOWS\System32\win32u.dll
0x00007ffbc7de0000 - 0x00007ffbc7e0b000 	C:\WINDOWS\System32\GDI32.dll
0x00007ffba1b50000 - 0x00007ffba1de2000 	C:\WINDOWS\WinSxS\amd64_microsoft.windows.common-controls_6595b64144ccf1df_6.0.26100.8875_none_3e0d5d42e32fe9dd\COMCTL32.dll
0x00007ffbc7050000 - 0x00007ffbc717a000 	C:\WINDOWS\System32\gdi32full.dll
0x00007ffbc7620000 - 0x00007ffbc76c3000 	C:\WINDOWS\System32\msvcp_win.dll
0x00007ffbb3810000 - 0x00007ffbb381b000 	C:\WINDOWS\SYSTEM32\VERSION.dll
0x00007ffbc8740000 - 0x00007ffbc8772000 	C:\WINDOWS\System32\IMM32.DLL
0x00007ffbbcb50000 - 0x00007ffbbcb5c000 	C:\Program Files\Java\jdk-17\bin\vcruntime140_1.dll
0x00007ffb3f120000 - 0x00007ffb3f1ae000 	C:\Program Files\Java\jdk-17\bin\msvcp140.dll
0x00007ffb09950000 - 0x00007ffb0a530000 	C:\Program Files\Java\jdk-17\bin\server\jvm.dll
0x00007ffbc8730000 - 0x00007ffbc8738000 	C:\WINDOWS\System32\PSAPI.DLL
0x00007ffbc0c80000 - 0x00007ffbc0c8a000 	C:\WINDOWS\SYSTEM32\WSOCK32.dll
0x00007ffbbe4c0000 - 0x00007ffbbe4f6000 	C:\WINDOWS\SYSTEM32\WINMM.dll
0x00007ffbc7920000 - 0x00007ffbc79a0000 	C:\WINDOWS\System32\WS2_32.dll
0x00007ffbc58a0000 - 0x00007ffbc58bb000 	C:\WINDOWS\SYSTEM32\kernel.appcore.dll
0x00007ffba4dd0000 - 0x00007ffba4dda000 	C:\Program Files\Java\jdk-17\bin\jimage.dll
0x00007ffbc40e0000 - 0x00007ffbc4322000 	C:\WINDOWS\SYSTEM32\DBGHELP.DLL
0x00007ffbc8cb0000 - 0x00007ffbc9033000 	C:\WINDOWS\System32\combase.dll
0x00007ffbc8470000 - 0x00007ffbc8549000 	C:\WINDOWS\System32\OLEAUT32.dll
0x00007ffba0fb0000 - 0x00007ffba0feb000 	C:\WINDOWS\SYSTEM32\dbgcore.DLL
0x00007ffbc6cb0000 - 0x00007ffbc6d5c000 	C:\WINDOWS\System32\bcryptPrimitives.dll
0x00007ffb969a0000 - 0x00007ffb969c5000 	C:\Program Files\Java\jdk-17\bin\java.dll
0x00007ffb337b0000 - 0x00007ffb33887000 	C:\Program Files\Java\jdk-17\bin\jsvml.dll
0x00007ffbc9040000 - 0x00007ffbc97d2000 	C:\WINDOWS\System32\SHELL32.dll
0x00007ffbc44b0000 - 0x00007ffbc4d42000 	C:\WINDOWS\SYSTEM32\windows.storage.dll
0x00007ffbc7ce0000 - 0x00007ffbc7dd7000 	C:\WINDOWS\System32\SHCORE.dll
0x00007ffbc85f0000 - 0x00007ffbc8657000 	C:\WINDOWS\System32\shlwapi.dll
0x00007ffbc6ae0000 - 0x00007ffbc6b09000 	C:\WINDOWS\SYSTEM32\profapi.dll
0x00007ffb8cb50000 - 0x00007ffb8cb69000 	C:\Program Files\Java\jdk-17\bin\net.dll
0x00007ffbbe030000 - 0x00007ffbbe157000 	C:\WINDOWS\SYSTEM32\WINHTTP.dll
0x00007ffbc5e50000 - 0x00007ffbc5ebc000 	C:\WINDOWS\system32\mswsock.dll
0x00007ffb89e40000 - 0x00007ffb89e56000 	C:\Program Files\Java\jdk-17\bin\nio.dll
0x00007ffb87fd0000 - 0x00007ffb87fe8000 	C:\Program Files\Java\jdk-17\bin\zip.dll
0x00007ffba0ca0000 - 0x00007ffba0cae000 	C:\Program Files\Java\jdk-17\bin\sunmscapi.dll
0x00007ffbc6ed0000 - 0x00007ffbc7048000 	C:\WINDOWS\System32\CRYPT32.dll
0x00007ffbc6390000 - 0x00007ffbc63c0000 	C:\WINDOWS\SYSTEM32\ncrypt.dll
0x00007ffbc6340000 - 0x00007ffbc637f000 	C:\WINDOWS\SYSTEM32\NTASN1.dll
0x00007ffbc6170000 - 0x00007ffbc618b000 	C:\WINDOWS\SYSTEM32\CRYPTSP.dll
0x00007ffbc5800000 - 0x00007ffbc5839000 	C:\WINDOWS\system32\rsaenh.dll
0x00007ffbc5f10000 - 0x00007ffbc5f42000 	C:\WINDOWS\SYSTEM32\USERENV.dll
0x00007ffbc6ab0000 - 0x00007ffbc6ada000 	C:\WINDOWS\SYSTEM32\bcrypt.dll
0x00007ffbc6150000 - 0x00007ffbc615c000 	C:\WINDOWS\SYSTEM32\CRYPTBASE.dll
0x00007ffbc5280000 - 0x00007ffbc52b3000 	C:\WINDOWS\SYSTEM32\IPHLPAPI.DLL
0x00007ffbc8bb0000 - 0x00007ffbc8bba000 	C:\WINDOWS\System32\NSI.dll
0x00007ffbbe2e0000 - 0x00007ffbbe2fd000 	C:\WINDOWS\SYSTEM32\dhcpcsvc6.DLL
0x00007ffbbe2a0000 - 0x00007ffbbe2c5000 	C:\WINDOWS\SYSTEM32\dhcpcsvc.DLL
0x00007ffbc5320000 - 0x00007ffbc5476000 	C:\WINDOWS\SYSTEM32\DNSAPI.dll
0x00007ffbc5be0000 - 0x00007ffbc5bed000 	C:\WINDOWS\SYSTEM32\DSPARSE.dll
0x00007ffb96b50000 - 0x00007ffb96b5a000 	C:\Program Files\Java\jdk-17\bin\management.dll
0x00007ffb8cb40000 - 0x00007ffb8cb4b000 	C:\Program Files\Java\jdk-17\bin\management_ext.dll
0x00007ffba4cf0000 - 0x00007ffba4d00000 	C:\Program Files\Java\jdk-17\bin\verify.dll
0x00007ffbbacf0000 - 0x00007ffbbacfb000 	C:\Windows\System32\rasadhlp.dll
0x00007ffbbe430000 - 0x00007ffbbe4b6000 	C:\WINDOWS\System32\fwpuclnt.dll

dbghelp: loaded successfully - version: 4.0.5 - missing functions: none
symbol engine: initialized successfully - sym options: 0x614 - pdb path: .;C:\Program Files\Java\jdk-17\bin;C:\WINDOWS\SYSTEM32;C:\WINDOWS\WinSxS\amd64_microsoft.windows.common-controls_6595b64144ccf1df_6.0.26100.8875_none_3e0d5d42e32fe9dd;C:\Program Files\Java\jdk-17\bin\server

VM Arguments:
jvm_args: -XX:TieredStopAtLevel=1 
java_command: com.example.demo.DemoApplication
java_class_path (initial): C:\Users\devad\AppData\Local\amypo\workspace\14008_9002_1_14326\backend\target\classes;C:\Users\devad\.m2\repository\org\springframework\boot\spring-boot\3.2.5\spring-boot-3.2.5.jar;C:\Users\devad\.m2\repository\org\springframework\boot\spring-boot-autoconfigure\3.2.5\spring-boot-autoconfigure-3.2.5.jar;C:\Users\devad\.m2\repository\ch\qos\logback\logback-classic\1.4.14\logback-classic-1.4.14.jar;C:\Users\devad\.m2\repository\ch\qos\logback\logback-core\1.4.14\logback-core-1.4.14.jar;C:\Users\devad\.m2\repository\org\apache\logging\log4j\log4j-to-slf4j\2.21.1\log4j-to-slf4j-2.21.1.jar;C:\Users\devad\.m2\repository\org\apache\logging\log4j\log4j-api\2.21.1\log4j-api-2.21.1.jar;C:\Users\devad\.m2\repository\org\slf4j\jul-to-slf4j\2.0.13\jul-to-slf4j-2.0.13.jar;C:\Users\devad\.m2\repository\jakarta\annotation\jakarta.annotation-api\2.1.1\jakarta.annotation-api-2.1.1.jar;C:\Users\devad\.m2\repository\org\yaml\snakeyaml\2.2\snakeyaml-2.2.jar;C:\Users\devad\.m2\repository\com\fasterxml\jackson\datatype\jackson-datatype-jdk8\2.15.4\jackson-datatype-jdk8-2.15.4.jar;C:\Users\devad\.m2\repository\com\fasterxml\jackson\datatype\jackson-datatype-jsr310\2.15.4\jackson-datatype-jsr310-2.15.4.jar;C:\Users\devad\.m2\repository\com\fasterxml\jackson\module\jackson-module-parameter-names\2.15.4\jackson-module-parameter-names-2.15.4.jar;C:\Users\devad\.m2\repository\org\apache\tomcat\embed\tomcat-embed-core\10.1.20\tomcat-embed-core-10.1.20.jar;C:\Users\devad\.m2\repository\org\apache\tomcat\embed\tomcat-embed-websocket\10.1.20\tomcat-embed-websocket-10.1.20.jar;C:\Users\devad\.m2\repository\org\springframework\spring-web\6.1.6\spring-web-6.1.6.jar;C:\Users\devad\.m2\repository\org\springframework\spring-webmvc\6.1.6\spring-webmvc-6.1.6.jar;C:\Users\devad\.m2\repository\org\springdoc\springdoc-openapi-starter-webmvc-ui\2.5.0\springdoc-openapi-starter-webmvc-ui-2.5.0.jar;C:\Users\devad\.m2\repository\org\springdoc\springdoc-openapi-starter-webmvc-api\2.5.0\
Launcher Type: SUN_STANDARD

[Global flags]
     intx CICompilerCount                          = 4                                         {product} {ergonomic}
     uint ConcGCThreads                            = 3                                         {product} {ergonomic}
     uint G1ConcRefinementThreads                  = 10                                        {product} {ergonomic}
   size_t G1HeapRegionSize                         = 1048576                                   {product} {ergonomic}
    uintx GCDrainStackTargetSize                   = 64                                        {product} {ergonomic}
   size_t InitialHeapSize                          = 130023424                                 {product} {ergonomic}
   size_t MarkStackSize                            = 4194304                                   {product} {ergonomic}
   size_t MaxHeapSize                              = 2061500416                                {product} {ergonomic}
   size_t MaxNewSize                               = 1236271104                                {product} {ergonomic}
   size_t MinHeapDeltaBytes                        = 1048576                                   {product} {ergonomic}
   size_t MinHeapSize                              = 8388608                                   {product} {ergonomic}
    uintx NonProfiledCodeHeapSize                  = 0                                      {pd product} {ergonomic}
     bool ProfileInterpreter                       = false                                  {pd product} {command line}
    uintx ProfiledCodeHeapSize                     = 0                                      {pd product} {ergonomic}
   size_t SoftMaxHeapSize                          = 2061500416                             {manageable} {ergonomic}
     intx TieredStopAtLevel                        = 1                                         {product} {command line}
     bool UseCompressedClassPointers               = true                           {product lp64_product} {ergonomic}
     bool UseCompressedOops                        = true                           {product lp64_product} {ergonomic}
     bool UseG1GC                                  = true                                      {product} {ergonomic}
     bool UseLargePagesIndividualAllocation        = false                                  {pd product} {ergonomic}

Logging:
Log output configuration:
 #0: stdout all=warning uptime,level,tags
 #1: stderr all=off uptime,level,tags

Environment Variables:
JAVA_HOME=C:\Program Files\Java\jdk-17
PATH=C:\Program Files\WindowsApps\Microsoft.PowerShell_7.6.5.0_x64__8wekyb3d8bbwe;C:\WINDOWS\System32;C:\WINDOWS;C:\WINDOWS\System32\Wbem;C:\WINDOWS\System32\WindowsPowerShell\v1.0;C:\WINDOWS\System32\OpenSSH;C:\Program Files\Common Files\Oracle\Java\javapath;C:\windows\system32;C:\windows;C:\windows\System32\Wbem;C:\windows\System32\WindowsPowerShell\v1.0\;C:\windows\System32\OpenSSH\;C:\WINDOWS\system32;C:\WINDOWS\System32\WindowsPowerShell\v1.0\;C:\WINDOWS\System32\OpenSSH\;C:\Program Files\Cloudflare\Cloudflare WARP\;C:\Program Files\Git\cmd;C:\Program Files\nodejs\;C:\Users\devad\Downloads\apache-maven-3.9.16-bin;C:\Users\devad\Downloads\apache-maven-3.9.16-bin (2);C:\Users\devad\AppData\Local\Programs\Python\Python311\;C:\Users\devad\AppData\Local\Programs\Python\Launcher\;C:\Users\devad\AppData\Local\Microsoft\WindowsApps;C:\Users\devad\AppData\Local\Programs\Microsoft VS Code\bin;C:\Users\devad\AppData\Roaming\npm;C:\Users\devad\Downloads\apache-maven-3.9.16-bin (2)\apache-maven-3.9.16\bin;C:\Users\devad\Downloads\apache-maven-3.9.16-bin (2)\apache-maven-3.9.16;C:\Program Files\nodejs;C:\Program Files\MySQL\MySQL Server 8.0;C:\Users\devad\AppData\Local\Programs\DockerDesktop\resources\bin;C:\Program Files\Git\bin;C:\Program Files\Java\jdk-17\bin;C:\Program Files\AmypoCoder;C:\Program Files\Google\Chrome\Application;C:\WINDOWS\System32;C:\WINDOWS;C:\WINDOWS\System32\Wbem;C:\WINDOWS\System32\WindowsPowerShell\v1.0;C:\WINDOWS\System32\OpenSSH;C:\Program Files\Common Files\Oracle\Java\javapath;C:\windows\system32;C:\windows;C:\windows\System32\Wbem;C:\windows\System32\WindowsPowerShell\v1.0\;C:\windows\System32\OpenSSH\;C:\WINDOWS\system32;C:\WINDOWS\System32\WindowsPowerShell\v1.0\;C:\WINDOWS\System32\OpenSSH\;C:\Program Files\Cloudflare\Cloudflare WARP\;C:\Program Files\Git\cmd;C:\Program Files\nodejs\;C:\Users\devad\Downloads\apache-maven-3.9.16-bin;C:\Users\devad\Downloads\apache-maven-3.9.16-bin (2);C:\Users\devad\AppData\Local\Programs\Python\Python311\;C:\Us
USERNAME=devad
LANG=en_US.UTF-8
OS=Windows_NT
PROCESSOR_IDENTIFIER=Intel64 Family 6 Model 154 Stepping 4, GenuineIntel



---------------  S Y S T E M  ---------------

OS:
 Windows 11 , 64 bit Build 26100 (10.0.26100.8875)
OS uptime: 2 days 14:11 hours
Hyper-V role detected

CPU: total 12 (initial active 12) (6 cores per cpu, 2 threads per core) family 6 model 154 stepping 4 microcode 0x432, cx8, cmov, fxsr, ht, mmx, 3dnowpref, sse, sse2, sse3, ssse3, sse4.1, sse4.2, popcnt, lzcnt, tsc, tscinvbit, avx, avx2, aes, erms, clmul, bmi1, bmi2, adx, sha, fma, vzeroupper, clflush, clflushopt, clwb, hv

Memory: 4k page, system-wide physical 7863M (361M free)
TotalPageFile size 16055M (AvailPageFile size 9M)
current process WorkingSet (physical memory assigned to process): 171M, peak: 171M
current process commit charge ("private bytes"): 212M, peak: 262M

vm_info: Java HotSpot(TM) 64-Bit Server VM (17.0.12+8-LTS-286) for windows-amd64 JRE (17.0.12+8-LTS-286), built on Jun  5 2024 06:46:59 by "mach5one" with MS VC++ 17.6 (VS2022)

END.
