#
# There is insufficient memory for the Java Runtime Environment to continue.
# Native memory allocation (malloc) failed to allocate 1149776 bytes for Chunk::new
# Possible reasons:
#   The system is out of physical RAM or swap space
#   The process is running with CompressedOops enabled, and the Java Heap may be blocking the growth of the native heap
# Possible solutions:
#   Reduce memory load on the system
#   Increase physical memory or swap space
#   Check if swap backing store is full
#   Decrease Java heap size (-Xmx/-Xms)
#   Decrease number of Java threads
#   Decrease Java thread stack sizes (-Xss)
#   Set larger code cache with -XX:ReservedCodeCacheSize=
#   JVM is running with Unscaled Compressed Oops mode in which the Java heap is
#     placed in the first 4GB address space. The Java Heap base address is the
#     maximum limit for the native heap growth. Please use -XX:HeapBaseMinAddress
#     to set the Java Heap base and to place the Java Heap above 4GB virtual address.
# This output file may be truncated or incomplete.
#
#  Out of Memory Error (arena.cpp:189), pid=13372, tid=20396
#
# JRE version: Java(TM) SE Runtime Environment (17.0.12+8) (build 17.0.12+8-LTS-286)
# Java VM: Java HotSpot(TM) 64-Bit Server VM (17.0.12+8-LTS-286, mixed mode, sharing, tiered, compressed oops, compressed class ptrs, g1 gc, windows-amd64)
# No core dump will be written. Minidumps are not enabled by default on client versions of Windows
#

---------------  S U M M A R Y ------------

Command Line: --enable-native-access=ALL-UNNAMED -Dclassworlds.conf=C:\Users\devad\Downloads\apache-maven-3.9.16-bin (2)\apache-maven-3.9.16\bin\m2.conf -Dmaven.home=C:\Users\devad\Downloads\apache-maven-3.9.16-bin (2)\apache-maven-3.9.16 -Dlibrary.jansi.path=C:\Users\devad\Downloads\apache-maven-3.9.16-bin (2)\apache-maven-3.9.16\lib\jansi-native -Dmaven.multiModuleProjectDirectory=C:\Users\devad\AppData\Local\amypo\workspace\14008_9002_1_14326\backend org.codehaus.plexus.classworlds.launcher.Launcher clean test

Host: 12th Gen Intel(R) Core(TM) i5-1235U, 12 cores, 7G,  Windows 11 , 64 bit Build 26100 (10.0.26100.8875)
Time: Tue Sep  8 22:14:57 2026 India Standard Time elapsed time: 10.212071 seconds (0d 0h 0m 10s)

---------------  T H R E A D  ---------------

Current thread (0x000002137c787ad0):  JavaThread "C2 CompilerThread0" daemon [_thread_in_native, id=20396, stack(0x0000009644e00000,0x0000009644f00000)]


Current CompileTask:
C2:  10212 3506       4       org.codehaus.plexus.util.xml.Xpp3Dom::<init> (125 bytes)

Stack: [0x0000009644e00000,0x0000009644f00000]
Native frames: (J=compiled Java code, j=interpreted, Vv=VM code, C=native code)
V  [jvm.dll+0x67a04a]
V  [jvm.dll+0x7da4ed]
V  [jvm.dll+0x7dbe33]
V  [jvm.dll+0x7dc4a3]
V  [jvm.dll+0x24508f]
V  [jvm.dll+0xab773]
V  [jvm.dll+0xabd3c]
V  [jvm.dll+0x361b9f]
V  [jvm.dll+0x32c431]
V  [jvm.dll+0x32b8ca]
V  [jvm.dll+0x21683f]
V  [jvm.dll+0x215c6f]
V  [jvm.dll+0x1a2960]
V  [jvm.dll+0x22610b]
V  [jvm.dll+0x2242ab]
V  [jvm.dll+0x79075c]
V  [jvm.dll+0x78abea]
V  [jvm.dll+0x678f35]
C  [ucrtbase.dll+0x2cd30]
C  [KERNEL32.DLL+0x2e957]
C  [ntdll.dll+0xaad6c]


---------------  P R O C E S S  ---------------

Threads class SMR info:
_java_thread_list=0x000002137cf5cbe0, length=13, elements={
0x000002135e3f2b70, 0x000002137c769c40, 0x000002137c76a600, 0x000002137c780fd0,
0x000002137c781990, 0x000002137c782350, 0x000002137c782d10, 0x000002137c787ad0,
0x000002137c792230, 0x000002137c7b2630, 0x000002137c9f29a0, 0x000002137c9f84c0,
0x000002137d7c8fb0
}

Java Threads: ( => current thread )
  0x000002135e3f2b70 JavaThread "main" [_thread_in_Java, id=17536, stack(0x0000009644100000,0x0000009644200000)]
  0x000002137c769c40 JavaThread "Reference Handler" daemon [_thread_blocked, id=24648, stack(0x0000009644800000,0x0000009644900000)]
  0x000002137c76a600 JavaThread "Finalizer" daemon [_thread_blocked, id=12960, stack(0x0000009644900000,0x0000009644a00000)]
  0x000002137c780fd0 JavaThread "Signal Dispatcher" daemon [_thread_blocked, id=26248, stack(0x0000009644a00000,0x0000009644b00000)]
  0x000002137c781990 JavaThread "Attach Listener" daemon [_thread_blocked, id=8960, stack(0x0000009644b00000,0x0000009644c00000)]
  0x000002137c782350 JavaThread "Service Thread" daemon [_thread_blocked, id=2644, stack(0x0000009644c00000,0x0000009644d00000)]
  0x000002137c782d10 JavaThread "Monitor Deflation Thread" daemon [_thread_blocked, id=2276, stack(0x0000009644d00000,0x0000009644e00000)]
=>0x000002137c787ad0 JavaThread "C2 CompilerThread0" daemon [_thread_in_native, id=20396, stack(0x0000009644e00000,0x0000009644f00000)]
  0x000002137c792230 JavaThread "C1 CompilerThread0" daemon [_thread_in_vm, id=9824, stack(0x0000009644f00000,0x0000009645000000)]
  0x000002137c7b2630 JavaThread "Sweeper thread" daemon [_thread_blocked, id=6692, stack(0x0000009645000000,0x0000009645100000)]
  0x000002137c9f29a0 JavaThread "Notification Thread" daemon [_thread_blocked, id=19096, stack(0x0000009645100000,0x0000009645200000)]
  0x000002137c9f84c0 JavaThread "Common-Cleaner" daemon [_thread_blocked, id=7400, stack(0x0000009645300000,0x0000009645400000)]
  0x000002137d7c8fb0 JavaThread "Thread-1" daemon [_thread_blocked, id=8964, stack(0x0000009645b00000,0x0000009645c00000)]

Other Threads:
  0x000002137c765290 VMThread "VM Thread" [stack: 0x0000009644700000,0x0000009644800000] [id=18096]
  0x000002135e4ad060 WatcherThread [stack: 0x0000009645200000,0x0000009645300000] [id=4256]
  0x000002135e44dc70 GCTaskThread "GC Thread#0" [stack: 0x0000009644200000,0x0000009644300000] [id=2876]
  0x000002137d302160 GCTaskThread "GC Thread#1" [stack: 0x0000009645400000,0x0000009645500000] [id=13864]
  0x000002137d381bf0 GCTaskThread "GC Thread#2" [stack: 0x0000009645500000,0x0000009645600000] [id=21400]
  0x000002137d381eb0 GCTaskThread "GC Thread#3" [stack: 0x0000009645600000,0x0000009645700000] [id=14688]
  0x000002137d38a180 GCTaskThread "GC Thread#4" [stack: 0x0000009645700000,0x0000009645800000] [id=16388]
  0x000002137d38a440 GCTaskThread "GC Thread#5" [stack: 0x0000009645800000,0x0000009645900000] [id=25928]
  0x000002137d38a700 GCTaskThread "GC Thread#6" [stack: 0x0000009645900000,0x0000009645a00000] [id=21744]
  0x000002137d251920 GCTaskThread "GC Thread#7" [stack: 0x0000009645a00000,0x0000009645b00000] [id=11648]
  0x000002137d015390 GCTaskThread "GC Thread#8" [stack: 0x0000009645c00000,0x0000009645d00000] [id=21944]
  0x000002137d795ce0 GCTaskThread "GC Thread#9" [stack: 0x0000009645d00000,0x0000009645e00000] [id=17512]
  0x000002135e45e180 ConcurrentGCThread "G1 Main Marker" [stack: 0x0000009644300000,0x0000009644400000] [id=5380]
  0x000002135e460aa0 ConcurrentGCThread "G1 Conc#0" [stack: 0x0000009644400000,0x0000009644500000] [id=13236]
  0x000002137c615f40 ConcurrentGCThread "G1 Refine#0" [stack: 0x0000009644500000,0x0000009644600000] [id=22968]
  0x000002137c616710 ConcurrentGCThread "G1 Service" [stack: 0x0000009644600000,0x0000009644700000] [id=12568]

Threads with active compile tasks:
C2 CompilerThread0    10275 3506       4       org.codehaus.plexus.util.xml.Xpp3Dom::<init> (125 bytes)
C1 CompilerThread0    10275 3584       3       org.eclipse.aether.artifact.AbstractArtifact::equals (139 bytes)

VM state: not at safepoint (normal execution)

VM Mutex/Monitor currently owned by a thread:  ([mutex/lock_event])
[0x000002135c0f7910] CodeCache_lock - owner thread: 0x000002137c792230
[0x000002135e3efcc0] Compile_lock - owner thread: 0x000002137c792230

Heap address: 0x0000000085200000, size: 1966 MB, Compressed Oops mode: 32-bit

CDS archive(s) mapped at: [0x0000021300000000-0x0000021300bd0000-0x0000021300bd0000), size 12386304, SharedBaseAddress: 0x0000021300000000, ArchiveRelocationMode: 1.
Compressed class space mapped at: 0x0000021301000000-0x0000021341000000, reserved size: 1073741824
Narrow klass base: 0x0000021300000000, Narrow klass shift: 0, Narrow klass range: 0x100000000

GC Precious Log:
 CPUs: 12 total, 12 available
 Memory: 7863M
 Large Page Support: Disabled
 NUMA Support: Disabled
 Compressed Oops: Enabled (32-bit)
 Heap Region Size: 1M
 Heap Min Capacity: 8M
 Heap Initial Capacity: 124M
 Heap Max Capacity: 1966M
 Pre-touch: Disabled
 Parallel Workers: 10
 Concurrent Workers: 3
 Concurrent Refinement Workers: 10
 Periodic GC: Disabled

Heap:
 garbage-first heap   total 126976K, used 12541K [0x0000000085200000, 0x0000000100000000)
  region size 1024K, 2 young (2048K), 1 survivors (1024K)
 Metaspace       used 15314K, committed 15488K, reserved 1114112K
  class space    used 1841K, committed 1920K, reserved 1048576K

Heap Regions: E=young(eden), S=young(survivor), O=old, HS=humongous(starts), HC=humongous(continues), CS=collection set, F=free, OA=open archive, CA=closed archive, TAMS=top-at-mark-start (previous, next)
|   0|0x0000000085200000, 0x0000000085300000, 0x0000000085300000|100%| O|  |TAMS 0x0000000085200000, 0x0000000085200000| Untracked 
|   1|0x0000000085300000, 0x0000000085400000, 0x0000000085400000|100%| O|  |TAMS 0x0000000085300000, 0x0000000085300000| Untracked 
|   2|0x0000000085400000, 0x0000000085500000, 0x0000000085500000|100%| O|  |TAMS 0x0000000085400000, 0x0000000085400000| Untracked 
|   3|0x0000000085500000, 0x0000000085600000, 0x0000000085600000|100%| O|  |TAMS 0x0000000085500000, 0x0000000085500000| Untracked 
|   4|0x0000000085600000, 0x0000000085700000, 0x0000000085700000|100%| O|  |TAMS 0x0000000085600000, 0x0000000085600000| Untracked 
|   5|0x0000000085700000, 0x0000000085800000, 0x0000000085800000|100%| O|  |TAMS 0x0000000085700000, 0x0000000085700000| Untracked 
|   6|0x0000000085800000, 0x0000000085900000, 0x0000000085900000|100%| O|  |TAMS 0x0000000085800000, 0x0000000085800000| Untracked 
|   7|0x0000000085900000, 0x0000000085a00000, 0x0000000085a00000|100%| O|  |TAMS 0x0000000085900000, 0x0000000085900000| Untracked 
|   8|0x0000000085a00000, 0x0000000085b00000, 0x0000000085b00000|100%| O|  |TAMS 0x0000000085a00000, 0x0000000085a00000| Untracked 
|   9|0x0000000085b00000, 0x0000000085c00000, 0x0000000085c00000|100%| O|  |TAMS 0x0000000085b00000, 0x0000000085b00000| Untracked 
|  10|0x0000000085c00000, 0x0000000085d00000, 0x0000000085d00000|100%| O|  |TAMS 0x0000000085c00000, 0x0000000085c00000| Untracked 
|  11|0x0000000085d00000, 0x0000000085d85200, 0x0000000085e00000| 52%| O|  |TAMS 0x0000000085d00000, 0x0000000085d00000| Untracked 
|  12|0x0000000085e00000, 0x0000000085e00000, 0x0000000085f00000|  0%| F|  |TAMS 0x0000000085e00000, 0x0000000085e00000| Untracked 
|  13|0x0000000085f00000, 0x0000000085f00000, 0x0000000086000000|  0%| F|  |TAMS 0x0000000085f00000, 0x0000000085f00000| Untracked 
|  14|0x0000000086000000, 0x0000000086000000, 0x0000000086100000|  0%| F|  |TAMS 0x0000000086000000, 0x0000000086000000| Untracked 
|  15|0x0000000086100000, 0x0000000086100000, 0x0000000086200000|  0%| F|  |TAMS 0x0000000086100000, 0x0000000086100000| Untracked 
|  16|0x0000000086200000, 0x0000000086200000, 0x0000000086300000|  0%| F|  |TAMS 0x0000000086200000, 0x0000000086200000| Untracked 
|  17|0x0000000086300000, 0x0000000086300000, 0x0000000086400000|  0%| F|  |TAMS 0x0000000086300000, 0x0000000086300000| Untracked 
|  18|0x0000000086400000, 0x0000000086400000, 0x0000000086500000|  0%| F|  |TAMS 0x0000000086400000, 0x0000000086400000| Untracked 
|  19|0x0000000086500000, 0x0000000086500000, 0x0000000086600000|  0%| F|  |TAMS 0x0000000086500000, 0x0000000086500000| Untracked 
|  20|0x0000000086600000, 0x0000000086600000, 0x0000000086700000|  0%| F|  |TAMS 0x0000000086600000, 0x0000000086600000| Untracked 
|  21|0x0000000086700000, 0x0000000086700000, 0x0000000086800000|  0%| F|  |TAMS 0x0000000086700000, 0x0000000086700000| Untracked 
|  22|0x0000000086800000, 0x0000000086800000, 0x0000000086900000|  0%| F|  |TAMS 0x0000000086800000, 0x0000000086800000| Untracked 
|  23|0x0000000086900000, 0x0000000086900000, 0x0000000086a00000|  0%| F|  |TAMS 0x0000000086900000, 0x0000000086900000| Untracked 
|  24|0x0000000086a00000, 0x0000000086a00000, 0x0000000086b00000|  0%| F|  |TAMS 0x0000000086a00000, 0x0000000086a00000| Untracked 
|  25|0x0000000086b00000, 0x0000000086b00000, 0x0000000086c00000|  0%| F|  |TAMS 0x0000000086b00000, 0x0000000086b00000| Untracked 
|  26|0x0000000086c00000, 0x0000000086c00000, 0x0000000086d00000|  0%| F|  |TAMS 0x0000000086c00000, 0x0000000086c00000| Untracked 
|  27|0x0000000086d00000, 0x0000000086d00000, 0x0000000086e00000|  0%| F|  |TAMS 0x0000000086d00000, 0x0000000086d00000| Untracked 
|  28|0x0000000086e00000, 0x0000000086e00000, 0x0000000086f00000|  0%| F|  |TAMS 0x0000000086e00000, 0x0000000086e00000| Untracked 
|  29|0x0000000086f00000, 0x0000000086f00000, 0x0000000087000000|  0%| F|  |TAMS 0x0000000086f00000, 0x0000000086f00000| Untracked 
|  30|0x0000000087000000, 0x0000000087000000, 0x0000000087100000|  0%| F|  |TAMS 0x0000000087000000, 0x0000000087000000| Untracked 
|  31|0x0000000087100000, 0x0000000087100000, 0x0000000087200000|  0%| F|  |TAMS 0x0000000087100000, 0x0000000087100000| Untracked 
|  32|0x0000000087200000, 0x0000000087200000, 0x0000000087300000|  0%| F|  |TAMS 0x0000000087200000, 0x0000000087200000| Untracked 
|  33|0x0000000087300000, 0x0000000087300000, 0x0000000087400000|  0%| F|  |TAMS 0x0000000087300000, 0x0000000087300000| Untracked 
|  34|0x0000000087400000, 0x0000000087400000, 0x0000000087500000|  0%| F|  |TAMS 0x0000000087400000, 0x0000000087400000| Untracked 
|  35|0x0000000087500000, 0x0000000087500000, 0x0000000087600000|  0%| F|  |TAMS 0x0000000087500000, 0x0000000087500000| Untracked 
|  36|0x0000000087600000, 0x0000000087600000, 0x0000000087700000|  0%| F|  |TAMS 0x0000000087600000, 0x0000000087600000| Untracked 
|  37|0x0000000087700000, 0x0000000087700000, 0x0000000087800000|  0%| F|  |TAMS 0x0000000087700000, 0x0000000087700000| Untracked 
|  38|0x0000000087800000, 0x0000000087800000, 0x0000000087900000|  0%| F|  |TAMS 0x0000000087800000, 0x0000000087800000| Untracked 
|  39|0x0000000087900000, 0x0000000087900000, 0x0000000087a00000|  0%| F|  |TAMS 0x0000000087900000, 0x0000000087900000| Untracked 
|  40|0x0000000087a00000, 0x0000000087a00000, 0x0000000087b00000|  0%| F|  |TAMS 0x0000000087a00000, 0x0000000087a00000| Untracked 
|  41|0x0000000087b00000, 0x0000000087b00000, 0x0000000087c00000|  0%| F|  |TAMS 0x0000000087b00000, 0x0000000087b00000| Untracked 
|  42|0x0000000087c00000, 0x0000000087c00000, 0x0000000087d00000|  0%| F|  |TAMS 0x0000000087c00000, 0x0000000087c00000| Untracked 
|  43|0x0000000087d00000, 0x0000000087d00000, 0x0000000087e00000|  0%| F|  |TAMS 0x0000000087d00000, 0x0000000087d00000| Untracked 
|  44|0x0000000087e00000, 0x0000000087e00000, 0x0000000087f00000|  0%| F|  |TAMS 0x0000000087e00000, 0x0000000087e00000| Untracked 
|  45|0x0000000087f00000, 0x0000000087f00000, 0x0000000088000000|  0%| F|  |TAMS 0x0000000087f00000, 0x0000000087f00000| Untracked 
|  46|0x0000000088000000, 0x0000000088000000, 0x0000000088100000|  0%| F|  |TAMS 0x0000000088000000, 0x0000000088000000| Untracked 
|  47|0x0000000088100000, 0x0000000088100000, 0x0000000088200000|  0%| F|  |TAMS 0x0000000088100000, 0x0000000088100000| Untracked 
|  48|0x0000000088200000, 0x0000000088200000, 0x0000000088300000|  0%| F|  |TAMS 0x0000000088200000, 0x0000000088200000| Untracked 
|  49|0x0000000088300000, 0x0000000088300000, 0x0000000088400000|  0%| F|  |TAMS 0x0000000088300000, 0x0000000088300000| Untracked 
|  50|0x0000000088400000, 0x0000000088400000, 0x0000000088500000|  0%| F|  |TAMS 0x0000000088400000, 0x0000000088400000| Untracked 
|  51|0x0000000088500000, 0x0000000088500000, 0x0000000088600000|  0%| F|  |TAMS 0x0000000088500000, 0x0000000088500000| Untracked 
|  52|0x0000000088600000, 0x0000000088600000, 0x0000000088700000|  0%| F|  |TAMS 0x0000000088600000, 0x0000000088600000| Untracked 
|  53|0x0000000088700000, 0x0000000088700000, 0x0000000088800000|  0%| F|  |TAMS 0x0000000088700000, 0x0000000088700000| Untracked 
|  54|0x0000000088800000, 0x0000000088800000, 0x0000000088900000|  0%| F|  |TAMS 0x0000000088800000, 0x0000000088800000| Untracked 
|  55|0x0000000088900000, 0x0000000088900000, 0x0000000088a00000|  0%| F|  |TAMS 0x0000000088900000, 0x0000000088900000| Untracked 
|  56|0x0000000088a00000, 0x0000000088a00000, 0x0000000088b00000|  0%| F|  |TAMS 0x0000000088a00000, 0x0000000088a00000| Untracked 
|  57|0x0000000088b00000, 0x0000000088b00000, 0x0000000088c00000|  0%| F|  |TAMS 0x0000000088b00000, 0x0000000088b00000| Untracked 
|  58|0x0000000088c00000, 0x0000000088c00000, 0x0000000088d00000|  0%| F|  |TAMS 0x0000000088c00000, 0x0000000088c00000| Untracked 
|  59|0x0000000088d00000, 0x0000000088d00000, 0x0000000088e00000|  0%| F|  |TAMS 0x0000000088d00000, 0x0000000088d00000| Untracked 
|  60|0x0000000088e00000, 0x0000000088e00000, 0x0000000088f00000|  0%| F|  |TAMS 0x0000000088e00000, 0x0000000088e00000| Untracked 
|  61|0x0000000088f00000, 0x0000000088f00000, 0x0000000089000000|  0%| F|  |TAMS 0x0000000088f00000, 0x0000000088f00000| Untracked 
|  62|0x0000000089000000, 0x0000000089000000, 0x0000000089100000|  0%| F|  |TAMS 0x0000000089000000, 0x0000000089000000| Untracked 
|  63|0x0000000089100000, 0x0000000089100000, 0x0000000089200000|  0%| F|  |TAMS 0x0000000089100000, 0x0000000089100000| Untracked 
|  64|0x0000000089200000, 0x0000000089200000, 0x0000000089300000|  0%| F|  |TAMS 0x0000000089200000, 0x0000000089200000| Untracked 
|  65|0x0000000089300000, 0x0000000089300000, 0x0000000089400000|  0%| F|  |TAMS 0x0000000089300000, 0x0000000089300000| Untracked 
|  66|0x0000000089400000, 0x0000000089400000, 0x0000000089500000|  0%| F|  |TAMS 0x0000000089400000, 0x0000000089400000| Untracked 
|  67|0x0000000089500000, 0x0000000089500000, 0x0000000089600000|  0%| F|  |TAMS 0x0000000089500000, 0x0000000089500000| Untracked 
|  68|0x0000000089600000, 0x0000000089600000, 0x0000000089700000|  0%| F|  |TAMS 0x0000000089600000, 0x0000000089600000| Untracked 
|  69|0x0000000089700000, 0x0000000089700000, 0x0000000089800000|  0%| F|  |TAMS 0x0000000089700000, 0x0000000089700000| Untracked 
|  70|0x0000000089800000, 0x0000000089800000, 0x0000000089900000|  0%| F|  |TAMS 0x0000000089800000, 0x0000000089800000| Untracked 
|  71|0x0000000089900000, 0x0000000089900000, 0x0000000089a00000|  0%| F|  |TAMS 0x0000000089900000, 0x0000000089900000| Untracked 
|  72|0x0000000089a00000, 0x0000000089a00000, 0x0000000089b00000|  0%| F|  |TAMS 0x0000000089a00000, 0x0000000089a00000| Untracked 
|  73|0x0000000089b00000, 0x0000000089b00000, 0x0000000089c00000|  0%| F|  |TAMS 0x0000000089b00000, 0x0000000089b00000| Untracked 
|  74|0x0000000089c00000, 0x0000000089c00000, 0x0000000089d00000|  0%| F|  |TAMS 0x0000000089c00000, 0x0000000089c00000| Untracked 
|  75|0x0000000089d00000, 0x0000000089d00000, 0x0000000089e00000|  0%| F|  |TAMS 0x0000000089d00000, 0x0000000089d00000| Untracked 
|  76|0x0000000089e00000, 0x0000000089e00000, 0x0000000089f00000|  0%| F|  |TAMS 0x0000000089e00000, 0x0000000089e00000| Untracked 
|  77|0x0000000089f00000, 0x0000000089f00000, 0x000000008a000000|  0%| F|  |TAMS 0x0000000089f00000, 0x0000000089f00000| Untracked 
|  78|0x000000008a000000, 0x000000008a000000, 0x000000008a100000|  0%| F|  |TAMS 0x000000008a000000, 0x000000008a000000| Untracked 
|  79|0x000000008a100000, 0x000000008a100000, 0x000000008a200000|  0%| F|  |TAMS 0x000000008a100000, 0x000000008a100000| Untracked 
|  80|0x000000008a200000, 0x000000008a200000, 0x000000008a300000|  0%| F|  |TAMS 0x000000008a200000, 0x000000008a200000| Untracked 
|  81|0x000000008a300000, 0x000000008a300000, 0x000000008a400000|  0%| F|  |TAMS 0x000000008a300000, 0x000000008a300000| Untracked 
|  82|0x000000008a400000, 0x000000008a400000, 0x000000008a500000|  0%| F|  |TAMS 0x000000008a400000, 0x000000008a400000| Untracked 
|  83|0x000000008a500000, 0x000000008a500000, 0x000000008a600000|  0%| F|  |TAMS 0x000000008a500000, 0x000000008a500000| Untracked 
|  84|0x000000008a600000, 0x000000008a600000, 0x000000008a700000|  0%| F|  |TAMS 0x000000008a600000, 0x000000008a600000| Untracked 
|  85|0x000000008a700000, 0x000000008a700000, 0x000000008a800000|  0%| F|  |TAMS 0x000000008a700000, 0x000000008a700000| Untracked 
|  86|0x000000008a800000, 0x000000008a800000, 0x000000008a900000|  0%| F|  |TAMS 0x000000008a800000, 0x000000008a800000| Untracked 
|  87|0x000000008a900000, 0x000000008a900000, 0x000000008aa00000|  0%| F|  |TAMS 0x000000008a900000, 0x000000008a900000| Untracked 
|  88|0x000000008aa00000, 0x000000008aa00000, 0x000000008ab00000|  0%| F|  |TAMS 0x000000008aa00000, 0x000000008aa00000| Untracked 
|  89|0x000000008ab00000, 0x000000008ab00000, 0x000000008ac00000|  0%| F|  |TAMS 0x000000008ab00000, 0x000000008ab00000| Untracked 
|  90|0x000000008ac00000, 0x000000008ac00000, 0x000000008ad00000|  0%| F|  |TAMS 0x000000008ac00000, 0x000000008ac00000| Untracked 
|  91|0x000000008ad00000, 0x000000008ad00000, 0x000000008ae00000|  0%| F|  |TAMS 0x000000008ad00000, 0x000000008ad00000| Untracked 
|  92|0x000000008ae00000, 0x000000008ae00000, 0x000000008af00000|  0%| F|  |TAMS 0x000000008ae00000, 0x000000008ae00000| Untracked 
|  93|0x000000008af00000, 0x000000008af00000, 0x000000008b000000|  0%| F|  |TAMS 0x000000008af00000, 0x000000008af00000| Untracked 
|  94|0x000000008b000000, 0x000000008b000000, 0x000000008b100000|  0%| F|  |TAMS 0x000000008b000000, 0x000000008b000000| Untracked 
|  95|0x000000008b100000, 0x000000008b100000, 0x000000008b200000|  0%| F|  |TAMS 0x000000008b100000, 0x000000008b100000| Untracked 
|  96|0x000000008b200000, 0x000000008b200000, 0x000000008b300000|  0%| F|  |TAMS 0x000000008b200000, 0x000000008b200000| Untracked 
|  97|0x000000008b300000, 0x000000008b300000, 0x000000008b400000|  0%| F|  |TAMS 0x000000008b300000, 0x000000008b300000| Untracked 
|  98|0x000000008b400000, 0x000000008b400000, 0x000000008b500000|  0%| F|  |TAMS 0x000000008b400000, 0x000000008b400000| Untracked 
|  99|0x000000008b500000, 0x000000008b500000, 0x000000008b600000|  0%| F|  |TAMS 0x000000008b500000, 0x000000008b500000| Untracked 
| 100|0x000000008b600000, 0x000000008b600000, 0x000000008b700000|  0%| F|  |TAMS 0x000000008b600000, 0x000000008b600000| Untracked 
| 101|0x000000008b700000, 0x000000008b700000, 0x000000008b800000|  0%| F|  |TAMS 0x000000008b700000, 0x000000008b700000| Untracked 
| 102|0x000000008b800000, 0x000000008b800000, 0x000000008b900000|  0%| F|  |TAMS 0x000000008b800000, 0x000000008b800000| Untracked 
| 103|0x000000008b900000, 0x000000008b900000, 0x000000008ba00000|  0%| F|  |TAMS 0x000000008b900000, 0x000000008b900000| Untracked 
| 104|0x000000008ba00000, 0x000000008ba00000, 0x000000008bb00000|  0%| F|  |TAMS 0x000000008ba00000, 0x000000008ba00000| Untracked 
| 105|0x000000008bb00000, 0x000000008bb00000, 0x000000008bc00000|  0%| F|  |TAMS 0x000000008bb00000, 0x000000008bb00000| Untracked 
| 106|0x000000008bc00000, 0x000000008bc00000, 0x000000008bd00000|  0%| F|  |TAMS 0x000000008bc00000, 0x000000008bc00000| Untracked 
| 107|0x000000008bd00000, 0x000000008bd00000, 0x000000008be00000|  0%| F|  |TAMS 0x000000008bd00000, 0x000000008bd00000| Untracked 
| 108|0x000000008be00000, 0x000000008be00000, 0x000000008bf00000|  0%| F|  |TAMS 0x000000008be00000, 0x000000008be00000| Untracked 
| 109|0x000000008bf00000, 0x000000008bf00000, 0x000000008c000000|  0%| F|  |TAMS 0x000000008bf00000, 0x000000008bf00000| Untracked 
| 110|0x000000008c000000, 0x000000008c000000, 0x000000008c100000|  0%| F|  |TAMS 0x000000008c000000, 0x000000008c000000| Untracked 
| 111|0x000000008c100000, 0x000000008c100000, 0x000000008c200000|  0%| F|  |TAMS 0x000000008c100000, 0x000000008c100000| Untracked 
| 112|0x000000008c200000, 0x000000008c200000, 0x000000008c300000|  0%| F|  |TAMS 0x000000008c200000, 0x000000008c200000| Untracked 
| 113|0x000000008c300000, 0x000000008c300000, 0x000000008c400000|  0%| F|  |TAMS 0x000000008c300000, 0x000000008c300000| Untracked 
| 114|0x000000008c400000, 0x000000008c400000, 0x000000008c500000|  0%| F|  |TAMS 0x000000008c400000, 0x000000008c400000| Untracked 
| 115|0x000000008c500000, 0x000000008c500000, 0x000000008c600000|  0%| F|  |TAMS 0x000000008c500000, 0x000000008c500000| Untracked 
| 116|0x000000008c600000, 0x000000008c600000, 0x000000008c700000|  0%| F|  |TAMS 0x000000008c600000, 0x000000008c600000| Untracked 
| 117|0x000000008c700000, 0x000000008c7ba480, 0x000000008c800000| 72%| S|CS|TAMS 0x000000008c700000, 0x000000008c700000| Complete 
| 118|0x000000008c800000, 0x000000008c800000, 0x000000008c900000|  0%| F|  |TAMS 0x000000008c800000, 0x000000008c800000| Untracked 
| 119|0x000000008c900000, 0x000000008c900000, 0x000000008ca00000|  0%| F|  |TAMS 0x000000008c900000, 0x000000008c900000| Untracked 
| 120|0x000000008ca00000, 0x000000008ca00000, 0x000000008cb00000|  0%| F|  |TAMS 0x000000008ca00000, 0x000000008ca00000| Untracked 
| 121|0x000000008cb00000, 0x000000008cb00000, 0x000000008cc00000|  0%| F|  |TAMS 0x000000008cb00000, 0x000000008cb00000| Untracked 
| 122|0x000000008cc00000, 0x000000008cc00000, 0x000000008cd00000|  0%| F|  |TAMS 0x000000008cc00000, 0x000000008cc00000| Untracked 
| 123|0x000000008cd00000, 0x000000008cd32c88, 0x000000008ce00000| 19%| E|  |TAMS 0x000000008cd00000, 0x000000008cd00000| Complete 

Card table byte_map: [0x00000213755e0000,0x00000213759c0000] _byte_map_base: 0x00000213751b7000

Marking Bits (Prev, Next): (CMBitMap*) 0x000002135e44e290, (CMBitMap*) 0x000002135e44e2d0
 Prev Bits: [0x0000021375da0000, 0x0000021377c58000)
 Next Bits: [0x0000021377c60000, 0x0000021379b18000)

Polling page: 0x000002135c0b0000

Metaspace:

Usage:
  Non-class:     13.16 MB used.
      Class:      1.80 MB used.
       Both:     14.96 MB used.

Virtual space:
  Non-class space:       64.00 MB reserved,      13.25 MB ( 21%) committed,  1 nodes.
      Class space:        1.00 GB reserved,       1.88 MB ( <1%) committed,  1 nodes.
             Both:        1.06 GB reserved,      15.12 MB (  1%) committed. 

Chunk freelists:
   Non-Class:  2.11 MB
       Class:  13.95 MB
        Both:  16.06 MB

MaxMetaspaceSize: unlimited
CompressedClassSpaceSize: 1.00 GB
Initial GC threshold: 21.00 MB
Current GC threshold: 21.00 MB
CDS: on
MetaspaceReclaimPolicy: balanced
 - commit_granule_bytes: 65536.
 - commit_granule_words: 8192.
 - virtual_space_node_default_size: 8388608.
 - enlarge_chunks_in_place: 1.
 - new_chunks_are_fully_committed: 0.
 - uncommit_free_chunks: 1.
 - use_allocation_guard: 0.
 - handle_deallocations: 1.


Internal statistics:

num_allocs_failed_limit: 0.
num_arena_births: 96.
num_arena_deaths: 0.
num_vsnodes_births: 2.
num_vsnodes_deaths: 0.
num_space_committed: 242.
num_space_uncommitted: 0.
num_chunks_returned_to_freelist: 0.
num_chunks_taken_from_freelist: 651.
num_chunk_merges: 0.
num_chunk_splits: 426.
num_chunks_enlarged: 335.
num_inconsistent_stats: 0.

CodeHeap 'non-profiled nmethods': size=120000Kb used=1604Kb max_used=1604Kb free=118395Kb
 bounds [0x000002136d780000, 0x000002136d9f0000, 0x0000021374cb0000]
CodeHeap 'profiled nmethods': size=120000Kb used=7543Kb max_used=7543Kb free=112456Kb
 bounds [0x0000021365cb0000, 0x0000021366410000, 0x000002136d1e0000]
CodeHeap 'non-nmethods': size=5760Kb used=1173Kb max_used=1210Kb free=4586Kb
 bounds [0x000002136d1e0000, 0x000002136d450000, 0x000002136d780000]
 total_blobs=4041 nmethods=3579 adapters=374
 compilation: enabled
              stopped_count=0, restarted_count=0
 full_count=0

Compilation events (20 events):
Event: 9.191 Thread 0x000002137c792230 nmethod 3530 0x00000213663e8990 code [0x00000213663e8b60, 0x00000213663e8e78]
Event: 9.192 Thread 0x000002137c792230 3529       1       org.apache.maven.model.profile.DefaultProfileActivationContext::getProjectProperties (5 bytes)
Event: 9.192 Thread 0x000002137c792230 nmethod 3529 0x000002136d90e990 code [0x000002136d90eb20, 0x000002136d90ebf8]
Event: 9.192 Thread 0x000002137c792230 3531       3       java.util.Collections$SynchronizedCollection::iterator (10 bytes)
Event: 9.192 Thread 0x000002137c792230 nmethod 3531 0x00000213663e9010 code [0x00000213663e91c0, 0x00000213663e9388]
Event: 9.192 Thread 0x000002137c792230 3532       3       org.apache.maven.model.Model::getMailingLists (23 bytes)
Event: 9.192 Thread 0x000002137c792230 nmethod 3532 0x00000213663e9490 code [0x00000213663e9660, 0x00000213663e9a58]
Event: 9.199 Thread 0x000002137c792230 3533       3       java.io.BufferedInputStream::fill (203 bytes)
Event: 9.199 Thread 0x000002137c792230 nmethod 3533 0x00000213663e9b90 code [0x00000213663e9e00, 0x00000213663eaa68]
Event: 9.217 Thread 0x000002137c792230 3534       3       java.lang.AbstractStringBuilder::appendChars (130 bytes)
Event: 9.218 Thread 0x000002137c792230 nmethod 3534 0x00000213663eae10 code [0x00000213663eb000, 0x00000213663eb588]
Event: 9.237 Thread 0x000002137c792230 3535       3       java.util.regex.Pattern$BranchConn::match (11 bytes)
Event: 9.237 Thread 0x000002137c792230 nmethod 3535 0x00000213663eb810 code [0x00000213663eb9c0, 0x00000213663ebb88]
Event: 9.279 Thread 0x000002137c792230 3536       1       org.apache.maven.model.RepositoryBase::setId (6 bytes)
Event: 9.279 Thread 0x000002137c792230 nmethod 3536 0x000002136d90ec90 code [0x000002136d90ee20, 0x000002136d90ef38]
Event: 9.280 Thread 0x000002137c792230 3537       3       org.apache.maven.model.RepositoryBase::getLocation (209 bytes)
Event: 9.281 Thread 0x000002137c792230 nmethod 3537 0x00000213663ebc90 code [0x00000213663ebf40, 0x00000213663ecdb8]
Event: 9.281 Thread 0x000002137c792230 3538       3       org.apache.maven.model.Model::getProjectDirectory (19 bytes)
Event: 9.281 Thread 0x000002137c792230 nmethod 3538 0x00000213663ed010 code [0x00000213663ed1c0, 0x00000213663ed388]
Event: 9.301 Thread 0x000002137c792230 3539       3       org.apache.maven.model.io.xpp3.MavenXpp3Reader::parseDeveloper (517 bytes)

GC Heap History (8 events):
Event: 4.168 GC heap before
{Heap before GC invocations=0 (full 0):
 garbage-first heap   total 126976K, used 23552K [0x0000000085200000, 0x0000000100000000)
  region size 1024K, 23 young (23552K), 0 survivors (0K)
 Metaspace       used 5227K, committed 5376K, reserved 1114112K
  class space    used 629K, committed 704K, reserved 1048576K
}
Event: 4.171 GC heap after
{Heap after GC invocations=1 (full 0):
 garbage-first heap   total 126976K, used 3472K [0x0000000085200000, 0x0000000100000000)
  region size 1024K, 3 young (3072K), 3 survivors (3072K)
 Metaspace       used 5227K, committed 5376K, reserved 1114112K
  class space    used 629K, committed 704K, reserved 1048576K
}
Event: 4.666 GC heap before
{Heap before GC invocations=1 (full 0):
 garbage-first heap   total 126976K, used 36240K [0x0000000085200000, 0x0000000100000000)
  region size 1024K, 35 young (35840K), 3 survivors (3072K)
 Metaspace       used 7905K, committed 8064K, reserved 1114112K
  class space    used 931K, committed 1024K, reserved 1048576K
}
Event: 4.671 GC heap after
{Heap after GC invocations=2 (full 0):
 garbage-first heap   total 126976K, used 4503K [0x0000000085200000, 0x0000000100000000)
  region size 1024K, 1 young (1024K), 1 survivors (1024K)
 Metaspace       used 7905K, committed 8064K, reserved 1114112K
  class space    used 931K, committed 1024K, reserved 1048576K
}
Event: 8.038 GC heap before
{Heap before GC invocations=2 (full 0):
 garbage-first heap   total 126976K, used 79255K [0x0000000085200000, 0x0000000100000000)
  region size 1024K, 74 young (75776K), 1 survivors (1024K)
 Metaspace       used 15233K, committed 15424K, reserved 1114112K
  class space    used 1841K, committed 1920K, reserved 1048576K
}
Event: 9.064 GC heap after
{Heap after GC invocations=3 (full 0):
 garbage-first heap   total 126976K, used 11944K [0x0000000085200000, 0x0000000100000000)
  region size 1024K, 9 young (9216K), 9 survivors (9216K)
 Metaspace       used 15233K, committed 15424K, reserved 1114112K
  class space    used 1841K, committed 1920K, reserved 1048576K
}
Event: 9.145 GC heap before
{Heap before GC invocations=3 (full 0):
 garbage-first heap   total 126976K, used 12968K [0x0000000085200000, 0x0000000100000000)
  region size 1024K, 10 young (10240K), 9 survivors (9216K)
 Metaspace       used 15263K, committed 15424K, reserved 1114112K
  class space    used 1841K, committed 1920K, reserved 1048576K
}
Event: 9.153 GC heap after
{Heap after GC invocations=4 (full 0):
 garbage-first heap   total 126976K, used 12820K [0x0000000085200000, 0x0000000100000000)
  region size 1024K, 1 young (1024K), 1 survivors (1024K)
 Metaspace       used 15263K, committed 15424K, reserved 1114112K
  class space    used 1841K, committed 1920K, reserved 1048576K
}

Deoptimization events (20 events):
Event: 7.862 Thread 0x000002135e3f2b70 DEOPT PACKING pc=0x000002136d8e7158 sp=0x00000096441fda10
Event: 7.862 Thread 0x000002135e3f2b70 DEOPT UNPACKING pc=0x000002136d2323a3 sp=0x00000096441fd9c0 mode 2
Event: 7.883 Thread 0x000002135e3f2b70 Uncommon trap: trap_request=0xffffff45 fr.pc=0x000002136d8b8fbc relative=0x000000000000011c
Event: 7.883 Thread 0x000002135e3f2b70 Uncommon trap: reason=unstable_if action=reinterpret pc=0x000002136d8b8fbc method=java.util.HashMap.getNode(Ljava/lang/Object;)Ljava/util/HashMap$Node; @ 66 c2
Event: 7.883 Thread 0x000002135e3f2b70 DEOPT PACKING pc=0x000002136d8b8fbc sp=0x00000096441fda50
Event: 7.883 Thread 0x000002135e3f2b70 DEOPT UNPACKING pc=0x000002136d2323a3 sp=0x00000096441fd968 mode 2
Event: 7.883 Thread 0x000002135e3f2b70 Uncommon trap: trap_request=0xffffff45 fr.pc=0x000002136d8956bc relative=0x00000000000012dc
Event: 7.883 Thread 0x000002135e3f2b70 Uncommon trap: reason=unstable_if action=reinterpret pc=0x000002136d8956bc method=java.util.HashMap.putVal(ILjava/lang/Object;Ljava/lang/Object;ZZ)Ljava/lang/Object; @ 94 c2
Event: 7.883 Thread 0x000002135e3f2b70 DEOPT PACKING pc=0x000002136d8956bc sp=0x00000096441fd980
Event: 7.883 Thread 0x000002135e3f2b70 DEOPT UNPACKING pc=0x000002136d2323a3 sp=0x00000096441fd948 mode 2
Event: 7.883 Thread 0x000002135e3f2b70 Uncommon trap: trap_request=0xffffff45 fr.pc=0x000002136d843f30 relative=0x0000000000000110
Event: 7.883 Thread 0x000002135e3f2b70 Uncommon trap: reason=unstable_if action=reinterpret pc=0x000002136d843f30 method=java.util.HashMap.getNode(Ljava/lang/Object;)Ljava/util/HashMap$Node; @ 66 c2
Event: 7.883 Thread 0x000002135e3f2b70 DEOPT PACKING pc=0x000002136d843f30 sp=0x00000096441fd9e0
Event: 7.883 Thread 0x000002135e3f2b70 DEOPT UNPACKING pc=0x000002136d2323a3 sp=0x00000096441fd960 mode 2
Event: 8.014 Thread 0x000002135e3f2b70 Uncommon trap: trap_request=0xffffff45 fr.pc=0x000002136d8ee614 relative=0x0000000000001a94
Event: 8.014 Thread 0x000002135e3f2b70 Uncommon trap: reason=unstable_if action=reinterpret pc=0x000002136d8ee614 method=org.codehaus.plexus.util.xml.pull.MXParser.nextImpl()I @ 280 c2
Event: 8.014 Thread 0x000002135e3f2b70 DEOPT PACKING pc=0x000002136d8ee614 sp=0x00000096441fc2b0
Event: 8.014 Thread 0x000002135e3f2b70 DEOPT UNPACKING pc=0x000002136d2323a3 sp=0x00000096441fc258 mode 2
Event: 9.144 Thread 0x000002135e3f2b70 DEOPT PACKING pc=0x00000213661ad204 sp=0x00000096441fbf30
Event: 9.144 Thread 0x000002135e3f2b70 DEOPT UNPACKING pc=0x000002136d232b43 sp=0x00000096441fb488 mode 0

Classes unloaded (0 events):
No events

Classes redefined (0 events):
No events

Internal exceptions (20 events):
Event: 4.034 Thread 0x000002135e3f2b70 Exception <a 'java/lang/NoSuchMethodError'{0x000000008bda2af0}: 'void java.lang.invoke.DirectMethodHandle$Holder.invokeSpecial(java.lang.Object, java.lang.Object, java.lang.Object)'> (0x000000008bda2af0) 
thrown [s\open\src\hotspot\share\interpreter\linkResolver.cpp, line 759]
Event: 4.068 Thread 0x000002135e3f2b70 Exception <a 'java/lang/NoSuchMethodError'{0x000000008bb606f0}: 'java.lang.Object java.lang.invoke.DirectMethodHandle$Holder.invokeInterface(java.lang.Object, java.lang.Object)'> (0x000000008bb606f0) 
thrown [s\open\src\hotspot\share\interpreter\linkResolver.cpp, line 759]
Event: 4.083 Thread 0x000002135e3f2b70 Exception <a 'java/lang/NoSuchMethodError'{0x000000008ba40368}: 'java.lang.Object java.lang.invoke.Invokers$Holder.invokeExact_MT(java.lang.Object, java.lang.Object, java.lang.Object, java.lang.Object, java.lang.Object, java.lang.Object)'> (0x000000008ba40368) 
thrown [s\open\src\hotspot\share\interpreter\linkResolver.cpp, line 759]
Event: 4.085 Thread 0x000002135e3f2b70 Exception <a 'java/lang/NoSuchMethodError'{0x000000008ba517a8}: 'int java.lang.invoke.DirectMethodHandle$Holder.invokeSpecialIFC(java.lang.Object, java.lang.Object, java.lang.Object, java.lang.Object, java.lang.Object)'> (0x000000008ba517a8) 
thrown [s\open\src\hotspot\share\interpreter\linkResolver.cpp, line 759]
Event: 4.136 Thread 0x000002135e3f2b70 Exception <a 'java/lang/NoSuchMethodError'{0x000000008b886110}: 'java.lang.Object java.lang.invoke.DirectMethodHandle$Holder.newInvokeSpecial(java.lang.Object, java.lang.Object, java.lang.Object, java.lang.Object, java.lang.Object)'> (0x000000008b886110) 
thrown [s\open\src\hotspot\share\interpreter\linkResolver.cpp, line 759]
Event: 4.165 Thread 0x000002135e3f2b70 Exception <a 'java/lang/NoSuchMethodError'{0x000000008b7e9670}: 'int java.lang.invoke.DirectMethodHandle$Holder.invokeStaticInit(java.lang.Object, java.lang.Object)'> (0x000000008b7e9670) 
thrown [s\open\src\hotspot\share\interpreter\linkResolver.cpp, line 759]
Event: 4.178 Thread 0x000002135e3f2b70 Exception <a 'java/lang/NoClassDefFoundError'{0x000000008cd2f998}: javax/enterprise/inject/Typed> (0x000000008cd2f998) 
thrown [s\open\src\hotspot\share\classfile\systemDictionary.cpp, line 245]
Event: 6.532 Thread 0x000002135e3f2b70 Exception <a 'java/lang/NoSuchMethodError'{0x000000008bc754e8}: 'void java.lang.invoke.DirectMethodHandle$Holder.invokeStaticInit(java.lang.Object, java.lang.Object, java.lang.Object)'> (0x000000008bc754e8) 
thrown [s\open\src\hotspot\share\interpreter\linkResolver.cpp, line 759]
Event: 6.547 Thread 0x000002135e3f2b70 Implicit null exception at 0x000002136d83202f to 0x000002136d83218c
Event: 6.549 Thread 0x000002135e3f2b70 Exception <a 'java/lang/NoSuchMethodError'{0x000000008bcfcba8}: 'java.lang.Object java.lang.invoke.Invokers$Holder.invokeExact_MT(java.lang.Object, int, java.lang.Object)'> (0x000000008bcfcba8) 
thrown [s\open\src\hotspot\share\interpreter\linkResolver.cpp, line 759]
Event: 6.561 Thread 0x000002135e3f2b70 Exception <a 'java/lang/NoSuchMethodError'{0x000000008bb79400}: 'int java.lang.invoke.DirectMethodHandle$Holder.invokeSpecial(java.lang.Object, java.lang.Object, java.lang.Object, java.lang.Object)'> (0x000000008bb79400) 
thrown [s\open\src\hotspot\share\interpreter\linkResolver.cpp, line 759]
Event: 6.794 Thread 0x000002135e3f2b70 Exception <a 'java/lang/NoClassDefFoundError'{0x000000008b1658c8}: com/google/inject/servlet/ServletModuleTargetVisitor> (0x000000008b1658c8) 
thrown [s\open\src\hotspot\share\classfile\systemDictionary.cpp, line 245]
Event: 6.873 Thread 0x000002135e3f2b70 Exception <a 'java/lang/NoSuchMethodError'{0x000000008afcfc40}: 'java.lang.Object java.lang.invoke.DirectMethodHandle$Holder.invokeStaticInit(java.lang.Object, int, int, int, int)'> (0x000000008afcfc40) 
thrown [s\open\src\hotspot\share\interpreter\linkResolver.cpp, line 759]
Event: 6.957 Thread 0x000002135e3f2b70 Implicit null exception at 0x000002136d7a7372 to 0x000002136d7a7944
Event: 6.957 Thread 0x000002135e3f2b70 Implicit null exception at 0x000002136d7ad9f2 to 0x000002136d7adfd4
Event: 6.998 Thread 0x000002135e3f2b70 Exception <a 'java/lang/NoSuchMethodError'{0x000000008a71b388}: 'void java.lang.invoke.DirectMethodHandle$Holder.invokeSpecial(java.lang.Object, java.lang.Object, java.lang.Object, java.lang.Object, java.lang.Object)'> (0x000000008a71b388) 
thrown [s\open\src\hotspot\share\interpreter\linkResolver.cpp, line 759]
Event: 7.000 Thread 0x000002135e3f2b70 Exception <a 'java/lang/NoSuchMethodError'{0x000000008a7344b8}: 'void java.lang.invoke.DirectMethodHandle$Holder.invokeSpecial(java.lang.Object, java.lang.Object, java.lang.Object, java.lang.Object, java.lang.Object, java.lang.Object)'> (0x000000008a7344b8) 
thrown [s\open\src\hotspot\share\interpreter\linkResolver.cpp, line 759]
Event: 7.017 Thread 0x000002135e3f2b70 Exception <a 'java/lang/NoSuchMethodError'{0x000000008a650450}: 'java.lang.Object java.lang.invoke.DirectMethodHandle$Holder.invokeVirtual(java.lang.Object, java.lang.Object, java.lang.Object)'> (0x000000008a650450) 
thrown [s\open\src\hotspot\share\interpreter\linkResolver.cpp, line 759]
Event: 7.868 Thread 0x000002135e3f2b70 Exception <a 'java/lang/NoSuchMethodError'{0x0000000088919838}: 'void java.lang.invoke.DirectMethodHandle$Holder.invokeStatic(java.lang.Object, java.lang.Object, java.lang.Object, java.lang.Object)'> (0x0000000088919838) 
thrown [s\open\src\hotspot\share\interpreter\linkResolver.cpp, line 759]
Event: 7.870 Thread 0x000002135e3f2b70 Exception <a 'java/lang/NoSuchMethodError'{0x0000000088939730}: 'int java.lang.invoke.DirectMethodHandle$Holder.invokeSpecialIFC(java.lang.Object, java.lang.Object, java.lang.Object, java.lang.Object)'> (0x0000000088939730) 
thrown [s\open\src\hotspot\share\interpreter\linkResolver.cpp, line 759]

VM Operations (20 events):
Event: 6.771 Executing VM operation: HandshakeAllThreads done
Event: 6.837 Executing VM operation: HandshakeAllThreads
Event: 6.837 Executing VM operation: HandshakeAllThreads done
Event: 6.860 Executing VM operation: HandshakeAllThreads
Event: 6.860 Executing VM operation: HandshakeAllThreads done
Event: 6.932 Executing VM operation: HandshakeAllThreads
Event: 6.932 Executing VM operation: HandshakeAllThreads done
Event: 6.933 Executing VM operation: HandshakeAllThreads
Event: 6.933 Executing VM operation: HandshakeAllThreads done
Event: 7.129 Executing VM operation: ICBufferFull
Event: 7.129 Executing VM operation: ICBufferFull done
Event: 7.388 Executing VM operation: HandshakeAllThreads
Event: 7.388 Executing VM operation: HandshakeAllThreads done
Event: 7.391 Executing VM operation: ICBufferFull
Event: 7.391 Executing VM operation: ICBufferFull done
Event: 8.038 Executing VM operation: G1CollectForAllocation
Event: 9.064 Executing VM operation: G1CollectForAllocation done
Event: 9.145 Executing VM operation: G1CollectForAllocation
Event: 9.153 Executing VM operation: G1CollectForAllocation done
Event: 10.158 Executing VM operation: Cleanup

Events (20 events):
Event: 7.071 loading class sun/util/resources/LocaleData$CommonResourceBundleProvider
Event: 7.096 loading class sun/util/resources/LocaleData$LocaleDataResourceBundleProvider
Event: 7.096 loading class java/util/spi/ResourceBundleProvider
Event: 7.096 loading class java/util/spi/ResourceBundleProvider done
Event: 7.096 loading class sun/util/resources/LocaleData$LocaleDataResourceBundleProvider done
Event: 7.096 loading class sun/util/resources/LocaleData$CommonResourceBundleProvider done
Event: 7.096 loading class sun/util/resources/Bundles$2
Event: 7.096 loading class sun/util/resources/Bundles$2 done
Event: 7.137 loading class java/util/stream/Streams$RangeIntSpliterator
Event: 7.137 loading class java/util/stream/Streams$RangeIntSpliterator done
Event: 7.449 loading class java/util/stream/MatchOps$MatchKind
Event: 7.450 loading class java/util/stream/MatchOps$MatchKind done
Event: 7.450 loading class java/util/stream/MatchOps
Event: 7.450 loading class java/util/stream/MatchOps done
Event: 7.450 loading class java/util/stream/MatchOps$MatchOp
Event: 7.450 loading class java/util/stream/MatchOps$MatchOp done
Event: 7.450 loading class java/util/stream/MatchOps$BooleanTerminalSink
Event: 7.450 loading class java/util/stream/MatchOps$BooleanTerminalSink done
Event: 7.451 loading class java/util/stream/MatchOps$1MatchSink
Event: 7.451 loading class java/util/stream/MatchOps$1MatchSink done


Dynamic libraries:
0x00007ff7ca3a0000 - 0x00007ff7ca3b0000 	C:\Program Files\Java\jdk-17\bin\java.exe
0x00007fffa7bc0000 - 0x00007fffa7e26000 	C:\WINDOWS\SYSTEM32\ntdll.dll
0x00007fffa6570000 - 0x00007fffa6639000 	C:\WINDOWS\System32\KERNEL32.DLL
0x00007fffa4ff0000 - 0x00007fffa53ee000 	C:\WINDOWS\System32\KERNELBASE.dll
0x00007fffa5760000 - 0x00007fffa58ac000 	C:\WINDOWS\System32\ucrtbase.dll
0x00007fff80b30000 - 0x00007fff80b4b000 	C:\Program Files\Java\jdk-17\bin\VCRUNTIME140.dll
0x00007fff94860000 - 0x00007fff94879000 	C:\Program Files\Java\jdk-17\bin\jli.dll
0x00007fffa64b0000 - 0x00007fffa6567000 	C:\WINDOWS\System32\ADVAPI32.dll
0x00007fffa6dc0000 - 0x00007fffa6e69000 	C:\WINDOWS\System32\msvcrt.dll
0x00007fffa7580000 - 0x00007fffa762a000 	C:\WINDOWS\System32\sechost.dll
0x00007fffa7630000 - 0x00007fffa7748000 	C:\WINDOWS\System32\RPCRT4.dll
0x00007fffa78f0000 - 0x00007fffa7ab7000 	C:\WINDOWS\System32\USER32.dll
0x00007fffa58c0000 - 0x00007fffa58e7000 	C:\WINDOWS\System32\win32u.dll
0x00007fffa6d90000 - 0x00007fffa6dbb000 	C:\WINDOWS\System32\GDI32.dll
0x00007fff7ef50000 - 0x00007fff7f1e2000 	C:\WINDOWS\WinSxS\amd64_microsoft.windows.common-controls_6595b64144ccf1df_6.0.26100.8875_none_3e0d5d42e32fe9dd\COMCTL32.dll
0x00007fffa5570000 - 0x00007fffa569a000 	C:\WINDOWS\System32\gdi32full.dll
0x00007fffa5400000 - 0x00007fffa54a3000 	C:\WINDOWS\System32\msvcp_win.dll
0x00007fff917a0000 - 0x00007fff917ab000 	C:\WINDOWS\SYSTEM32\VERSION.dll
0x00007fffa6f60000 - 0x00007fffa6f92000 	C:\WINDOWS\System32\IMM32.DLL
0x00007fff819a0000 - 0x00007fff819ac000 	C:\Program Files\Java\jdk-17\bin\vcruntime140_1.dll
0x00007fff4fe40000 - 0x00007fff4fece000 	C:\Program Files\Java\jdk-17\bin\msvcp140.dll
0x00007fff010c0000 - 0x00007fff01ca0000 	C:\Program Files\Java\jdk-17\bin\server\jvm.dll
0x00007fffa6fa0000 - 0x00007fffa6fa8000 	C:\WINDOWS\System32\PSAPI.DLL
0x00007fff80b20000 - 0x00007fff80b2a000 	C:\WINDOWS\SYSTEM32\WSOCK32.dll
0x00007fff9caf0000 - 0x00007fff9cb26000 	C:\WINDOWS\SYSTEM32\WINMM.dll
0x00007fffa7310000 - 0x00007fffa7390000 	C:\WINDOWS\System32\WS2_32.dll
0x00007fffa3ac0000 - 0x00007fffa3adb000 	C:\WINDOWS\SYSTEM32\kernel.appcore.dll
0x00007fff80b10000 - 0x00007fff80b1a000 	C:\Program Files\Java\jdk-17\bin\jimage.dll
0x00007fffa2330000 - 0x00007fffa2572000 	C:\WINDOWS\SYSTEM32\DBGHELP.DLL
0x00007fffa58f0000 - 0x00007fffa5c73000 	C:\WINDOWS\System32\combase.dll
0x00007fffa6e80000 - 0x00007fffa6f59000 	C:\WINDOWS\System32\OLEAUT32.dll
0x00007fff7ec20000 - 0x00007fff7ec5b000 	C:\WINDOWS\SYSTEM32\dbgcore.DLL
0x00007fffa54b0000 - 0x00007fffa555c000 	C:\WINDOWS\System32\bcryptPrimitives.dll
0x00007fff65d00000 - 0x00007fff65d25000 	C:\Program Files\Java\jdk-17\bin\java.dll
0x00007fff4f180000 - 0x00007fff4f257000 	C:\Program Files\Java\jdk-17\bin\jsvml.dll
0x00007fffa5c80000 - 0x00007fffa6412000 	C:\WINDOWS\System32\SHELL32.dll
0x00007fffa2850000 - 0x00007fffa30e2000 	C:\WINDOWS\SYSTEM32\windows.storage.dll
0x00007fffa7120000 - 0x00007fffa7217000 	C:\WINDOWS\System32\SHCORE.dll
0x00007fffa72a0000 - 0x00007fffa7307000 	C:\WINDOWS\System32\shlwapi.dll
0x00007fffa4d00000 - 0x00007fffa4d29000 	C:\WINDOWS\SYSTEM32\profapi.dll
0x00007fff80af0000 - 0x00007fff80b09000 	C:\Program Files\Java\jdk-17\bin\net.dll
0x00007fff998e0000 - 0x00007fff99a07000 	C:\WINDOWS\SYSTEM32\WINHTTP.dll
0x00007fffa4070000 - 0x00007fffa40dc000 	C:\WINDOWS\system32\mswsock.dll
0x00007fff68120000 - 0x00007fff68136000 	C:\Program Files\Java\jdk-17\bin\nio.dll
0x00007fff65ce0000 - 0x00007fff65cf8000 	C:\Program Files\Java\jdk-17\bin\zip.dll
0x00007fff4fe10000 - 0x00007fff4fe34000 	C:\Users\devad\Downloads\apache-maven-3.9.16-bin (2)\apache-maven-3.9.16\lib\jansi-native\Windows\x86_64\jansi.dll
0x00007fff69cc0000 - 0x00007fff69cd0000 	C:\Program Files\Java\jdk-17\bin\verify.dll

dbghelp: loaded successfully - version: 4.0.5 - missing functions: none
symbol engine: initialized successfully - sym options: 0x614 - pdb path: .;C:\Program Files\Java\jdk-17\bin;C:\WINDOWS\SYSTEM32;C:\WINDOWS\WinSxS\amd64_microsoft.windows.common-controls_6595b64144ccf1df_6.0.26100.8875_none_3e0d5d42e32fe9dd;C:\Program Files\Java\jdk-17\bin\server;C:\Users\devad\Downloads\apache-maven-3.9.16-bin (2)\apache-maven-3.9.16\lib\jansi-native\Windows\x86_64

VM Arguments:
jvm_args: --enable-native-access=ALL-UNNAMED -Dclassworlds.conf=C:\Users\devad\Downloads\apache-maven-3.9.16-bin (2)\apache-maven-3.9.16\bin\m2.conf -Dmaven.home=C:\Users\devad\Downloads\apache-maven-3.9.16-bin (2)\apache-maven-3.9.16 -Dlibrary.jansi.path=C:\Users\devad\Downloads\apache-maven-3.9.16-bin (2)\apache-maven-3.9.16\lib\jansi-native -Dmaven.multiModuleProjectDirectory=C:\Users\devad\AppData\Local\amypo\workspace\14008_9002_1_14326\backend 
java_command: org.codehaus.plexus.classworlds.launcher.Launcher clean test
java_class_path (initial): C:\Users\devad\Downloads\apache-maven-3.9.16-bin (2)\apache-maven-3.9.16\boot\plexus-classworlds-2.11.0.jar
Launcher Type: SUN_STANDARD

[Global flags]
     intx CICompilerCount                          = 4                                         {product} {ergonomic}
     uint ConcGCThreads                            = 3                                         {product} {ergonomic}
     uint G1ConcRefinementThreads                  = 10                                        {product} {ergonomic}
   size_t G1HeapRegionSize                         = 1048576                                   {product} {ergonomic}
    uintx GCDrainStackTargetSize                   = 64                                        {product} {ergonomic}
   size_t InitialHeapSize                          = 130023424                                 {product} {ergonomic}
   size_t MarkStackSize                            = 4194304                                   {product} {ergonomic}
   size_t MaxHeapSize                              = 2061500416                                {product} {ergonomic}
   size_t MaxNewSize                               = 1236271104                                {product} {ergonomic}
   size_t MinHeapDeltaBytes                        = 1048576                                   {product} {ergonomic}
   size_t MinHeapSize                              = 8388608                                   {product} {ergonomic}
    uintx NonNMethodCodeHeapSize                   = 5839372                                {pd product} {ergonomic}
    uintx NonProfiledCodeHeapSize                  = 122909434                              {pd product} {ergonomic}
    uintx ProfiledCodeHeapSize                     = 122909434                              {pd product} {ergonomic}
    uintx ReservedCodeCacheSize                    = 251658240                              {pd product} {ergonomic}
     bool SegmentedCodeCache                       = true                                      {product} {ergonomic}
   size_t SoftMaxHeapSize                          = 2061500416                             {manageable} {ergonomic}
     bool UseCompressedClassPointers               = true                           {product lp64_product} {ergonomic}
     bool UseCompressedOops                        = true                           {product lp64_product} {ergonomic}
     bool UseG1GC                                  = true                                      {product} {ergonomic}
     bool UseLargePagesIndividualAllocation        = false                                  {pd product} {ergonomic}

Logging:
Log output configuration:
 #0: stdout all=warning uptime,level,tags
 #1: stderr all=off uptime,level,tags

Environment Variables:
JAVA_HOME=C:\Program Files\Java\jdk-17
PATH=C:\WINDOWS\System32;C:\WINDOWS;C:\WINDOWS\System32\Wbem;C:\WINDOWS\System32\WindowsPowerShell\v1.0;C:\WINDOWS\System32\OpenSSH;C:\Program Files\Common Files\Oracle\Java\javapath;C:\windows\system32;C:\windows;C:\windows\System32\Wbem;C:\windows\System32\WindowsPowerShell\v1.0\;C:\windows\System32\OpenSSH\;C:\WINDOWS\system32;C:\WINDOWS\System32\WindowsPowerShell\v1.0\;C:\WINDOWS\System32\OpenSSH\;C:\Program Files\Cloudflare\Cloudflare WARP\;C:\Program Files\Git\cmd;C:\Program Files\nodejs\;C:\Users\devad\Downloads\apache-maven-3.9.16-bin;C:\Users\devad\Downloads\apache-maven-3.9.16-bin (2);C:\Users\devad\AppData\Local\Programs\Python\Python311\;C:\Users\devad\AppData\Local\Programs\Python\Launcher\;C:\Users\devad\AppData\Local\Microsoft\WindowsApps;C:\Users\devad\AppData\Local\Programs\Microsoft VS Code\bin;C:\Users\devad\AppData\Roaming\npm;C:\Users\devad\Downloads\apache-maven-3.9.16-bin (2)\apache-maven-3.9.16\bin;C:\Users\devad\Downloads\apache-maven-3.9.16-bin (2)\apache-maven-3.9.16;C:\Program Files\nodejs;C:\Program Files\MySQL\MySQL Server 8.0;C:\Users\devad\AppData\Local\Programs\DockerDesktop\resources\bin;C:\Program Files\Git\bin;C:\Program Files\Java\jdk-17\bin;C:\Program Files\AmypoCoder;C:\Program Files\Google\Chrome\Application
USERNAME=devad
OS=Windows_NT
PROCESSOR_IDENTIFIER=Intel64 Family 6 Model 154 Stepping 4, GenuineIntel



---------------  S Y S T E M  ---------------

OS:
 Windows 11 , 64 bit Build 26100 (10.0.26100.8875)
OS uptime: 1 days 1:03 hours
Hyper-V role detected

CPU: total 12 (initial active 12) (6 cores per cpu, 2 threads per core) family 6 model 154 stepping 4 microcode 0x432, cx8, cmov, fxsr, ht, mmx, 3dnowpref, sse, sse2, sse3, ssse3, sse4.1, sse4.2, popcnt, lzcnt, tsc, tscinvbit, avx, avx2, aes, erms, clmul, bmi1, bmi2, adx, sha, fma, vzeroupper, clflush, clflushopt, clwb, hv

Memory: 4k page, system-wide physical 7863M (254M free)
TotalPageFile size 16055M (AvailPageFile size 31M)
current process WorkingSet (physical memory assigned to process): 171M, peak: 174M
current process commit charge ("private bytes"): 247M, peak: 253M

vm_info: Java HotSpot(TM) 64-Bit Server VM (17.0.12+8-LTS-286) for windows-amd64 JRE (17.0.12+8-LTS-286), built on Jun  5 2024 06:46:59 by "mach5one" with MS VC++ 17.6 (VS2022)

END.
