#
# There is insufficient memory for the Java Runtime Environment to continue.
# Native memory allocation (mmap) failed to map 27262976 bytes for G1 virtual space
# Possible reasons:
#   The system is out of physical RAM or swap space
#   The process is running with CompressedOops enabled, and the Java Heap may be blocking the growth of the native heap
# Possible solutions:
#   Reduce memory load on the system
#   Increase physical memory or swap space
#   Check if swap backing store is full
#   Decrease Java heap size (-Xmx/-Xms)
#   Decrease number of Java threads
#   Decrease Java thread stack sizes (-Xss)
#   Set larger code cache with -XX:ReservedCodeCacheSize=
#   JVM is running with Unscaled Compressed Oops mode in which the Java heap is
#     placed in the first 4GB address space. The Java Heap base address is the
#     maximum limit for the native heap growth. Please use -XX:HeapBaseMinAddress
#     to set the Java Heap base and to place the Java Heap above 4GB virtual address.
# This output file may be truncated or incomplete.
#
#  Out of Memory Error (os_windows.cpp:3548), pid=15260, tid=22120
#
# JRE version: Java(TM) SE Runtime Environment (17.0.12+8) (build 17.0.12+8-LTS-286)
# Java VM: Java HotSpot(TM) 64-Bit Server VM (17.0.12+8-LTS-286, mixed mode, sharing, tiered, compressed oops, compressed class ptrs, g1 gc, windows-amd64)
# No core dump will be written. Minidumps are not enabled by default on client versions of Windows
#

---------------  S U M M A R Y ------------

Command Line: --enable-native-access=ALL-UNNAMED -Dclassworlds.conf=C:\Users\devad\Downloads\apache-maven-3.9.16-bin (2)\apache-maven-3.9.16\bin\m2.conf -Dmaven.home=C:\Users\devad\Downloads\apache-maven-3.9.16-bin (2)\apache-maven-3.9.16 -Dlibrary.jansi.path=C:\Users\devad\Downloads\apache-maven-3.9.16-bin (2)\apache-maven-3.9.16\lib\jansi-native -Dmaven.multiModuleProjectDirectory=C:\Users\devad\AppData\Local\amypo\workspace\14008_9002_1_14326\backend org.codehaus.plexus.classworlds.launcher.Launcher clean install

Host: 12th Gen Intel(R) Core(TM) i5-1235U, 12 cores, 7G,  Windows 11 , 64 bit Build 26100 (10.0.26100.8875)
Time: Sun Sep  6 16:09:11 2026 India Standard Time elapsed time: 9.433378 seconds (0d 0h 0m 9s)

---------------  T H R E A D  ---------------

Current thread (0x000001ffe586ed60):  VMThread "VM Thread" [stack: 0x000000dcb5800000,0x000000dcb5900000] [id=22120]

Stack: [0x000000dcb5800000,0x000000dcb5900000]
Native frames: (J=compiled Java code, j=interpreted, Vv=VM code, C=native code)
V  [jvm.dll+0x67a04a]
V  [jvm.dll+0x7da4ed]
V  [jvm.dll+0x7dbe33]
V  [jvm.dll+0x7dc4a3]
V  [jvm.dll+0x24508f]
V  [jvm.dll+0x677089]
V  [jvm.dll+0x66bd32]
V  [jvm.dll+0x301fa6]
V  [jvm.dll+0x309546]
V  [jvm.dll+0x359d2e]
V  [jvm.dll+0x359f5f]
V  [jvm.dll+0x2d9078]
V  [jvm.dll+0x2d74ad]
V  [jvm.dll+0x2d6afc]
V  [jvm.dll+0x31a981]
V  [jvm.dll+0x7e0d9b]
V  [jvm.dll+0x7e1ad4]
V  [jvm.dll+0x7e1fed]
V  [jvm.dll+0x7e23c4]
V  [jvm.dll+0x7e2490]
V  [jvm.dll+0x78abea]
V  [jvm.dll+0x678f35]
C  [ucrtbase.dll+0x2cd30]
C  [KERNEL32.DLL+0x2e957]
C  [ntdll.dll+0xaad6c]

VM_Operation (0x000000dcb74fe658): G1TryInitiateConcMark, mode: safepoint, requested by thread 0x000001ffeca41130


---------------  P R O C E S S  ---------------

Threads class SMR info:
_java_thread_list=0x000001ffeca85e30, length=23, elements={
0x000001ffc7c6a3d0, 0x000001ffe5872700, 0x000001ffe58730c0, 0x000001ffe588bb90,
0x000001ffe588c550, 0x000001ffe588cf10, 0x000001ffe588d8d0, 0x000001ffe589a6a0,
0x000001ffe589f950, 0x000001ffe589c1d0, 0x000001ffe62941f0, 0x000001ffe629b520,
0x000001ffe6cd3100, 0x000001ffeca3de90, 0x000001ffeca40710, 0x000001ffeca41130,
0x000001ffeca3f2d0, 0x000001ffeca3d980, 0x000001ffeca3e3a0, 0x000001ffeca3f7e0,
0x000001ffeca40200, 0x000001ffeca3fcf0, 0x000001ffec416a80
}

Java Threads: ( => current thread )
  0x000001ffc7c6a3d0 JavaThread "main" [_thread_blocked, id=17272, stack(0x000000dcb5200000,0x000000dcb5300000)]
  0x000001ffe5872700 JavaThread "Reference Handler" daemon [_thread_blocked, id=23608, stack(0x000000dcb5900000,0x000000dcb5a00000)]
  0x000001ffe58730c0 JavaThread "Finalizer" daemon [_thread_blocked, id=8876, stack(0x000000dcb5a00000,0x000000dcb5b00000)]
  0x000001ffe588bb90 JavaThread "Signal Dispatcher" daemon [_thread_blocked, id=15652, stack(0x000000dcb5b00000,0x000000dcb5c00000)]
  0x000001ffe588c550 JavaThread "Attach Listener" daemon [_thread_blocked, id=23264, stack(0x000000dcb5c00000,0x000000dcb5d00000)]
  0x000001ffe588cf10 JavaThread "Service Thread" daemon [_thread_blocked, id=25748, stack(0x000000dcb5d00000,0x000000dcb5e00000)]
  0x000001ffe588d8d0 JavaThread "Monitor Deflation Thread" daemon [_thread_blocked, id=26948, stack(0x000000dcb5e00000,0x000000dcb5f00000)]
  0x000001ffe589a6a0 JavaThread "C2 CompilerThread0" daemon [_thread_blocked, id=21536, stack(0x000000dcb5f00000,0x000000dcb6000000)]
  0x000001ffe589f950 JavaThread "C1 CompilerThread0" daemon [_thread_blocked, id=25040, stack(0x000000dcb6000000,0x000000dcb6100000)]
  0x000001ffe589c1d0 JavaThread "Sweeper thread" daemon [_thread_blocked, id=3768, stack(0x000000dcb6100000,0x000000dcb6200000)]
  0x000001ffe62941f0 JavaThread "Notification Thread" daemon [_thread_blocked, id=24068, stack(0x000000dcb6200000,0x000000dcb6300000)]
  0x000001ffe629b520 JavaThread "Common-Cleaner" daemon [_thread_blocked, id=18992, stack(0x000000dcb6400000,0x000000dcb6500000)]
  0x000001ffe6cd3100 JavaThread "Thread-1" daemon [_thread_blocked, id=6132, stack(0x000000dcb6c00000,0x000000dcb6d00000)]
  0x000001ffeca3de90 JavaThread "pool-2-thread-1" [_thread_blocked, id=23084, stack(0x000000dcb7200000,0x000000dcb7300000)]
  0x000001ffeca40710 JavaThread "pool-2-thread-2" [_thread_blocked, id=26656, stack(0x000000dcb7300000,0x000000dcb7400000)]
  0x000001ffeca41130 JavaThread "pool-2-thread-3" [_thread_blocked, id=6208, stack(0x000000dcb7400000,0x000000dcb7500000)]
  0x000001ffeca3f2d0 JavaThread "pool-2-thread-4" [_thread_blocked, id=18284, stack(0x000000dcb7500000,0x000000dcb7600000)]
  0x000001ffeca3d980 JavaThread "pool-2-thread-5" [_thread_blocked, id=12240, stack(0x000000dcb7600000,0x000000dcb7700000)]
  0x000001ffeca3e3a0 JavaThread "pool-2-thread-6" [_thread_blocked, id=27600, stack(0x000000dcb7700000,0x000000dcb7800000)]
  0x000001ffeca3f7e0 JavaThread "pool-2-thread-7" [_thread_blocked, id=3960, stack(0x000000dcb7800000,0x000000dcb7900000)]
  0x000001ffeca40200 JavaThread "pool-2-thread-8" [_thread_blocked, id=21576, stack(0x000000dcb7900000,0x000000dcb7a00000)]
  0x000001ffeca3fcf0 JavaThread "pool-2-thread-9" [_thread_blocked, id=17372, stack(0x000000dcb7a00000,0x000000dcb7b00000)]
  0x000001ffec416a80 JavaThread "pool-2-thread-10" [_thread_blocked, id=21064, stack(0x000000dcb7b00000,0x000000dcb7c00000)]

Other Threads:
=>0x000001ffe586ed60 VMThread "VM Thread" [stack: 0x000000dcb5800000,0x000000dcb5900000] [id=22120]
  0x000001ffc7cee6f0 WatcherThread [stack: 0x000000dcb6300000,0x000000dcb6400000] [id=13908]
  0x000001ffc7cc54d0 GCTaskThread "GC Thread#0" [stack: 0x000000dcb5300000,0x000000dcb5400000] [id=10192]
  0x000001ffe6547f30 GCTaskThread "GC Thread#1" [stack: 0x000000dcb6500000,0x000000dcb6600000] [id=2864]
  0x000001ffe6aa42a0 GCTaskThread "GC Thread#2" [stack: 0x000000dcb6600000,0x000000dcb6700000] [id=3104]
  0x000001ffe6a53390 GCTaskThread "GC Thread#3" [stack: 0x000000dcb6700000,0x000000dcb6800000] [id=27232]
  0x000001ffe6a53650 GCTaskThread "GC Thread#4" [stack: 0x000000dcb6800000,0x000000dcb6900000] [id=16936]
  0x000001ffe6a48f40 GCTaskThread "GC Thread#5" [stack: 0x000000dcb6900000,0x000000dcb6a00000] [id=25340]
  0x000001ffe6a49200 GCTaskThread "GC Thread#6" [stack: 0x000000dcb6a00000,0x000000dcb6b00000] [id=16924]
  0x000001ffeb1049e0 GCTaskThread "GC Thread#7" [stack: 0x000000dcb6b00000,0x000000dcb6c00000] [id=10648]
  0x000001ffeb598740 GCTaskThread "GC Thread#8" [stack: 0x000000dcb6d00000,0x000000dcb6e00000] [id=21252]
  0x000001ffeb598a00 GCTaskThread "GC Thread#9" [stack: 0x000000dcb6e00000,0x000000dcb6f00000] [id=9832]
  0x000001ffc7cd78f0 ConcurrentGCThread "G1 Main Marker" [stack: 0x000000dcb5400000,0x000000dcb5500000] [id=15608]
  0x000001ffc7cd8200 ConcurrentGCThread "G1 Conc#0" [stack: 0x000000dcb5500000,0x000000dcb5600000] [id=18392]
  0x000001ffeb4df4c0 ConcurrentGCThread "G1 Conc#1" [stack: 0x000000dcb6f00000,0x000000dcb7000000] [id=18028]
  0x000001ffec249f80 ConcurrentGCThread "G1 Conc#2" [stack: 0x000000dcb7000000,0x000000dcb7100000] [id=9740]
  0x000001ffc7d274c0 ConcurrentGCThread "G1 Refine#0" [stack: 0x000000dcb5600000,0x000000dcb5700000] [id=11548]
  0x000001ffec350470 ConcurrentGCThread "G1 Refine#1" [stack: 0x000000dcb7100000,0x000000dcb7200000] [id=6408]
  0x000001ffc7d27c90 ConcurrentGCThread "G1 Service" [stack: 0x000000dcb5700000,0x000000dcb5800000] [id=25028]

Threads with active compile tasks:
C2 CompilerThread0     9469 8214       4       java.io.WinNTFileSystem::normalize (224 bytes)

VM state: at safepoint (normal execution)

VM Mutex/Monitor currently owned by a thread:  ([mutex/lock_event])
[0x000001ffc7c672e0] Threads_lock - owner thread: 0x000001ffe586ed60
[0x000001ffc7c664d0] Heap_lock - owner thread: 0x000001ffeca41130

Heap address: 0x0000000085200000, size: 1966 MB, Compressed Oops mode: 32-bit

CDS archive(s) mapped at: [0x000001ff80000000-0x000001ff80bd0000-0x000001ff80bd0000), size 12386304, SharedBaseAddress: 0x000001ff80000000, ArchiveRelocationMode: 1.
Compressed class space mapped at: 0x000001ff81000000-0x000001ffc1000000, reserved size: 1073741824
Narrow klass base: 0x000001ff80000000, Narrow klass shift: 0, Narrow klass range: 0x100000000

GC Precious Log:
 CPUs: 12 total, 12 available
 Memory: 7863M
 Large Page Support: Disabled
 NUMA Support: Disabled
 Compressed Oops: Enabled (32-bit)
 Heap Region Size: 1M
 Heap Min Capacity: 8M
 Heap Initial Capacity: 124M
 Heap Max Capacity: 1966M
 Pre-touch: Disabled
 Parallel Workers: 10
 Concurrent Workers: 3
 Concurrent Refinement Workers: 10
 Periodic GC: Disabled

Heap:
 garbage-first heap   total 135168K, used 57550K [0x0000000085200000, 0x0000000100000000)
  region size 1024K, 5 young (5120K), 5 survivors (5120K)
 Metaspace       used 33445K, committed 33856K, reserved 1114112K
  class space    used 3836K, committed 3968K, reserved 1048576K

Heap Regions: E=young(eden), S=young(survivor), O=old, HS=humongous(starts), HC=humongous(continues), CS=collection set, F=free, OA=open archive, CA=closed archive, TAMS=top-at-mark-start (previous, next)
|   0|0x0000000085200000, 0x0000000085300000, 0x0000000085300000|100%| O|  |TAMS 0x0000000085300000, 0x0000000085300000| Untracked 
|   1|0x0000000085300000, 0x0000000085400000, 0x0000000085400000|100%| O|  |TAMS 0x0000000085400000, 0x0000000085400000| Untracked 
|   2|0x0000000085400000, 0x0000000085500000, 0x0000000085500000|100%| O|  |TAMS 0x0000000085500000, 0x0000000085500000| Untracked 
|   3|0x0000000085500000, 0x0000000085600000, 0x0000000085600000|100%| O|  |TAMS 0x0000000085600000, 0x0000000085600000| Untracked 
|   4|0x0000000085600000, 0x0000000085700000, 0x0000000085700000|100%| O|  |TAMS 0x0000000085700000, 0x0000000085700000| Untracked 
|   5|0x0000000085700000, 0x0000000085800000, 0x0000000085800000|100%| O|  |TAMS 0x0000000085800000, 0x0000000085800000| Untracked 
|   6|0x0000000085800000, 0x0000000085900000, 0x0000000085900000|100%| O|  |TAMS 0x0000000085900000, 0x0000000085900000| Untracked 
|   7|0x0000000085900000, 0x0000000085a00000, 0x0000000085a00000|100%| O|  |TAMS 0x0000000085a00000, 0x0000000085a00000| Untracked 
|   8|0x0000000085a00000, 0x0000000085b00000, 0x0000000085b00000|100%| O|  |TAMS 0x0000000085b00000, 0x0000000085b00000| Untracked 
|   9|0x0000000085b00000, 0x0000000085c00000, 0x0000000085c00000|100%| O|  |TAMS 0x0000000085c00000, 0x0000000085c00000| Untracked 
|  10|0x0000000085c00000, 0x0000000085cf7400, 0x0000000085d00000| 96%| O|  |TAMS 0x0000000085cf7400, 0x0000000085cf7400| Untracked 
|  11|0x0000000085d00000, 0x0000000085e00000, 0x0000000085e00000|100%|HS|  |TAMS 0x0000000085d00000, 0x0000000085e00000| Complete 
|  12|0x0000000085e00000, 0x0000000085f00000, 0x0000000085f00000|100%| O|  |TAMS 0x0000000085e00000, 0x0000000085f00000| Untracked 
|  13|0x0000000085f00000, 0x0000000086000000, 0x0000000086000000|100%|HS|  |TAMS 0x0000000086000000, 0x0000000086000000| Complete 
|  14|0x0000000086000000, 0x0000000086100000, 0x0000000086100000|100%|HC|  |TAMS 0x0000000086100000, 0x0000000086100000| Complete 
|  15|0x0000000086100000, 0x0000000086200000, 0x0000000086200000|100%|HS|  |TAMS 0x0000000086100000, 0x0000000086200000| Complete 
|  16|0x0000000086200000, 0x0000000086300000, 0x0000000086300000|100%|HS|  |TAMS 0x0000000086200000, 0x0000000086300000| Complete 
|  17|0x0000000086300000, 0x0000000086400000, 0x0000000086400000|100%| O|  |TAMS 0x0000000086300000, 0x0000000086400000| Untracked 
|  18|0x0000000086400000, 0x0000000086500000, 0x0000000086500000|100%| O|  |TAMS 0x0000000086400000, 0x0000000086500000| Untracked 
|  19|0x0000000086500000, 0x0000000086600000, 0x0000000086600000|100%| O|  |TAMS 0x0000000086500000, 0x0000000086600000| Untracked 
|  20|0x0000000086600000, 0x0000000086700000, 0x0000000086700000|100%| O|  |TAMS 0x0000000086600000, 0x0000000086700000| Untracked 
|  21|0x0000000086700000, 0x0000000086800000, 0x0000000086800000|100%| O|  |TAMS 0x0000000086700000, 0x0000000086800000| Untracked 
|  22|0x0000000086800000, 0x0000000086900000, 0x0000000086900000|100%| O|  |TAMS 0x0000000086800000, 0x0000000086900000| Untracked 
|  23|0x0000000086900000, 0x0000000086a00000, 0x0000000086a00000|100%| O|  |TAMS 0x0000000086900000, 0x0000000086a00000| Untracked 
|  24|0x0000000086a00000, 0x0000000086b00000, 0x0000000086b00000|100%| O|  |TAMS 0x0000000086a00000, 0x0000000086b00000| Untracked 
|  25|0x0000000086b00000, 0x0000000086c00000, 0x0000000086c00000|100%| O|  |TAMS 0x0000000086b00000, 0x0000000086c00000| Untracked 
|  26|0x0000000086c00000, 0x0000000086d00000, 0x0000000086d00000|100%|HS|  |TAMS 0x0000000086c00000, 0x0000000086d00000| Complete 
|  27|0x0000000086d00000, 0x0000000086e00000, 0x0000000086e00000|100%|HC|  |TAMS 0x0000000086d00000, 0x0000000086e00000| Complete 
|  28|0x0000000086e00000, 0x0000000086f00000, 0x0000000086f00000|100%|HS|  |TAMS 0x0000000086e00000, 0x0000000086f00000| Complete 
|  29|0x0000000086f00000, 0x0000000087000000, 0x0000000087000000|100%|HS|  |TAMS 0x0000000086f00000, 0x0000000087000000| Complete 
|  30|0x0000000087000000, 0x0000000087100000, 0x0000000087100000|100%|HS|  |TAMS 0x0000000087000000, 0x0000000087100000| Complete 
|  31|0x0000000087100000, 0x0000000087200000, 0x0000000087200000|100%|HS|  |TAMS 0x0000000087100000, 0x0000000087200000| Complete 
|  32|0x0000000087200000, 0x0000000087300000, 0x0000000087300000|100%| O|  |TAMS 0x0000000087200000, 0x0000000087300000| Untracked 
|  33|0x0000000087300000, 0x0000000087400000, 0x0000000087400000|100%| O|  |TAMS 0x0000000087300000, 0x0000000087400000| Untracked 
|  34|0x0000000087400000, 0x0000000087500000, 0x0000000087500000|100%| O|  |TAMS 0x0000000087400000, 0x0000000087500000| Untracked 
|  35|0x0000000087500000, 0x0000000087600000, 0x0000000087600000|100%| O|  |TAMS 0x0000000087500000, 0x0000000087600000| Untracked 
|  36|0x0000000087600000, 0x0000000087700000, 0x0000000087700000|100%| O|  |TAMS 0x0000000087600000, 0x0000000087700000| Untracked 
|  37|0x0000000087700000, 0x0000000087800000, 0x0000000087800000|100%| O|  |TAMS 0x0000000087700000, 0x0000000087800000| Untracked 
|  38|0x0000000087800000, 0x0000000087900000, 0x0000000087900000|100%| O|  |TAMS 0x0000000087800000, 0x0000000087900000| Untracked 
|  39|0x0000000087900000, 0x0000000087a00000, 0x0000000087a00000|100%| O|  |TAMS 0x0000000087900000, 0x0000000087a00000| Untracked 
|  40|0x0000000087a00000, 0x0000000087b00000, 0x0000000087b00000|100%| O|  |TAMS 0x0000000087a00000, 0x0000000087b00000| Untracked 
|  41|0x0000000087b00000, 0x0000000087c00000, 0x0000000087c00000|100%|HS|  |TAMS 0x0000000087b00000, 0x0000000087c00000| Complete 
|  42|0x0000000087c00000, 0x0000000087d00000, 0x0000000087d00000|100%| O|  |TAMS 0x0000000087c00000, 0x0000000087c00000| Untracked 
|  43|0x0000000087d00000, 0x0000000087e00000, 0x0000000087e00000|100%| O|  |TAMS 0x0000000087d00000, 0x0000000087d00000| Untracked 
|  44|0x0000000087e00000, 0x0000000087e2a600, 0x0000000087f00000| 16%| O|  |TAMS 0x0000000087e00000, 0x0000000087e00000| Untracked 
|  45|0x0000000087f00000, 0x0000000087f00000, 0x0000000088000000|  0%| F|  |TAMS 0x0000000087f00000, 0x0000000087f00000| Untracked 
|  46|0x0000000088000000, 0x0000000088000000, 0x0000000088100000|  0%| F|  |TAMS 0x0000000088000000, 0x0000000088000000| Untracked 
|  47|0x0000000088100000, 0x0000000088100000, 0x0000000088200000|  0%| F|  |TAMS 0x0000000088100000, 0x0000000088100000| Untracked 
|  48|0x0000000088200000, 0x0000000088200000, 0x0000000088300000|  0%| F|  |TAMS 0x0000000088200000, 0x0000000088200000| Untracked 
|  49|0x0000000088300000, 0x0000000088300000, 0x0000000088400000|  0%| F|  |TAMS 0x0000000088300000, 0x0000000088300000| Untracked 
|  50|0x0000000088400000, 0x0000000088400000, 0x0000000088500000|  0%| F|  |TAMS 0x0000000088400000, 0x0000000088400000| Untracked 
|  51|0x0000000088500000, 0x0000000088500000, 0x0000000088600000|  0%| F|  |TAMS 0x0000000088500000, 0x0000000088500000| Untracked 
|  52|0x0000000088600000, 0x0000000088600000, 0x0000000088700000|  0%| F|  |TAMS 0x0000000088600000, 0x0000000088600000| Untracked 
|  53|0x0000000088700000, 0x0000000088700000, 0x0000000088800000|  0%| F|  |TAMS 0x0000000088700000, 0x0000000088700000| Untracked 
|  54|0x0000000088800000, 0x0000000088800000, 0x0000000088900000|  0%| F|  |TAMS 0x0000000088800000, 0x0000000088800000| Untracked 
|  55|0x0000000088900000, 0x0000000088900000, 0x0000000088a00000|  0%| F|  |TAMS 0x0000000088900000, 0x0000000088900000| Untracked 
|  56|0x0000000088a00000, 0x0000000088a00000, 0x0000000088b00000|  0%| F|  |TAMS 0x0000000088a00000, 0x0000000088a00000| Untracked 
|  57|0x0000000088b00000, 0x0000000088b00000, 0x0000000088c00000|  0%| F|  |TAMS 0x0000000088b00000, 0x0000000088b00000| Untracked 
|  58|0x0000000088c00000, 0x0000000088c00000, 0x0000000088d00000|  0%| F|  |TAMS 0x0000000088c00000, 0x0000000088c00000| Untracked 
|  59|0x0000000088d00000, 0x0000000088d00000, 0x0000000088e00000|  0%| F|  |TAMS 0x0000000088d00000, 0x0000000088d00000| Untracked 
|  60|0x0000000088e00000, 0x0000000088e00000, 0x0000000088f00000|  0%| F|  |TAMS 0x0000000088e00000, 0x0000000088e00000| Untracked 
|  61|0x0000000088f00000, 0x0000000088f00000, 0x0000000089000000|  0%| F|  |TAMS 0x0000000088f00000, 0x0000000088f00000| Untracked 
|  62|0x0000000089000000, 0x0000000089000000, 0x0000000089100000|  0%| F|  |TAMS 0x0000000089000000, 0x0000000089000000| Untracked 
|  63|0x0000000089100000, 0x0000000089100000, 0x0000000089200000|  0%| F|  |TAMS 0x0000000089100000, 0x0000000089100000| Untracked 
|  64|0x0000000089200000, 0x0000000089200000, 0x0000000089300000|  0%| F|  |TAMS 0x0000000089200000, 0x0000000089200000| Untracked 
|  65|0x0000000089300000, 0x0000000089300000, 0x0000000089400000|  0%| F|  |TAMS 0x0000000089300000, 0x0000000089300000| Untracked 
|  66|0x0000000089400000, 0x0000000089400000, 0x0000000089500000|  0%| F|  |TAMS 0x0000000089400000, 0x0000000089400000| Untracked 
|  67|0x0000000089500000, 0x0000000089500000, 0x0000000089600000|  0%| F|  |TAMS 0x0000000089500000, 0x0000000089500000| Untracked 
|  68|0x0000000089600000, 0x0000000089600000, 0x0000000089700000|  0%| F|  |TAMS 0x0000000089600000, 0x0000000089600000| Untracked 
|  69|0x0000000089700000, 0x0000000089700000, 0x0000000089800000|  0%| F|  |TAMS 0x0000000089700000, 0x0000000089700000| Untracked 
|  70|0x0000000089800000, 0x0000000089800000, 0x0000000089900000|  0%| F|  |TAMS 0x0000000089800000, 0x0000000089800000| Untracked 
|  71|0x0000000089900000, 0x0000000089900000, 0x0000000089a00000|  0%| F|  |TAMS 0x0000000089900000, 0x0000000089900000| Untracked 
|  72|0x0000000089a00000, 0x0000000089a00000, 0x0000000089b00000|  0%| F|  |TAMS 0x0000000089a00000, 0x0000000089a00000| Untracked 
|  73|0x0000000089b00000, 0x0000000089b00000, 0x0000000089c00000|  0%| F|  |TAMS 0x0000000089b00000, 0x0000000089b00000| Untracked 
|  74|0x0000000089c00000, 0x0000000089c00000, 0x0000000089d00000|  0%| F|  |TAMS 0x0000000089c00000, 0x0000000089c00000| Untracked 
|  75|0x0000000089d00000, 0x0000000089d00000, 0x0000000089e00000|  0%| F|  |TAMS 0x0000000089d00000, 0x0000000089d00000| Untracked 
|  76|0x0000000089e00000, 0x0000000089e11ea8, 0x0000000089f00000|  6%| S|CS|TAMS 0x0000000089e00000, 0x0000000089e00000| Complete 
|  77|0x0000000089f00000, 0x000000008a000000, 0x000000008a000000|100%| S|CS|TAMS 0x0000000089f00000, 0x0000000089f00000| Complete 
|  78|0x000000008a000000, 0x000000008a100000, 0x000000008a100000|100%| S|CS|TAMS 0x000000008a000000, 0x000000008a000000| Complete 
|  79|0x000000008a100000, 0x000000008a200000, 0x000000008a200000|100%| S|CS|TAMS 0x000000008a100000, 0x000000008a100000| Complete 
|  80|0x000000008a200000, 0x000000008a300000, 0x000000008a300000|100%| S|CS|TAMS 0x000000008a200000, 0x000000008a200000| Complete 
|  81|0x000000008a300000, 0x000000008a300000, 0x000000008a400000|  0%| F|  |TAMS 0x000000008a300000, 0x000000008a300000| Untracked 
|  82|0x000000008a400000, 0x000000008a400000, 0x000000008a500000|  0%| F|  |TAMS 0x000000008a400000, 0x000000008a400000| Untracked 
|  83|0x000000008a500000, 0x000000008a500000, 0x000000008a600000|  0%| F|  |TAMS 0x000000008a500000, 0x000000008a500000| Untracked 
|  84|0x000000008a600000, 0x000000008a600000, 0x000000008a700000|  0%| F|  |TAMS 0x000000008a600000, 0x000000008a600000| Untracked 
|  85|0x000000008a700000, 0x000000008a700000, 0x000000008a800000|  0%| F|  |TAMS 0x000000008a700000, 0x000000008a700000| Untracked 
|  86|0x000000008a800000, 0x000000008a800000, 0x000000008a900000|  0%| F|  |TAMS 0x000000008a800000, 0x000000008a800000| Untracked 
|  87|0x000000008a900000, 0x000000008a900000, 0x000000008aa00000|  0%| F|  |TAMS 0x000000008a900000, 0x000000008a900000| Untracked 
|  88|0x000000008aa00000, 0x000000008aa00000, 0x000000008ab00000|  0%| F|  |TAMS 0x000000008aa00000, 0x000000008aa00000| Untracked 
|  89|0x000000008ab00000, 0x000000008ab00000, 0x000000008ac00000|  0%| F|  |TAMS 0x000000008ab00000, 0x000000008ab00000| Untracked 
|  90|0x000000008ac00000, 0x000000008ac00000, 0x000000008ad00000|  0%| F|  |TAMS 0x000000008ac00000, 0x000000008ac00000| Untracked 
|  91|0x000000008ad00000, 0x000000008ad00000, 0x000000008ae00000|  0%| F|  |TAMS 0x000000008ad00000, 0x000000008ad00000| Untracked 
|  92|0x000000008ae00000, 0x000000008ae00000, 0x000000008af00000|  0%| F|  |TAMS 0x000000008ae00000, 0x000000008ae00000| Untracked 
|  93|0x000000008af00000, 0x000000008af00000, 0x000000008b000000|  0%| F|  |TAMS 0x000000008af00000, 0x000000008af00000| Untracked 
|  94|0x000000008b000000, 0x000000008b000000, 0x000000008b100000|  0%| F|  |TAMS 0x000000008b000000, 0x000000008b000000| Untracked 
|  95|0x000000008b100000, 0x000000008b100000, 0x000000008b200000|  0%| F|  |TAMS 0x000000008b100000, 0x000000008b100000| Untracked 
|  96|0x000000008b200000, 0x000000008b200000, 0x000000008b300000|  0%| F|  |TAMS 0x000000008b200000, 0x000000008b200000| Untracked 
|  97|0x000000008b300000, 0x000000008b300000, 0x000000008b400000|  0%| F|  |TAMS 0x000000008b300000, 0x000000008b300000| Untracked 
|  98|0x000000008b400000, 0x000000008b400000, 0x000000008b500000|  0%| F|  |TAMS 0x000000008b400000, 0x000000008b400000| Untracked 
|  99|0x000000008b500000, 0x000000008b500000, 0x000000008b600000|  0%| F|  |TAMS 0x000000008b500000, 0x000000008b500000| Untracked 
| 100|0x000000008b600000, 0x000000008b600000, 0x000000008b700000|  0%| F|  |TAMS 0x000000008b600000, 0x000000008b600000| Untracked 
| 101|0x000000008b700000, 0x000000008b700000, 0x000000008b800000|  0%| F|  |TAMS 0x000000008b700000, 0x000000008b700000| Untracked 
| 102|0x000000008b800000, 0x000000008b800000, 0x000000008b900000|  0%| F|  |TAMS 0x000000008b800000, 0x000000008b800000| Untracked 
| 103|0x000000008b900000, 0x000000008b900000, 0x000000008ba00000|  0%| F|  |TAMS 0x000000008b900000, 0x000000008b900000| Untracked 
| 104|0x000000008ba00000, 0x000000008ba00000, 0x000000008bb00000|  0%| F|  |TAMS 0x000000008ba00000, 0x000000008ba00000| Untracked 
| 105|0x000000008bb00000, 0x000000008bb00000, 0x000000008bc00000|  0%| F|  |TAMS 0x000000008bb00000, 0x000000008bb00000| Untracked 
| 106|0x000000008bc00000, 0x000000008bc00000, 0x000000008bd00000|  0%| F|  |TAMS 0x000000008bc00000, 0x000000008bc00000| Untracked 
| 107|0x000000008bd00000, 0x000000008bd00000, 0x000000008be00000|  0%| F|  |TAMS 0x000000008bd00000, 0x000000008bd00000| Untracked 
| 108|0x000000008be00000, 0x000000008be00000, 0x000000008bf00000|  0%| F|  |TAMS 0x000000008be00000, 0x000000008be00000| Untracked 
| 109|0x000000008bf00000, 0x000000008bf00000, 0x000000008c000000|  0%| F|  |TAMS 0x000000008bf00000, 0x000000008bf00000| Untracked 
| 110|0x000000008c000000, 0x000000008c000000, 0x000000008c100000|  0%| F|  |TAMS 0x000000008c000000, 0x000000008c000000| Untracked 
| 111|0x000000008c100000, 0x000000008c100000, 0x000000008c200000|  0%| F|  |TAMS 0x000000008c100000, 0x000000008c100000| Untracked 
| 112|0x000000008c200000, 0x000000008c200000, 0x000000008c300000|  0%| F|  |TAMS 0x000000008c200000, 0x000000008c200000| Untracked 
| 113|0x000000008c300000, 0x000000008c300000, 0x000000008c400000|  0%| F|  |TAMS 0x000000008c300000, 0x000000008c300000| Untracked 
| 114|0x000000008c400000, 0x000000008c400000, 0x000000008c500000|  0%| F|  |TAMS 0x000000008c400000, 0x000000008c400000| Untracked 
| 115|0x000000008c500000, 0x000000008c500000, 0x000000008c600000|  0%| F|  |TAMS 0x000000008c500000, 0x000000008c500000| Untracked 
| 116|0x000000008c600000, 0x000000008c600000, 0x000000008c700000|  0%| F|  |TAMS 0x000000008c600000, 0x000000008c600000| Untracked 
| 117|0x000000008c700000, 0x000000008c700000, 0x000000008c800000|  0%| F|  |TAMS 0x000000008c700000, 0x000000008c700000| Untracked 
| 118|0x000000008c800000, 0x000000008c800000, 0x000000008c900000|  0%| F|  |TAMS 0x000000008c800000, 0x000000008c800000| Untracked 
| 119|0x000000008c900000, 0x000000008c900000, 0x000000008ca00000|  0%| F|  |TAMS 0x000000008c900000, 0x000000008c900000| Untracked 
| 120|0x000000008ca00000, 0x000000008ca00000, 0x000000008cb00000|  0%| F|  |TAMS 0x000000008ca00000, 0x000000008ca00000| Untracked 
| 121|0x000000008cb00000, 0x000000008cb00000, 0x000000008cc00000|  0%| F|  |TAMS 0x000000008cb00000, 0x000000008cb00000| Untracked 
| 122|0x000000008cc00000, 0x000000008cc00000, 0x000000008cd00000|  0%| F|  |TAMS 0x000000008cc00000, 0x000000008cc00000| Untracked 
| 123|0x000000008cd00000, 0x000000008cd00000, 0x000000008ce00000|  0%| F|  |TAMS 0x000000008cd00000, 0x000000008cd00000| Untracked 
|1958|0x00000000ff800000, 0x00000000ff900000, 0x00000000ff900000|100%| O|  |TAMS 0x00000000ff800000, 0x00000000ff900000| Untracked 
|1959|0x00000000ff900000, 0x00000000ffa00000, 0x00000000ffa00000|100%| O|  |TAMS 0x00000000ff900000, 0x00000000ffa00000| Untracked 
|1960|0x00000000ffa00000, 0x00000000ffb00000, 0x00000000ffb00000|100%| O|  |TAMS 0x00000000ffa00000, 0x00000000ffb00000| Untracked 
|1961|0x00000000ffb00000, 0x00000000ffc00000, 0x00000000ffc00000|100%| O|  |TAMS 0x00000000ffb00000, 0x00000000ffc00000| Untracked 
|1962|0x00000000ffc00000, 0x00000000ffd00000, 0x00000000ffd00000|100%| O|  |TAMS 0x00000000ffc00000, 0x00000000ffd00000| Untracked 
|1963|0x00000000ffd00000, 0x00000000ffe00000, 0x00000000ffe00000|100%| O|  |TAMS 0x00000000ffd00000, 0x00000000ffe00000| Untracked 
|1964|0x00000000ffe00000, 0x00000000fff00000, 0x00000000fff00000|100%| O|  |TAMS 0x00000000ffe00000, 0x00000000fff00000| Untracked 
|1965|0x00000000fff00000, 0x0000000100000000, 0x0000000100000000|100%| O|  |TAMS 0x00000000fff00000, 0x0000000100000000| Untracked 

Card table byte_map: [0x000001ffdee50000,0x000001ffdf230000] _byte_map_base: 0x000001ffdea27000

Marking Bits (Prev, Next): (CMBitMap*) 0x000001ffc7cc7a40, (CMBitMap*) 0x000001ffc7cc7a00
 Prev Bits: [0x000001ffe14d0000, 0x000001ffe3388000)
 Next Bits: [0x000001ffdf610000, 0x000001ffe14c8000)

Polling page: 0x000001ffc5bc0000

Metaspace:

Usage:
  Non-class:     28.92 MB used.
      Class:      3.75 MB used.
       Both:     32.66 MB used.

Virtual space:
  Non-class space:       64.00 MB reserved,      29.19 MB ( 46%) committed,  1 nodes.
      Class space:        1.00 GB reserved,       3.88 MB ( <1%) committed,  1 nodes.
             Both:        1.06 GB reserved,      33.06 MB (  3%) committed. 

Chunk freelists:
   Non-Class:  2.42 MB
       Class:  12.12 MB
        Both:  14.55 MB

MaxMetaspaceSize: unlimited
CompressedClassSpaceSize: 1.00 GB
Initial GC threshold: 21.00 MB
Current GC threshold: 35.25 MB
CDS: on
MetaspaceReclaimPolicy: balanced
 - commit_granule_bytes: 65536.
 - commit_granule_words: 8192.
 - virtual_space_node_default_size: 8388608.
 - enlarge_chunks_in_place: 1.
 - new_chunks_are_fully_committed: 0.
 - uncommit_free_chunks: 1.
 - use_allocation_guard: 0.
 - handle_deallocations: 1.


Internal statistics:

num_allocs_failed_limit: 3.
num_arena_births: 246.
num_arena_deaths: 0.
num_vsnodes_births: 2.
num_vsnodes_deaths: 0.
num_space_committed: 529.
num_space_uncommitted: 0.
num_chunks_returned_to_freelist: 3.
num_chunks_taken_from_freelist: 1511.
num_chunk_merges: 3.
num_chunk_splits: 1043.
num_chunks_enlarged: 805.
num_inconsistent_stats: 0.

CodeHeap 'non-profiled nmethods': size=120000Kb used=3218Kb max_used=3218Kb free=116781Kb
 bounds [0x000001ffd6ff0000, 0x000001ffd7320000, 0x000001ffde520000]
CodeHeap 'profiled nmethods': size=120000Kb used=16241Kb max_used=16241Kb free=103758Kb
 bounds [0x000001ffcf520000, 0x000001ffd0500000, 0x000001ffd6a50000]
CodeHeap 'non-nmethods': size=5760Kb used=1241Kb max_used=1271Kb free=4518Kb
 bounds [0x000001ffd6a50000, 0x000001ffd6cc0000, 0x000001ffd6ff0000]
 total_blobs=7902 nmethods=7351 adapters=463
 compilation: enabled
              stopped_count=0, restarted_count=0
 full_count=0

Compilation events (20 events):
Event: 7.362 Thread 0x000001ffe589f950 8216       3       sun.nio.fs.AbstractBasicFileAttributeView$AttributesBuilder::add (13 bytes)
Event: 7.362 Thread 0x000001ffe589f950 nmethod 8216 0x000001ffd04fa210 code [0x000001ffd04fa3c0, 0x000001ffd04fa588]
Event: 7.366 Thread 0x000001ffe589f950 8217   !   3       sun.nio.fs.WindowsNativeDispatcher::GetFileSecurity (38 bytes)
Event: 7.367 Thread 0x000001ffe589f950 nmethod 8217 0x000001ffd04fa690 code [0x000001ffd04fa880, 0x000001ffd04fab98]
Event: 7.376 Thread 0x000001ffe589a6a0 nmethod 7859 0x000001ffd730f690 code [0x000001ffd730f9c0, 0x000001ffd7311ce8]
Event: 7.376 Thread 0x000001ffe589a6a0 8212       4       sun.net.www.ParseUtil::firstEncodeIndex (86 bytes)
Event: 7.377 Thread 0x000001ffe589f950 8219   !   3       sun.nio.fs.WindowsLinkSupport::getFinalPath (175 bytes)
Event: 7.378 Thread 0x000001ffe589f950 nmethod 8219 0x000001ffd04fae10 code [0x000001ffd04fb160, 0x000001ffd04fc4e8]
Event: 7.378 Thread 0x000001ffe589a6a0 nmethod 8212 0x000001ffd7313290 code [0x000001ffd7313420, 0x000001ffd7313668]
Event: 7.378 Thread 0x000001ffe589a6a0 8213       4       org.codehaus.plexus.util.SelectorUtils::match (520 bytes)
Event: 7.380 Thread 0x000001ffe589f950 8220       1       org.codehaus.plexus.components.io.attributes.FileAttributes::isDirectory (5 bytes)
Event: 7.380 Thread 0x000001ffe589f950 nmethod 8220 0x000001ffd7313890 code [0x000001ffd7313a20, 0x000001ffd7313af8]
Event: 7.382 Thread 0x000001ffe589a6a0 nmethod 8213 0x000001ffd7313b90 code [0x000001ffd7313d40, 0x000001ffd7314238]
Event: 7.382 Thread 0x000001ffe589a6a0 8214       4       java.io.WinNTFileSystem::normalize (224 bytes)
Event: 7.390 Thread 0x000001ffe589f950 8221       3       java.util.jar.Manifest::getTrustedAttributes (57 bytes)
Event: 7.390 Thread 0x000001ffe589f950 nmethod 8221 0x000001ffd04fcc10 code [0x000001ffd04fce80, 0x000001ffd04fd938]
Event: 7.404 Thread 0x000001ffe589f950 8222       1       org.codehaus.plexus.components.io.attributes.FileAttributes::isRegularFile (5 bytes)
Event: 7.404 Thread 0x000001ffe589f950 nmethod 8222 0x000001ffd7314790 code [0x000001ffd7314920, 0x000001ffd73149f8]
Event: 7.405 Thread 0x000001ffe589f950 8223       3       java.lang.Module::isExported (18 bytes)
Event: 7.405 Thread 0x000001ffe589f950 nmethod 8223 0x000001ffd04fdc90 code [0x000001ffd04fde60, 0x000001ffd04fe268]

GC Heap History (20 events):
Event: 0.933 GC heap after
{Heap after GC invocations=1 (full 0):
 garbage-first heap   total 126976K, used 3516K [0x0000000085200000, 0x0000000100000000)
  region size 1024K, 3 young (3072K), 3 survivors (3072K)
 Metaspace       used 5207K, committed 5376K, reserved 1114112K
  class space    used 624K, committed 704K, reserved 1048576K
}
Event: 1.244 GC heap before
{Heap before GC invocations=1 (full 0):
 garbage-first heap   total 126976K, used 35260K [0x0000000085200000, 0x0000000100000000)
  region size 1024K, 34 young (34816K), 3 survivors (3072K)
 Metaspace       used 7625K, committed 7808K, reserved 1114112K
  class space    used 912K, committed 1024K, reserved 1048576K
}
Event: 1.249 GC heap after
{Heap after GC invocations=2 (full 0):
 garbage-first heap   total 126976K, used 4800K [0x0000000085200000, 0x0000000100000000)
  region size 1024K, 2 young (2048K), 2 survivors (2048K)
 Metaspace       used 7625K, committed 7808K, reserved 1114112K
  class space    used 912K, committed 1024K, reserved 1048576K
}
Event: 2.326 GC heap before
{Heap before GC invocations=2 (full 0):
 garbage-first heap   total 126976K, used 78528K [0x0000000085200000, 0x0000000100000000)
  region size 1024K, 74 young (75776K), 2 survivors (2048K)
 Metaspace       used 15146K, committed 15360K, reserved 1114112K
  class space    used 1835K, committed 1920K, reserved 1048576K
}
Event: 2.337 GC heap after
{Heap after GC invocations=3 (full 0):
 garbage-first heap   total 126976K, used 11696K [0x0000000085200000, 0x0000000100000000)
  region size 1024K, 8 young (8192K), 8 survivors (8192K)
 Metaspace       used 15146K, committed 15360K, reserved 1114112K
  class space    used 1835K, committed 1920K, reserved 1048576K
}
Event: 3.366 GC heap before
{Heap before GC invocations=3 (full 0):
 garbage-first heap   total 126976K, used 79280K [0x0000000085200000, 0x0000000100000000)
  region size 1024K, 74 young (75776K), 8 survivors (8192K)
 Metaspace       used 16532K, committed 16832K, reserved 1114112K
  class space    used 1950K, committed 2112K, reserved 1048576K
}
Event: 3.376 GC heap after
{Heap after GC invocations=4 (full 0):
 garbage-first heap   total 126976K, used 15325K [0x0000000085200000, 0x0000000100000000)
  region size 1024K, 4 young (4096K), 4 survivors (4096K)
 Metaspace       used 16532K, committed 16832K, reserved 1114112K
  class space    used 1950K, committed 2112K, reserved 1048576K
}
Event: 4.208 GC heap before
{Heap before GC invocations=4 (full 0):
 garbage-first heap   total 126976K, used 53213K [0x0000000085200000, 0x0000000100000000)
  region size 1024K, 38 young (38912K), 4 survivors (4096K)
 Metaspace       used 21258K, committed 21504K, reserved 1114112K
  class space    used 2505K, committed 2624K, reserved 1048576K
}
Event: 4.217 GC heap after
{Heap after GC invocations=5 (full 0):
 garbage-first heap   total 126976K, used 23645K [0x0000000085200000, 0x0000000100000000)
  region size 1024K, 9 young (9216K), 9 survivors (9216K)
 Metaspace       used 21258K, committed 21504K, reserved 1114112K
  class space    used 2505K, committed 2624K, reserved 1048576K
}
Event: 4.723 GC heap before
{Heap before GC invocations=6 (full 0):
 garbage-first heap   total 86016K, used 68701K [0x0000000085200000, 0x0000000100000000)
  region size 1024K, 52 young (53248K), 9 survivors (9216K)
 Metaspace       used 25770K, committed 26112K, reserved 1114112K
  class space    used 3005K, committed 3136K, reserved 1048576K
}
Event: 4.743 GC heap after
{Heap after GC invocations=7 (full 0):
 garbage-first heap   total 94208K, used 38581K [0x0000000085200000, 0x0000000100000000)
  region size 1024K, 10 young (10240K), 10 survivors (10240K)
 Metaspace       used 25770K, committed 26112K, reserved 1114112K
  class space    used 3005K, committed 3136K, reserved 1048576K
}
Event: 5.335 GC heap before
{Heap before GC invocations=7 (full 0):
 garbage-first heap   total 94208K, used 68277K [0x0000000085200000, 0x0000000100000000)
  region size 1024K, 38 young (38912K), 10 survivors (10240K)
 Metaspace       used 26901K, committed 27264K, reserved 1114112K
  class space    used 3086K, committed 3264K, reserved 1048576K
}
Event: 5.425 GC heap after
{Heap after GC invocations=8 (full 0):
 garbage-first heap   total 113664K, used 44189K [0x0000000085200000, 0x0000000100000000)
  region size 1024K, 5 young (5120K), 5 survivors (5120K)
 Metaspace       used 26901K, committed 27264K, reserved 1114112K
  class space    used 3086K, committed 3264K, reserved 1048576K
}
Event: 5.958 GC heap before
{Heap before GC invocations=8 (full 0):
 garbage-first heap   total 113664K, used 80029K [0x0000000085200000, 0x0000000100000000)
  region size 1024K, 41 young (41984K), 5 survivors (5120K)
 Metaspace       used 28329K, committed 28672K, reserved 1114112K
  class space    used 3244K, committed 3392K, reserved 1048576K
}
Event: 5.965 GC heap after
{Heap after GC invocations=9 (full 0):
 garbage-first heap   total 113664K, used 45021K [0x0000000085200000, 0x0000000100000000)
  region size 1024K, 1 young (1024K), 1 survivors (1024K)
 Metaspace       used 28329K, committed 28672K, reserved 1114112K
  class space    used 3244K, committed 3392K, reserved 1048576K
}
Event: 6.467 GC heap before
{Heap before GC invocations=9 (full 0):
 garbage-first heap   total 113664K, used 83933K [0x0000000085200000, 0x0000000100000000)
  region size 1024K, 39 young (39936K), 1 survivors (1024K)
 Metaspace       used 30194K, committed 30528K, reserved 1114112K
  class space    used 3454K, committed 3584K, reserved 1048576K
}
Event: 6.474 GC heap after
{Heap after GC invocations=10 (full 0):
 garbage-first heap   total 113664K, used 46384K [0x0000000085200000, 0x0000000100000000)
  region size 1024K, 3 young (3072K), 3 survivors (3072K)
 Metaspace       used 30194K, committed 30528K, reserved 1114112K
  class space    used 3454K, committed 3584K, reserved 1048576K
}
Event: 7.126 GC heap before
{Heap before GC invocations=10 (full 0):
 garbage-first heap   total 113664K, used 88368K [0x0000000085200000, 0x0000000100000000)
  region size 1024K, 42 young (43008K), 3 survivors (3072K)
 Metaspace       used 31594K, committed 31936K, reserved 1114112K
  class space    used 3570K, committed 3712K, reserved 1048576K
}
Event: 7.134 GC heap after
{Heap after GC invocations=11 (full 0):
 garbage-first heap   total 113664K, used 48509K [0x0000000085200000, 0x0000000100000000)
  region size 1024K, 5 young (5120K), 5 survivors (5120K)
 Metaspace       used 31594K, committed 31936K, reserved 1114112K
  class space    used 3570K, committed 3712K, reserved 1048576K
}
Event: 7.407 GC heap before
{Heap before GC invocations=11 (full 0):
 garbage-first heap   total 113664K, used 77181K [0x0000000085200000, 0x0000000100000000)
  region size 1024K, 27 young (27648K), 5 survivors (5120K)
 Metaspace       used 33445K, committed 33856K, reserved 1114112K
  class space    used 3836K, committed 3968K, reserved 1048576K
}

Deoptimization events (20 events):
Event: 7.072 Thread 0x000001ffc7c6a3d0 DEOPT PACKING pc=0x000001ffd70d879c sp=0x000000dcb52fd590
Event: 7.072 Thread 0x000001ffc7c6a3d0 DEOPT UNPACKING pc=0x000001ffd6aa23a3 sp=0x000000dcb52fd520 mode 2
Event: 7.207 Thread 0x000001ffc7c6a3d0 DEOPT PACKING pc=0x000001ffcffa963c sp=0x000000dcb52fbec0
Event: 7.207 Thread 0x000001ffc7c6a3d0 DEOPT UNPACKING pc=0x000001ffd6aa2b43 sp=0x000000dcb52fb440 mode 0
Event: 7.212 Thread 0x000001ffc7c6a3d0 DEOPT PACKING pc=0x000001ffcf578843 sp=0x000000dcb52fc440
Event: 7.212 Thread 0x000001ffc7c6a3d0 DEOPT UNPACKING pc=0x000001ffd6aa2b43 sp=0x000000dcb52fb960 mode 0
Event: 7.246 Thread 0x000001ffc7c6a3d0 DEOPT PACKING pc=0x000001ffcffa963c sp=0x000000dcb52fa9b0
Event: 7.246 Thread 0x000001ffc7c6a3d0 DEOPT UNPACKING pc=0x000001ffd6aa2b43 sp=0x000000dcb52f9f30 mode 0
Event: 7.330 Thread 0x000001ffc7c6a3d0 Uncommon trap: trap_request=0xffffff45 fr.pc=0x000001ffd72f8a54 relative=0x00000000000009d4
Event: 7.330 Thread 0x000001ffc7c6a3d0 Uncommon trap: reason=unstable_if action=reinterpret pc=0x000001ffd72f8a54 method=java.util.regex.Pattern.single(I)Ljava/util/regex/Pattern$CharPredicate; @ 5 c2
Event: 7.330 Thread 0x000001ffc7c6a3d0 DEOPT PACKING pc=0x000001ffd72f8a54 sp=0x000000dcb52fbf30
Event: 7.330 Thread 0x000001ffc7c6a3d0 DEOPT UNPACKING pc=0x000001ffd6aa23a3 sp=0x000000dcb52fbe38 mode 2
Event: 7.334 Thread 0x000001ffc7c6a3d0 Uncommon trap: trap_request=0xffffffde fr.pc=0x000001ffd71c9ee4 relative=0x0000000000001dc4
Event: 7.334 Thread 0x000001ffc7c6a3d0 Uncommon trap: reason=class_check action=maybe_recompile pc=0x000001ffd71c9ee4 method=org.apache.maven.model.Plugin.clone()Lorg/apache/maven/model/Plugin; @ 94 c2
Event: 7.334 Thread 0x000001ffc7c6a3d0 DEOPT PACKING pc=0x000001ffd71c9ee4 sp=0x000000dcb52fd250
Event: 7.334 Thread 0x000001ffc7c6a3d0 DEOPT UNPACKING pc=0x000001ffd6aa23a3 sp=0x000000dcb52fd260 mode 2
Event: 7.372 Thread 0x000001ffc7c6a3d0 DEOPT PACKING pc=0x000001ffcffa963c sp=0x000000dcb52fcfb0
Event: 7.372 Thread 0x000001ffc7c6a3d0 DEOPT UNPACKING pc=0x000001ffd6aa2b43 sp=0x000000dcb52fc530 mode 0
Event: 7.374 Thread 0x000001ffc7c6a3d0 DEOPT PACKING pc=0x000001ffcf578843 sp=0x000000dcb52fd2d0
Event: 7.374 Thread 0x000001ffc7c6a3d0 DEOPT UNPACKING pc=0x000001ffd6aa2b43 sp=0x000000dcb52fc7f0 mode 0

Classes unloaded (0 events):
No events

Classes redefined (0 events):
No events

Internal exceptions (20 events):
Event: 6.566 Thread 0x000001ffc7c6a3d0 Exception <a 'sun/nio/fs/WindowsException'{0x000000008b5d0bc8}> (0x000000008b5d0bc8) 
thrown [s\open\src\hotspot\share\prims\jni.cpp, line 516]
Event: 6.574 Thread 0x000001ffc7c6a3d0 Exception <a 'sun/nio/fs/WindowsException'{0x000000008b42bd48}> (0x000000008b42bd48) 
thrown [s\open\src\hotspot\share\prims\jni.cpp, line 516]
Event: 6.574 Thread 0x000001ffc7c6a3d0 Exception <a 'sun/nio/fs/WindowsException'{0x000000008b42c430}> (0x000000008b42c430) 
thrown [s\open\src\hotspot\share\prims\jni.cpp, line 516]
Event: 6.574 Thread 0x000001ffc7c6a3d0 Exception <a 'sun/nio/fs/WindowsException'{0x000000008b42cdb8}> (0x000000008b42cdb8) 
thrown [s\open\src\hotspot\share\prims\jni.cpp, line 516]
Event: 6.593 Thread 0x000001ffc7c6a3d0 Exception <a 'sun/nio/fs/WindowsException'{0x000000008b4f44d8}> (0x000000008b4f44d8) 
thrown [s\open\src\hotspot\share\prims\jni.cpp, line 516]
Event: 6.593 Thread 0x000001ffc7c6a3d0 Exception <a 'sun/nio/fs/WindowsException'{0x000000008b4f4bd0}> (0x000000008b4f4bd0) 
thrown [s\open\src\hotspot\share\prims\jni.cpp, line 516]
Event: 6.593 Thread 0x000001ffc7c6a3d0 Exception <a 'sun/nio/fs/WindowsException'{0x000000008b4f55b0}> (0x000000008b4f55b0) 
thrown [s\open\src\hotspot\share\prims\jni.cpp, line 516]
Event: 6.601 Thread 0x000001ffc7c6a3d0 Exception <a 'sun/nio/fs/WindowsException'{0x000000008b33e948}> (0x000000008b33e948) 
thrown [s\open\src\hotspot\share\prims\jni.cpp, line 516]
Event: 6.601 Thread 0x000001ffc7c6a3d0 Exception <a 'sun/nio/fs/WindowsException'{0x000000008b33f040}> (0x000000008b33f040) 
thrown [s\open\src\hotspot\share\prims\jni.cpp, line 516]
Event: 6.601 Thread 0x000001ffc7c6a3d0 Exception <a 'sun/nio/fs/WindowsException'{0x000000008b33fa20}> (0x000000008b33fa20) 
thrown [s\open\src\hotspot\share\prims\jni.cpp, line 516]
Event: 6.605 Thread 0x000001ffc7c6a3d0 Exception <a 'sun/nio/fs/WindowsException'{0x000000008b35c6a8}> (0x000000008b35c6a8) 
thrown [s\open\src\hotspot\share\prims\jni.cpp, line 516]
Event: 6.605 Thread 0x000001ffc7c6a3d0 Exception <a 'sun/nio/fs/WindowsException'{0x000000008b35cd98}> (0x000000008b35cd98) 
thrown [s\open\src\hotspot\share\prims\jni.cpp, line 516]
Event: 6.606 Thread 0x000001ffc7c6a3d0 Exception <a 'sun/nio/fs/WindowsException'{0x000000008b35d728}> (0x000000008b35d728) 
thrown [s\open\src\hotspot\share\prims\jni.cpp, line 516]
Event: 6.617 Thread 0x000001ffc7c6a3d0 Exception <a 'sun/nio/fs/WindowsException'{0x000000008b25adf0}> (0x000000008b25adf0) 
thrown [s\open\src\hotspot\share\prims\jni.cpp, line 516]
Event: 6.617 Thread 0x000001ffc7c6a3d0 Exception <a 'sun/nio/fs/WindowsException'{0x000000008b25b4f0}> (0x000000008b25b4f0) 
thrown [s\open\src\hotspot\share\prims\jni.cpp, line 516]
Event: 6.617 Thread 0x000001ffc7c6a3d0 Exception <a 'sun/nio/fs/WindowsException'{0x000000008b25bed8}> (0x000000008b25bed8) 
thrown [s\open\src\hotspot\share\prims\jni.cpp, line 516]
Event: 7.085 Thread 0x000001ffeca3de90 Exception <a 'java/lang/NoSuchMethodError'{0x00000000896b9908}: 'java.lang.Object java.lang.invoke.DirectMethodHandle$Holder.invokeStatic(java.lang.Object, java.lang.Object, long, java.lang.Object)'> (0x00000000896b9908) 
thrown [s\open\src\hotspot\share\interpreter\linkResolver.cpp, line 759]
Event: 7.086 Thread 0x000001ffeca3de90 Exception <a 'java/lang/NoSuchMethodError'{0x00000000896bd0e0}: 'java.lang.Object java.lang.invoke.DirectMethodHandle$Holder.invokeStaticInit(java.lang.Object, java.lang.Object, long, java.lang.Object)'> (0x00000000896bd0e0) 
thrown [s\open\src\hotspot\share\interpreter\linkResolver.cpp, line 759]
Event: 7.086 Thread 0x000001ffeca3de90 Exception <a 'java/lang/NoSuchMethodError'{0x00000000896c36f0}: 'java.lang.Object java.lang.invoke.DirectMethodHandle$Holder.newInvokeSpecial(java.lang.Object, java.lang.Object, long)'> (0x00000000896c36f0) 
thrown [s\open\src\hotspot\share\interpreter\linkResolver.cpp, line 759]
Event: 7.086 Thread 0x000001ffeca3de90 Exception <a 'java/lang/NoSuchMethodError'{0x00000000896c7260}: 'java.lang.Object java.lang.invoke.Invokers$Holder.linkToTargetMethod(java.lang.Object, long, java.lang.Object)'> (0x00000000896c7260) 
thrown [s\open\src\hotspot\share\interpreter\linkResolver.cpp, line 759]

VM Operations (20 events):
Event: 7.068 Executing VM operation: HandshakeAllThreads done
Event: 7.073 Executing VM operation: HandshakeAllThreads
Event: 7.073 Executing VM operation: HandshakeAllThreads done
Event: 7.084 Executing VM operation: HandshakeAllThreads
Event: 7.084 Executing VM operation: HandshakeAllThreads done
Event: 7.126 Executing VM operation: G1CollectForAllocation
Event: 7.134 Executing VM operation: G1CollectForAllocation done
Event: 7.266 Executing VM operation: HandshakeAllThreads
Event: 7.266 Executing VM operation: HandshakeAllThreads done
Event: 7.266 Executing VM operation: HandshakeAllThreads
Event: 7.266 Executing VM operation: HandshakeAllThreads done
Event: 7.272 Executing VM operation: ICBufferFull
Event: 7.273 Executing VM operation: ICBufferFull done
Event: 7.282 Executing VM operation: HandshakeAllThreads
Event: 7.282 Executing VM operation: HandshakeAllThreads done
Event: 7.336 Executing VM operation: HandshakeAllThreads
Event: 7.336 Executing VM operation: HandshakeAllThreads done
Event: 7.401 Executing VM operation: HandshakeAllThreads
Event: 7.401 Executing VM operation: HandshakeAllThreads done
Event: 7.407 Executing VM operation: G1TryInitiateConcMark

Events (20 events):
Event: 7.389 loading class java/io/SequenceInputStream
Event: 7.389 loading class java/io/SequenceInputStream done
Event: 7.395 loading class java/util/concurrent/ConcurrentLinkedDeque
Event: 7.397 loading class java/util/concurrent/ConcurrentLinkedDeque done
Event: 7.397 loading class java/util/concurrent/ConcurrentLinkedDeque$Node
Event: 7.397 loading class java/util/concurrent/ConcurrentLinkedDeque$Node done
Event: 7.405 loading class java/util/concurrent/ThreadPoolExecutor$Worker
Event: 7.405 loading class java/util/concurrent/ThreadPoolExecutor$Worker done
Event: 7.405 loading class java/lang/Thread$State
Event: 7.405 loading class java/lang/Thread$State done
Event: 7.405 Thread 0x000001ffeca3de90 Thread added: 0x000001ffeca3de90
Event: 7.406 Thread 0x000001ffeca40710 Thread added: 0x000001ffeca40710
Event: 7.406 Thread 0x000001ffeca41130 Thread added: 0x000001ffeca41130
Event: 7.406 Thread 0x000001ffeca3f2d0 Thread added: 0x000001ffeca3f2d0
Event: 7.406 Thread 0x000001ffeca3d980 Thread added: 0x000001ffeca3d980
Event: 7.406 Thread 0x000001ffeca3e3a0 Thread added: 0x000001ffeca3e3a0
Event: 7.406 Thread 0x000001ffeca3f7e0 Thread added: 0x000001ffeca3f7e0
Event: 7.406 Thread 0x000001ffeca40200 Thread added: 0x000001ffeca40200
Event: 7.406 Thread 0x000001ffeca3fcf0 Thread added: 0x000001ffeca3fcf0
Event: 7.407 Thread 0x000001ffec416a80 Thread added: 0x000001ffec416a80


Dynamic libraries:
0x00007ff6f2cc0000 - 0x00007ff6f2cd0000 	C:\Program Files\Java\jdk-17\bin\java.exe
0x00007ffbc99a0000 - 0x00007ffbc9c06000 	C:\WINDOWS\SYSTEM32\ntdll.dll
0x00007ffbc8660000 - 0x00007ffbc8729000 	C:\WINDOWS\System32\KERNEL32.DLL
0x00007ffbc7210000 - 0x00007ffbc760e000 	C:\WINDOWS\System32\KERNELBASE.dll
0x00007ffbc6d70000 - 0x00007ffbc6ebc000 	C:\WINDOWS\System32\ucrtbase.dll
0x00007ffbb5860000 - 0x00007ffbb587b000 	C:\Program Files\Java\jdk-17\bin\VCRUNTIME140.dll
0x00007ffbb0090000 - 0x00007ffbb00a9000 	C:\Program Files\Java\jdk-17\bin\jli.dll
0x00007ffbc7c20000 - 0x00007ffbc7cd7000 	C:\WINDOWS\System32\ADVAPI32.dll
0x00007ffbc82a0000 - 0x00007ffbc8349000 	C:\WINDOWS\System32\msvcrt.dll
0x00007ffbc7750000 - 0x00007ffbc77fa000 	C:\WINDOWS\System32\sechost.dll
0x00007ffbc8350000 - 0x00007ffbc8468000 	C:\WINDOWS\System32\RPCRT4.dll
0x00007ffbc8840000 - 0x00007ffbc8a07000 	C:\WINDOWS\System32\USER32.dll
0x00007ffbc6bc0000 - 0x00007ffbc6be7000 	C:\WINDOWS\System32\win32u.dll
0x00007ffba1b50000 - 0x00007ffba1de2000 	C:\WINDOWS\WinSxS\amd64_microsoft.windows.common-controls_6595b64144ccf1df_6.0.26100.8875_none_3e0d5d42e32fe9dd\COMCTL32.dll
0x00007ffbc7de0000 - 0x00007ffbc7e0b000 	C:\WINDOWS\System32\GDI32.dll
0x00007ffbc7050000 - 0x00007ffbc717a000 	C:\WINDOWS\System32\gdi32full.dll
0x00007ffbc7620000 - 0x00007ffbc76c3000 	C:\WINDOWS\System32\msvcp_win.dll
0x00007ffbb3810000 - 0x00007ffbb381b000 	C:\WINDOWS\SYSTEM32\VERSION.dll
0x00007ffbc8740000 - 0x00007ffbc8772000 	C:\WINDOWS\System32\IMM32.DLL
0x00007ffbaa920000 - 0x00007ffbaa92c000 	C:\Program Files\Java\jdk-17\bin\vcruntime140_1.dll
0x00007ffb745c0000 - 0x00007ffb7464e000 	C:\Program Files\Java\jdk-17\bin\msvcp140.dll
0x00007ffad0ca0000 - 0x00007ffad1880000 	C:\Program Files\Java\jdk-17\bin\server\jvm.dll
0x00007ffbc8730000 - 0x00007ffbc8738000 	C:\WINDOWS\System32\PSAPI.DLL
0x00007ffbbe4c0000 - 0x00007ffbbe4f6000 	C:\WINDOWS\SYSTEM32\WINMM.dll
0x00007ffbb57c0000 - 0x00007ffbb57ca000 	C:\WINDOWS\SYSTEM32\WSOCK32.dll
0x00007ffbc7920000 - 0x00007ffbc79a0000 	C:\WINDOWS\System32\WS2_32.dll
0x00007ffbc58a0000 - 0x00007ffbc58bb000 	C:\WINDOWS\SYSTEM32\kernel.appcore.dll
0x00007ffba5020000 - 0x00007ffba502a000 	C:\Program Files\Java\jdk-17\bin\jimage.dll
0x00007ffbc40e0000 - 0x00007ffbc4322000 	C:\WINDOWS\SYSTEM32\DBGHELP.DLL
0x00007ffbc8cb0000 - 0x00007ffbc9033000 	C:\WINDOWS\System32\combase.dll
0x00007ffbc8470000 - 0x00007ffbc8549000 	C:\WINDOWS\System32\OLEAUT32.dll
0x00007ffba0fb0000 - 0x00007ffba0feb000 	C:\WINDOWS\SYSTEM32\dbgcore.DLL
0x00007ffbc6cb0000 - 0x00007ffbc6d5c000 	C:\WINDOWS\System32\bcryptPrimitives.dll
0x00007ffb9e000000 - 0x00007ffb9e025000 	C:\Program Files\Java\jdk-17\bin\java.dll
0x00007ffb437d0000 - 0x00007ffb438a7000 	C:\Program Files\Java\jdk-17\bin\jsvml.dll
0x00007ffbc9040000 - 0x00007ffbc97d2000 	C:\WINDOWS\System32\SHELL32.dll
0x00007ffbc44b0000 - 0x00007ffbc4d42000 	C:\WINDOWS\SYSTEM32\windows.storage.dll
0x00007ffbc7ce0000 - 0x00007ffbc7dd7000 	C:\WINDOWS\System32\SHCORE.dll
0x00007ffbc85f0000 - 0x00007ffbc8657000 	C:\WINDOWS\System32\shlwapi.dll
0x00007ffbc6ae0000 - 0x00007ffbc6b09000 	C:\WINDOWS\SYSTEM32\profapi.dll
0x00007ffb9dfe0000 - 0x00007ffb9dff9000 	C:\Program Files\Java\jdk-17\bin\net.dll
0x00007ffbbe030000 - 0x00007ffbbe157000 	C:\WINDOWS\SYSTEM32\WINHTTP.dll
0x00007ffbc5e50000 - 0x00007ffbc5ebc000 	C:\WINDOWS\system32\mswsock.dll
0x00007ffb9ddd0000 - 0x00007ffb9dde6000 	C:\Program Files\Java\jdk-17\bin\nio.dll
0x00007ffb85a50000 - 0x00007ffb85a68000 	C:\Program Files\Java\jdk-17\bin\zip.dll
0x00007ffb84f70000 - 0x00007ffb84f94000 	C:\Users\devad\Downloads\apache-maven-3.9.16-bin (2)\apache-maven-3.9.16\lib\jansi-native\Windows\x86_64\jansi.dll
0x00007ffba5010000 - 0x00007ffba5020000 	C:\Program Files\Java\jdk-17\bin\verify.dll

dbghelp: loaded successfully - version: 4.0.5 - missing functions: none
symbol engine: initialized successfully - sym options: 0x614 - pdb path: .;C:\Program Files\Java\jdk-17\bin;C:\WINDOWS\SYSTEM32;C:\WINDOWS\WinSxS\amd64_microsoft.windows.common-controls_6595b64144ccf1df_6.0.26100.8875_none_3e0d5d42e32fe9dd;C:\Program Files\Java\jdk-17\bin\server;C:\Users\devad\Downloads\apache-maven-3.9.16-bin (2)\apache-maven-3.9.16\lib\jansi-native\Windows\x86_64

VM Arguments:
jvm_args: --enable-native-access=ALL-UNNAMED -Dclassworlds.conf=C:\Users\devad\Downloads\apache-maven-3.9.16-bin (2)\apache-maven-3.9.16\bin\m2.conf -Dmaven.home=C:\Users\devad\Downloads\apache-maven-3.9.16-bin (2)\apache-maven-3.9.16 -Dlibrary.jansi.path=C:\Users\devad\Downloads\apache-maven-3.9.16-bin (2)\apache-maven-3.9.16\lib\jansi-native -Dmaven.multiModuleProjectDirectory=C:\Users\devad\AppData\Local\amypo\workspace\14008_9002_1_14326\backend 
java_command: org.codehaus.plexus.classworlds.launcher.Launcher clean install
java_class_path (initial): C:\Users\devad\Downloads\apache-maven-3.9.16-bin (2)\apache-maven-3.9.16\boot\plexus-classworlds-2.11.0.jar
Launcher Type: SUN_STANDARD

[Global flags]
     intx CICompilerCount                          = 4                                         {product} {ergonomic}
     uint ConcGCThreads                            = 3                                         {product} {ergonomic}
     uint G1ConcRefinementThreads                  = 10                                        {product} {ergonomic}
   size_t G1HeapRegionSize                         = 1048576                                   {product} {ergonomic}
    uintx GCDrainStackTargetSize                   = 64                                        {product} {ergonomic}
   size_t InitialHeapSize                          = 130023424                                 {product} {ergonomic}
   size_t MarkStackSize                            = 4194304                                   {product} {ergonomic}
   size_t MaxHeapSize                              = 2061500416                                {product} {ergonomic}
   size_t MaxNewSize                               = 1236271104                                {product} {ergonomic}
   size_t MinHeapDeltaBytes                        = 1048576                                   {product} {ergonomic}
   size_t MinHeapSize                              = 8388608                                   {product} {ergonomic}
    uintx NonNMethodCodeHeapSize                   = 5839372                                {pd product} {ergonomic}
    uintx NonProfiledCodeHeapSize                  = 122909434                              {pd product} {ergonomic}
    uintx ProfiledCodeHeapSize                     = 122909434                              {pd product} {ergonomic}
    uintx ReservedCodeCacheSize                    = 251658240                              {pd product} {ergonomic}
     bool SegmentedCodeCache                       = true                                      {product} {ergonomic}
   size_t SoftMaxHeapSize                          = 2061500416                             {manageable} {ergonomic}
     bool UseCompressedClassPointers               = true                           {product lp64_product} {ergonomic}
     bool UseCompressedOops                        = true                           {product lp64_product} {ergonomic}
     bool UseG1GC                                  = true                                      {product} {ergonomic}
     bool UseLargePagesIndividualAllocation        = false                                  {pd product} {ergonomic}

Logging:
Log output configuration:
 #0: stdout all=warning uptime,level,tags
 #1: stderr all=off uptime,level,tags

Environment Variables:
JAVA_HOME=C:\Program Files\Java\jdk-17
PATH=C:\Program Files\WindowsApps\Microsoft.PowerShell_7.6.5.0_x64__8wekyb3d8bbwe;C:\WINDOWS\System32;C:\WINDOWS;C:\WINDOWS\System32\Wbem;C:\WINDOWS\System32\WindowsPowerShell\v1.0;C:\WINDOWS\System32\OpenSSH;C:\Program Files\Common Files\Oracle\Java\javapath;C:\windows\system32;C:\windows;C:\windows\System32\Wbem;C:\windows\System32\WindowsPowerShell\v1.0\;C:\windows\System32\OpenSSH\;C:\WINDOWS\system32;C:\WINDOWS\System32\WindowsPowerShell\v1.0\;C:\WINDOWS\System32\OpenSSH\;C:\Program Files\Cloudflare\Cloudflare WARP\;C:\Program Files\Git\cmd;C:\Program Files\nodejs\;C:\Users\devad\Downloads\apache-maven-3.9.16-bin;C:\Users\devad\Downloads\apache-maven-3.9.16-bin (2);C:\Users\devad\AppData\Local\Programs\Python\Python311\;C:\Users\devad\AppData\Local\Programs\Python\Launcher\;C:\Users\devad\AppData\Local\Microsoft\WindowsApps;C:\Users\devad\AppData\Local\Programs\Microsoft VS Code\bin;C:\Users\devad\AppData\Roaming\npm;C:\Users\devad\Downloads\apache-maven-3.9.16-bin (2)\apache-maven-3.9.16\bin;C:\Users\devad\Downloads\apache-maven-3.9.16-bin (2)\apache-maven-3.9.16;C:\Program Files\nodejs;C:\Program Files\MySQL\MySQL Server 8.0;C:\Users\devad\AppData\Local\Programs\DockerDesktop\resources\bin;C:\Program Files\Git\bin;C:\Program Files\Java\jdk-17\bin;C:\Program Files\AmypoCoder;C:\Program Files\Google\Chrome\Application;C:\WINDOWS\System32;C:\WINDOWS;C:\WINDOWS\System32\Wbem;C:\WINDOWS\System32\WindowsPowerShell\v1.0;C:\WINDOWS\System32\OpenSSH;C:\Program Files\Common Files\Oracle\Java\javapath;C:\windows\system32;C:\windows;C:\windows\System32\Wbem;C:\windows\System32\WindowsPowerShell\v1.0\;C:\windows\System32\OpenSSH\;C:\WINDOWS\system32;C:\WINDOWS\System32\WindowsPowerShell\v1.0\;C:\WINDOWS\System32\OpenSSH\;C:\Program Files\Cloudflare\Cloudflare WARP\;C:\Program Files\Git\cmd;C:\Program Files\nodejs\;C:\Users\devad\Downloads\apache-maven-3.9.16-bin;C:\Users\devad\Downloads\apache-maven-3.9.16-bin (2);C:\Users\devad\AppData\Local\Programs\Python\Python311\;C:\Us
USERNAME=devad
LANG=en_US.UTF-8
OS=Windows_NT
PROCESSOR_IDENTIFIER=Intel64 Family 6 Model 154 Stepping 4, GenuineIntel



---------------  S Y S T E M  ---------------

OS:
 Windows 11 , 64 bit Build 26100 (10.0.26100.8875)
OS uptime: 4 days 7:34 hours
Hyper-V role detected

CPU: total 12 (initial active 12) (6 cores per cpu, 2 threads per core) family 6 model 154 stepping 4 microcode 0x432, cx8, cmov, fxsr, ht, mmx, 3dnowpref, sse, sse2, sse3, ssse3, sse4.1, sse4.2, popcnt, lzcnt, tsc, tscinvbit, avx, avx2, aes, erms, clmul, bmi1, bmi2, adx, sha, fma, vzeroupper, clflush, clflushopt, clwb, hv

Memory: 4k page, system-wide physical 7863M (202M free)
TotalPageFile size 16055M (AvailPageFile size 41M)
current process WorkingSet (physical memory assigned to process): 254M, peak: 254M
current process commit charge ("private bytes"): 310M, peak: 336M

vm_info: Java HotSpot(TM) 64-Bit Server VM (17.0.12+8-LTS-286) for windows-amd64 JRE (17.0.12+8-LTS-286), built on Jun  5 2024 06:46:59 by "mach5one" with MS VC++ 17.6 (VS2022)

END.
