#
# There is insufficient memory for the Java Runtime Environment to continue.
# Native memory allocation (malloc) failed to allocate 1048576 bytes for AllocateHeap
# Possible reasons:
#   The system is out of physical RAM or swap space
#   The process is running with CompressedOops enabled, and the Java Heap may be blocking the growth of the native heap
# Possible solutions:
#   Reduce memory load on the system
#   Increase physical memory or swap space
#   Check if swap backing store is full
#   Decrease Java heap size (-Xmx/-Xms)
#   Decrease number of Java threads
#   Decrease Java thread stack sizes (-Xss)
#   Set larger code cache with -XX:ReservedCodeCacheSize=
#   JVM is running with Unscaled Compressed Oops mode in which the Java heap is
#     placed in the first 4GB address space. The Java Heap base address is the
#     maximum limit for the native heap growth. Please use -XX:HeapBaseMinAddress
#     to set the Java Heap base and to place the Java Heap above 4GB virtual address.
# This output file may be truncated or incomplete.
#
#  Out of Memory Error (allocation.cpp:44), pid=20636, tid=8236
#
# JRE version:  (17.0.12+8) (build )
# Java VM: Java HotSpot(TM) 64-Bit Server VM (17.0.12+8-LTS-286, mixed mode, sharing, tiered, compressed oops, compressed class ptrs, g1 gc, windows-amd64)
# No core dump will be written. Minidumps are not enabled by default on client versions of Windows
#

---------------  S U M M A R Y ------------

Command Line: --enable-native-access=ALL-UNNAMED 

Host: 12th Gen Intel(R) Core(TM) i5-1235U, 12 cores, 7G,  Windows 11 , 64 bit Build 26100 (10.0.26100.8875)
Time: Sun Sep  6 16:08:33 2026 India Standard Time elapsed time: 1.332553 seconds (0d 0h 0m 1s)

---------------  T H R E A D  ---------------

Current thread (0x0000021793ea9c60):  JavaThread "Unknown thread" [_thread_in_vm, id=8236, stack(0x00000029f1a00000,0x00000029f1b00000)]

Stack: [0x00000029f1a00000,0x00000029f1b00000]
Native frames: (J=compiled Java code, j=interpreted, Vv=VM code, C=native code)
V  [jvm.dll+0x67a04a]
V  [jvm.dll+0x7da4ed]
V  [jvm.dll+0x7dbe33]
V  [jvm.dll+0x7dc4a3]
V  [jvm.dll+0x24508f]
V  [jvm.dll+0xa5e2b]
V  [jvm.dll+0x2e22de]
V  [jvm.dll+0x2d9fbb]
V  [jvm.dll+0x7aca21]
V  [jvm.dll+0x367591]
V  [jvm.dll+0x78b999]
V  [jvm.dll+0x3ec83f]
V  [jvm.dll+0x3ee471]
C  [jli.dll+0x5297]
C  [ucrtbase.dll+0x2cd30]
C  [KERNEL32.DLL+0x2e957]
C  [ntdll.dll+0xaad6c]


---------------  P R O C E S S  ---------------

Threads class SMR info:
_java_thread_list=0x00007ffad1757a18, length=0, elements={
}

Java Threads: ( => current thread )

Other Threads:
  0x0000021793f04bc0 GCTaskThread "GC Thread#0" [stack: 0x00000029f1b00000,0x00000029f1c00000] [id=19920]

[error occurred during error reporting (printing all threads), id 0xc0000005, EXCEPTION_ACCESS_VIOLATION (0xc0000005) at pc=0x00007ffad0f870e0]

VM state: not at safepoint (not fully initialized)

VM Mutex/Monitor currently owned by a thread:  ([mutex/lock_event])
[0x0000021793ea6870] Heap_lock - owner thread: 0x0000021793ea9c60

Heap address: 0x0000000085200000, size: 1966 MB, Compressed Oops mode: 32-bit

CDS archive(s) mapped at: [0x0000000000000000-0x0000000000000000-0x0000000000000000), size 0, SharedBaseAddress: 0x0000000800000000, ArchiveRelocationMode: 1.
Narrow klass base: 0x0000000000000000, Narrow klass shift: 0, Narrow klass range: 0x0

GC Precious Log:
<Empty>

Heap:
 garbage-first heap   total 0K, used 0K [0x0000000085200000, 0x0000000100000000)
  region size 1024K, 0 young (0K), 0 survivors (0K)

[error occurred during error reporting (printing heap information), id 0xc0000005, EXCEPTION_ACCESS_VIOLATION (0xc0000005) at pc=0x00007ffad1373859]

GC Heap History (0 events):
No events

Deoptimization events (0 events):
No events

Classes unloaded (0 events):
No events

Classes redefined (0 events):
No events

Internal exceptions (0 events):
No events

VM Operations (0 events):
No events

Events (1 events):
Event: 0.216 Loaded shared library C:\Program Files\Java\jdk-17\bin\java.dll


Dynamic libraries:
0x00007ff7f8d10000 - 0x00007ff7f8d20000 	C:\Program Files\Java\jdk-17\bin\java.exe
0x00007ffbc99a0000 - 0x00007ffbc9c06000 	C:\WINDOWS\SYSTEM32\ntdll.dll
0x00007ffbc8660000 - 0x00007ffbc8729000 	C:\WINDOWS\System32\KERNEL32.DLL
0x00007ffbc7210000 - 0x00007ffbc760e000 	C:\WINDOWS\System32\KERNELBASE.dll
0x00007ffbc6d70000 - 0x00007ffbc6ebc000 	C:\WINDOWS\System32\ucrtbase.dll
0x00007ffb9e010000 - 0x00007ffb9e029000 	C:\Program Files\Java\jdk-17\bin\jli.dll
0x00007ffbc7c20000 - 0x00007ffbc7cd7000 	C:\WINDOWS\System32\ADVAPI32.dll
0x00007ffbc82a0000 - 0x00007ffbc8349000 	C:\WINDOWS\System32\msvcrt.dll
0x00007ffb9ddd0000 - 0x00007ffb9ddeb000 	C:\Program Files\Java\jdk-17\bin\VCRUNTIME140.dll
0x00007ffbc7750000 - 0x00007ffbc77fa000 	C:\WINDOWS\System32\sechost.dll
0x00007ffbc8350000 - 0x00007ffbc8468000 	C:\WINDOWS\System32\RPCRT4.dll
0x00007ffbc8840000 - 0x00007ffbc8a07000 	C:\WINDOWS\System32\USER32.dll
0x00007ffbc6bc0000 - 0x00007ffbc6be7000 	C:\WINDOWS\System32\win32u.dll
0x00007ffba1b50000 - 0x00007ffba1de2000 	C:\WINDOWS\WinSxS\amd64_microsoft.windows.common-controls_6595b64144ccf1df_6.0.26100.8875_none_3e0d5d42e32fe9dd\COMCTL32.dll
0x00007ffbc7de0000 - 0x00007ffbc7e0b000 	C:\WINDOWS\System32\GDI32.dll
0x00007ffbc7050000 - 0x00007ffbc717a000 	C:\WINDOWS\System32\gdi32full.dll
0x00007ffbc7620000 - 0x00007ffbc76c3000 	C:\WINDOWS\System32\msvcp_win.dll
0x00007ffbb3810000 - 0x00007ffbb381b000 	C:\WINDOWS\SYSTEM32\VERSION.dll
0x00007ffbc8740000 - 0x00007ffbc8772000 	C:\WINDOWS\System32\IMM32.DLL
0x00007ffbaa920000 - 0x00007ffbaa92c000 	C:\Program Files\Java\jdk-17\bin\vcruntime140_1.dll
0x00007ffb47b90000 - 0x00007ffb47c1e000 	C:\Program Files\Java\jdk-17\bin\msvcp140.dll
0x00007ffad0ca0000 - 0x00007ffad1880000 	C:\Program Files\Java\jdk-17\bin\server\jvm.dll
0x00007ffbc8730000 - 0x00007ffbc8738000 	C:\WINDOWS\System32\PSAPI.DLL
0x00007ffbbe4c0000 - 0x00007ffbbe4f6000 	C:\WINDOWS\SYSTEM32\WINMM.dll
0x00007ffbb57c0000 - 0x00007ffbb57ca000 	C:\WINDOWS\SYSTEM32\WSOCK32.dll
0x00007ffbc7920000 - 0x00007ffbc79a0000 	C:\WINDOWS\System32\WS2_32.dll
0x00007ffbc58a0000 - 0x00007ffbc58bb000 	C:\WINDOWS\SYSTEM32\kernel.appcore.dll
0x00007ffb9ddc0000 - 0x00007ffb9ddca000 	C:\Program Files\Java\jdk-17\bin\jimage.dll
0x00007ffbc40e0000 - 0x00007ffbc4322000 	C:\WINDOWS\SYSTEM32\DBGHELP.DLL
0x00007ffbc8cb0000 - 0x00007ffbc9033000 	C:\WINDOWS\System32\combase.dll
0x00007ffbc8470000 - 0x00007ffbc8549000 	C:\WINDOWS\System32\OLEAUT32.dll
0x00007ffba0fb0000 - 0x00007ffba0feb000 	C:\WINDOWS\SYSTEM32\dbgcore.DLL
0x00007ffbc6cb0000 - 0x00007ffbc6d5c000 	C:\WINDOWS\System32\bcryptPrimitives.dll
0x00007ffb84f70000 - 0x00007ffb84f95000 	C:\Program Files\Java\jdk-17\bin\java.dll

dbghelp: loaded successfully - version: 4.0.5 - missing functions: none
symbol engine: initialized successfully - sym options: 0x614 - pdb path: .;C:\Program Files\Java\jdk-17\bin;C:\WINDOWS\SYSTEM32;C:\WINDOWS\WinSxS\amd64_microsoft.windows.common-controls_6595b64144ccf1df_6.0.26100.8875_none_3e0d5d42e32fe9dd;C:\Program Files\Java\jdk-17\bin\server

VM Arguments:
jvm_args: --enable-native-access=ALL-UNNAMED 
java_command: <unknown>
java_class_path (initial): <not set>
Launcher Type: SUN_STANDARD

[Global flags]
     intx CICompilerCount                          = 4                                         {product} {ergonomic}
     uint ConcGCThreads                            = 3                                         {product} {ergonomic}
     uint G1ConcRefinementThreads                  = 10                                        {product} {ergonomic}
   size_t G1HeapRegionSize                         = 1048576                                   {product} {ergonomic}
    uintx GCDrainStackTargetSize                   = 64                                        {product} {ergonomic}
   size_t InitialHeapSize                          = 130023424                                 {product} {ergonomic}
   size_t MarkStackSize                            = 4194304                                   {product} {ergonomic}
   size_t MaxHeapSize                              = 2061500416                                {product} {ergonomic}
   size_t MinHeapDeltaBytes                        = 1048576                                   {product} {ergonomic}
   size_t MinHeapSize                              = 8388608                                   {product} {ergonomic}
    uintx NonNMethodCodeHeapSize                   = 5839372                                {pd product} {ergonomic}
    uintx NonProfiledCodeHeapSize                  = 122909434                              {pd product} {ergonomic}
    uintx ProfiledCodeHeapSize                     = 122909434                              {pd product} {ergonomic}
    uintx ReservedCodeCacheSize                    = 251658240                              {pd product} {ergonomic}
     bool SegmentedCodeCache                       = true                                      {product} {ergonomic}
   size_t SoftMaxHeapSize                          = 2061500416                             {manageable} {ergonomic}
     bool UseCompressedClassPointers               = true                           {product lp64_product} {ergonomic}
     bool UseCompressedOops                        = true                           {product lp64_product} {ergonomic}
     bool UseG1GC                                  = true                                      {product} {ergonomic}
     bool UseLargePagesIndividualAllocation        = false                                  {pd product} {ergonomic}

Logging:
Log output configuration:
 #0: stdout all=warning uptime,level,tags
 #1: stderr all=off uptime,level,tags

Environment Variables:
JAVA_HOME=C:\Program Files\Java\jdk-17
PATH=C:\Program Files\WindowsApps\Microsoft.PowerShell_7.6.5.0_x64__8wekyb3d8bbwe;C:\WINDOWS\System32;C:\WINDOWS;C:\WINDOWS\System32\Wbem;C:\WINDOWS\System32\WindowsPowerShell\v1.0;C:\WINDOWS\System32\OpenSSH;C:\Program Files\Common Files\Oracle\Java\javapath;C:\windows\system32;C:\windows;C:\windows\System32\Wbem;C:\windows\System32\WindowsPowerShell\v1.0\;C:\windows\System32\OpenSSH\;C:\WINDOWS\system32;C:\WINDOWS\System32\WindowsPowerShell\v1.0\;C:\WINDOWS\System32\OpenSSH\;C:\Program Files\Cloudflare\Cloudflare WARP\;C:\Program Files\Git\cmd;C:\Program Files\nodejs\;C:\Users\devad\Downloads\apache-maven-3.9.16-bin;C:\Users\devad\Downloads\apache-maven-3.9.16-bin (2);C:\Users\devad\AppData\Local\Programs\Python\Python311\;C:\Users\devad\AppData\Local\Programs\Python\Launcher\;C:\Users\devad\AppData\Local\Microsoft\WindowsApps;C:\Users\devad\AppData\Local\Programs\Microsoft VS Code\bin;C:\Users\devad\AppData\Roaming\npm;C:\Users\devad\Downloads\apache-maven-3.9.16-bin (2)\apache-maven-3.9.16\bin;C:\Users\devad\Downloads\apache-maven-3.9.16-bin (2)\apache-maven-3.9.16;C:\Program Files\nodejs;C:\Program Files\MySQL\MySQL Server 8.0;C:\Users\devad\AppData\Local\Programs\DockerDesktop\resources\bin;C:\Program Files\Git\bin;C:\Program Files\Java\jdk-17\bin;C:\Program Files\AmypoCoder;C:\Program Files\Google\Chrome\Application;C:\WINDOWS\System32;C:\WINDOWS;C:\WINDOWS\System32\Wbem;C:\WINDOWS\System32\WindowsPowerShell\v1.0;C:\WINDOWS\System32\OpenSSH;C:\Program Files\Common Files\Oracle\Java\javapath;C:\windows\system32;C:\windows;C:\windows\System32\Wbem;C:\windows\System32\WindowsPowerShell\v1.0\;C:\windows\System32\OpenSSH\;C:\WINDOWS\system32;C:\WINDOWS\System32\WindowsPowerShell\v1.0\;C:\WINDOWS\System32\OpenSSH\;C:\Program Files\Cloudflare\Cloudflare WARP\;C:\Program Files\Git\cmd;C:\Program Files\nodejs\;C:\Users\devad\Downloads\apache-maven-3.9.16-bin;C:\Users\devad\Downloads\apache-maven-3.9.16-bin (2);C:\Users\devad\AppData\Local\Programs\Python\Python311\;C:\Us
USERNAME=devad
LANG=en_US.UTF-8
OS=Windows_NT
PROCESSOR_IDENTIFIER=Intel64 Family 6 Model 154 Stepping 4, GenuineIntel



---------------  S Y S T E M  ---------------

OS:
 Windows 11 , 64 bit Build 26100 (10.0.26100.8875)
OS uptime: 4 days 7:34 hours
Hyper-V role detected

CPU: total 12 (initial active 12) (6 cores per cpu, 2 threads per core) family 6 model 154 stepping 4 microcode 0x432, cx8, cmov, fxsr, ht, mmx, 3dnowpref, sse, sse2, sse3, ssse3, sse4.1, sse4.2, popcnt, lzcnt, tsc, tscinvbit, avx, avx2, aes, erms, clmul, bmi1, bmi2, adx, sha, fma, vzeroupper, clflush, clflushopt, clwb, hv

Memory: 4k page, system-wide physical 7863M (125M free)
TotalPageFile size 16055M (AvailPageFile size 18M)
current process WorkingSet (physical memory assigned to process): 13M, peak: 13M
current process commit charge ("private bytes"): 56M, peak: 57M

vm_info: Java HotSpot(TM) 64-Bit Server VM (17.0.12+8-LTS-286) for windows-amd64 JRE (17.0.12+8-LTS-286), built on Jun  5 2024 06:46:59 by "mach5one" with MS VC++ 17.6 (VS2022)

END.
